[35m[1mConsolidate compiler generated dependencies of target motionPlan_node[0m
[35m[1mConsolidate compiler generated dependencies of target Differential_DWA_node[0m
[  2%] [32mBuilding CXX object CMakeFiles/motionPlan_node.dir/src/local_plan/differential_dwa.cpp.o[0m
[  4%] [32mBuilding CXX object CMakeFiles/Differential_DWA_node.dir/src/local_plan/differential_dwa.cpp.o[0m
[01m[K/home/zheng/carerobot_slam_ros2/src/robot_navigation/src/local_plan/differential_dwa.cpp:[m[K In member function ‘[01m[Kstd::vector<Differential_DWAPlanner::State> Differential_DWAPlanner::dwa_planning(Differential_DWAPlanner::Window, Eigen::Vector3d, const std::vector<std::pair<double, double> >&, double)[m[K’:
[01m[K/home/zheng/carerobot_slam_ros2/src/robot_navigation/src/local_plan/differential_dwa.cpp:312:32:[m[K [01;31m[Kerror: [m[Kno matching function for call to ‘[01m[Kmax(double&, float)[m[K’
  312 |   float min_v_sample = [01;31m[Kstd::max(dynamic_window.min_velocity, 0.1f)[m[K;
      |                        [01;31m[K~~~~~~~~^~~~~~~~~~~~~~~~~~~~~~~~~~~~~~~~~~~[m[K
In file included from [01m[K/usr/include/c++/11/memory:63[m[K,
                 from [01m[K/opt/ros/humble/include/rclcpp/rclcpp/rclcpp.hpp:153[m[K,
                 from [01m[K/home/zheng/carerobot_slam_ros2/src/robot_navigation/include/local_plan/differential_dwa.h:4[m[K,
                 from [01m[K/home/zheng/carerobot_slam_ros2/src/robot_navigation/src/local_plan/differential_dwa.cpp:1[m[K:
[01m[K/usr/include/c++/11/bits/stl_algobase.h:254:5:[m[K [01;36m[Knote: [m[Kcandidate: ‘[01m[Ktemplate<class _Tp> constexpr const _Tp& std::max(const _Tp&, const _Tp&)[m[K’
  254 |     [01;36m[Kmax[m[K(const _Tp& __a, const _Tp& __b)
      |     [01;36m[K^~~[m[K
[01m[K/usr/include/c++/11/bits/stl_algobase.h:254:5:[m[K [01;36m[Knote: [m[K  template argument deduction/substitution failed:
[01m[K/home/zheng/carerobot_slam_ros2/src/robot_navigation/src/local_plan/differential_dwa.cpp:312:32:[m[K [01;36m[Knote: [m[K  deduced conflicting types for parameter ‘[01m[Kconst _Tp[m[K’ (‘[01m[Kdouble[m[K’ and ‘[01m[Kfloat[m[K’)
  312 |   float min_v_sample = [01;36m[Kstd::max(dynamic_window.min_velocity, 0.1f)[m[K;
      |                        [01;36m[K~~~~~~~~^~~~~~~~~~~~~~~~~~~~~~~~~~~~~~~~~~~[m[K
In file included from [01m[K/usr/include/c++/11/memory:63[m[K,
                 from [01m[K/opt/ros/humble/include/rclcpp/rclcpp/rclcpp.hpp:153[m[K,
                 from [01m[K/home/zheng/carerobot_slam_ros2/src/robot_navigation/include/local_plan/differential_dwa.h:4[m[K,
                 from [01m[K/home/zheng/carerobot_slam_ros2/src/robot_navigation/src/local_plan/differential_dwa.cpp:1[m[K:
[01m[K/usr/include/c++/11/bits/stl_algobase.h:300:5:[m[K [01;36m[Knote: [m[Kcandidate: ‘[01m[Ktemplate<class _Tp, class _Compare> constexpr const _Tp& std::max(const _Tp&, const _Tp&, _Compare)[m[K’
  300 |     [01;36m[Kmax[m[K(const _Tp& __a, const _Tp& __b, _Compare __comp)
      |     [01;36m[K^~~[m[K
[01m[K/usr/include/c++/11/bits/stl_algobase.h:300:5:[m[K [01;36m[Knote: [m[K  template argument deduction/substitution failed:
[01m[K/home/zheng/carerobot_slam_ros2/src/robot_navigation/src/local_plan/differential_dwa.cpp:312:32:[m[K [01;36m[Knote: [m[K  deduced conflicting types for parameter ‘[01m[Kconst _Tp[m[K’ (‘[01m[Kdouble[m[K’ and ‘[01m[Kfloat[m[K’)
  312 |   float min_v_sample = [01;36m[Kstd::max(dynamic_window.min_velocity, 0.1f)[m[K;
      |                        [01;36m[K~~~~~~~~^~~~~~~~~~~~~~~~~~~~~~~~~~~~~~~~~~~[m[K
In file included from [01m[K/usr/include/c++/11/algorithm:62[m[K,
                 from [01m[K/opt/ros/humble/include/rclcpp/rclcpp/executor.hpp:18[m[K,
                 from [01m[K/opt/ros/humble/include/rclcpp/rclcpp/executors/multi_threaded_executor.hpp:25[m[K,
                 from [01m[K/opt/ros/humble/include/rclcpp/rclcpp/executors.hpp:21[m[K,
                 from [01m[K/opt/ros/humble/include/rclcpp/rclcpp/rclcpp.hpp:155[m[K,
                 from [01m[K/home/zheng/carerobot_slam_ros2/src/robot_navigation/include/local_plan/differential_dwa.h:4[m[K,
                 from [01m[K/home/zheng/carerobot_slam_ros2/src/robot_navigation/src/local_plan/differential_dwa.cpp:1[m[K:
[01m[K/usr/include/c++/11/bits/stl_algo.h:3461:5:[m[K [01;36m[Knote: [m[Kcandidate: ‘[01m[Ktemplate<class _Tp> constexpr _Tp std::max(std::initializer_list<_Tp>)[m[K’
 3461 |     [01;36m[Kmax[m[K(initializer_list<_Tp> __l)
      |     [01;36m[K^~~[m[K
[01m[K/usr/include/c++/11/bits/stl_algo.h:3461:5:[m[K [01;36m[Knote: [m[K  template argument deduction/substitution failed:
[01m[K/home/zheng/carerobot_slam_ros2/src/robot_navigation/src/local_plan/differential_dwa.cpp:312:32:[m[K [01;36m[Knote: [m[K  mismatched types ‘[01m[Kstd::initializer_list<_Tp>[m[K’ and ‘[01m[Kdouble[m[K’
  312 |   float min_v_sample = [01;36m[Kstd::max(dynamic_window.min_velocity, 0.1f)[m[K;
      |                        [01;36m[K~~~~~~~~^~~~~~~~~~~~~~~~~~~~~~~~~~~~~~~~~~~[m[K
In file included from [01m[K/usr/include/c++/11/algorithm:62[m[K,
                 from [01m[K/opt/ros/humble/include/rclcpp/rclcpp/executor.hpp:18[m[K,
                 from [01m[K/opt/ros/humble/include/rclcpp/rclcpp/executors/multi_threaded_executor.hpp:25[m[K,
                 from [01m[K/opt/ros/humble/include/rclcpp/rclcpp/executors.hpp:21[m[K,
                 from [01m[K/opt/ros/humble/include/rclcpp/rclcpp/rclcpp.hpp:155[m[K,
                 from [01m[K/home/zheng/carerobot_slam_ros2/src/robot_navigation/include/local_plan/differential_dwa.h:4[m[K,
                 from [01m[K/home/zheng/carerobot_slam_ros2/src/robot_navigation/src/local_plan/differential_dwa.cpp:1[m[K:
[01m[K/usr/include/c++/11/bits/stl_algo.h:3467:5:[m[K [01;36m[Knote: [m[Kcandidate: ‘[01m[Ktemplate<class _Tp, class _Compare> constexpr _Tp std::max(std::initializer_list<_Tp>, _Compare)[m[K’
 3467 |     [01;36m[Kmax[m[K(initializer_list<_Tp> __l, _Compare __comp)
      |     [01;36m[K^~~[m[K
[01m[K/usr/include/c++/11/bits/stl_algo.h:3467:5:[m[K [01;36m[Knote: [m[K  template argument deduction/substitution failed:
[01m[K/home/zheng/carerobot_slam_ros2/src/robot_navigation/src/local_plan/differential_dwa.cpp:312:32:[m[K [01;36m[Knote: [m[K  mismatched types ‘[01m[Kstd::initializer_list<_Tp>[m[K’ and ‘[01m[Kdouble[m[K’
  312 |   float min_v_sample = [01;36m[Kstd::max(dynamic_window.min_velocity, 0.1f)[m[K;
      |                        [01;36m[K~~~~~~~~^~~~~~~~~~~~~~~~~~~~~~~~~~~~~~~~~~~[m[K
[01m[K/home/zheng/carerobot_slam_ros2/src/robot_navigation/src/local_plan/differential_dwa.cpp:[m[K In member function ‘[01m[Kstd::vector<Differential_DWAPlanner::State> Differential_DWAPlanner::dwa_planning(Differential_DWAPlanner::Window, Eigen::Vector3d, const std::vector<std::pair<double, double> >&, double)[m[K’:
[01m[K/home/zheng/carerobot_slam_ros2/src/robot_navigation/src/local_plan/differential_dwa.cpp:312:32:[m[K [01;31m[Kerror: [m[Kno matching function for call to ‘[01m[Kmax(double&, float)[m[K’
  312 |   float min_v_sample = [01;31m[Kstd::max(dynamic_window.min_velocity, 0.1f)[m[K;
      |                        [01;31m[K~~~~~~~~^~~~~~~~~~~~~~~~~~~~~~~~~~~~~~~~~~~[m[K
In file included from [01m[K/usr/include/c++/11/memory:63[m[K,
                 from [01m[K/opt/ros/humble/include/rclcpp/rclcpp/rclcpp.hpp:153[m[K,
                 from [01m[K/home/zheng/carerobot_slam_ros2/src/robot_navigation/include/local_plan/differential_dwa.h:4[m[K,
                 from [01m[K/home/zheng/carerobot_slam_ros2/src/robot_navigation/src/local_plan/differential_dwa.cpp:1[m[K:
[01m[K/usr/include/c++/11/bits/stl_algobase.h:254:5:[m[K [01;36m[Knote: [m[Kcandidate: ‘[01m[Ktemplate<class _Tp> constexpr const _Tp& std::max(const _Tp&, const _Tp&)[m[K’
  254 |     [01;36m[Kmax[m[K(const _Tp& __a, const _Tp& __b)
      |     [01;36m[K^~~[m[K
[01m[K/usr/include/c++/11/bits/stl_algobase.h:254:5:[m[K [01;36m[Knote: [m[K  template argument deduction/substitution failed:
[01m[K/home/zheng/carerobot_slam_ros2/src/robot_navigation/src/local_plan/differential_dwa.cpp:312:32:[m[K [01;36m[Knote: [m[K  deduced conflicting types for parameter ‘[01m[Kconst _Tp[m[K’ (‘[01m[Kdouble[m[K’ and ‘[01m[Kfloat[m[K’)
  312 |   float min_v_sample = [01;36m[Kstd::max(dynamic_window.min_velocity, 0.1f)[m[K;
      |                        [01;36m[K~~~~~~~~^~~~~~~~~~~~~~~~~~~~~~~~~~~~~~~~~~~[m[K
In file included from [01m[K/usr/include/c++/11/memory:63[m[K,
                 from [01m[K/opt/ros/humble/include/rclcpp/rclcpp/rclcpp.hpp:153[m[K,
                 from [01m[K/home/zheng/carerobot_slam_ros2/src/robot_navigation/include/local_plan/differential_dwa.h:4[m[K,
                 from [01m[K/home/zheng/carerobot_slam_ros2/src/robot_navigation/src/local_plan/differential_dwa.cpp:1[m[K:
[01m[K/usr/include/c++/11/bits/stl_algobase.h:300:5:[m[K [01;36m[Knote: [m[Kcandidate: ‘[01m[Ktemplate<class _Tp, class _Compare> constexpr const _Tp& std::max(const _Tp&, const _Tp&, _Compare)[m[K’
  300 |     [01;36m[Kmax[m[K(const _Tp& __a, const _Tp& __b, _Compare __comp)
      |     [01;36m[K^~~[m[K
[01m[K/usr/include/c++/11/bits/stl_algobase.h:300:5:[m[K [01;36m[Knote: [m[K  template argument deduction/substitution failed:
[01m[K/home/zheng/carerobot_slam_ros2/src/robot_navigation/src/local_plan/differential_dwa.cpp:312:32:[m[K [01;36m[Knote: [m[K  deduced conflicting types for parameter ‘[01m[Kconst _Tp[m[K’ (‘[01m[Kdouble[m[K’ and ‘[01m[Kfloat[m[K’)
  312 |   float min_v_sample = [01;36m[Kstd::max(dynamic_window.min_velocity, 0.1f)[m[K;
      |                        [01;36m[K~~~~~~~~^~~~~~~~~~~~~~~~~~~~~~~~~~~~~~~~~~~[m[K
In file included from [01m[K/usr/include/c++/11/algorithm:62[m[K,
                 from [01m[K/opt/ros/humble/include/rclcpp/rclcpp/executor.hpp:18[m[K,
                 from [01m[K/opt/ros/humble/include/rclcpp/rclcpp/executors/multi_threaded_executor.hpp:25[m[K,
                 from [01m[K/opt/ros/humble/include/rclcpp/rclcpp/executors.hpp:21[m[K,
                 from [01m[K/opt/ros/humble/include/rclcpp/rclcpp/rclcpp.hpp:155[m[K,
                 from [01m[K/home/zheng/carerobot_slam_ros2/src/robot_navigation/include/local_plan/differential_dwa.h:4[m[K,
                 from [01m[K/home/zheng/carerobot_slam_ros2/src/robot_navigation/src/local_plan/differential_dwa.cpp:1[m[K:
[01m[K/usr/include/c++/11/bits/stl_algo.h:3461:5:[m[K [01;36m[Knote: [m[Kcandidate: ‘[01m[Ktemplate<class _Tp> constexpr _Tp std::max(std::initializer_list<_Tp>)[m[K’
 3461 |     [01;36m[Kmax[m[K(initializer_list<_Tp> __l)
      |     [01;36m[K^~~[m[K
[01m[K/usr/include/c++/11/bits/stl_algo.h:3461:5:[m[K [01;36m[Knote: [m[K  template argument deduction/substitution failed:
[01m[K/home/zheng/carerobot_slam_ros2/src/robot_navigation/src/local_plan/differential_dwa.cpp:312:32:[m[K [01;36m[Knote: [m[K  mismatched types ‘[01m[Kstd::initializer_list<_Tp>[m[K’ and ‘[01m[Kdouble[m[K’
  312 |   float min_v_sample = [01;36m[Kstd::max(dynamic_window.min_velocity, 0.1f)[m[K;
      |                        [01;36m[K~~~~~~~~^~~~~~~~~~~~~~~~~~~~~~~~~~~~~~~~~~~[m[K
In file included from [01m[K/usr/include/c++/11/algorithm:62[m[K,
                 from [01m[K/opt/ros/humble/include/rclcpp/rclcpp/executor.hpp:18[m[K,
                 from [01m[K/opt/ros/humble/include/rclcpp/rclcpp/executors/multi_threaded_executor.hpp:25[m[K,
                 from [01m[K/opt/ros/humble/include/rclcpp/rclcpp/executors.hpp:21[m[K,
                 from [01m[K/opt/ros/humble/include/rclcpp/rclcpp/rclcpp.hpp:155[m[K,
                 from [01m[K/home/zheng/carerobot_slam_ros2/src/robot_navigation/include/local_plan/differential_dwa.h:4[m[K,
                 from [01m[K/home/zheng/carerobot_slam_ros2/src/robot_navigation/src/local_plan/differential_dwa.cpp:1[m[K:
[01m[K/usr/include/c++/11/bits/stl_algo.h:3467:5:[m[K [01;36m[Knote: [m[Kcandidate: ‘[01m[Ktemplate<class _Tp, class _Compare> constexpr _Tp std::max(std::initializer_list<_Tp>, _Compare)[m[K’
 3467 |     [01;36m[Kmax[m[K(initializer_list<_Tp> __l, _Compare __comp)
      |     [01;36m[K^~~[m[K
[01m[K/usr/include/c++/11/bits/stl_algo.h:3467:5:[m[K [01;36m[Knote: [m[K  template argument deduction/substitution failed:
[01m[K/home/zheng/carerobot_slam_ros2/src/robot_navigation/src/local_plan/differential_dwa.cpp:312:32:[m[K [01;36m[Knote: [m[K  mismatched types ‘[01m[Kstd::initializer_list<_Tp>[m[K’ and ‘[01m[Kdouble[m[K’
  312 |   float min_v_sample = [01;36m[Kstd::max(dynamic_window.min_velocity, 0.1f)[m[K;
      |                        [01;36m[K~~~~~~~~^~~~~~~~~~~~~~~~~~~~~~~~~~~~~~~~~~~[m[K
gmake[2]: *** [CMakeFiles/Differential_DWA_node.dir/build.make:90：CMakeFiles/Differential_DWA_node.dir/src/local_plan/differential_dwa.cpp.o] 错误 1
gmake[1]: *** [CMakeFiles/Makefile2:165：CMakeFiles/Differential_DWA_node.dir/all] 错误 2
gmake[1]: *** 正在等待未完成的任务....
gmake[2]: *** [CMakeFiles/motionPlan_node.dir/build.make:90：CMakeFiles/motionPlan_node.dir/src/local_plan/differential_dwa.cpp.o] 错误 1
gmake[1]: *** [CMakeFiles/Makefile2:139：CMakeFiles/motionPlan_node.dir/all] 错误 2
gmake: *** [Makefile:146：all] 错误 2
