[35m[1mConsolidate compiler generated dependencies of target motionPlan_node[0m
[35m[1mConsolidate compiler generated dependencies of target Differential_DWA_node[0m
[  2%] [32mBuilding CXX object CMakeFiles/motionPlan_node.dir/src/local_plan/differential_dwa.cpp.o[0m
[  4%] [32mBuilding CXX object CMakeFiles/Differential_DWA_node.dir/src/local_plan/differential_dwa.cpp.o[0m
In file included from [01m[K/opt/ros/humble/include/rclcpp/rclcpp/logging.hpp:24[m[K,
                 from [01m[K/opt/ros/humble/include/rclcpp/rclcpp/client.hpp:40[m[K,
                 from [01m[K/opt/ros/humble/include/rclcpp/rclcpp/callback_group.hpp:24[m[K,
                 from [01m[K/opt/ros/humble/include/rclcpp/rclcpp/any_executable.hpp:20[m[K,
                 from [01m[K/opt/ros/humble/include/rclcpp/rclcpp/memory_strategy.hpp:25[m[K,
                 from [01m[K/opt/ros/humble/include/rclcpp/rclcpp/memory_strategies.hpp:18[m[K,
                 from [01m[K/opt/ros/humble/include/rclcpp/rclcpp/executor_options.hpp:20[m[K,
                 from [01m[K/opt/ros/humble/include/rclcpp/rclcpp/executor.hpp:37[m[K,
                 from [01m[K/opt/ros/humble/include/rclcpp/rclcpp/executors/multi_threaded_executor.hpp:25[m[K,
                 from [01m[K/opt/ros/humble/include/rclcpp/rclcpp/executors.hpp:21[m[K,
                 from [01m[K/opt/ros/humble/include/rclcpp/rclcpp/rclcpp.hpp:155[m[K,
                 from [01m[K/home/zheng/carerobot_slam_ros2/src/robot_navigation/include/local_plan/differential_dwa.h:4[m[K,
                 from [01m[K/home/zheng/carerobot_slam_ros2/src/robot_navigation/src/local_plan/differential_dwa.cpp:1[m[K:
[01m[K/home/zheng/carerobot_slam_ros2/src/robot_navigation/src/local_plan/differential_dwa.cpp:[m[K In member function ‘[01m[Kvoid Differential_DWAPlanner::process()[m[K’:
[01m[K/home/zheng/carerobot_slam_ros2/src/robot_navigation/src/local_plan/differential_dwa.cpp:503:49:[m[K [01;31m[Kerror: [m[K‘[01m[Kremaining_path_dist[m[K’ was not declared in this scope
  503 |           current_path_index_, trajpath.size(), [01;31m[Kremaining_path_dist[m[K, stuck_counter,
      |                                                 [01;31m[K^~~~~~~~~~~~~~~~~~~[m[K
In file included from [01m[K/opt/ros/humble/include/rclcpp/rclcpp/logging.hpp:24[m[K,
                 from [01m[K/opt/ros/humble/include/rclcpp/rclcpp/client.hpp:40[m[K,
                 from [01m[K/opt/ros/humble/include/rclcpp/rclcpp/callback_group.hpp:24[m[K,
                 from [01m[K/opt/ros/humble/include/rclcpp/rclcpp/any_executable.hpp:20[m[K,
                 from [01m[K/opt/ros/humble/include/rclcpp/rclcpp/memory_strategy.hpp:25[m[K,
                 from [01m[K/opt/ros/humble/include/rclcpp/rclcpp/memory_strategies.hpp:18[m[K,
                 from [01m[K/opt/ros/humble/include/rclcpp/rclcpp/executor_options.hpp:20[m[K,
                 from [01m[K/opt/ros/humble/include/rclcpp/rclcpp/executor.hpp:37[m[K,
                 from [01m[K/opt/ros/humble/include/rclcpp/rclcpp/executors/multi_threaded_executor.hpp:25[m[K,
                 from [01m[K/opt/ros/humble/include/rclcpp/rclcpp/executors.hpp:21[m[K,
                 from [01m[K/opt/ros/humble/include/rclcpp/rclcpp/rclcpp.hpp:155[m[K,
                 from [01m[K/home/zheng/carerobot_slam_ros2/src/robot_navigation/include/local_plan/differential_dwa.h:4[m[K,
                 from [01m[K/home/zheng/carerobot_slam_ros2/src/robot_navigation/src/local_plan/differential_dwa.cpp:1[m[K:
[01m[K/home/zheng/carerobot_slam_ros2/src/robot_navigation/src/local_plan/differential_dwa.cpp:[m[K In member function ‘[01m[Kvoid Differential_DWAPlanner::process()[m[K’:
[01m[K/home/zheng/carerobot_slam_ros2/src/robot_navigation/src/local_plan/differential_dwa.cpp:503:49:[m[K [01;31m[Kerror: [m[K‘[01m[Kremaining_path_dist[m[K’ was not declared in this scope
  503 |           current_path_index_, trajpath.size(), [01;31m[Kremaining_path_dist[m[K, stuck_counter,
      |                                                 [01;31m[K^~~~~~~~~~~~~~~~~~~[m[K
gmake[2]: *** [CMakeFiles/motionPlan_node.dir/build.make:90：CMakeFiles/motionPlan_node.dir/src/local_plan/differential_dwa.cpp.o] 错误 1
gmake[1]: *** [CMakeFiles/Makefile2:139：CMakeFiles/motionPlan_node.dir/all] 错误 2
gmake[1]: *** 正在等待未完成的任务....
gmake[2]: *** [CMakeFiles/Differential_DWA_node.dir/build.make:90：CMakeFiles/Differential_DWA_node.dir/src/local_plan/differential_dwa.cpp.o] 错误 1
gmake[1]: *** [CMakeFiles/Makefile2:165：CMakeFiles/Differential_DWA_node.dir/all] 错误 2
gmake: *** [Makefile:146：all] 错误 2
