[0.014s] Invoking command in '/home/zheng/carerobot_slam_ros2/build/robot_communication': CMAKE_PREFIX_PATH=/opt/ros/humble /usr/bin/cmake /home/zheng/carerobot_slam_ros2/src/robot_communication -DCMAKE_INSTALL_PREFIX=/home/zheng/carerobot_slam_ros2/install/robot_communication
[0.502s] -- The C compiler identification is GNU 11.4.0
[0.788s] -- The CXX compiler identification is GNU 11.4.0
[0.802s] -- Detecting C compiler ABI info
[0.949s] -- Detecting C compiler ABI info - done
[0.966s] -- Check for working C compiler: /usr/bin/cc - skipped
[0.967s] -- Detecting C compile features
[0.977s] -- Detecting C compile features - done
[0.984s] -- Detecting CXX compiler ABI info
[1.104s] -- Detecting CXX compiler ABI info - done
[1.114s] -- Check for working CXX compiler: /usr/bin/c++ - skipped
[1.114s] -- Detecting CXX compile features
[1.114s] -- Detecting CXX compile features - done
[1.134s] -- Found ament_cmake: 1.3.14 (/opt/ros/humble/share/ament_cmake/cmake)
[1.341s] -- Found Python3: /usr/bin/python3 (found version "3.10.12") found components: Interpreter 
[1.500s] -- Found rosidl_default_generators: 1.2.1 (/opt/ros/humble/share/rosidl_default_generators/cmake)
[1.531s] -- Using all available rosidl_typesupport_c: rosidl_typesupport_fastrtps_c;rosidl_typesupport_introspection_c
[1.562s] -- Found rosidl_adapter: 3.1.9 (/opt/ros/humble/share/rosidl_adapter/cmake)
[1.666s] -- Using all available rosidl_typesupport_cpp: rosidl_typesupport_fastrtps_cpp;rosidl_typesupport_introspection_cpp
[1.767s] -- Found std_msgs: 4.9.2 (/opt/ros/humble/share/std_msgs/cmake)
[1.847s] -- Found geometry_msgs: 4.9.2 (/opt/ros/humble/share/geometry_msgs/cmake)
[1.885s] -- Found nav_msgs: 4.9.2 (/opt/ros/humble/share/nav_msgs/cmake)
[1.928s] -- Found action_msgs: 1.2.3 (/opt/ros/humble/share/action_msgs/cmake)
[2.414s] -- Found ament_cmake_ros: 0.10.0 (/opt/ros/humble/share/ament_cmake_ros/cmake)
[2.784s] -- Using all available rosidl_typesupport_c: rosidl_typesupport_fastrtps_c;rosidl_typesupport_introspection_c
[3.206s] -- Using all available rosidl_typesupport_cpp: rosidl_typesupport_fastrtps_cpp;rosidl_typesupport_introspection_cpp
[3.240s] -- Found PythonInterp: /usr/bin/python3 (found suitable version "3.10.12", minimum required is "3.6") 
[3.254s] -- Found python_cmake_module: 0.10.0 (/opt/ros/humble/share/python_cmake_module/cmake)
[3.306s] -- Found PythonLibs: /usr/lib/x86_64-linux-gnu/libpython3.10.so (found suitable version "3.10.12", minimum required is "3.5") 
[3.306s] -- Using PYTHON_EXECUTABLE: /usr/bin/python3
[3.306s] -- Using PYTHON_INCLUDE_DIRS: /usr/include/python3.10
[3.306s] -- Using PYTHON_LIBRARIES: /usr/lib/x86_64-linux-gnu/libpython3.10.so
[3.328s] -- Found PythonExtra: .so  
[3.532s] -- Configuring done
[3.611s] -- Generating done
[3.632s] -- Build files have been written to: /home/zheng/carerobot_slam_ros2/build/robot_communication
[3.645s] Invoked command in '/home/zheng/carerobot_slam_ros2/build/robot_communication' returned '0': CMAKE_PREFIX_PATH=/opt/ros/humble /usr/bin/cmake /home/zheng/carerobot_slam_ros2/src/robot_communication -DCMAKE_INSTALL_PREFIX=/home/zheng/carerobot_slam_ros2/install/robot_communication
[3.647s] Invoking command in '/home/zheng/carerobot_slam_ros2/build/robot_communication': CMAKE_PREFIX_PATH=/opt/ros/humble /usr/bin/cmake --build /home/zheng/carerobot_slam_ros2/build/robot_communication -- -j8 -l8
[3.687s] [  1%] [34m[1mGenerating C code for ROS interfaces[0m
[3.702s] [  2%] [34m[1mGenerating Rust code for ROS interfaces[0m
[3.704s] [  3%] [34m[1mGenerating C++ code for ROS interfaces[0m
[3.708s] [  3%] Built target ament_cmake_python_copy_robot_communication
[4.027s] running egg_info
[4.028s] creating robot_communication.egg-info
[4.028s] writing robot_communication.egg-info/PKG-INFO
[4.028s] writing dependency_links to robot_communication.egg-info/dependency_links.txt
[4.029s] writing top-level names to robot_communication.egg-info/top_level.txt
[4.029s] writing manifest file 'robot_communication.egg-info/SOURCES.txt'
[4.032s] reading manifest file 'robot_communication.egg-info/SOURCES.txt'
[4.033s] writing manifest file 'robot_communication.egg-info/SOURCES.txt'
[4.062s] [  3%] Built target ament_cmake_python_build_robot_communication_egg
[4.576s] [  3%] Built target robot_communication__rs
[4.956s] [  6%] [32mBuilding C object CMakeFiles/robot_communication__rosidl_generator_c.dir/rosidl_generator_c/robot_communication/msg/detail/localization_info_broadcast__functions.c.o[0m
[4.956s] [  6%] [32mBuilding C object CMakeFiles/robot_communication__rosidl_generator_c.dir/rosidl_generator_c/robot_communication/msg/detail/chassis_control__functions.c.o[0m
[4.956s] [  6%] Built target robot_communication__cpp
[4.956s] [  7%] [32mBuilding C object CMakeFiles/robot_communication__rosidl_generator_c.dir/rosidl_generator_c/robot_communication/msg/detail/bspline__functions.c.o[0m
[4.956s] [  8%] [32mBuilding C object CMakeFiles/robot_communication__rosidl_generator_c.dir/rosidl_generator_c/robot_communication/msg/detail/sensor_data__functions.c.o[0m
[4.961s] [ 10%] [32mBuilding C object CMakeFiles/robot_communication__rosidl_generator_c.dir/rosidl_generator_c/robot_communication/msg/detail/goal__functions.c.o[0m
[4.962s] [ 11%] [32mBuilding C object CMakeFiles/robot_communication__rosidl_generator_c.dir/rosidl_generator_c/robot_communication/msg/detail/esdf_map__functions.c.o[0m
[4.965s] [ 12%] [32mBuilding C object CMakeFiles/robot_communication__rosidl_generator_c.dir/rosidl_generator_c/robot_communication/action/detail/do_dishes__functions.c.o[0m
[4.968s] [ 13%] [34m[1mGenerating C++ type support for eProsima Fast-RTPS[0m
[5.508s] [ 15%] [34m[1mGenerating C++ introspection for ROS interfaces[0m
[5.510s] [ 16%] [34m[1mGenerating C++ type support dispatch for ROS interfaces[0m
[5.608s] [ 17%] [32m[1mLinking C shared library librobot_communication__rosidl_generator_c.so[0m
[5.727s] [ 17%] Built target robot_communication__rosidl_generator_c
[5.742s] [ 18%] [34m[1mGenerating C introspection for ROS interfaces[0m
[5.745s] [ 20%] [34m[1mGenerating C type support dispatch for ROS interfaces[0m
[5.745s] [ 21%] [34m[1mGenerating C type support for eProsima Fast-RTPS[0m
[6.209s] [ 22%] [32mBuilding CXX object CMakeFiles/robot_communication__rosidl_typesupport_fastrtps_cpp.dir/rosidl_typesupport_fastrtps_cpp/robot_communication/msg/detail/dds_fastrtps/chassis_control__type_support.cpp.o[0m
[6.210s] [ 23%] [32mBuilding CXX object CMakeFiles/robot_communication__rosidl_typesupport_fastrtps_cpp.dir/rosidl_typesupport_fastrtps_cpp/robot_communication/msg/detail/dds_fastrtps/localization_info_broadcast__type_support.cpp.o[0m
[6.212s] [ 25%] [32mBuilding CXX object CMakeFiles/robot_communication__rosidl_typesupport_fastrtps_cpp.dir/rosidl_typesupport_fastrtps_cpp/robot_communication/msg/detail/dds_fastrtps/sensor_data__type_support.cpp.o[0m
[7.022s] [ 26%] [32mBuilding CXX object CMakeFiles/robot_communication__rosidl_typesupport_cpp.dir/rosidl_typesupport_cpp/robot_communication/msg/localization_info_broadcast__type_support.cpp.o[0m
[7.136s] [ 27%] [32mBuilding CXX object CMakeFiles/robot_communication__rosidl_typesupport_introspection_cpp.dir/rosidl_typesupport_introspection_cpp/robot_communication/msg/detail/localization_info_broadcast__type_support.cpp.o[0m
[7.179s] [ 28%] [32mBuilding CXX object CMakeFiles/robot_communication__rosidl_typesupport_c.dir/rosidl_typesupport_c/robot_communication/msg/localization_info_broadcast__type_support.cpp.o[0m
[7.302s] [ 30%] [32mBuilding CXX object CMakeFiles/robot_communication__rosidl_typesupport_c.dir/rosidl_typesupport_c/robot_communication/msg/chassis_control__type_support.cpp.o[0m
[7.362s] [ 31%] [32mBuilding CXX object CMakeFiles/robot_communication__rosidl_typesupport_c.dir/rosidl_typesupport_c/robot_communication/msg/sensor_data__type_support.cpp.o[0m
[7.431s] [ 32%] [32mBuilding C object CMakeFiles/robot_communication__rosidl_typesupport_introspection_c.dir/rosidl_typesupport_introspection_c/robot_communication/msg/detail/localization_info_broadcast__type_support.c.o[0m
[7.438s] [ 33%] [32mBuilding CXX object CMakeFiles/robot_communication__rosidl_typesupport_cpp.dir/rosidl_typesupport_cpp/robot_communication/msg/chassis_control__type_support.cpp.o[0m
[7.444s] [ 35%] [32mBuilding CXX object CMakeFiles/robot_communication__rosidl_typesupport_c.dir/rosidl_typesupport_c/robot_communication/msg/bspline__type_support.cpp.o[0m
[7.487s] [ 36%] [32mBuilding CXX object CMakeFiles/robot_communication__rosidl_typesupport_c.dir/rosidl_typesupport_c/robot_communication/msg/esdf_map__type_support.cpp.o[0m
[7.525s] [ 37%] [32mBuilding CXX object CMakeFiles/robot_communication__rosidl_typesupport_c.dir/rosidl_typesupport_c/robot_communication/msg/goal__type_support.cpp.o[0m
[7.535s] [ 38%] [32mBuilding CXX object CMakeFiles/robot_communication__rosidl_typesupport_c.dir/rosidl_typesupport_c/robot_communication/action/do_dishes__type_support.cpp.o[0m
[7.537s] [ 40%] [32mBuilding CXX object CMakeFiles/robot_communication__rosidl_typesupport_introspection_cpp.dir/rosidl_typesupport_introspection_cpp/robot_communication/msg/detail/chassis_control__type_support.cpp.o[0m
[7.591s] [ 41%] [32mBuilding CXX object CMakeFiles/robot_communication__rosidl_typesupport_fastrtps_c.dir/rosidl_typesupport_fastrtps_c/robot_communication/msg/detail/localization_info_broadcast__type_support_c.cpp.o[0m
[7.597s] [ 43%] [32mBuilding CXX object CMakeFiles/robot_communication__rosidl_typesupport_cpp.dir/rosidl_typesupport_cpp/robot_communication/msg/sensor_data__type_support.cpp.o[0m
[7.597s] [ 43%] [32mBuilding C object CMakeFiles/robot_communication__rosidl_typesupport_introspection_c.dir/rosidl_typesupport_introspection_c/robot_communication/msg/detail/chassis_control__type_support.c.o[0m
[7.598s] [ 45%] [32mBuilding CXX object CMakeFiles/robot_communication__rosidl_typesupport_fastrtps_cpp.dir/rosidl_typesupport_fastrtps_cpp/robot_communication/msg/detail/dds_fastrtps/bspline__type_support.cpp.o[0m
[7.673s] [ 46%] [32mBuilding C object CMakeFiles/robot_communication__rosidl_typesupport_introspection_c.dir/rosidl_typesupport_introspection_c/robot_communication/msg/detail/sensor_data__type_support.c.o[0m
[7.729s] [ 47%] [32mBuilding C object CMakeFiles/robot_communication__rosidl_typesupport_introspection_c.dir/rosidl_typesupport_introspection_c/robot_communication/msg/detail/bspline__type_support.c.o[0m
[7.769s] [ 48%] [32mBuilding CXX object CMakeFiles/robot_communication__rosidl_typesupport_introspection_cpp.dir/rosidl_typesupport_introspection_cpp/robot_communication/msg/detail/sensor_data__type_support.cpp.o[0m
[7.817s] [ 50%] [32mBuilding CXX object CMakeFiles/robot_communication__rosidl_typesupport_introspection_cpp.dir/rosidl_typesupport_introspection_cpp/robot_communication/msg/detail/bspline__type_support.cpp.o[0m
[7.953s] [ 51%] [32mBuilding C object CMakeFiles/robot_communication__rosidl_typesupport_introspection_c.dir/rosidl_typesupport_introspection_c/robot_communication/msg/detail/esdf_map__type_support.c.o[0m
[7.962s] [ 52%] [32m[1mLinking CXX shared library librobot_communication__rosidl_typesupport_c.so[0m
[8.042s] [ 53%] [32mBuilding C object CMakeFiles/robot_communication__rosidl_typesupport_introspection_c.dir/rosidl_typesupport_introspection_c/robot_communication/msg/detail/goal__type_support.c.o[0m
[8.057s] [ 55%] [32mBuilding CXX object CMakeFiles/robot_communication__rosidl_typesupport_introspection_cpp.dir/rosidl_typesupport_introspection_cpp/robot_communication/msg/detail/esdf_map__type_support.cpp.o[0m
[8.084s] [ 56%] [32mBuilding CXX object CMakeFiles/robot_communication__rosidl_typesupport_cpp.dir/rosidl_typesupport_cpp/robot_communication/msg/bspline__type_support.cpp.o[0m
[8.101s] [ 57%] [32mBuilding C object CMakeFiles/robot_communication__rosidl_typesupport_introspection_c.dir/rosidl_typesupport_introspection_c/robot_communication/action/detail/do_dishes__type_support.c.o[0m
[8.177s] [ 57%] Built target robot_communication__rosidl_typesupport_c
[8.213s] [ 58%] [32mBuilding CXX object CMakeFiles/robot_communication__rosidl_typesupport_cpp.dir/rosidl_typesupport_cpp/robot_communication/msg/esdf_map__type_support.cpp.o[0m
[8.234s] [ 60%] [32m[1mLinking C shared library librobot_communication__rosidl_typesupport_introspection_c.so[0m
[8.356s] [ 61%] [32mBuilding CXX object CMakeFiles/robot_communication__rosidl_typesupport_fastrtps_c.dir/rosidl_typesupport_fastrtps_c/robot_communication/msg/detail/chassis_control__type_support_c.cpp.o[0m
[8.416s] [ 61%] Built target robot_communication__rosidl_typesupport_introspection_c
[8.424s] [ 62%] [32mBuilding CXX object CMakeFiles/robot_communication__rosidl_typesupport_introspection_cpp.dir/rosidl_typesupport_introspection_cpp/robot_communication/msg/detail/goal__type_support.cpp.o[0m
[8.444s] [ 63%] [32mBuilding CXX object CMakeFiles/robot_communication__rosidl_typesupport_introspection_cpp.dir/rosidl_typesupport_introspection_cpp/robot_communication/action/detail/do_dishes__type_support.cpp.o[0m
[8.483s] [ 65%] [32mBuilding CXX object CMakeFiles/robot_communication__rosidl_typesupport_fastrtps_cpp.dir/rosidl_typesupport_fastrtps_cpp/robot_communication/msg/detail/dds_fastrtps/esdf_map__type_support.cpp.o[0m
[8.584s] [ 66%] [32mBuilding CXX object CMakeFiles/robot_communication__rosidl_typesupport_cpp.dir/rosidl_typesupport_cpp/robot_communication/msg/goal__type_support.cpp.o[0m
[8.640s] [ 67%] [32mBuilding CXX object CMakeFiles/robot_communication__rosidl_typesupport_fastrtps_c.dir/rosidl_typesupport_fastrtps_c/robot_communication/msg/detail/sensor_data__type_support_c.cpp.o[0m
[8.745s] [ 68%] [32mBuilding CXX object CMakeFiles/robot_communication__rosidl_typesupport_fastrtps_cpp.dir/rosidl_typesupport_fastrtps_cpp/robot_communication/msg/detail/dds_fastrtps/goal__type_support.cpp.o[0m
[8.825s] [ 70%] [32mBuilding CXX object CMakeFiles/robot_communication__rosidl_typesupport_cpp.dir/rosidl_typesupport_cpp/robot_communication/action/do_dishes__type_support.cpp.o[0m
[8.977s] [ 71%] [32mBuilding CXX object CMakeFiles/robot_communication__rosidl_typesupport_fastrtps_c.dir/rosidl_typesupport_fastrtps_c/robot_communication/msg/detail/bspline__type_support_c.cpp.o[0m
[9.049s] [ 72%] [32mBuilding CXX object CMakeFiles/robot_communication__rosidl_typesupport_fastrtps_cpp.dir/rosidl_typesupport_fastrtps_cpp/robot_communication/action/detail/dds_fastrtps/do_dishes__type_support.cpp.o[0m
[9.095s] [ 73%] [32mBuilding CXX object CMakeFiles/robot_communication__rosidl_typesupport_fastrtps_c.dir/rosidl_typesupport_fastrtps_c/robot_communication/msg/detail/esdf_map__type_support_c.cpp.o[0m
[9.209s] [ 75%] [32mBuilding CXX object CMakeFiles/robot_communication__rosidl_typesupport_fastrtps_c.dir/rosidl_typesupport_fastrtps_c/robot_communication/msg/detail/goal__type_support_c.cpp.o[0m
[9.364s] [ 76%] [32mBuilding CXX object CMakeFiles/robot_communication__rosidl_typesupport_fastrtps_c.dir/rosidl_typesupport_fastrtps_c/robot_communication/action/detail/do_dishes__type_support_c.cpp.o[0m
[9.604s] [ 77%] [32m[1mLinking CXX shared library librobot_communication__rosidl_typesupport_cpp.so[0m
[9.677s] [ 77%] Built target robot_communication__rosidl_typesupport_cpp
[9.853s] [ 78%] [32m[1mLinking CXX shared library librobot_communication__rosidl_typesupport_introspection_cpp.so[0m
[9.907s] [ 80%] [32m[1mLinking CXX shared library librobot_communication__rosidl_typesupport_fastrtps_c.so[0m
[9.952s] [ 80%] Built target robot_communication__rosidl_typesupport_introspection_cpp
[10.010s] [ 80%] Built target robot_communication__rosidl_typesupport_fastrtps_c
[10.026s] [ 81%] [32m[1mLinking CXX shared library librobot_communication__rosidl_typesupport_fastrtps_cpp.so[0m
[10.127s] [ 81%] Built target robot_communication__rosidl_typesupport_fastrtps_cpp
[10.146s] [ 81%] Built target robot_communication
[10.170s] [ 82%] [34m[1mGenerating Python code for ROS interfaces[0m
[12.194s] [ 82%] Built target robot_communication__py
[12.219s] [ 83%] [32mBuilding C object CMakeFiles/robot_communication__rosidl_generator_py.dir/rosidl_generator_py/robot_communication/msg/_chassis_control_s.c.o[0m
[12.221s] [ 87%] [32mBuilding C object CMakeFiles/robot_communication__rosidl_generator_py.dir/rosidl_generator_py/robot_communication/msg/_sensor_data_s.c.o[0m
[12.221s] [ 87%] [32mBuilding C object CMakeFiles/robot_communication__rosidl_generator_py.dir/rosidl_generator_py/robot_communication/msg/_bspline_s.c.o[0m
[12.221s] [ 87%] [32mBuilding C object CMakeFiles/robot_communication__rosidl_generator_py.dir/rosidl_generator_py/robot_communication/msg/_esdf_map_s.c.o[0m
[12.222s] [ 88%] [32mBuilding C object CMakeFiles/robot_communication__rosidl_generator_py.dir/rosidl_generator_py/robot_communication/msg/_goal_s.c.o[0m
[12.224s] [ 90%] [32mBuilding C object CMakeFiles/robot_communication__rosidl_generator_py.dir/rosidl_generator_py/robot_communication/msg/_localization_info_broadcast_s.c.o[0m
[12.226s] [ 91%] [32mBuilding C object CMakeFiles/robot_communication__rosidl_generator_py.dir/rosidl_generator_py/robot_communication/action/_do_dishes_s.c.o[0m
[12.580s] [ 92%] [32m[1mLinking C shared library rosidl_generator_py/robot_communication/librobot_communication__rosidl_generator_py.so[0m
[12.631s] [ 92%] Built target robot_communication__rosidl_generator_py
[12.650s] [ 93%] [32mBuilding C object CMakeFiles/robot_communication__rosidl_typesupport_introspection_c__pyext.dir/rosidl_generator_py/robot_communication/_robot_communication_s.ep.rosidl_typesupport_introspection_c.c.o[0m
[12.651s] [ 95%] [32mBuilding C object CMakeFiles/robot_communication__rosidl_typesupport_fastrtps_c__pyext.dir/rosidl_generator_py/robot_communication/_robot_communication_s.ep.rosidl_typesupport_fastrtps_c.c.o[0m
[12.657s] [ 96%] [32mBuilding C object CMakeFiles/robot_communication__rosidl_typesupport_c__pyext.dir/rosidl_generator_py/robot_communication/_robot_communication_s.ep.rosidl_typesupport_c.c.o[0m
[12.813s] [ 97%] [32m[1mLinking C shared library rosidl_generator_py/robot_communication/robot_communication_s__rosidl_typesupport_introspection_c.cpython-310-x86_64-linux-gnu.so[0m
[12.821s] [ 98%] [32m[1mLinking C shared library rosidl_generator_py/robot_communication/robot_communication_s__rosidl_typesupport_fastrtps_c.cpython-310-x86_64-linux-gnu.so[0m
[12.862s] [100%] [32m[1mLinking C shared library rosidl_generator_py/robot_communication/robot_communication_s__rosidl_typesupport_c.cpython-310-x86_64-linux-gnu.so[0m
[12.862s] [100%] Built target robot_communication__rosidl_typesupport_introspection_c__pyext
[12.872s] [100%] Built target robot_communication__rosidl_typesupport_fastrtps_c__pyext
[12.912s] [100%] Built target robot_communication__rosidl_typesupport_c__pyext
[12.925s] Invoked command in '/home/zheng/carerobot_slam_ros2/build/robot_communication' returned '0': CMAKE_PREFIX_PATH=/opt/ros/humble /usr/bin/cmake --build /home/zheng/carerobot_slam_ros2/build/robot_communication -- -j8 -l8
[12.934s] Invoking command in '/home/zheng/carerobot_slam_ros2/build/robot_communication': CMAKE_PREFIX_PATH=/opt/ros/humble /usr/bin/cmake --install /home/zheng/carerobot_slam_ros2/build/robot_communication
[12.942s] -- Install configuration: ""
[12.943s] -- Installing: /home/zheng/carerobot_slam_ros2/install/robot_communication/share/ament_index/resource_index/rosidl_interfaces/robot_communication
[12.943s] -- Installing: /home/zheng/carerobot_slam_ros2/install/robot_communication/include/robot_communication/robot_communication
[12.943s] -- Installing: /home/zheng/carerobot_slam_ros2/install/robot_communication/include/robot_communication/robot_communication/action
[12.943s] -- Installing: /home/zheng/carerobot_slam_ros2/install/robot_communication/include/robot_communication/robot_communication/action/do_dishes.h
[12.943s] -- Installing: /home/zheng/carerobot_slam_ros2/install/robot_communication/include/robot_communication/robot_communication/action/detail
[12.944s] -- Installing: /home/zheng/carerobot_slam_ros2/install/robot_communication/include/robot_communication/robot_communication/action/detail/do_dishes__functions.c
[12.944s] -- Installing: /home/zheng/carerobot_slam_ros2/install/robot_communication/include/robot_communication/robot_communication/action/detail/do_dishes__functions.h
[12.944s] -- Installing: /home/zheng/carerobot_slam_ros2/install/robot_communication/include/robot_communication/robot_communication/action/detail/do_dishes__type_support.h
[12.944s] -- Installing: /home/zheng/carerobot_slam_ros2/install/robot_communication/include/robot_communication/robot_communication/action/detail/do_dishes__struct.h
[12.944s] -- Installing: /home/zheng/carerobot_slam_ros2/install/robot_communication/include/robot_communication/robot_communication/msg
[12.945s] -- Installing: /home/zheng/carerobot_slam_ros2/install/robot_communication/include/robot_communication/robot_communication/msg/localization_info_broadcast.h
[12.945s] -- Installing: /home/zheng/carerobot_slam_ros2/install/robot_communication/include/robot_communication/robot_communication/msg/chassis_control.h
[12.945s] -- Installing: /home/zheng/carerobot_slam_ros2/install/robot_communication/include/robot_communication/robot_communication/msg/goal.h
[12.945s] -- Installing: /home/zheng/carerobot_slam_ros2/install/robot_communication/include/robot_communication/robot_communication/msg/bspline.h
[12.945s] -- Installing: /home/zheng/carerobot_slam_ros2/install/robot_communication/include/robot_communication/robot_communication/msg/rosidl_generator_c__visibility_control.h
[12.945s] -- Installing: /home/zheng/carerobot_slam_ros2/install/robot_communication/include/robot_communication/robot_communication/msg/sensor_data.h
[12.945s] -- Installing: /home/zheng/carerobot_slam_ros2/install/robot_communication/include/robot_communication/robot_communication/msg/esdf_map.h
[12.945s] -- Installing: /home/zheng/carerobot_slam_ros2/install/robot_communication/include/robot_communication/robot_communication/msg/detail
[12.945s] -- Installing: /home/zheng/carerobot_slam_ros2/install/robot_communication/include/robot_communication/robot_communication/msg/detail/chassis_control__functions.c
[12.945s] -- Installing: /home/zheng/carerobot_slam_ros2/install/robot_communication/include/robot_communication/robot_communication/msg/detail/bspline__functions.c
[12.946s] -- Installing: /home/zheng/carerobot_slam_ros2/install/robot_communication/include/robot_communication/robot_communication/msg/detail/bspline__functions.h
[12.946s] -- Installing: /home/zheng/carerobot_slam_ros2/install/robot_communication/include/robot_communication/robot_communication/msg/detail/chassis_control__type_support.h
[12.946s] -- Installing: /home/zheng/carerobot_slam_ros2/install/robot_communication/include/robot_communication/robot_communication/msg/detail/esdf_map__functions.h
[12.946s] -- Installing: /home/zheng/carerobot_slam_ros2/install/robot_communication/include/robot_communication/robot_communication/msg/detail/esdf_map__type_support.h
[12.946s] -- Installing: /home/zheng/carerobot_slam_ros2/install/robot_communication/include/robot_communication/robot_communication/msg/detail/bspline__struct.h
[12.946s] -- Installing: /home/zheng/carerobot_slam_ros2/install/robot_communication/include/robot_communication/robot_communication/msg/detail/sensor_data__functions.h
[12.946s] -- Installing: /home/zheng/carerobot_slam_ros2/install/robot_communication/include/robot_communication/robot_communication/msg/detail/esdf_map__struct.h
[12.946s] -- Installing: /home/zheng/carerobot_slam_ros2/install/robot_communication/include/robot_communication/robot_communication/msg/detail/sensor_data__functions.c
[12.947s] -- Installing: /home/zheng/carerobot_slam_ros2/install/robot_communication/include/robot_communication/robot_communication/msg/detail/localization_info_broadcast__type_support.h
[12.947s] -- Installing: /home/zheng/carerobot_slam_ros2/install/robot_communication/include/robot_communication/robot_communication/msg/detail/localization_info_broadcast__functions.h
[12.947s] -- Installing: /home/zheng/carerobot_slam_ros2/install/robot_communication/include/robot_communication/robot_communication/msg/detail/chassis_control__functions.h
[12.947s] -- Installing: /home/zheng/carerobot_slam_ros2/install/robot_communication/include/robot_communication/robot_communication/msg/detail/goal__functions.h
[12.947s] -- Installing: /home/zheng/carerobot_slam_ros2/install/robot_communication/include/robot_communication/robot_communication/msg/detail/goal__type_support.h
[12.947s] -- Installing: /home/zheng/carerobot_slam_ros2/install/robot_communication/include/robot_communication/robot_communication/msg/detail/sensor_data__type_support.h
[12.947s] -- Installing: /home/zheng/carerobot_slam_ros2/install/robot_communication/include/robot_communication/robot_communication/msg/detail/localization_info_broadcast__functions.c
[12.947s] -- Installing: /home/zheng/carerobot_slam_ros2/install/robot_communication/include/robot_communication/robot_communication/msg/detail/esdf_map__functions.c
[12.947s] -- Installing: /home/zheng/carerobot_slam_ros2/install/robot_communication/include/robot_communication/robot_communication/msg/detail/bspline__type_support.h
[12.948s] -- Installing: /home/zheng/carerobot_slam_ros2/install/robot_communication/include/robot_communication/robot_communication/msg/detail/sensor_data__struct.h
[12.948s] -- Installing: /home/zheng/carerobot_slam_ros2/install/robot_communication/include/robot_communication/robot_communication/msg/detail/goal__functions.c
[12.948s] -- Installing: /home/zheng/carerobot_slam_ros2/install/robot_communication/include/robot_communication/robot_communication/msg/detail/chassis_control__struct.h
[12.948s] -- Installing: /home/zheng/carerobot_slam_ros2/install/robot_communication/include/robot_communication/robot_communication/msg/detail/goal__struct.h
[12.948s] -- Installing: /home/zheng/carerobot_slam_ros2/install/robot_communication/include/robot_communication/robot_communication/msg/detail/localization_info_broadcast__struct.h
[12.948s] -- Installing: /home/zheng/carerobot_slam_ros2/install/robot_communication/share/robot_communication/environment/library_path.sh
[12.948s] -- Installing: /home/zheng/carerobot_slam_ros2/install/robot_communication/share/robot_communication/environment/library_path.dsv
[12.948s] -- Installing: /home/zheng/carerobot_slam_ros2/install/robot_communication/lib/librobot_communication__rosidl_generator_c.so
[12.949s] -- Set runtime path of "/home/zheng/carerobot_slam_ros2/install/robot_communication/lib/librobot_communication__rosidl_generator_c.so" to ""
[12.949s] -- Up-to-date: /home/zheng/carerobot_slam_ros2/install/robot_communication/include/robot_communication/robot_communication
[12.949s] -- Up-to-date: /home/zheng/carerobot_slam_ros2/install/robot_communication/include/robot_communication/robot_communication/action
[12.949s] -- Up-to-date: /home/zheng/carerobot_slam_ros2/install/robot_communication/include/robot_communication/robot_communication/action/detail
[12.949s] -- Installing: /home/zheng/carerobot_slam_ros2/install/robot_communication/include/robot_communication/robot_communication/action/detail/do_dishes__rosidl_typesupport_fastrtps_c.h
[12.949s] -- Up-to-date: /home/zheng/carerobot_slam_ros2/install/robot_communication/include/robot_communication/robot_communication/msg
[12.950s] -- Installing: /home/zheng/carerobot_slam_ros2/install/robot_communication/include/robot_communication/robot_communication/msg/rosidl_typesupport_fastrtps_c__visibility_control.h
[12.950s] -- Up-to-date: /home/zheng/carerobot_slam_ros2/install/robot_communication/include/robot_communication/robot_communication/msg/detail
[12.950s] -- Installing: /home/zheng/carerobot_slam_ros2/install/robot_communication/include/robot_communication/robot_communication/msg/detail/bspline__rosidl_typesupport_fastrtps_c.h
[12.950s] -- Installing: /home/zheng/carerobot_slam_ros2/install/robot_communication/include/robot_communication/robot_communication/msg/detail/esdf_map__rosidl_typesupport_fastrtps_c.h
[12.950s] -- Installing: /home/zheng/carerobot_slam_ros2/install/robot_communication/include/robot_communication/robot_communication/msg/detail/localization_info_broadcast__rosidl_typesupport_fastrtps_c.h
[12.950s] -- Installing: /home/zheng/carerobot_slam_ros2/install/robot_communication/include/robot_communication/robot_communication/msg/detail/sensor_data__rosidl_typesupport_fastrtps_c.h
[12.950s] -- Installing: /home/zheng/carerobot_slam_ros2/install/robot_communication/include/robot_communication/robot_communication/msg/detail/goal__rosidl_typesupport_fastrtps_c.h
[12.950s] -- Installing: /home/zheng/carerobot_slam_ros2/install/robot_communication/include/robot_communication/robot_communication/msg/detail/chassis_control__rosidl_typesupport_fastrtps_c.h
[12.950s] -- Installing: /home/zheng/carerobot_slam_ros2/install/robot_communication/lib/librobot_communication__rosidl_typesupport_fastrtps_c.so
[12.951s] -- Set runtime path of "/home/zheng/carerobot_slam_ros2/install/robot_communication/lib/librobot_communication__rosidl_typesupport_fastrtps_c.so" to ""
[12.951s] -- Up-to-date: /home/zheng/carerobot_slam_ros2/install/robot_communication/include/robot_communication/robot_communication
[12.951s] -- Up-to-date: /home/zheng/carerobot_slam_ros2/install/robot_communication/include/robot_communication/robot_communication/action
[12.951s] -- Up-to-date: /home/zheng/carerobot_slam_ros2/install/robot_communication/include/robot_communication/robot_communication/action/detail
[12.951s] -- Installing: /home/zheng/carerobot_slam_ros2/install/robot_communication/include/robot_communication/robot_communication/action/detail/do_dishes__rosidl_typesupport_introspection_c.h
[12.951s] -- Installing: /home/zheng/carerobot_slam_ros2/install/robot_communication/include/robot_communication/robot_communication/action/detail/do_dishes__type_support.c
[12.951s] -- Up-to-date: /home/zheng/carerobot_slam_ros2/install/robot_communication/include/robot_communication/robot_communication/msg
[12.951s] -- Installing: /home/zheng/carerobot_slam_ros2/install/robot_communication/include/robot_communication/robot_communication/msg/rosidl_typesupport_introspection_c__visibility_control.h
[12.951s] -- Up-to-date: /home/zheng/carerobot_slam_ros2/install/robot_communication/include/robot_communication/robot_communication/msg/detail
[12.951s] -- Installing: /home/zheng/carerobot_slam_ros2/install/robot_communication/include/robot_communication/robot_communication/msg/detail/esdf_map__rosidl_typesupport_introspection_c.h
[12.951s] -- Installing: /home/zheng/carerobot_slam_ros2/install/robot_communication/include/robot_communication/robot_communication/msg/detail/bspline__type_support.c
[12.952s] -- Installing: /home/zheng/carerobot_slam_ros2/install/robot_communication/include/robot_communication/robot_communication/msg/detail/bspline__rosidl_typesupport_introspection_c.h
[12.952s] -- Installing: /home/zheng/carerobot_slam_ros2/install/robot_communication/include/robot_communication/robot_communication/msg/detail/chassis_control__rosidl_typesupport_introspection_c.h
[12.952s] -- Installing: /home/zheng/carerobot_slam_ros2/install/robot_communication/include/robot_communication/robot_communication/msg/detail/goal__rosidl_typesupport_introspection_c.h
[12.952s] -- Installing: /home/zheng/carerobot_slam_ros2/install/robot_communication/include/robot_communication/robot_communication/msg/detail/localization_info_broadcast__type_support.c
[12.952s] -- Installing: /home/zheng/carerobot_slam_ros2/install/robot_communication/include/robot_communication/robot_communication/msg/detail/chassis_control__type_support.c
[12.952s] -- Installing: /home/zheng/carerobot_slam_ros2/install/robot_communication/include/robot_communication/robot_communication/msg/detail/goal__type_support.c
[12.952s] -- Installing: /home/zheng/carerobot_slam_ros2/install/robot_communication/include/robot_communication/robot_communication/msg/detail/sensor_data__type_support.c
[12.952s] -- Installing: /home/zheng/carerobot_slam_ros2/install/robot_communication/include/robot_communication/robot_communication/msg/detail/sensor_data__rosidl_typesupport_introspection_c.h
[12.952s] -- Installing: /home/zheng/carerobot_slam_ros2/install/robot_communication/include/robot_communication/robot_communication/msg/detail/esdf_map__type_support.c
[12.952s] -- Installing: /home/zheng/carerobot_slam_ros2/install/robot_communication/include/robot_communication/robot_communication/msg/detail/localization_info_broadcast__rosidl_typesupport_introspection_c.h
[12.952s] -- Installing: /home/zheng/carerobot_slam_ros2/install/robot_communication/lib/librobot_communication__rosidl_typesupport_introspection_c.so
[12.953s] -- Set runtime path of "/home/zheng/carerobot_slam_ros2/install/robot_communication/lib/librobot_communication__rosidl_typesupport_introspection_c.so" to ""
[12.953s] -- Installing: /home/zheng/carerobot_slam_ros2/install/robot_communication/lib/librobot_communication__rosidl_typesupport_c.so
[12.953s] -- Set runtime path of "/home/zheng/carerobot_slam_ros2/install/robot_communication/lib/librobot_communication__rosidl_typesupport_c.so" to ""
[12.953s] -- Up-to-date: /home/zheng/carerobot_slam_ros2/install/robot_communication/include/robot_communication/robot_communication
[12.953s] -- Up-to-date: /home/zheng/carerobot_slam_ros2/install/robot_communication/include/robot_communication/robot_communication/action
[12.954s] -- Installing: /home/zheng/carerobot_slam_ros2/install/robot_communication/include/robot_communication/robot_communication/action/do_dishes.hpp
[12.954s] -- Up-to-date: /home/zheng/carerobot_slam_ros2/install/robot_communication/include/robot_communication/robot_communication/action/detail
[12.954s] -- Installing: /home/zheng/carerobot_slam_ros2/install/robot_communication/include/robot_communication/robot_communication/action/detail/do_dishes__type_support.hpp
[12.954s] -- Installing: /home/zheng/carerobot_slam_ros2/install/robot_communication/include/robot_communication/robot_communication/action/detail/do_dishes__builder.hpp
[12.954s] -- Installing: /home/zheng/carerobot_slam_ros2/install/robot_communication/include/robot_communication/robot_communication/action/detail/do_dishes__traits.hpp
[12.954s] -- Installing: /home/zheng/carerobot_slam_ros2/install/robot_communication/include/robot_communication/robot_communication/action/detail/do_dishes__struct.hpp
[12.954s] -- Up-to-date: /home/zheng/carerobot_slam_ros2/install/robot_communication/include/robot_communication/robot_communication/msg
[12.954s] -- Installing: /home/zheng/carerobot_slam_ros2/install/robot_communication/include/robot_communication/robot_communication/msg/bspline.hpp
[12.954s] -- Installing: /home/zheng/carerobot_slam_ros2/install/robot_communication/include/robot_communication/robot_communication/msg/chassis_control.hpp
[12.954s] -- Installing: /home/zheng/carerobot_slam_ros2/install/robot_communication/include/robot_communication/robot_communication/msg/sensor_data.hpp
[12.954s] -- Installing: /home/zheng/carerobot_slam_ros2/install/robot_communication/include/robot_communication/robot_communication/msg/localization_info_broadcast.hpp
[12.955s] -- Installing: /home/zheng/carerobot_slam_ros2/install/robot_communication/include/robot_communication/robot_communication/msg/rosidl_generator_cpp__visibility_control.hpp
[12.955s] -- Installing: /home/zheng/carerobot_slam_ros2/install/robot_communication/include/robot_communication/robot_communication/msg/goal.hpp
[12.955s] -- Installing: /home/zheng/carerobot_slam_ros2/install/robot_communication/include/robot_communication/robot_communication/msg/esdf_map.hpp
[12.955s] -- Up-to-date: /home/zheng/carerobot_slam_ros2/install/robot_communication/include/robot_communication/robot_communication/msg/detail
[12.955s] -- Installing: /home/zheng/carerobot_slam_ros2/install/robot_communication/include/robot_communication/robot_communication/msg/detail/goal__traits.hpp
[12.955s] -- Installing: /home/zheng/carerobot_slam_ros2/install/robot_communication/include/robot_communication/robot_communication/msg/detail/sensor_data__builder.hpp
[12.955s] -- Installing: /home/zheng/carerobot_slam_ros2/install/robot_communication/include/robot_communication/robot_communication/msg/detail/localization_info_broadcast__traits.hpp
[12.955s] -- Installing: /home/zheng/carerobot_slam_ros2/install/robot_communication/include/robot_communication/robot_communication/msg/detail/goal__builder.hpp
[12.955s] -- Installing: /home/zheng/carerobot_slam_ros2/install/robot_communication/include/robot_communication/robot_communication/msg/detail/localization_info_broadcast__type_support.hpp
[12.955s] -- Installing: /home/zheng/carerobot_slam_ros2/install/robot_communication/include/robot_communication/robot_communication/msg/detail/chassis_control__builder.hpp
[12.956s] -- Installing: /home/zheng/carerobot_slam_ros2/install/robot_communication/include/robot_communication/robot_communication/msg/detail/esdf_map__builder.hpp
[12.956s] -- Installing: /home/zheng/carerobot_slam_ros2/install/robot_communication/include/robot_communication/robot_communication/msg/detail/localization_info_broadcast__struct.hpp
[12.956s] -- Installing: /home/zheng/carerobot_slam_ros2/install/robot_communication/include/robot_communication/robot_communication/msg/detail/bspline__builder.hpp
[12.956s] -- Installing: /home/zheng/carerobot_slam_ros2/install/robot_communication/include/robot_communication/robot_communication/msg/detail/sensor_data__type_support.hpp
[12.956s] -- Installing: /home/zheng/carerobot_slam_ros2/install/robot_communication/include/robot_communication/robot_communication/msg/detail/chassis_control__struct.hpp
[12.956s] -- Installing: /home/zheng/carerobot_slam_ros2/install/robot_communication/include/robot_communication/robot_communication/msg/detail/chassis_control__traits.hpp
[12.956s] -- Installing: /home/zheng/carerobot_slam_ros2/install/robot_communication/include/robot_communication/robot_communication/msg/detail/bspline__type_support.hpp
[12.956s] -- Installing: /home/zheng/carerobot_slam_ros2/install/robot_communication/include/robot_communication/robot_communication/msg/detail/localization_info_broadcast__builder.hpp
[12.956s] -- Installing: /home/zheng/carerobot_slam_ros2/install/robot_communication/include/robot_communication/robot_communication/msg/detail/bspline__traits.hpp
[12.957s] -- Installing: /home/zheng/carerobot_slam_ros2/install/robot_communication/include/robot_communication/robot_communication/msg/detail/goal__type_support.hpp
[12.957s] -- Installing: /home/zheng/carerobot_slam_ros2/install/robot_communication/include/robot_communication/robot_communication/msg/detail/esdf_map__traits.hpp
[12.957s] -- Installing: /home/zheng/carerobot_slam_ros2/install/robot_communication/include/robot_communication/robot_communication/msg/detail/esdf_map__type_support.hpp
[12.957s] -- Installing: /home/zheng/carerobot_slam_ros2/install/robot_communication/include/robot_communication/robot_communication/msg/detail/goal__struct.hpp
[12.957s] -- Installing: /home/zheng/carerobot_slam_ros2/install/robot_communication/include/robot_communication/robot_communication/msg/detail/sensor_data__traits.hpp
[12.957s] -- Installing: /home/zheng/carerobot_slam_ros2/install/robot_communication/include/robot_communication/robot_communication/msg/detail/sensor_data__struct.hpp
[12.957s] -- Installing: /home/zheng/carerobot_slam_ros2/install/robot_communication/include/robot_communication/robot_communication/msg/detail/bspline__struct.hpp
[12.958s] -- Installing: /home/zheng/carerobot_slam_ros2/install/robot_communication/include/robot_communication/robot_communication/msg/detail/esdf_map__struct.hpp
[12.958s] -- Installing: /home/zheng/carerobot_slam_ros2/install/robot_communication/include/robot_communication/robot_communication/msg/detail/chassis_control__type_support.hpp
[12.958s] -- Up-to-date: /home/zheng/carerobot_slam_ros2/install/robot_communication/include/robot_communication/robot_communication
[12.958s] -- Up-to-date: /home/zheng/carerobot_slam_ros2/install/robot_communication/include/robot_communication/robot_communication/action
[12.958s] -- Up-to-date: /home/zheng/carerobot_slam_ros2/install/robot_communication/include/robot_communication/robot_communication/action/detail
[12.959s] -- Installing: /home/zheng/carerobot_slam_ros2/install/robot_communication/include/robot_communication/robot_communication/action/detail/do_dishes__rosidl_typesupport_fastrtps_cpp.hpp
[12.959s] -- Installing: /home/zheng/carerobot_slam_ros2/install/robot_communication/include/robot_communication/robot_communication/action/detail/dds_fastrtps
[12.959s] -- Up-to-date: /home/zheng/carerobot_slam_ros2/install/robot_communication/include/robot_communication/robot_communication/msg
[12.959s] -- Installing: /home/zheng/carerobot_slam_ros2/install/robot_communication/include/robot_communication/robot_communication/msg/rosidl_typesupport_fastrtps_cpp__visibility_control.h
[12.959s] -- Up-to-date: /home/zheng/carerobot_slam_ros2/install/robot_communication/include/robot_communication/robot_communication/msg/detail
[12.959s] -- Installing: /home/zheng/carerobot_slam_ros2/install/robot_communication/include/robot_communication/robot_communication/msg/detail/chassis_control__rosidl_typesupport_fastrtps_cpp.hpp
[12.959s] -- Installing: /home/zheng/carerobot_slam_ros2/install/robot_communication/include/robot_communication/robot_communication/msg/detail/bspline__rosidl_typesupport_fastrtps_cpp.hpp
[12.959s] -- Installing: /home/zheng/carerobot_slam_ros2/install/robot_communication/include/robot_communication/robot_communication/msg/detail/localization_info_broadcast__rosidl_typesupport_fastrtps_cpp.hpp
[12.959s] -- Installing: /home/zheng/carerobot_slam_ros2/install/robot_communication/include/robot_communication/robot_communication/msg/detail/dds_fastrtps
[12.959s] -- Installing: /home/zheng/carerobot_slam_ros2/install/robot_communication/include/robot_communication/robot_communication/msg/detail/esdf_map__rosidl_typesupport_fastrtps_cpp.hpp
[12.960s] -- Installing: /home/zheng/carerobot_slam_ros2/install/robot_communication/include/robot_communication/robot_communication/msg/detail/goal__rosidl_typesupport_fastrtps_cpp.hpp
[12.960s] -- Installing: /home/zheng/carerobot_slam_ros2/install/robot_communication/include/robot_communication/robot_communication/msg/detail/sensor_data__rosidl_typesupport_fastrtps_cpp.hpp
[12.960s] -- Installing: /home/zheng/carerobot_slam_ros2/install/robot_communication/lib/librobot_communication__rosidl_typesupport_fastrtps_cpp.so
[12.961s] -- Set runtime path of "/home/zheng/carerobot_slam_ros2/install/robot_communication/lib/librobot_communication__rosidl_typesupport_fastrtps_cpp.so" to ""
[12.961s] -- Up-to-date: /home/zheng/carerobot_slam_ros2/install/robot_communication/include/robot_communication/robot_communication
[12.961s] -- Up-to-date: /home/zheng/carerobot_slam_ros2/install/robot_communication/include/robot_communication/robot_communication/action
[12.962s] -- Up-to-date: /home/zheng/carerobot_slam_ros2/install/robot_communication/include/robot_communication/robot_communication/action/detail
[12.962s] -- Installing: /home/zheng/carerobot_slam_ros2/install/robot_communication/include/robot_communication/robot_communication/action/detail/do_dishes__rosidl_typesupport_introspection_cpp.hpp
[12.962s] -- Installing: /home/zheng/carerobot_slam_ros2/install/robot_communication/include/robot_communication/robot_communication/action/detail/do_dishes__type_support.cpp
[12.962s] -- Up-to-date: /home/zheng/carerobot_slam_ros2/install/robot_communication/include/robot_communication/robot_communication/msg
[12.962s] -- Up-to-date: /home/zheng/carerobot_slam_ros2/install/robot_communication/include/robot_communication/robot_communication/msg/detail
[12.962s] -- Installing: /home/zheng/carerobot_slam_ros2/install/robot_communication/include/robot_communication/robot_communication/msg/detail/goal__rosidl_typesupport_introspection_cpp.hpp
[12.963s] -- Installing: /home/zheng/carerobot_slam_ros2/install/robot_communication/include/robot_communication/robot_communication/msg/detail/esdf_map__rosidl_typesupport_introspection_cpp.hpp
[12.963s] -- Installing: /home/zheng/carerobot_slam_ros2/install/robot_communication/include/robot_communication/robot_communication/msg/detail/sensor_data__rosidl_typesupport_introspection_cpp.hpp
[12.963s] -- Installing: /home/zheng/carerobot_slam_ros2/install/robot_communication/include/robot_communication/robot_communication/msg/detail/chassis_control__type_support.cpp
[12.963s] -- Installing: /home/zheng/carerobot_slam_ros2/install/robot_communication/include/robot_communication/robot_communication/msg/detail/bspline__rosidl_typesupport_introspection_cpp.hpp
[12.963s] -- Installing: /home/zheng/carerobot_slam_ros2/install/robot_communication/include/robot_communication/robot_communication/msg/detail/bspline__type_support.cpp
[12.963s] -- Installing: /home/zheng/carerobot_slam_ros2/install/robot_communication/include/robot_communication/robot_communication/msg/detail/localization_info_broadcast__type_support.cpp
[12.964s] -- Installing: /home/zheng/carerobot_slam_ros2/install/robot_communication/include/robot_communication/robot_communication/msg/detail/sensor_data__type_support.cpp
[12.964s] -- Installing: /home/zheng/carerobot_slam_ros2/install/robot_communication/include/robot_communication/robot_communication/msg/detail/chassis_control__rosidl_typesupport_introspection_cpp.hpp
[12.964s] -- Installing: /home/zheng/carerobot_slam_ros2/install/robot_communication/include/robot_communication/robot_communication/msg/detail/esdf_map__type_support.cpp
[12.964s] -- Installing: /home/zheng/carerobot_slam_ros2/install/robot_communication/include/robot_communication/robot_communication/msg/detail/localization_info_broadcast__rosidl_typesupport_introspection_cpp.hpp
[12.964s] -- Installing: /home/zheng/carerobot_slam_ros2/install/robot_communication/include/robot_communication/robot_communication/msg/detail/goal__type_support.cpp
[12.964s] -- Installing: /home/zheng/carerobot_slam_ros2/install/robot_communication/lib/librobot_communication__rosidl_typesupport_introspection_cpp.so
[12.965s] -- Set runtime path of "/home/zheng/carerobot_slam_ros2/install/robot_communication/lib/librobot_communication__rosidl_typesupport_introspection_cpp.so" to ""
[12.965s] -- Installing: /home/zheng/carerobot_slam_ros2/install/robot_communication/lib/librobot_communication__rosidl_typesupport_cpp.so
[12.965s] -- Set runtime path of "/home/zheng/carerobot_slam_ros2/install/robot_communication/lib/librobot_communication__rosidl_typesupport_cpp.so" to ""
[12.966s] -- Installing: /home/zheng/carerobot_slam_ros2/install/robot_communication/share/robot_communication/environment/pythonpath.sh
[12.966s] -- Installing: /home/zheng/carerobot_slam_ros2/install/robot_communication/share/robot_communication/environment/pythonpath.dsv
[12.966s] -- Installing: /home/zheng/carerobot_slam_ros2/install/robot_communication/local/lib/python3.10/dist-packages/robot_communication-0.0.0-py3.10.egg-info
[12.966s] -- Installing: /home/zheng/carerobot_slam_ros2/install/robot_communication/local/lib/python3.10/dist-packages/robot_communication-0.0.0-py3.10.egg-info/dependency_links.txt
[12.966s] -- Installing: /home/zheng/carerobot_slam_ros2/install/robot_communication/local/lib/python3.10/dist-packages/robot_communication-0.0.0-py3.10.egg-info/PKG-INFO
[12.967s] -- Installing: /home/zheng/carerobot_slam_ros2/install/robot_communication/local/lib/python3.10/dist-packages/robot_communication-0.0.0-py3.10.egg-info/top_level.txt
[12.967s] -- Installing: /home/zheng/carerobot_slam_ros2/install/robot_communication/local/lib/python3.10/dist-packages/robot_communication-0.0.0-py3.10.egg-info/SOURCES.txt
[12.967s] -- Installing: /home/zheng/carerobot_slam_ros2/install/robot_communication/local/lib/python3.10/dist-packages/robot_communication
[12.967s] -- Installing: /home/zheng/carerobot_slam_ros2/install/robot_communication/local/lib/python3.10/dist-packages/robot_communication/action
[12.967s] -- Installing: /home/zheng/carerobot_slam_ros2/install/robot_communication/local/lib/python3.10/dist-packages/robot_communication/action/__init__.py
[12.967s] -- Installing: /home/zheng/carerobot_slam_ros2/install/robot_communication/local/lib/python3.10/dist-packages/robot_communication/action/_do_dishes_s.c
[12.967s] -- Installing: /home/zheng/carerobot_slam_ros2/install/robot_communication/local/lib/python3.10/dist-packages/robot_communication/action/_do_dishes.py
[12.968s] -- Installing: /home/zheng/carerobot_slam_ros2/install/robot_communication/local/lib/python3.10/dist-packages/robot_communication/_robot_communication_s.ep.rosidl_typesupport_fastrtps_c.c
[12.968s] -- Installing: /home/zheng/carerobot_slam_ros2/install/robot_communication/local/lib/python3.10/dist-packages/robot_communication/robot_communication_s__rosidl_typesupport_c.cpython-310-x86_64-linux-gnu.so
[12.968s] -- Installing: /home/zheng/carerobot_slam_ros2/install/robot_communication/local/lib/python3.10/dist-packages/robot_communication/__init__.py
[12.968s] -- Installing: /home/zheng/carerobot_slam_ros2/install/robot_communication/local/lib/python3.10/dist-packages/robot_communication/_robot_communication_s.ep.rosidl_typesupport_introspection_c.c
[12.968s] -- Installing: /home/zheng/carerobot_slam_ros2/install/robot_communication/local/lib/python3.10/dist-packages/robot_communication/robot_communication_s__rosidl_typesupport_fastrtps_c.cpython-310-x86_64-linux-gnu.so
[12.968s] -- Installing: /home/zheng/carerobot_slam_ros2/install/robot_communication/local/lib/python3.10/dist-packages/robot_communication/robot_communication_s__rosidl_typesupport_introspection_c.cpython-310-x86_64-linux-gnu.so
[12.969s] -- Installing: /home/zheng/carerobot_slam_ros2/install/robot_communication/local/lib/python3.10/dist-packages/robot_communication/librobot_communication__rosidl_generator_py.so
[12.969s] -- Installing: /home/zheng/carerobot_slam_ros2/install/robot_communication/local/lib/python3.10/dist-packages/robot_communication/_robot_communication_s.ep.rosidl_typesupport_c.c
[12.969s] -- Installing: /home/zheng/carerobot_slam_ros2/install/robot_communication/local/lib/python3.10/dist-packages/robot_communication/msg
[12.969s] -- Installing: /home/zheng/carerobot_slam_ros2/install/robot_communication/local/lib/python3.10/dist-packages/robot_communication/msg/_goal_s.c
[12.970s] -- Installing: /home/zheng/carerobot_slam_ros2/install/robot_communication/local/lib/python3.10/dist-packages/robot_communication/msg/_bspline.py
[12.970s] -- Installing: /home/zheng/carerobot_slam_ros2/install/robot_communication/local/lib/python3.10/dist-packages/robot_communication/msg/_localization_info_broadcast.py
[12.970s] -- Installing: /home/zheng/carerobot_slam_ros2/install/robot_communication/local/lib/python3.10/dist-packages/robot_communication/msg/_chassis_control.py
[12.970s] -- Installing: /home/zheng/carerobot_slam_ros2/install/robot_communication/local/lib/python3.10/dist-packages/robot_communication/msg/__init__.py
[12.971s] -- Installing: /home/zheng/carerobot_slam_ros2/install/robot_communication/local/lib/python3.10/dist-packages/robot_communication/msg/_localization_info_broadcast_s.c
[12.971s] -- Installing: /home/zheng/carerobot_slam_ros2/install/robot_communication/local/lib/python3.10/dist-packages/robot_communication/msg/_chassis_control_s.c
[12.971s] -- Installing: /home/zheng/carerobot_slam_ros2/install/robot_communication/local/lib/python3.10/dist-packages/robot_communication/msg/_sensor_data_s.c
[12.971s] -- Installing: /home/zheng/carerobot_slam_ros2/install/robot_communication/local/lib/python3.10/dist-packages/robot_communication/msg/_esdf_map_s.c
[12.971s] -- Installing: /home/zheng/carerobot_slam_ros2/install/robot_communication/local/lib/python3.10/dist-packages/robot_communication/msg/_sensor_data.py
[12.972s] -- Installing: /home/zheng/carerobot_slam_ros2/install/robot_communication/local/lib/python3.10/dist-packages/robot_communication/msg/_goal.py
[12.972s] -- Installing: /home/zheng/carerobot_slam_ros2/install/robot_communication/local/lib/python3.10/dist-packages/robot_communication/msg/_bspline_s.c
[12.972s] -- Installing: /home/zheng/carerobot_slam_ros2/install/robot_communication/local/lib/python3.10/dist-packages/robot_communication/msg/_esdf_map.py
[13.019s] Listing '/home/zheng/carerobot_slam_ros2/install/robot_communication/local/lib/python3.10/dist-packages/robot_communication'...
[13.019s] Compiling '/home/zheng/carerobot_slam_ros2/install/robot_communication/local/lib/python3.10/dist-packages/robot_communication/__init__.py'...
[13.020s] Listing '/home/zheng/carerobot_slam_ros2/install/robot_communication/local/lib/python3.10/dist-packages/robot_communication/action'...
[13.020s] Compiling '/home/zheng/carerobot_slam_ros2/install/robot_communication/local/lib/python3.10/dist-packages/robot_communication/action/__init__.py'...
[13.020s] Compiling '/home/zheng/carerobot_slam_ros2/install/robot_communication/local/lib/python3.10/dist-packages/robot_communication/action/_do_dishes.py'...
[13.020s] Listing '/home/zheng/carerobot_slam_ros2/install/robot_communication/local/lib/python3.10/dist-packages/robot_communication/msg'...
[13.020s] Compiling '/home/zheng/carerobot_slam_ros2/install/robot_communication/local/lib/python3.10/dist-packages/robot_communication/msg/__init__.py'...
[13.020s] Compiling '/home/zheng/carerobot_slam_ros2/install/robot_communication/local/lib/python3.10/dist-packages/robot_communication/msg/_bspline.py'...
[13.020s] Compiling '/home/zheng/carerobot_slam_ros2/install/robot_communication/local/lib/python3.10/dist-packages/robot_communication/msg/_chassis_control.py'...
[13.020s] Compiling '/home/zheng/carerobot_slam_ros2/install/robot_communication/local/lib/python3.10/dist-packages/robot_communication/msg/_esdf_map.py'...
[13.020s] Compiling '/home/zheng/carerobot_slam_ros2/install/robot_communication/local/lib/python3.10/dist-packages/robot_communication/msg/_goal.py'...
[13.020s] Compiling '/home/zheng/carerobot_slam_ros2/install/robot_communication/local/lib/python3.10/dist-packages/robot_communication/msg/_localization_info_broadcast.py'...
[13.020s] Compiling '/home/zheng/carerobot_slam_ros2/install/robot_communication/local/lib/python3.10/dist-packages/robot_communication/msg/_sensor_data.py'...
[13.024s] -- Installing: /home/zheng/carerobot_slam_ros2/install/robot_communication/local/lib/python3.10/dist-packages/robot_communication/robot_communication_s__rosidl_typesupport_fastrtps_c.cpython-310-x86_64-linux-gnu.so
[13.024s] -- Set runtime path of "/home/zheng/carerobot_slam_ros2/install/robot_communication/local/lib/python3.10/dist-packages/robot_communication/robot_communication_s__rosidl_typesupport_fastrtps_c.cpython-310-x86_64-linux-gnu.so" to ""
[13.025s] -- Installing: /home/zheng/carerobot_slam_ros2/install/robot_communication/local/lib/python3.10/dist-packages/robot_communication/robot_communication_s__rosidl_typesupport_introspection_c.cpython-310-x86_64-linux-gnu.so
[13.025s] -- Set runtime path of "/home/zheng/carerobot_slam_ros2/install/robot_communication/local/lib/python3.10/dist-packages/robot_communication/robot_communication_s__rosidl_typesupport_introspection_c.cpython-310-x86_64-linux-gnu.so" to ""
[13.026s] -- Installing: /home/zheng/carerobot_slam_ros2/install/robot_communication/local/lib/python3.10/dist-packages/robot_communication/robot_communication_s__rosidl_typesupport_c.cpython-310-x86_64-linux-gnu.so
[13.026s] -- Set runtime path of "/home/zheng/carerobot_slam_ros2/install/robot_communication/local/lib/python3.10/dist-packages/robot_communication/robot_communication_s__rosidl_typesupport_c.cpython-310-x86_64-linux-gnu.so" to ""
[13.026s] -- Installing: /home/zheng/carerobot_slam_ros2/install/robot_communication/lib/librobot_communication__rosidl_generator_py.so
[13.027s] -- Set runtime path of "/home/zheng/carerobot_slam_ros2/install/robot_communication/lib/librobot_communication__rosidl_generator_py.so" to ""
[13.027s] -- Installing: /home/zheng/carerobot_slam_ros2/install/robot_communication/share/ament_index/resource_index/rust_packages/robot_communication
[13.027s] -- Installing: /home/zheng/carerobot_slam_ros2/install/robot_communication/share/robot_communication/rust
[13.028s] -- Installing: /home/zheng/carerobot_slam_ros2/install/robot_communication/share/robot_communication/rust/src
[13.028s] -- Installing: /home/zheng/carerobot_slam_ros2/install/robot_communication/share/robot_communication/rust/src/action
[13.028s] -- Installing: /home/zheng/carerobot_slam_ros2/install/robot_communication/share/robot_communication/rust/src/action/rmw.rs
[13.028s] -- Installing: /home/zheng/carerobot_slam_ros2/install/robot_communication/share/robot_communication/rust/src/action.rs
[13.028s] -- Installing: /home/zheng/carerobot_slam_ros2/install/robot_communication/share/robot_communication/rust/src/msg.rs
[13.028s] -- Installing: /home/zheng/carerobot_slam_ros2/install/robot_communication/share/robot_communication/rust/src/lib.rs
[13.028s] -- Installing: /home/zheng/carerobot_slam_ros2/install/robot_communication/share/robot_communication/rust/src/msg
[13.029s] -- Installing: /home/zheng/carerobot_slam_ros2/install/robot_communication/share/robot_communication/rust/src/msg/rmw.rs
[13.029s] -- Installing: /home/zheng/carerobot_slam_ros2/install/robot_communication/share/robot_communication/rust/build.rs
[13.029s] -- Installing: /home/zheng/carerobot_slam_ros2/install/robot_communication/share/robot_communication/rust/Cargo.toml
[13.029s] -- Installing: /home/zheng/carerobot_slam_ros2/install/robot_communication/share/robot_communication/msg/LocalizationInfoBroadcast.idl
[13.029s] -- Installing: /home/zheng/carerobot_slam_ros2/install/robot_communication/share/robot_communication/msg/ChassisControl.idl
[13.029s] -- Installing: /home/zheng/carerobot_slam_ros2/install/robot_communication/share/robot_communication/msg/SensorData.idl
[13.029s] -- Installing: /home/zheng/carerobot_slam_ros2/install/robot_communication/share/robot_communication/msg/Bspline.idl
[13.029s] -- Installing: /home/zheng/carerobot_slam_ros2/install/robot_communication/share/robot_communication/msg/EsdfMap.idl
[13.030s] -- Installing: /home/zheng/carerobot_slam_ros2/install/robot_communication/share/robot_communication/msg/Goal.idl
[13.030s] -- Installing: /home/zheng/carerobot_slam_ros2/install/robot_communication/share/robot_communication/action/DoDishes.idl
[13.030s] -- Installing: /home/zheng/carerobot_slam_ros2/install/robot_communication/share/robot_communication/msg/LocalizationInfoBroadcast.msg
[13.030s] -- Installing: /home/zheng/carerobot_slam_ros2/install/robot_communication/share/robot_communication/msg/ChassisControl.msg
[13.030s] -- Installing: /home/zheng/carerobot_slam_ros2/install/robot_communication/share/robot_communication/msg/SensorData.msg
[13.030s] -- Installing: /home/zheng/carerobot_slam_ros2/install/robot_communication/share/robot_communication/msg/Bspline.msg
[13.030s] -- Installing: /home/zheng/carerobot_slam_ros2/install/robot_communication/share/robot_communication/msg/EsdfMap.msg
[13.030s] -- Installing: /home/zheng/carerobot_slam_ros2/install/robot_communication/share/robot_communication/msg/Goal.msg
[13.031s] -- Installing: /home/zheng/carerobot_slam_ros2/install/robot_communication/share/robot_communication/action/DoDishes.action
[13.031s] -- Installing: /home/zheng/carerobot_slam_ros2/install/robot_communication/share/ament_index/resource_index/package_run_dependencies/robot_communication
[13.031s] -- Installing: /home/zheng/carerobot_slam_ros2/install/robot_communication/share/ament_index/resource_index/parent_prefix_path/robot_communication
[13.031s] -- Installing: /home/zheng/carerobot_slam_ros2/install/robot_communication/share/robot_communication/environment/ament_prefix_path.sh
[13.031s] -- Installing: /home/zheng/carerobot_slam_ros2/install/robot_communication/share/robot_communication/environment/ament_prefix_path.dsv
[13.031s] -- Installing: /home/zheng/carerobot_slam_ros2/install/robot_communication/share/robot_communication/environment/path.sh
[13.031s] -- Installing: /home/zheng/carerobot_slam_ros2/install/robot_communication/share/robot_communication/environment/path.dsv
[13.032s] -- Installing: /home/zheng/carerobot_slam_ros2/install/robot_communication/share/robot_communication/local_setup.bash
[13.032s] -- Installing: /home/zheng/carerobot_slam_ros2/install/robot_communication/share/robot_communication/local_setup.sh
[13.032s] -- Installing: /home/zheng/carerobot_slam_ros2/install/robot_communication/share/robot_communication/local_setup.zsh
[13.032s] -- Installing: /home/zheng/carerobot_slam_ros2/install/robot_communication/share/robot_communication/local_setup.dsv
[13.032s] -- Installing: /home/zheng/carerobot_slam_ros2/install/robot_communication/share/robot_communication/package.dsv
[13.032s] -- Installing: /home/zheng/carerobot_slam_ros2/install/robot_communication/share/ament_index/resource_index/packages/robot_communication
[13.032s] -- Installing: /home/zheng/carerobot_slam_ros2/install/robot_communication/share/robot_communication/cmake/export_robot_communication__rosidl_generator_cExport.cmake
[13.033s] -- Installing: /home/zheng/carerobot_slam_ros2/install/robot_communication/share/robot_communication/cmake/export_robot_communication__rosidl_generator_cExport-noconfig.cmake
[13.033s] -- Installing: /home/zheng/carerobot_slam_ros2/install/robot_communication/share/robot_communication/cmake/export_robot_communication__rosidl_typesupport_fastrtps_cExport.cmake
[13.033s] -- Installing: /home/zheng/carerobot_slam_ros2/install/robot_communication/share/robot_communication/cmake/export_robot_communication__rosidl_typesupport_fastrtps_cExport-noconfig.cmake
[13.033s] -- Installing: /home/zheng/carerobot_slam_ros2/install/robot_communication/share/robot_communication/cmake/robot_communication__rosidl_typesupport_introspection_cExport.cmake
[13.033s] -- Installing: /home/zheng/carerobot_slam_ros2/install/robot_communication/share/robot_communication/cmake/robot_communication__rosidl_typesupport_introspection_cExport-noconfig.cmake
[13.033s] -- Installing: /home/zheng/carerobot_slam_ros2/install/robot_communication/share/robot_communication/cmake/robot_communication__rosidl_typesupport_cExport.cmake
[13.033s] -- Installing: /home/zheng/carerobot_slam_ros2/install/robot_communication/share/robot_communication/cmake/robot_communication__rosidl_typesupport_cExport-noconfig.cmake
[13.034s] -- Installing: /home/zheng/carerobot_slam_ros2/install/robot_communication/share/robot_communication/cmake/export_robot_communication__rosidl_generator_cppExport.cmake
[13.034s] -- Installing: /home/zheng/carerobot_slam_ros2/install/robot_communication/share/robot_communication/cmake/export_robot_communication__rosidl_typesupport_fastrtps_cppExport.cmake
[13.034s] -- Installing: /home/zheng/carerobot_slam_ros2/install/robot_communication/share/robot_communication/cmake/export_robot_communication__rosidl_typesupport_fastrtps_cppExport-noconfig.cmake
[13.034s] -- Installing: /home/zheng/carerobot_slam_ros2/install/robot_communication/share/robot_communication/cmake/robot_communication__rosidl_typesupport_introspection_cppExport.cmake
[13.034s] -- Installing: /home/zheng/carerobot_slam_ros2/install/robot_communication/share/robot_communication/cmake/robot_communication__rosidl_typesupport_introspection_cppExport-noconfig.cmake
[13.034s] -- Installing: /home/zheng/carerobot_slam_ros2/install/robot_communication/share/robot_communication/cmake/robot_communication__rosidl_typesupport_cppExport.cmake
[13.034s] -- Installing: /home/zheng/carerobot_slam_ros2/install/robot_communication/share/robot_communication/cmake/robot_communication__rosidl_typesupport_cppExport-noconfig.cmake
[13.035s] -- Installing: /home/zheng/carerobot_slam_ros2/install/robot_communication/share/robot_communication/cmake/export_robot_communication__rosidl_generator_pyExport.cmake
[13.035s] -- Installing: /home/zheng/carerobot_slam_ros2/install/robot_communication/share/robot_communication/cmake/export_robot_communication__rosidl_generator_pyExport-noconfig.cmake
[13.035s] -- Installing: /home/zheng/carerobot_slam_ros2/install/robot_communication/share/robot_communication/cmake/rosidl_cmake-extras.cmake
[13.035s] -- Installing: /home/zheng/carerobot_slam_ros2/install/robot_communication/share/robot_communication/cmake/ament_cmake_export_dependencies-extras.cmake
[13.035s] -- Installing: /home/zheng/carerobot_slam_ros2/install/robot_communication/share/robot_communication/cmake/ament_cmake_export_include_directories-extras.cmake
[13.035s] -- Installing: /home/zheng/carerobot_slam_ros2/install/robot_communication/share/robot_communication/cmake/ament_cmake_export_libraries-extras.cmake
[13.036s] -- Installing: /home/zheng/carerobot_slam_ros2/install/robot_communication/share/robot_communication/cmake/ament_cmake_export_targets-extras.cmake
[13.036s] -- Installing: /home/zheng/carerobot_slam_ros2/install/robot_communication/share/robot_communication/cmake/rosidl_cmake_export_typesupport_targets-extras.cmake
[13.036s] -- Installing: /home/zheng/carerobot_slam_ros2/install/robot_communication/share/robot_communication/cmake/rosidl_cmake_export_typesupport_libraries-extras.cmake
[13.036s] -- Installing: /home/zheng/carerobot_slam_ros2/install/robot_communication/share/robot_communication/cmake/rosidl_cmake_aggregate_target-extras.cmake
[13.036s] -- Installing: /home/zheng/carerobot_slam_ros2/install/robot_communication/share/robot_communication/cmake/robot_communicationConfig.cmake
[13.036s] -- Installing: /home/zheng/carerobot_slam_ros2/install/robot_communication/share/robot_communication/cmake/robot_communicationConfig-version.cmake
[13.036s] -- Installing: /home/zheng/carerobot_slam_ros2/install/robot_communication/share/robot_communication/package.xml
[13.039s] Invoked command in '/home/zheng/carerobot_slam_ros2/build/robot_communication' returned '0': CMAKE_PREFIX_PATH=/opt/ros/humble /usr/bin/cmake --install /home/zheng/carerobot_slam_ros2/build/robot_communication
