[0.017s] Invoking command in '/home/zheng/carerobot_slam_ros2/build/diff_drive_gazebo': CMAKE_PREFIX_PATH=${CMAKE_PREFIX_PATH}:/opt/ros/humble /usr/bin/cmake /home/zheng/carerobot_slam_ros2/src/diff_drive_gazebo -DCMAKE_INSTALL_PREFIX=/home/zheng/carerobot_slam_ros2/install/diff_drive_gazebo
[0.139s] -- The C compiler identification is GNU 11.4.0
[0.236s] -- The CXX compiler identification is GNU 11.4.0
[0.246s] -- Detecting C compiler ABI info
[0.372s] -- Detecting C compiler ABI info - done
[0.385s] -- Check for working C compiler: /usr/bin/cc - skipped
[0.386s] -- Detecting C compile features
[0.387s] -- Detecting C compile features - done
[0.395s] -- Detecting CXX compiler ABI info
[0.515s] -- Detecting CXX compiler ABI info - done
[0.532s] -- Check for working CXX compiler: /usr/bin/c++ - skipped
[0.533s] -- Detecting CXX compile features
[0.534s] -- Detecting CXX compile features - done
[0.537s] -- Found ament_cmake: 1.3.14 (/opt/ros/humble/share/ament_cmake/cmake)
[0.778s] -- Found Python3: /usr/bin/python3 (found version "3.10.12") found components: Interpreter 
[0.935s] -- Found rclcpp: 16.0.19 (/opt/ros/humble/share/rclcpp/cmake)
[0.988s] -- Found rosidl_generator_c: 3.1.9 (/opt/ros/humble/share/rosidl_generator_c/cmake)
[0.996s] -- Found rosidl_adapter: 3.1.9 (/opt/ros/humble/share/rosidl_adapter/cmake)
[1.010s] -- Found rosidl_generator_cpp: 3.1.9 (/opt/ros/humble/share/rosidl_generator_cpp/cmake)
[1.027s] -- Using all available rosidl_typesupport_c: rosidl_typesupport_fastrtps_c;rosidl_typesupport_introspection_c
[1.056s] -- Using all available rosidl_typesupport_cpp: rosidl_typesupport_fastrtps_cpp;rosidl_typesupport_introspection_cpp
[1.129s] -- Found rmw_implementation_cmake: 6.1.3 (/opt/ros/humble/share/rmw_implementation_cmake/cmake)
[1.137s] -- Found rmw_fastrtps_cpp: 6.2.10 (/opt/ros/humble/share/rmw_fastrtps_cpp/cmake)
[1.295s] -- Found OpenSSL: /usr/lib/x86_64-linux-gnu/libcrypto.so (found version "3.0.2")  
[1.346s] -- Found FastRTPS: /opt/ros/humble/include  
[1.426s] -- Using RMW implementation 'rmw_fastrtps_cpp' as default
[1.442s] -- Looking for pthread.h
[1.562s] -- Looking for pthread.h - found
[1.563s] -- Performing Test CMAKE_HAVE_LIBC_PTHREAD
[1.802s] -- Performing Test CMAKE_HAVE_LIBC_PTHREAD - Success
[1.806s] -- Found Threads: TRUE  
[1.970s] -- Found geometry_msgs: 4.9.2 (/opt/ros/humble/share/geometry_msgs/cmake)
[2.018s] -- Found nav_msgs: 4.9.2 (/opt/ros/humble/share/nav_msgs/cmake)
[2.067s] -- Found sensor_msgs: 4.9.2 (/opt/ros/humble/share/sensor_msgs/cmake)
[2.107s] -- Found tf2: 0.25.22 (/opt/ros/humble/share/tf2/cmake)
[2.127s] -- Found tf2_ros: 0.25.22 (/opt/ros/humble/share/tf2_ros/cmake)
[2.366s] -- Found urdf: 2.6.1 (/opt/ros/humble/share/urdf/cmake)
[2.457s] -- Found xacro: 2.1.1 (/opt/ros/humble/share/xacro/cmake)
[2.580s] -- Configuring done
[2.591s] -- Generating done
[2.597s] -- Build files have been written to: /home/zheng/carerobot_slam_ros2/build/diff_drive_gazebo
[2.619s] Invoked command in '/home/zheng/carerobot_slam_ros2/build/diff_drive_gazebo' returned '0': CMAKE_PREFIX_PATH=${CMAKE_PREFIX_PATH}:/opt/ros/humble /usr/bin/cmake /home/zheng/carerobot_slam_ros2/src/diff_drive_gazebo -DCMAKE_INSTALL_PREFIX=/home/zheng/carerobot_slam_ros2/install/diff_drive_gazebo
[2.619s] Invoking command in '/home/zheng/carerobot_slam_ros2/build/diff_drive_gazebo': CMAKE_PREFIX_PATH=${CMAKE_PREFIX_PATH}:/opt/ros/humble /usr/bin/cmake --build /home/zheng/carerobot_slam_ros2/build/diff_drive_gazebo -- -j8 -l8
[2.702s] Invoked command in '/home/zheng/carerobot_slam_ros2/build/diff_drive_gazebo' returned '0': CMAKE_PREFIX_PATH=${CMAKE_PREFIX_PATH}:/opt/ros/humble /usr/bin/cmake --build /home/zheng/carerobot_slam_ros2/build/diff_drive_gazebo -- -j8 -l8
[2.710s] Invoking command in '/home/zheng/carerobot_slam_ros2/build/diff_drive_gazebo': CMAKE_PREFIX_PATH=${CMAKE_PREFIX_PATH}:/opt/ros/humble /usr/bin/cmake --install /home/zheng/carerobot_slam_ros2/build/diff_drive_gazebo
[2.718s] -- Install configuration: ""
[2.719s] -- Installing: /home/zheng/carerobot_slam_ros2/install/diff_drive_gazebo/share/diff_drive_gazebo/launch
[2.720s] -- Installing: /home/zheng/carerobot_slam_ros2/install/diff_drive_gazebo/share/diff_drive_gazebo/launch/sim_gazebo_rviz_gamapping.launch
[2.734s] -- Installing: /home/zheng/carerobot_slam_ros2/install/diff_drive_gazebo/share/diff_drive_gazebo/launch/sim_gazebo_rviz.launch.py
[2.735s] -- Installing: /home/zheng/carerobot_slam_ros2/install/diff_drive_gazebo/share/diff_drive_gazebo/urdf
[2.736s] -- Installing: /home/zheng/carerobot_slam_ros2/install/diff_drive_gazebo/share/diff_drive_gazebo/urdf/robot2.urdf
[2.748s] -- Installing: /home/zheng/carerobot_slam_ros2/install/diff_drive_gazebo/share/diff_drive_gazebo/meshes
[2.749s] -- Installing: /home/zheng/carerobot_slam_ros2/install/diff_drive_gazebo/share/diff_drive_gazebo/meshes/wheel2.STL
[2.749s] -- Installing: /home/zheng/carerobot_slam_ros2/install/diff_drive_gazebo/share/diff_drive_gazebo/meshes/wheel1.STL
[2.749s] -- Installing: /home/zheng/carerobot_slam_ros2/install/diff_drive_gazebo/share/diff_drive_gazebo/meshes/base_link.STL
[2.791s] -- Installing: /home/zheng/carerobot_slam_ros2/install/diff_drive_gazebo/share/diff_drive_gazebo/worlds
[2.794s] -- Installing: /home/zheng/carerobot_slam_ros2/install/diff_drive_gazebo/share/diff_drive_gazebo/worlds/test_world01.world
[2.800s] -- Installing: /home/zheng/carerobot_slam_ros2/install/diff_drive_gazebo/share/diff_drive_gazebo/worlds/big_house.world
[2.802s] -- Installing: /home/zheng/carerobot_slam_ros2/install/diff_drive_gazebo/share/diff_drive_gazebo/worlds/Realworld.dae
[2.810s] -- Installing: /home/zheng/carerobot_slam_ros2/install/diff_drive_gazebo/share/diff_drive_gazebo/worlds/tri_steer.world
[2.810s] -- Installing: /home/zheng/carerobot_slam_ros2/install/diff_drive_gazebo/share/diff_drive_gazebo/worlds/kexueguan205.world
[2.822s] -- Installing: /home/zheng/carerobot_slam_ros2/install/diff_drive_gazebo/share/diff_drive_gazebo/map
[2.822s] -- Installing: /home/zheng/carerobot_slam_ros2/install/diff_drive_gazebo/share/diff_drive_gazebo/map/kexueguan205.pgm
[2.835s] -- Installing: /home/zheng/carerobot_slam_ros2/install/diff_drive_gazebo/share/diff_drive_gazebo/map/carto_mapf.pgm
[2.835s] -- Installing: /home/zheng/carerobot_slam_ros2/install/diff_drive_gazebo/share/diff_drive_gazebo/map/carto_map.pgm
[2.836s] -- Installing: /home/zheng/carerobot_slam_ros2/install/diff_drive_gazebo/share/diff_drive_gazebo/map/big_house.pgm
[2.877s] -- Installing: /home/zheng/carerobot_slam_ros2/install/diff_drive_gazebo/share/diff_drive_gazebo/map/carto_mapf.yaml
[2.877s] -- Installing: /home/zheng/carerobot_slam_ros2/install/diff_drive_gazebo/share/diff_drive_gazebo/map/kexueguan205.yaml
[2.878s] -- Installing: /home/zheng/carerobot_slam_ros2/install/diff_drive_gazebo/share/diff_drive_gazebo/map/carto_mape.pgm
[2.903s] -- Installing: /home/zheng/carerobot_slam_ros2/install/diff_drive_gazebo/share/diff_drive_gazebo/map/test_world01.yaml
[2.905s] -- Installing: /home/zheng/carerobot_slam_ros2/install/diff_drive_gazebo/share/diff_drive_gazebo/map/carto_mapc.yaml
[2.906s] -- Installing: /home/zheng/carerobot_slam_ros2/install/diff_drive_gazebo/share/diff_drive_gazebo/map/carto_mapb.pgm
[2.906s] -- Installing: /home/zheng/carerobot_slam_ros2/install/diff_drive_gazebo/share/diff_drive_gazebo/map/carto_mape.yaml
[2.906s] -- Installing: /home/zheng/carerobot_slam_ros2/install/diff_drive_gazebo/share/diff_drive_gazebo/map/carto_mapc.pgm
[2.907s] -- Installing: /home/zheng/carerobot_slam_ros2/install/diff_drive_gazebo/share/diff_drive_gazebo/map/big_house.yaml
[2.907s] -- Installing: /home/zheng/carerobot_slam_ros2/install/diff_drive_gazebo/share/diff_drive_gazebo/map/test_world01.pgm
[2.925s] -- Installing: /home/zheng/carerobot_slam_ros2/install/diff_drive_gazebo/share/diff_drive_gazebo/map/carto_map.yaml
[2.925s] -- Installing: /home/zheng/carerobot_slam_ros2/install/diff_drive_gazebo/share/diff_drive_gazebo/map/carto_mapb.yaml
[2.925s] -- Installing: /home/zheng/carerobot_slam_ros2/install/diff_drive_gazebo/share/diff_drive_gazebo/rviz
[2.925s] -- Installing: /home/zheng/carerobot_slam_ros2/install/diff_drive_gazebo/share/diff_drive_gazebo/rviz/diff_drive.rviz
[2.926s] -- Installing: /home/zheng/carerobot_slam_ros2/install/diff_drive_gazebo/share/ament_index/resource_index/package_run_dependencies/diff_drive_gazebo
[2.926s] -- Installing: /home/zheng/carerobot_slam_ros2/install/diff_drive_gazebo/share/ament_index/resource_index/parent_prefix_path/diff_drive_gazebo
[2.926s] -- Installing: /home/zheng/carerobot_slam_ros2/install/diff_drive_gazebo/share/diff_drive_gazebo/environment/ament_prefix_path.sh
[2.926s] -- Installing: /home/zheng/carerobot_slam_ros2/install/diff_drive_gazebo/share/diff_drive_gazebo/environment/ament_prefix_path.dsv
[2.927s] -- Installing: /home/zheng/carerobot_slam_ros2/install/diff_drive_gazebo/share/diff_drive_gazebo/environment/path.sh
[2.927s] -- Installing: /home/zheng/carerobot_slam_ros2/install/diff_drive_gazebo/share/diff_drive_gazebo/environment/path.dsv
[2.927s] -- Installing: /home/zheng/carerobot_slam_ros2/install/diff_drive_gazebo/share/diff_drive_gazebo/local_setup.bash
[2.933s] -- Installing: /home/zheng/carerobot_slam_ros2/install/diff_drive_gazebo/share/diff_drive_gazebo/local_setup.sh
[2.934s] -- Installing: /home/zheng/carerobot_slam_ros2/install/diff_drive_gazebo/share/diff_drive_gazebo/local_setup.zsh
[2.937s] -- Installing: /home/zheng/carerobot_slam_ros2/install/diff_drive_gazebo/share/diff_drive_gazebo/local_setup.dsv
[2.937s] -- Installing: /home/zheng/carerobot_slam_ros2/install/diff_drive_gazebo/share/diff_drive_gazebo/package.dsv
[2.937s] -- Installing: /home/zheng/carerobot_slam_ros2/install/diff_drive_gazebo/share/ament_index/resource_index/packages/diff_drive_gazebo
[2.938s] -- Installing: /home/zheng/carerobot_slam_ros2/install/diff_drive_gazebo/share/diff_drive_gazebo/cmake/diff_drive_gazeboConfig.cmake
[2.938s] -- Installing: /home/zheng/carerobot_slam_ros2/install/diff_drive_gazebo/share/diff_drive_gazebo/cmake/diff_drive_gazeboConfig-version.cmake
[2.938s] -- Installing: /home/zheng/carerobot_slam_ros2/install/diff_drive_gazebo/share/diff_drive_gazebo/package.xml
[2.938s] Invoked command in '/home/zheng/carerobot_slam_ros2/build/diff_drive_gazebo' returned '0': CMAKE_PREFIX_PATH=${CMAKE_PREFIX_PATH}:/opt/ros/humble /usr/bin/cmake --install /home/zheng/carerobot_slam_ros2/build/diff_drive_gazebo
