[0.366s] Invoking command in '/home/zheng/carerobot_slam_ros2/build/openslam_gmapping': CMAKE_PREFIX_PATH=${CMAKE_PREFIX_PATH}:/opt/ros/humble /usr/bin/cmake --build /home/zheng/carerobot_slam_ros2/build/openslam_gmapping -- -j8 -l8
[1.351s] [ 13%] Built target utils
[1.403s] [ 27%] Built target sensor_base
[1.436s] [ 40%] Built target sensor_range
[1.464s] [ 63%] Built target scanmatcher
[1.553s] [ 77%] Built target sensor_odometry
[1.554s] [100%] Built target gridfastslam
[1.618s] Invoked command in '/home/zheng/carerobot_slam_ros2/build/openslam_gmapping' returned '0': CMAKE_PREFIX_PATH=${CMAKE_PREFIX_PATH}:/opt/ros/humble /usr/bin/cmake --build /home/zheng/carerobot_slam_ros2/build/openslam_gmapping -- -j8 -l8
[1.620s] Invoking command in '/home/zheng/carerobot_slam_ros2/build/openslam_gmapping': CMAKE_PREFIX_PATH=${CMAKE_PREFIX_PATH}:/opt/ros/humble /usr/bin/cmake --install /home/zheng/carerobot_slam_ros2/build/openslam_gmapping
[1.631s] -- Install configuration: ""
[1.631s] -- Up-to-date: /home/zheng/carerobot_slam_ros2/install/openslam_gmapping/share/openslam_gmapping/environment/library_path.sh
[1.631s] -- Up-to-date: /home/zheng/carerobot_slam_ros2/install/openslam_gmapping/share/openslam_gmapping/environment/library_path.dsv
[1.631s] -- Up-to-date: /home/zheng/carerobot_slam_ros2/install/openslam_gmapping/include/
[1.631s] -- Up-to-date: /home/zheng/carerobot_slam_ros2/install/openslam_gmapping/include//gmapping
[1.632s] -- Up-to-date: /home/zheng/carerobot_slam_ros2/install/openslam_gmapping/include//gmapping/utils
[1.632s] -- Up-to-date: /home/zheng/carerobot_slam_ros2/install/openslam_gmapping/include//gmapping/utils/gvalues.h
[1.632s] -- Up-to-date: /home/zheng/carerobot_slam_ros2/install/openslam_gmapping/include//gmapping/utils/stat.h
[1.632s] -- Up-to-date: /home/zheng/carerobot_slam_ros2/install/openslam_gmapping/include//gmapping/utils/macro_params.h
[1.632s] -- Up-to-date: /home/zheng/carerobot_slam_ros2/install/openslam_gmapping/include//gmapping/utils/autoptr.h
[1.633s] -- Up-to-date: /home/zheng/carerobot_slam_ros2/install/openslam_gmapping/include//gmapping/utils/commandline.h
[1.633s] -- Up-to-date: /home/zheng/carerobot_slam_ros2/install/openslam_gmapping/include//gmapping/utils/point.h
[1.633s] -- Up-to-date: /home/zheng/carerobot_slam_ros2/install/openslam_gmapping/include//gmapping/sensor
[1.633s] -- Up-to-date: /home/zheng/carerobot_slam_ros2/install/openslam_gmapping/include//gmapping/sensor/sensor_odometry
[1.633s] -- Up-to-date: /home/zheng/carerobot_slam_ros2/install/openslam_gmapping/include//gmapping/sensor/sensor_odometry/odometrysensor.h
[1.633s] -- Up-to-date: /home/zheng/carerobot_slam_ros2/install/openslam_gmapping/include//gmapping/sensor/sensor_odometry/odometryreading.h
[1.633s] -- Up-to-date: /home/zheng/carerobot_slam_ros2/install/openslam_gmapping/include//gmapping/sensor/sensor_base
[1.633s] -- Up-to-date: /home/zheng/carerobot_slam_ros2/install/openslam_gmapping/include//gmapping/sensor/sensor_base/sensorreading.h
[1.633s] -- Up-to-date: /home/zheng/carerobot_slam_ros2/install/openslam_gmapping/include//gmapping/sensor/sensor_base/sensor.h
[1.634s] -- Up-to-date: /home/zheng/carerobot_slam_ros2/install/openslam_gmapping/include//gmapping/sensor/sensor_range
[1.634s] -- Up-to-date: /home/zheng/carerobot_slam_ros2/install/openslam_gmapping/include//gmapping/sensor/sensor_range/rangesensor.h
[1.634s] -- Up-to-date: /home/zheng/carerobot_slam_ros2/install/openslam_gmapping/include//gmapping/sensor/sensor_range/rangereading.h
[1.634s] -- Up-to-date: /home/zheng/carerobot_slam_ros2/install/openslam_gmapping/include//gmapping/gridfastslam
[1.634s] -- Up-to-date: /home/zheng/carerobot_slam_ros2/install/openslam_gmapping/include//gmapping/gridfastslam/gridslamprocessor.hxx
[1.634s] -- Up-to-date: /home/zheng/carerobot_slam_ros2/install/openslam_gmapping/include//gmapping/gridfastslam/motionmodel.h
[1.634s] -- Up-to-date: /home/zheng/carerobot_slam_ros2/install/openslam_gmapping/include//gmapping/gridfastslam/gridslamprocessor.h
[1.634s] -- Up-to-date: /home/zheng/carerobot_slam_ros2/install/openslam_gmapping/include//gmapping/particlefilter
[1.634s] -- Up-to-date: /home/zheng/carerobot_slam_ros2/install/openslam_gmapping/include//gmapping/particlefilter/particlefilter.h
[1.635s] -- Up-to-date: /home/zheng/carerobot_slam_ros2/install/openslam_gmapping/include//gmapping/grid
[1.635s] -- Up-to-date: /home/zheng/carerobot_slam_ros2/install/openslam_gmapping/include//gmapping/grid/array2d.h
[1.635s] -- Up-to-date: /home/zheng/carerobot_slam_ros2/install/openslam_gmapping/include//gmapping/grid/accessstate.h
[1.635s] -- Up-to-date: /home/zheng/carerobot_slam_ros2/install/openslam_gmapping/include//gmapping/grid/map.h
[1.635s] -- Up-to-date: /home/zheng/carerobot_slam_ros2/install/openslam_gmapping/include//gmapping/grid/harray2d.h
[1.635s] -- Up-to-date: /home/zheng/carerobot_slam_ros2/install/openslam_gmapping/include//gmapping/scanmatcher
[1.635s] -- Up-to-date: /home/zheng/carerobot_slam_ros2/install/openslam_gmapping/include//gmapping/scanmatcher/scanmatcher.h
[1.635s] -- Up-to-date: /home/zheng/carerobot_slam_ros2/install/openslam_gmapping/include//gmapping/scanmatcher/icp.h
[1.636s] -- Up-to-date: /home/zheng/carerobot_slam_ros2/install/openslam_gmapping/include//gmapping/scanmatcher/smmap.h
[1.636s] -- Up-to-date: /home/zheng/carerobot_slam_ros2/install/openslam_gmapping/include//gmapping/log
[1.636s] -- Up-to-date: /home/zheng/carerobot_slam_ros2/install/openslam_gmapping/include//gmapping/log/sensorlog.h
[1.636s] -- Up-to-date: /home/zheng/carerobot_slam_ros2/install/openslam_gmapping/include//gmapping/log/configuration.h
[1.636s] -- Up-to-date: /home/zheng/carerobot_slam_ros2/install/openslam_gmapping/share/ament_index/resource_index/package_run_dependencies/openslam_gmapping
[1.636s] -- Up-to-date: /home/zheng/carerobot_slam_ros2/install/openslam_gmapping/share/ament_index/resource_index/parent_prefix_path/openslam_gmapping
[1.636s] -- Up-to-date: /home/zheng/carerobot_slam_ros2/install/openslam_gmapping/share/openslam_gmapping/environment/ament_prefix_path.sh
[1.636s] -- Up-to-date: /home/zheng/carerobot_slam_ros2/install/openslam_gmapping/share/openslam_gmapping/environment/ament_prefix_path.dsv
[1.636s] -- Up-to-date: /home/zheng/carerobot_slam_ros2/install/openslam_gmapping/share/openslam_gmapping/environment/path.sh
[1.637s] -- Up-to-date: /home/zheng/carerobot_slam_ros2/install/openslam_gmapping/share/openslam_gmapping/environment/path.dsv
[1.637s] -- Up-to-date: /home/zheng/carerobot_slam_ros2/install/openslam_gmapping/share/openslam_gmapping/local_setup.bash
[1.637s] -- Up-to-date: /home/zheng/carerobot_slam_ros2/install/openslam_gmapping/share/openslam_gmapping/local_setup.sh
[1.637s] -- Up-to-date: /home/zheng/carerobot_slam_ros2/install/openslam_gmapping/share/openslam_gmapping/local_setup.zsh
[1.637s] -- Up-to-date: /home/zheng/carerobot_slam_ros2/install/openslam_gmapping/share/openslam_gmapping/local_setup.dsv
[1.637s] -- Installing: /home/zheng/carerobot_slam_ros2/install/openslam_gmapping/share/openslam_gmapping/package.dsv
[1.692s] -- Up-to-date: /home/zheng/carerobot_slam_ros2/install/openslam_gmapping/share/ament_index/resource_index/packages/openslam_gmapping
[1.692s] -- Up-to-date: /home/zheng/carerobot_slam_ros2/install/openslam_gmapping/share/openslam_gmapping/cmake/ament_cmake_export_libraries-extras.cmake
[1.692s] -- Up-to-date: /home/zheng/carerobot_slam_ros2/install/openslam_gmapping/share/openslam_gmapping/cmake/ament_cmake_export_include_directories-extras.cmake
[1.692s] -- Up-to-date: /home/zheng/carerobot_slam_ros2/install/openslam_gmapping/share/openslam_gmapping/cmake/openslam_gmappingConfig.cmake
[1.692s] -- Up-to-date: /home/zheng/carerobot_slam_ros2/install/openslam_gmapping/share/openslam_gmapping/cmake/openslam_gmappingConfig-version.cmake
[1.692s] -- Up-to-date: /home/zheng/carerobot_slam_ros2/install/openslam_gmapping/share/openslam_gmapping/package.xml
[1.695s] -- Up-to-date: /home/zheng/carerobot_slam_ros2/install/openslam_gmapping/lib/libgridfastslam.a
[1.706s] -- Up-to-date: /home/zheng/carerobot_slam_ros2/install/openslam_gmapping/lib/libscanmatcher.a
[1.712s] -- Up-to-date: /home/zheng/carerobot_slam_ros2/install/openslam_gmapping/share/openslam_gmapping/environment/library_path.sh
[1.712s] -- Up-to-date: /home/zheng/carerobot_slam_ros2/install/openslam_gmapping/share/openslam_gmapping/environment/library_path.dsv
[1.713s] -- Up-to-date: /home/zheng/carerobot_slam_ros2/install/openslam_gmapping/lib/libsensor_base.a
[1.713s] -- Up-to-date: /home/zheng/carerobot_slam_ros2/install/openslam_gmapping/share/openslam_gmapping/environment/library_path.sh
[1.713s] -- Up-to-date: /home/zheng/carerobot_slam_ros2/install/openslam_gmapping/share/openslam_gmapping/environment/library_path.dsv
[1.713s] -- Up-to-date: /home/zheng/carerobot_slam_ros2/install/openslam_gmapping/lib/libsensor_odometry.a
[1.714s] -- Up-to-date: /home/zheng/carerobot_slam_ros2/install/openslam_gmapping/lib/libsensor_range.a
[1.714s] -- Up-to-date: /home/zheng/carerobot_slam_ros2/install/openslam_gmapping/lib/libutils.a
[1.714s] -- Up-to-date: /home/zheng/carerobot_slam_ros2/install/openslam_gmapping/share/openslam_gmapping/environment/library_path.sh
[1.714s] -- Up-to-date: /home/zheng/carerobot_slam_ros2/install/openslam_gmapping/share/openslam_gmapping/environment/library_path.dsv
[2.484s] Invoked command in '/home/zheng/carerobot_slam_ros2/build/openslam_gmapping' returned '0': CMAKE_PREFIX_PATH=${CMAKE_PREFIX_PATH}:/opt/ros/humble /usr/bin/cmake --install /home/zheng/carerobot_slam_ros2/build/openslam_gmapping
