[0.013s] Invoking command in '/home/zheng/carerobot_slam_ros2/build/slam_gmapping': CMAKE_PREFIX_PATH=/home/zheng/carerobot_slam_ros2/install/openslam_gmapping:/home/zheng/carerobot_slam_ros2/install/slam_gmapping:/home/zheng/carerobot_slam_ros2/install/robot_pid_local_planner:/home/zheng/carerobot_slam_ros2/install/robot_navigation:/home/zheng/carerobot_slam_ros2/install/robot_costmap:/home/zheng/carerobot_slam_ros2/install/robot_communication:/home/zheng/carerobot_slam_ros2/install/keyboard_control:/home/zheng/carerobot_slam_ros2/install/diff_drive_gazebo:/opt/ros/humble /usr/bin/cmake --build /home/zheng/carerobot_slam_ros2/build/slam_gmapping -- -j8 -l8
[0.092s] [100%] Built target slam_gmapping
[0.109s] Invoked command in '/home/zheng/carerobot_slam_ros2/build/slam_gmapping' returned '0': CMAKE_PREFIX_PATH=/home/zheng/carerobot_slam_ros2/install/openslam_gmapping:/home/zheng/carerobot_slam_ros2/install/slam_gmapping:/home/zheng/carerobot_slam_ros2/install/robot_pid_local_planner:/home/zheng/carerobot_slam_ros2/install/robot_navigation:/home/zheng/carerobot_slam_ros2/install/robot_costmap:/home/zheng/carerobot_slam_ros2/install/robot_communication:/home/zheng/carerobot_slam_ros2/install/keyboard_control:/home/zheng/carerobot_slam_ros2/install/diff_drive_gazebo:/opt/ros/humble /usr/bin/cmake --build /home/zheng/carerobot_slam_ros2/build/slam_gmapping -- -j8 -l8
[0.110s] Invoking command in '/home/zheng/carerobot_slam_ros2/build/slam_gmapping': CMAKE_PREFIX_PATH=/home/zheng/carerobot_slam_ros2/install/openslam_gmapping:/home/zheng/carerobot_slam_ros2/install/slam_gmapping:/home/zheng/carerobot_slam_ros2/install/robot_pid_local_planner:/home/zheng/carerobot_slam_ros2/install/robot_navigation:/home/zheng/carerobot_slam_ros2/install/robot_costmap:/home/zheng/carerobot_slam_ros2/install/robot_communication:/home/zheng/carerobot_slam_ros2/install/keyboard_control:/home/zheng/carerobot_slam_ros2/install/diff_drive_gazebo:/opt/ros/humble /usr/bin/cmake --install /home/zheng/carerobot_slam_ros2/build/slam_gmapping
[0.121s] -- Install configuration: ""
[0.121s] -- Up-to-date: /home/zheng/carerobot_slam_ros2/install/slam_gmapping/lib/slam_gmapping/slam_gmapping
[0.121s] -- Up-to-date: /home/zheng/carerobot_slam_ros2/install/slam_gmapping/share/slam_gmapping/launch
[0.121s] -- Up-to-date: /home/zheng/carerobot_slam_ros2/install/slam_gmapping/share/slam_gmapping/launch/map_save.launch.py
[0.121s] -- Up-to-date: /home/zheng/carerobot_slam_ros2/install/slam_gmapping/share/slam_gmapping/launch/slam_gmapping.launch.py
[0.122s] -- Up-to-date: /home/zheng/carerobot_slam_ros2/install/slam_gmapping/share/ament_index/resource_index/package_run_dependencies/slam_gmapping
[0.122s] -- Up-to-date: /home/zheng/carerobot_slam_ros2/install/slam_gmapping/share/ament_index/resource_index/parent_prefix_path/slam_gmapping
[0.122s] -- Up-to-date: /home/zheng/carerobot_slam_ros2/install/slam_gmapping/share/slam_gmapping/environment/ament_prefix_path.sh
[0.122s] -- Up-to-date: /home/zheng/carerobot_slam_ros2/install/slam_gmapping/share/slam_gmapping/environment/ament_prefix_path.dsv
[0.122s] -- Up-to-date: /home/zheng/carerobot_slam_ros2/install/slam_gmapping/share/slam_gmapping/environment/path.sh
[0.122s] -- Up-to-date: /home/zheng/carerobot_slam_ros2/install/slam_gmapping/share/slam_gmapping/environment/path.dsv
[0.122s] -- Up-to-date: /home/zheng/carerobot_slam_ros2/install/slam_gmapping/share/slam_gmapping/local_setup.bash
[0.122s] -- Up-to-date: /home/zheng/carerobot_slam_ros2/install/slam_gmapping/share/slam_gmapping/local_setup.sh
[0.122s] -- Up-to-date: /home/zheng/carerobot_slam_ros2/install/slam_gmapping/share/slam_gmapping/local_setup.zsh
[0.122s] -- Up-to-date: /home/zheng/carerobot_slam_ros2/install/slam_gmapping/share/slam_gmapping/local_setup.dsv
[0.122s] -- Installing: /home/zheng/carerobot_slam_ros2/install/slam_gmapping/share/slam_gmapping/package.dsv
[0.122s] -- Up-to-date: /home/zheng/carerobot_slam_ros2/install/slam_gmapping/share/ament_index/resource_index/packages/slam_gmapping
[0.122s] -- Up-to-date: /home/zheng/carerobot_slam_ros2/install/slam_gmapping/share/slam_gmapping/cmake/slam_gmappingConfig.cmake
[0.122s] -- Up-to-date: /home/zheng/carerobot_slam_ros2/install/slam_gmapping/share/slam_gmapping/cmake/slam_gmappingConfig-version.cmake
[0.122s] -- Up-to-date: /home/zheng/carerobot_slam_ros2/install/slam_gmapping/share/slam_gmapping/package.xml
[0.125s] Invoked command in '/home/zheng/carerobot_slam_ros2/build/slam_gmapping' returned '0': CMAKE_PREFIX_PATH=/home/zheng/carerobot_slam_ros2/install/openslam_gmapping:/home/zheng/carerobot_slam_ros2/install/slam_gmapping:/home/zheng/carerobot_slam_ros2/install/robot_pid_local_planner:/home/zheng/carerobot_slam_ros2/install/robot_navigation:/home/zheng/carerobot_slam_ros2/install/robot_costmap:/home/zheng/carerobot_slam_ros2/install/robot_communication:/home/zheng/carerobot_slam_ros2/install/keyboard_control:/home/zheng/carerobot_slam_ros2/install/diff_drive_gazebo:/opt/ros/humble /usr/bin/cmake --install /home/zheng/carerobot_slam_ros2/build/slam_gmapping
