[0.205s] Invoking command in '/home/zheng/carerobot_slam_ros2/build/explore_lite': CMAKE_PREFIX_PATH=/opt/ros/humble /usr/bin/cmake --build /home/zheng/carerobot_slam_ros2/build/explore_lite -- -j8 -l8
[1.315s] [35m[1mConsolidate compiler generated dependencies of target explore[0m
[1.617s] [100%] Built target explore
[2.255s] Invoked command in '/home/zheng/carerobot_slam_ros2/build/explore_lite' returned '0': CMAKE_PREFIX_PATH=/opt/ros/humble /usr/bin/cmake --build /home/zheng/carerobot_slam_ros2/build/explore_lite -- -j8 -l8
[2.272s] Invoking command in '/home/zheng/carerobot_slam_ros2/build/explore_lite': CMAKE_PREFIX_PATH=/opt/ros/humble /usr/bin/cmake --install /home/zheng/carerobot_slam_ros2/build/explore_lite
[2.281s] -- Install configuration: ""
[2.483s] -- Up-to-date: /home/zheng/carerobot_slam_ros2/install/explore_lite/lib/explore_lite/explore
[2.484s] -- Up-to-date: /home/zheng/carerobot_slam_ros2/install/explore_lite/share/explore_lite/launch
[2.484s] -- Up-to-date: /home/zheng/carerobot_slam_ros2/install/explore_lite/share/explore_lite/launch/explore.launch.py
[2.484s] -- Up-to-date: /home/zheng/carerobot_slam_ros2/install/explore_lite/share/explore_lite/launch/explore_costmap.launch
[2.484s] -- Up-to-date: /home/zheng/carerobot_slam_ros2/install/explore_lite/share/ament_index/resource_index/package_run_dependencies/explore_lite
[2.484s] -- Up-to-date: /home/zheng/carerobot_slam_ros2/install/explore_lite/share/ament_index/resource_index/parent_prefix_path/explore_lite
[2.484s] -- Up-to-date: /home/zheng/carerobot_slam_ros2/install/explore_lite/share/explore_lite/environment/ament_prefix_path.sh
[2.485s] -- Up-to-date: /home/zheng/carerobot_slam_ros2/install/explore_lite/share/explore_lite/environment/ament_prefix_path.dsv
[2.485s] -- Up-to-date: /home/zheng/carerobot_slam_ros2/install/explore_lite/share/explore_lite/environment/path.sh
[2.485s] -- Up-to-date: /home/zheng/carerobot_slam_ros2/install/explore_lite/share/explore_lite/environment/path.dsv
[2.485s] -- Up-to-date: /home/zheng/carerobot_slam_ros2/install/explore_lite/share/explore_lite/local_setup.bash
[2.485s] -- Up-to-date: /home/zheng/carerobot_slam_ros2/install/explore_lite/share/explore_lite/local_setup.sh
[2.485s] -- Up-to-date: /home/zheng/carerobot_slam_ros2/install/explore_lite/share/explore_lite/local_setup.zsh
[2.485s] -- Up-to-date: /home/zheng/carerobot_slam_ros2/install/explore_lite/share/explore_lite/local_setup.dsv
[2.485s] -- Installing: /home/zheng/carerobot_slam_ros2/install/explore_lite/share/explore_lite/package.dsv
[2.493s] -- Up-to-date: /home/zheng/carerobot_slam_ros2/install/explore_lite/share/ament_index/resource_index/packages/explore_lite
[2.493s] -- Up-to-date: /home/zheng/carerobot_slam_ros2/install/explore_lite/share/explore_lite/cmake/explore_liteConfig.cmake
[2.493s] -- Up-to-date: /home/zheng/carerobot_slam_ros2/install/explore_lite/share/explore_lite/cmake/explore_liteConfig-version.cmake
[2.493s] -- Up-to-date: /home/zheng/carerobot_slam_ros2/install/explore_lite/share/explore_lite/package.xml
[2.495s] Invoked command in '/home/zheng/carerobot_slam_ros2/build/explore_lite' returned '0': CMAKE_PREFIX_PATH=/opt/ros/humble /usr/bin/cmake --install /home/zheng/carerobot_slam_ros2/build/explore_lite
