[35m[1mConsolidate compiler generated dependencies of target Differential_DWA_node[0m
[35m[1mConsolidate compiler generated dependencies of target motionPlan_node[0m
[  2%] [32mBuilding CXX object CMakeFiles/Differential_DWA_node.dir/src/local_plan/differential_dwa.cpp.o[0m
[  4%] [32mBuilding CXX object CMakeFiles/Differential_DWA_node.dir/src/nodes/differential_DWA_node.cpp.o[0m
[  7%] [32mBuilding CXX object CMakeFiles/Differential_DWA_node.dir/src/motionPlan/motionPlan.cpp.o[0m
[  9%] [32mBuilding CXX object CMakeFiles/motionPlan_node.dir/src/local_plan/differential_dwa.cpp.o[0m
[ 11%] [32mBuilding CXX object CMakeFiles/motionPlan_node.dir/src/motionPlan/motionPlan.cpp.o[0m
[ 14%] [32m[1mLinking CXX executable motionPlan_node[0m
[ 16%] [32m[1mLinking CXX executable Differential_DWA_node[0m
[ 59%] Built target motionPlan_node
[100%] Built target Differential_DWA_node
-- Install configuration: "Release"
-- Installing: /home/zheng/carerobot_slam_ros2/install/robot_navigation/lib/robot_navigation/motionPlan_node
-- Set runtime path of "/home/zheng/carerobot_slam_ros2/install/robot_navigation/lib/robot_navigation/motionPlan_node" to ""
-- Installing: /home/zheng/carerobot_slam_ros2/install/robot_navigation/lib/robot_navigation/Differential_DWA_node
-- Set runtime path of "/home/zheng/carerobot_slam_ros2/install/robot_navigation/lib/robot_navigation/Differential_DWA_node" to ""
-- Up-to-date: /home/zheng/carerobot_slam_ros2/install/robot_navigation/include/
-- Up-to-date: /home/zheng/carerobot_slam_ros2/install/robot_navigation/include//vel_transform
-- Installing: /home/zheng/carerobot_slam_ros2/install/robot_navigation/include//vel_transform/vel_transform.h
-- Up-to-date: /home/zheng/carerobot_slam_ros2/install/robot_navigation/include//path_searcher
-- Installing: /home/zheng/carerobot_slam_ros2/install/robot_navigation/include//path_searcher/node.h
-- Installing: /home/zheng/carerobot_slam_ros2/install/robot_navigation/include//path_searcher/Hybrid_astar.h
-- Installing: /home/zheng/carerobot_slam_ros2/install/robot_navigation/include//path_searcher/nav_app.h
-- Installing: /home/zheng/carerobot_slam_ros2/install/robot_navigation/include//path_searcher/Astar_searcher.h
-- Installing: /home/zheng/carerobot_slam_ros2/install/robot_navigation/include//path_searcher/JPS_searcher.h
-- Installing: /home/zheng/carerobot_slam_ros2/install/robot_navigation/include//path_searcher/two_way_rrt.h
-- Installing: /home/zheng/carerobot_slam_ros2/install/robot_navigation/include//path_searcher/JPS_utils.h
-- Up-to-date: /home/zheng/carerobot_slam_ros2/install/robot_navigation/include//motionPlan
-- Installing: /home/zheng/carerobot_slam_ros2/install/robot_navigation/include//motionPlan/motionPlan.h
-- Up-to-date: /home/zheng/carerobot_slam_ros2/install/robot_navigation/include//utility
-- Installing: /home/zheng/carerobot_slam_ros2/install/robot_navigation/include//utility/type.h
-- Installing: /home/zheng/carerobot_slam_ros2/install/robot_navigation/include//utility/math_function.h
-- Up-to-date: /home/zheng/carerobot_slam_ros2/install/robot_navigation/include//math_tools
-- Installing: /home/zheng/carerobot_slam_ros2/install/robot_navigation/include//math_tools/filter.h
-- Installing: /home/zheng/carerobot_slam_ros2/install/robot_navigation/include//math_tools/curve_fitting.h
-- Up-to-date: /home/zheng/carerobot_slam_ros2/install/robot_navigation/include//path_optimization
-- Installing: /home/zheng/carerobot_slam_ros2/install/robot_navigation/include//path_optimization/fast_security.h
-- Installing: /home/zheng/carerobot_slam_ros2/install/robot_navigation/include//path_optimization/minimum_snap.h
-- Installing: /home/zheng/carerobot_slam_ros2/install/robot_navigation/include//path_optimization/bspline_optimizer.h
-- Installing: /home/zheng/carerobot_slam_ros2/install/robot_navigation/include//path_optimization/bezier_curve.h
-- Installing: /home/zheng/carerobot_slam_ros2/install/robot_navigation/include//path_optimization/corridor_optimizer.h
-- Installing: /home/zheng/carerobot_slam_ros2/install/robot_navigation/include//path_optimization/non_uniform_bspline.h
-- Installing: /home/zheng/carerobot_slam_ros2/install/robot_navigation/include//path_optimization/BSpline.h
-- Up-to-date: /home/zheng/carerobot_slam_ros2/install/robot_navigation/include//path_follow
-- Installing: /home/zheng/carerobot_slam_ros2/install/robot_navigation/include//path_follow/pid_follow.h
-- Up-to-date: /home/zheng/carerobot_slam_ros2/install/robot_navigation/include//local_plan
-- Up-to-date: /home/zheng/carerobot_slam_ros2/install/robot_navigation/include//local_plan/differential_dwa.h
-- Up-to-date: /home/zheng/carerobot_slam_ros2/install/robot_navigation/share/robot_navigation/config
-- Up-to-date: /home/zheng/carerobot_slam_ros2/install/robot_navigation/share/robot_navigation/config/dwa_param.yaml
-- Installing: /home/zheng/carerobot_slam_ros2/install/robot_navigation/share/robot_navigation/config/pid_param.yaml
-- Up-to-date: /home/zheng/carerobot_slam_ros2/install/robot_navigation/share/robot_navigation/launch
-- Up-to-date: /home/zheng/carerobot_slam_ros2/install/robot_navigation/share/robot_navigation/launch/differential_dwa.launch.py
-- Up-to-date: /home/zheng/carerobot_slam_ros2/install/robot_navigation/share/robot_navigation/launch/motionPlan.launch.py
-- Installing: /home/zheng/carerobot_slam_ros2/install/robot_navigation/share/ament_index/resource_index/package_run_dependencies/robot_navigation
-- Installing: /home/zheng/carerobot_slam_ros2/install/robot_navigation/share/ament_index/resource_index/parent_prefix_path/robot_navigation
-- Installing: /home/zheng/carerobot_slam_ros2/install/robot_navigation/share/robot_navigation/environment/ament_prefix_path.sh
-- Installing: /home/zheng/carerobot_slam_ros2/install/robot_navigation/share/robot_navigation/environment/ament_prefix_path.dsv
-- Installing: /home/zheng/carerobot_slam_ros2/install/robot_navigation/share/robot_navigation/environment/path.sh
-- Installing: /home/zheng/carerobot_slam_ros2/install/robot_navigation/share/robot_navigation/environment/path.dsv
-- Installing: /home/zheng/carerobot_slam_ros2/install/robot_navigation/share/robot_navigation/local_setup.bash
-- Installing: /home/zheng/carerobot_slam_ros2/install/robot_navigation/share/robot_navigation/local_setup.sh
-- Installing: /home/zheng/carerobot_slam_ros2/install/robot_navigation/share/robot_navigation/local_setup.zsh
-- Installing: /home/zheng/carerobot_slam_ros2/install/robot_navigation/share/robot_navigation/local_setup.dsv
-- Installing: /home/zheng/carerobot_slam_ros2/install/robot_navigation/share/robot_navigation/package.dsv
-- Installing: /home/zheng/carerobot_slam_ros2/install/robot_navigation/share/ament_index/resource_index/packages/robot_navigation
-- Installing: /home/zheng/carerobot_slam_ros2/install/robot_navigation/share/robot_navigation/cmake/robot_navigationConfig.cmake
-- Installing: /home/zheng/carerobot_slam_ros2/install/robot_navigation/share/robot_navigation/cmake/robot_navigationConfig-version.cmake
-- Installing: /home/zheng/carerobot_slam_ros2/install/robot_navigation/share/robot_navigation/package.xml
