[35m[1mConsolidate compiler generated dependencies of target merger_node[0m
[100%] Built target merger_node
-- Install configuration: ""
-- Up-to-date: /home/zheng/carerobot_slam_ros2/install/read_laser_data/lib/read_laser_data/merger_node
-- Up-to-date: /home/zheng/carerobot_slam_ros2/install/read_laser_data/share/read_laser_data/launch
-- Up-to-date: /home/zheng/carerobot_slam_ros2/install/read_laser_data/share/read_laser_data/launch/sacn_merge.launch.py
-- Up-to-date: /home/zheng/carerobot_slam_ros2/install/read_laser_data/share/ament_index/resource_index/package_run_dependencies/read_laser_data
-- Up-to-date: /home/zheng/carerobot_slam_ros2/install/read_laser_data/share/ament_index/resource_index/parent_prefix_path/read_laser_data
-- Up-to-date: /home/zheng/carerobot_slam_ros2/install/read_laser_data/share/read_laser_data/environment/ament_prefix_path.sh
-- Up-to-date: /home/zheng/carerobot_slam_ros2/install/read_laser_data/share/read_laser_data/environment/ament_prefix_path.dsv
-- Up-to-date: /home/zheng/carerobot_slam_ros2/install/read_laser_data/share/read_laser_data/environment/path.sh
-- Up-to-date: /home/zheng/carerobot_slam_ros2/install/read_laser_data/share/read_laser_data/environment/path.dsv
-- Up-to-date: /home/zheng/carerobot_slam_ros2/install/read_laser_data/share/read_laser_data/local_setup.bash
-- Up-to-date: /home/zheng/carerobot_slam_ros2/install/read_laser_data/share/read_laser_data/local_setup.sh
-- Up-to-date: /home/zheng/carerobot_slam_ros2/install/read_laser_data/share/read_laser_data/local_setup.zsh
-- Up-to-date: /home/zheng/carerobot_slam_ros2/install/read_laser_data/share/read_laser_data/local_setup.dsv
-- Installing: /home/zheng/carerobot_slam_ros2/install/read_laser_data/share/read_laser_data/package.dsv
-- Up-to-date: /home/zheng/carerobot_slam_ros2/install/read_laser_data/share/ament_index/resource_index/packages/read_laser_data
-- Up-to-date: /home/zheng/carerobot_slam_ros2/install/read_laser_data/share/read_laser_data/cmake/read_laser_dataConfig.cmake
-- Up-to-date: /home/zheng/carerobot_slam_ros2/install/read_laser_data/share/read_laser_data/cmake/read_laser_dataConfig-version.cmake
-- Up-to-date: /home/zheng/carerobot_slam_ros2/install/read_laser_data/share/read_laser_data/package.xml
