[0.035s] Invoking command in '/home/zheng/carerobot_slam_ros2/build/explore_lite': CMAKE_PREFIX_PATH=/opt/ros/humble /usr/bin/cmake --build /home/zheng/carerobot_slam_ros2/build/explore_lite -- -j8 -l8
[0.181s] [100%] Built target explore
[0.285s] Invoked command in '/home/zheng/carerobot_slam_ros2/build/explore_lite' returned '0': CMAKE_PREFIX_PATH=/opt/ros/humble /usr/bin/cmake --build /home/zheng/carerobot_slam_ros2/build/explore_lite -- -j8 -l8
[0.286s] Invoking command in '/home/zheng/carerobot_slam_ros2/build/explore_lite': CMAKE_PREFIX_PATH=/opt/ros/humble /usr/bin/cmake --install /home/zheng/carerobot_slam_ros2/build/explore_lite
[0.323s] -- Install configuration: ""
[0.325s] -- Up-to-date: /home/zheng/carerobot_slam_ros2/install/explore_lite/lib/explore_lite/explore
[0.325s] -- Up-to-date: /home/zheng/carerobot_slam_ros2/install/explore_lite/share/explore_lite/launch
[0.325s] -- Up-to-date: /home/zheng/carerobot_slam_ros2/install/explore_lite/share/explore_lite/launch/explore.launch.py
[0.325s] -- Up-to-date: /home/zheng/carerobot_slam_ros2/install/explore_lite/share/explore_lite/launch/explore_costmap.launch
[0.325s] -- Up-to-date: /home/zheng/carerobot_slam_ros2/install/explore_lite/share/ament_index/resource_index/package_run_dependencies/explore_lite
[0.325s] -- Up-to-date: /home/zheng/carerobot_slam_ros2/install/explore_lite/share/ament_index/resource_index/parent_prefix_path/explore_lite
[0.326s] -- Up-to-date: /home/zheng/carerobot_slam_ros2/install/explore_lite/share/explore_lite/environment/ament_prefix_path.sh
[0.326s] -- Up-to-date: /home/zheng/carerobot_slam_ros2/install/explore_lite/share/explore_lite/environment/ament_prefix_path.dsv
[0.326s] -- Up-to-date: /home/zheng/carerobot_slam_ros2/install/explore_lite/share/explore_lite/environment/path.sh
[0.327s] -- Up-to-date: /home/zheng/carerobot_slam_ros2/install/explore_lite/share/explore_lite/environment/path.dsv
[0.327s] -- Up-to-date: /home/zheng/carerobot_slam_ros2/install/explore_lite/share/explore_lite/local_setup.bash
[0.328s] -- Up-to-date: /home/zheng/carerobot_slam_ros2/install/explore_lite/share/explore_lite/local_setup.sh
[0.328s] -- Up-to-date: /home/zheng/carerobot_slam_ros2/install/explore_lite/share/explore_lite/local_setup.zsh
[0.328s] -- Up-to-date: /home/zheng/carerobot_slam_ros2/install/explore_lite/share/explore_lite/local_setup.dsv
[0.329s] -- Installing: /home/zheng/carerobot_slam_ros2/install/explore_lite/share/explore_lite/package.dsv
[0.329s] -- Up-to-date: /home/zheng/carerobot_slam_ros2/install/explore_lite/share/ament_index/resource_index/packages/explore_lite
[0.329s] -- Up-to-date: /home/zheng/carerobot_slam_ros2/install/explore_lite/share/explore_lite/cmake/explore_liteConfig.cmake
[0.329s] -- Up-to-date: /home/zheng/carerobot_slam_ros2/install/explore_lite/share/explore_lite/cmake/explore_liteConfig-version.cmake
[0.330s] -- Up-to-date: /home/zheng/carerobot_slam_ros2/install/explore_lite/share/explore_lite/package.xml
[0.347s] Invoked command in '/home/zheng/carerobot_slam_ros2/build/explore_lite' returned '0': CMAKE_PREFIX_PATH=/opt/ros/humble /usr/bin/cmake --install /home/zheng/carerobot_slam_ros2/build/explore_lite
