[0.012s] Invoking command in '/home/zheng/carerobot_slam_ros2/build/diff_drive_gazebo': CMAKE_PREFIX_PATH=/opt/ros/humble /usr/bin/cmake /home/zheng/carerobot_slam_ros2/src/diff_drive_gazebo -DCMAKE_INSTALL_PREFIX=/home/zheng/carerobot_slam_ros2/install/diff_drive_gazebo
[0.177s] -- The C compiler identification is GNU 11.4.0
[0.283s] -- The CXX compiler identification is GNU 11.4.0
[0.295s] -- Detecting C compiler ABI info
[0.437s] -- Detecting C compiler ABI info - done
[0.454s] -- Check for working C compiler: /usr/bin/cc - skipped
[0.455s] -- Detecting C compile features
[0.458s] -- Detecting C compile features - done
[0.461s] -- Detecting CXX compiler ABI info
[0.571s] -- Detecting CXX compiler ABI info - done
[0.590s] -- Check for working CXX compiler: /usr/bin/c++ - skipped
[0.591s] -- Detecting CXX compile features
[0.591s] -- Detecting CXX compile features - done
[0.595s] -- Found ament_cmake: 1.3.14 (/opt/ros/humble/share/ament_cmake/cmake)
[0.809s] -- Found Python3: /usr/bin/python3 (found version "3.10.12") found components: Interpreter 
[0.946s] -- Found rclcpp: 16.0.19 (/opt/ros/humble/share/rclcpp/cmake)
[1.053s] -- Found rosidl_generator_c: 3.1.9 (/opt/ros/humble/share/rosidl_generator_c/cmake)
[1.060s] -- Found rosidl_adapter: 3.1.9 (/opt/ros/humble/share/rosidl_adapter/cmake)
[1.075s] -- Found rosidl_generator_cpp: 3.1.9 (/opt/ros/humble/share/rosidl_generator_cpp/cmake)
[1.088s] -- Using all available rosidl_typesupport_c: rosidl_typesupport_fastrtps_c;rosidl_typesupport_introspection_c
[1.114s] -- Using all available rosidl_typesupport_cpp: rosidl_typesupport_fastrtps_cpp;rosidl_typesupport_introspection_cpp
[1.260s] -- Found rmw_implementation_cmake: 6.1.3 (/opt/ros/humble/share/rmw_implementation_cmake/cmake)
[1.276s] -- Found rmw_fastrtps_cpp: 6.2.10 (/opt/ros/humble/share/rmw_fastrtps_cpp/cmake)
[1.578s] -- Found OpenSSL: /usr/lib/x86_64-linux-gnu/libcrypto.so (found version "3.0.2")  
[1.649s] -- Found FastRTPS: /opt/ros/humble/include  
[1.708s] -- Using RMW implementation 'rmw_fastrtps_cpp' as default
[1.780s] -- Looking for pthread.h
[1.928s] -- Looking for pthread.h - found
[1.929s] -- Performing Test CMAKE_HAVE_LIBC_PTHREAD
[2.120s] -- Performing Test CMAKE_HAVE_LIBC_PTHREAD - Success
[2.121s] -- Found Threads: TRUE  
[2.326s] -- Found geometry_msgs: 4.9.2 (/opt/ros/humble/share/geometry_msgs/cmake)
[2.353s] -- Found nav_msgs: 4.9.2 (/opt/ros/humble/share/nav_msgs/cmake)
[2.400s] -- Found sensor_msgs: 4.9.2 (/opt/ros/humble/share/sensor_msgs/cmake)
[2.497s] -- Found tf2: 0.25.22 (/opt/ros/humble/share/tf2/cmake)
[2.589s] -- Found tf2_ros: 0.25.22 (/opt/ros/humble/share/tf2_ros/cmake)
[2.878s] -- Found urdf: 2.6.1 (/opt/ros/humble/share/urdf/cmake)
[2.991s] -- Found xacro: 2.1.1 (/opt/ros/humble/share/xacro/cmake)
[3.088s] -- Configuring done
[3.096s] -- Generating done
[3.098s] -- Build files have been written to: /home/zheng/carerobot_slam_ros2/build/diff_drive_gazebo
[3.111s] Invoked command in '/home/zheng/carerobot_slam_ros2/build/diff_drive_gazebo' returned '0': CMAKE_PREFIX_PATH=/opt/ros/humble /usr/bin/cmake /home/zheng/carerobot_slam_ros2/src/diff_drive_gazebo -DCMAKE_INSTALL_PREFIX=/home/zheng/carerobot_slam_ros2/install/diff_drive_gazebo
[3.113s] Invoking command in '/home/zheng/carerobot_slam_ros2/build/diff_drive_gazebo': CMAKE_PREFIX_PATH=/opt/ros/humble /usr/bin/cmake --build /home/zheng/carerobot_slam_ros2/build/diff_drive_gazebo -- -j8 -l8
[3.162s] Invoked command in '/home/zheng/carerobot_slam_ros2/build/diff_drive_gazebo' returned '0': CMAKE_PREFIX_PATH=/opt/ros/humble /usr/bin/cmake --build /home/zheng/carerobot_slam_ros2/build/diff_drive_gazebo -- -j8 -l8
[3.164s] Invoking command in '/home/zheng/carerobot_slam_ros2/build/diff_drive_gazebo': CMAKE_PREFIX_PATH=/opt/ros/humble /usr/bin/cmake --install /home/zheng/carerobot_slam_ros2/build/diff_drive_gazebo
[3.171s] -- Install configuration: ""
[3.171s] -- Installing: /home/zheng/carerobot_slam_ros2/install/diff_drive_gazebo/share/diff_drive_gazebo/launch
[3.172s] -- Installing: /home/zheng/carerobot_slam_ros2/install/diff_drive_gazebo/share/diff_drive_gazebo/launch/sim_gazebo_rviz_gamapping.launch
[3.172s] -- Installing: /home/zheng/carerobot_slam_ros2/install/diff_drive_gazebo/share/diff_drive_gazebo/launch/sim_gazebo_rviz.launch.py
[3.172s] -- Installing: /home/zheng/carerobot_slam_ros2/install/diff_drive_gazebo/share/diff_drive_gazebo/urdf
[3.172s] -- Installing: /home/zheng/carerobot_slam_ros2/install/diff_drive_gazebo/share/diff_drive_gazebo/urdf/robot2.urdf
[3.172s] -- Installing: /home/zheng/carerobot_slam_ros2/install/diff_drive_gazebo/share/diff_drive_gazebo/meshes
[3.172s] -- Installing: /home/zheng/carerobot_slam_ros2/install/diff_drive_gazebo/share/diff_drive_gazebo/meshes/wheel2.STL
[3.173s] -- Installing: /home/zheng/carerobot_slam_ros2/install/diff_drive_gazebo/share/diff_drive_gazebo/meshes/wheel1.STL
[3.173s] -- Installing: /home/zheng/carerobot_slam_ros2/install/diff_drive_gazebo/share/diff_drive_gazebo/meshes/base_link.STL
[3.197s] -- Installing: /home/zheng/carerobot_slam_ros2/install/diff_drive_gazebo/share/diff_drive_gazebo/worlds
[3.198s] -- Installing: /home/zheng/carerobot_slam_ros2/install/diff_drive_gazebo/share/diff_drive_gazebo/worlds/test_world01.world
[3.198s] -- Installing: /home/zheng/carerobot_slam_ros2/install/diff_drive_gazebo/share/diff_drive_gazebo/worlds/big_house.world
[3.198s] -- Installing: /home/zheng/carerobot_slam_ros2/install/diff_drive_gazebo/share/diff_drive_gazebo/worlds/Realworld.dae
[3.198s] -- Installing: /home/zheng/carerobot_slam_ros2/install/diff_drive_gazebo/share/diff_drive_gazebo/worlds/tri_steer.world
[3.198s] -- Installing: /home/zheng/carerobot_slam_ros2/install/diff_drive_gazebo/share/diff_drive_gazebo/worlds/kexueguan205.world
[3.199s] -- Installing: /home/zheng/carerobot_slam_ros2/install/diff_drive_gazebo/share/diff_drive_gazebo/map
[3.199s] -- Installing: /home/zheng/carerobot_slam_ros2/install/diff_drive_gazebo/share/diff_drive_gazebo/map/kexueguan205.pgm
[3.199s] -- Installing: /home/zheng/carerobot_slam_ros2/install/diff_drive_gazebo/share/diff_drive_gazebo/map/carto_mapf.pgm
[3.199s] -- Installing: /home/zheng/carerobot_slam_ros2/install/diff_drive_gazebo/share/diff_drive_gazebo/map/carto_map.pgm
[3.200s] -- Installing: /home/zheng/carerobot_slam_ros2/install/diff_drive_gazebo/share/diff_drive_gazebo/map/big_house.pgm
[3.203s] -- Installing: /home/zheng/carerobot_slam_ros2/install/diff_drive_gazebo/share/diff_drive_gazebo/map/carto_mapf.yaml
[3.203s] -- Installing: /home/zheng/carerobot_slam_ros2/install/diff_drive_gazebo/share/diff_drive_gazebo/map/kexueguan205.yaml
[3.203s] -- Installing: /home/zheng/carerobot_slam_ros2/install/diff_drive_gazebo/share/diff_drive_gazebo/map/carto_mape.pgm
[3.203s] -- Installing: /home/zheng/carerobot_slam_ros2/install/diff_drive_gazebo/share/diff_drive_gazebo/map/test_world01.yaml
[3.204s] -- Installing: /home/zheng/carerobot_slam_ros2/install/diff_drive_gazebo/share/diff_drive_gazebo/map/carto_mapc.yaml
[3.204s] -- Installing: /home/zheng/carerobot_slam_ros2/install/diff_drive_gazebo/share/diff_drive_gazebo/map/carto_mapb.pgm
[3.204s] -- Installing: /home/zheng/carerobot_slam_ros2/install/diff_drive_gazebo/share/diff_drive_gazebo/map/carto_mape.yaml
[3.204s] -- Installing: /home/zheng/carerobot_slam_ros2/install/diff_drive_gazebo/share/diff_drive_gazebo/map/carto_mapc.pgm
[3.204s] -- Installing: /home/zheng/carerobot_slam_ros2/install/diff_drive_gazebo/share/diff_drive_gazebo/map/big_house.yaml
[3.204s] -- Installing: /home/zheng/carerobot_slam_ros2/install/diff_drive_gazebo/share/diff_drive_gazebo/map/test_world01.pgm
[3.205s] -- Installing: /home/zheng/carerobot_slam_ros2/install/diff_drive_gazebo/share/diff_drive_gazebo/map/carto_map.yaml
[3.206s] -- Installing: /home/zheng/carerobot_slam_ros2/install/diff_drive_gazebo/share/diff_drive_gazebo/map/carto_mapb.yaml
[3.206s] -- Installing: /home/zheng/carerobot_slam_ros2/install/diff_drive_gazebo/share/diff_drive_gazebo/rviz
[3.206s] -- Installing: /home/zheng/carerobot_slam_ros2/install/diff_drive_gazebo/share/diff_drive_gazebo/rviz/diff_drive.rviz
[3.206s] -- Installing: /home/zheng/carerobot_slam_ros2/install/diff_drive_gazebo/share/ament_index/resource_index/package_run_dependencies/diff_drive_gazebo
[3.206s] -- Installing: /home/zheng/carerobot_slam_ros2/install/diff_drive_gazebo/share/ament_index/resource_index/parent_prefix_path/diff_drive_gazebo
[3.207s] -- Installing: /home/zheng/carerobot_slam_ros2/install/diff_drive_gazebo/share/diff_drive_gazebo/environment/ament_prefix_path.sh
[3.207s] -- Installing: /home/zheng/carerobot_slam_ros2/install/diff_drive_gazebo/share/diff_drive_gazebo/environment/ament_prefix_path.dsv
[3.207s] -- Installing: /home/zheng/carerobot_slam_ros2/install/diff_drive_gazebo/share/diff_drive_gazebo/environment/path.sh
[3.207s] -- Installing: /home/zheng/carerobot_slam_ros2/install/diff_drive_gazebo/share/diff_drive_gazebo/environment/path.dsv
[3.207s] -- Installing: /home/zheng/carerobot_slam_ros2/install/diff_drive_gazebo/share/diff_drive_gazebo/local_setup.bash
[3.207s] -- Installing: /home/zheng/carerobot_slam_ros2/install/diff_drive_gazebo/share/diff_drive_gazebo/local_setup.sh
[3.208s] -- Installing: /home/zheng/carerobot_slam_ros2/install/diff_drive_gazebo/share/diff_drive_gazebo/local_setup.zsh
[3.208s] -- Installing: /home/zheng/carerobot_slam_ros2/install/diff_drive_gazebo/share/diff_drive_gazebo/local_setup.dsv
[3.208s] -- Installing: /home/zheng/carerobot_slam_ros2/install/diff_drive_gazebo/share/diff_drive_gazebo/package.dsv
[3.208s] -- Installing: /home/zheng/carerobot_slam_ros2/install/diff_drive_gazebo/share/ament_index/resource_index/packages/diff_drive_gazebo
[3.208s] -- Installing: /home/zheng/carerobot_slam_ros2/install/diff_drive_gazebo/share/diff_drive_gazebo/cmake/diff_drive_gazeboConfig.cmake
[3.209s] -- Installing: /home/zheng/carerobot_slam_ros2/install/diff_drive_gazebo/share/diff_drive_gazebo/cmake/diff_drive_gazeboConfig-version.cmake
[3.209s] -- Installing: /home/zheng/carerobot_slam_ros2/install/diff_drive_gazebo/share/diff_drive_gazebo/package.xml
[3.211s] Invoked command in '/home/zheng/carerobot_slam_ros2/build/diff_drive_gazebo' returned '0': CMAKE_PREFIX_PATH=/opt/ros/humble /usr/bin/cmake --install /home/zheng/carerobot_slam_ros2/build/diff_drive_gazebo
