[ 13%] Built target sensor_base
[ 27%] Built target utils
[ 40%] Built target sensor_range
[ 54%] Built target sensor_odometry
[ 77%] Built target scanmatcher
[100%] Built target gridfastslam
-- Install configuration: ""
-- Installing: /home/zheng/carerobot_slam_ros2/install/openslam_gmapping/share/openslam_gmapping/environment/library_path.sh
-- Installing: /home/zheng/carerobot_slam_ros2/install/openslam_gmapping/share/openslam_gmapping/environment/library_path.dsv
-- Up-to-date: /home/zheng/carerobot_slam_ros2/install/openslam_gmapping/include/
-- Up-to-date: /home/zheng/carerobot_slam_ros2/install/openslam_gmapping/include//gmapping
-- Up-to-date: /home/zheng/carerobot_slam_ros2/install/openslam_gmapping/include//gmapping/utils
-- Installing: /home/zheng/carerobot_slam_ros2/install/openslam_gmapping/include//gmapping/utils/gvalues.h
-- Installing: /home/zheng/carerobot_slam_ros2/install/openslam_gmapping/include//gmapping/utils/stat.h
-- Installing: /home/zheng/carerobot_slam_ros2/install/openslam_gmapping/include//gmapping/utils/macro_params.h
-- Installing: /home/zheng/carerobot_slam_ros2/install/openslam_gmapping/include//gmapping/utils/autoptr.h
-- Installing: /home/zheng/carerobot_slam_ros2/install/openslam_gmapping/include//gmapping/utils/commandline.h
-- Installing: /home/zheng/carerobot_slam_ros2/install/openslam_gmapping/include//gmapping/utils/point.h
-- Up-to-date: /home/zheng/carerobot_slam_ros2/install/openslam_gmapping/include//gmapping/sensor
-- Up-to-date: /home/zheng/carerobot_slam_ros2/install/openslam_gmapping/include//gmapping/sensor/sensor_odometry
-- Installing: /home/zheng/carerobot_slam_ros2/install/openslam_gmapping/include//gmapping/sensor/sensor_odometry/odometrysensor.h
-- Installing: /home/zheng/carerobot_slam_ros2/install/openslam_gmapping/include//gmapping/sensor/sensor_odometry/odometryreading.h
-- Up-to-date: /home/zheng/carerobot_slam_ros2/install/openslam_gmapping/include//gmapping/sensor/sensor_base
-- Installing: /home/zheng/carerobot_slam_ros2/install/openslam_gmapping/include//gmapping/sensor/sensor_base/sensorreading.h
-- Installing: /home/zheng/carerobot_slam_ros2/install/openslam_gmapping/include//gmapping/sensor/sensor_base/sensor.h
-- Up-to-date: /home/zheng/carerobot_slam_ros2/install/openslam_gmapping/include//gmapping/sensor/sensor_range
-- Installing: /home/zheng/carerobot_slam_ros2/install/openslam_gmapping/include//gmapping/sensor/sensor_range/rangesensor.h
-- Installing: /home/zheng/carerobot_slam_ros2/install/openslam_gmapping/include//gmapping/sensor/sensor_range/rangereading.h
-- Up-to-date: /home/zheng/carerobot_slam_ros2/install/openslam_gmapping/include//gmapping/gridfastslam
-- Installing: /home/zheng/carerobot_slam_ros2/install/openslam_gmapping/include//gmapping/gridfastslam/gridslamprocessor.hxx
-- Installing: /home/zheng/carerobot_slam_ros2/install/openslam_gmapping/include//gmapping/gridfastslam/motionmodel.h
-- Installing: /home/zheng/carerobot_slam_ros2/install/openslam_gmapping/include//gmapping/gridfastslam/gridslamprocessor.h
-- Up-to-date: /home/zheng/carerobot_slam_ros2/install/openslam_gmapping/include//gmapping/particlefilter
-- Installing: /home/zheng/carerobot_slam_ros2/install/openslam_gmapping/include//gmapping/particlefilter/particlefilter.h
-- Up-to-date: /home/zheng/carerobot_slam_ros2/install/openslam_gmapping/include//gmapping/grid
-- Installing: /home/zheng/carerobot_slam_ros2/install/openslam_gmapping/include//gmapping/grid/array2d.h
-- Installing: /home/zheng/carerobot_slam_ros2/install/openslam_gmapping/include//gmapping/grid/accessstate.h
-- Installing: /home/zheng/carerobot_slam_ros2/install/openslam_gmapping/include//gmapping/grid/map.h
-- Installing: /home/zheng/carerobot_slam_ros2/install/openslam_gmapping/include//gmapping/grid/harray2d.h
-- Up-to-date: /home/zheng/carerobot_slam_ros2/install/openslam_gmapping/include//gmapping/scanmatcher
-- Installing: /home/zheng/carerobot_slam_ros2/install/openslam_gmapping/include//gmapping/scanmatcher/scanmatcher.h
-- Installing: /home/zheng/carerobot_slam_ros2/install/openslam_gmapping/include//gmapping/scanmatcher/icp.h
-- Installing: /home/zheng/carerobot_slam_ros2/install/openslam_gmapping/include//gmapping/scanmatcher/smmap.h
-- Up-to-date: /home/zheng/carerobot_slam_ros2/install/openslam_gmapping/include//gmapping/log
-- Installing: /home/zheng/carerobot_slam_ros2/install/openslam_gmapping/include//gmapping/log/sensorlog.h
-- Installing: /home/zheng/carerobot_slam_ros2/install/openslam_gmapping/include//gmapping/log/configuration.h
-- Installing: /home/zheng/carerobot_slam_ros2/install/openslam_gmapping/share/ament_index/resource_index/package_run_dependencies/openslam_gmapping
-- Installing: /home/zheng/carerobot_slam_ros2/install/openslam_gmapping/share/ament_index/resource_index/parent_prefix_path/openslam_gmapping
-- Installing: /home/zheng/carerobot_slam_ros2/install/openslam_gmapping/share/openslam_gmapping/environment/ament_prefix_path.sh
-- Installing: /home/zheng/carerobot_slam_ros2/install/openslam_gmapping/share/openslam_gmapping/environment/ament_prefix_path.dsv
-- Installing: /home/zheng/carerobot_slam_ros2/install/openslam_gmapping/share/openslam_gmapping/environment/path.sh
-- Installing: /home/zheng/carerobot_slam_ros2/install/openslam_gmapping/share/openslam_gmapping/environment/path.dsv
-- Installing: /home/zheng/carerobot_slam_ros2/install/openslam_gmapping/share/openslam_gmapping/local_setup.bash
-- Installing: /home/zheng/carerobot_slam_ros2/install/openslam_gmapping/share/openslam_gmapping/local_setup.sh
-- Installing: /home/zheng/carerobot_slam_ros2/install/openslam_gmapping/share/openslam_gmapping/local_setup.zsh
-- Installing: /home/zheng/carerobot_slam_ros2/install/openslam_gmapping/share/openslam_gmapping/local_setup.dsv
-- Installing: /home/zheng/carerobot_slam_ros2/install/openslam_gmapping/share/openslam_gmapping/package.dsv
-- Installing: /home/zheng/carerobot_slam_ros2/install/openslam_gmapping/share/ament_index/resource_index/packages/openslam_gmapping
-- Installing: /home/zheng/carerobot_slam_ros2/install/openslam_gmapping/share/openslam_gmapping/cmake/ament_cmake_export_libraries-extras.cmake
-- Installing: /home/zheng/carerobot_slam_ros2/install/openslam_gmapping/share/openslam_gmapping/cmake/ament_cmake_export_include_directories-extras.cmake
-- Installing: /home/zheng/carerobot_slam_ros2/install/openslam_gmapping/share/openslam_gmapping/cmake/openslam_gmappingConfig.cmake
-- Installing: /home/zheng/carerobot_slam_ros2/install/openslam_gmapping/share/openslam_gmapping/cmake/openslam_gmappingConfig-version.cmake
-- Installing: /home/zheng/carerobot_slam_ros2/install/openslam_gmapping/share/openslam_gmapping/package.xml
-- Installing: /home/zheng/carerobot_slam_ros2/install/openslam_gmapping/lib/libgridfastslam.a
-- Installing: /home/zheng/carerobot_slam_ros2/install/openslam_gmapping/lib/libscanmatcher.a
-- Up-to-date: /home/zheng/carerobot_slam_ros2/install/openslam_gmapping/share/openslam_gmapping/environment/library_path.sh
-- Up-to-date: /home/zheng/carerobot_slam_ros2/install/openslam_gmapping/share/openslam_gmapping/environment/library_path.dsv
-- Installing: /home/zheng/carerobot_slam_ros2/install/openslam_gmapping/lib/libsensor_base.a
-- Up-to-date: /home/zheng/carerobot_slam_ros2/install/openslam_gmapping/share/openslam_gmapping/environment/library_path.sh
-- Up-to-date: /home/zheng/carerobot_slam_ros2/install/openslam_gmapping/share/openslam_gmapping/environment/library_path.dsv
-- Installing: /home/zheng/carerobot_slam_ros2/install/openslam_gmapping/lib/libsensor_odometry.a
-- Installing: /home/zheng/carerobot_slam_ros2/install/openslam_gmapping/lib/libsensor_range.a
-- Installing: /home/zheng/carerobot_slam_ros2/install/openslam_gmapping/lib/libutils.a
-- Up-to-date: /home/zheng/carerobot_slam_ros2/install/openslam_gmapping/share/openslam_gmapping/environment/library_path.sh
-- Up-to-date: /home/zheng/carerobot_slam_ros2/install/openslam_gmapping/share/openslam_gmapping/environment/library_path.dsv
