[0.028s] Invoking command in '/home/zheng/carerobot_slam_ros2/build/keyboard_control': CMAKE_PREFIX_PATH=${CMAKE_PREFIX_PATH}:/opt/ros/humble /usr/bin/cmake /home/zheng/carerobot_slam_ros2/src/keyboard_control -DCMAKE_INSTALL_PREFIX=/home/zheng/carerobot_slam_ros2/install/keyboard_control
[0.444s] -- The C compiler identification is GNU 11.4.0
[0.538s] -- The CXX compiler identification is GNU 11.4.0
[0.554s] -- Detecting C compiler ABI info
[0.700s] -- Detecting C compiler ABI info - done
[0.716s] -- Check for working C compiler: /usr/bin/cc - skipped
[0.717s] -- Detecting C compile features
[0.727s] -- Detecting C compile features - done
[0.735s] -- Detecting CXX compiler ABI info
[0.830s] -- Detecting CXX compiler ABI info - done
[0.841s] -- Check for working CXX compiler: /usr/bin/c++ - skipped
[0.842s] -- Detecting CXX compile features
[0.843s] -- Detecting CXX compile features - done
[0.893s] -- Found ament_cmake: 1.3.14 (/opt/ros/humble/share/ament_cmake/cmake)
[1.111s] -- Found Python3: /usr/bin/python3 (found version "3.10.12") found components: Interpreter 
[1.279s] -- Found rclcpp: 16.0.19 (/opt/ros/humble/share/rclcpp/cmake)
[1.553s] -- Found rosidl_generator_c: 3.1.9 (/opt/ros/humble/share/rosidl_generator_c/cmake)
[1.580s] -- Found rosidl_adapter: 3.1.9 (/opt/ros/humble/share/rosidl_adapter/cmake)
[1.620s] -- Found rosidl_generator_cpp: 3.1.9 (/opt/ros/humble/share/rosidl_generator_cpp/cmake)
[1.686s] -- Using all available rosidl_typesupport_c: rosidl_typesupport_fastrtps_c;rosidl_typesupport_introspection_c
[1.720s] -- Using all available rosidl_typesupport_cpp: rosidl_typesupport_fastrtps_cpp;rosidl_typesupport_introspection_cpp
[1.881s] -- Found rmw_implementation_cmake: 6.1.3 (/opt/ros/humble/share/rmw_implementation_cmake/cmake)
[1.887s] -- Found rmw_fastrtps_cpp: 6.2.10 (/opt/ros/humble/share/rmw_fastrtps_cpp/cmake)
[2.151s] -- Found OpenSSL: /usr/lib/x86_64-linux-gnu/libcrypto.so (found version "3.0.2")  
[2.185s] -- Found FastRTPS: /opt/ros/humble/include  
[2.234s] -- Using RMW implementation 'rmw_fastrtps_cpp' as default
[2.328s] -- Looking for pthread.h
[2.418s] -- Looking for pthread.h - found
[2.419s] -- Performing Test CMAKE_HAVE_LIBC_PTHREAD
[2.508s] -- Performing Test CMAKE_HAVE_LIBC_PTHREAD - Success
[2.509s] -- Found Threads: TRUE  
[2.655s] -- Found geometry_msgs: 4.9.2 (/opt/ros/humble/share/geometry_msgs/cmake)
[2.762s] -- Configuring done
[2.770s] -- Generating done
[2.774s] -- Build files have been written to: /home/zheng/carerobot_slam_ros2/build/keyboard_control
[2.782s] Invoked command in '/home/zheng/carerobot_slam_ros2/build/keyboard_control' returned '0': CMAKE_PREFIX_PATH=${CMAKE_PREFIX_PATH}:/opt/ros/humble /usr/bin/cmake /home/zheng/carerobot_slam_ros2/src/keyboard_control -DCMAKE_INSTALL_PREFIX=/home/zheng/carerobot_slam_ros2/install/keyboard_control
[2.783s] Invoking command in '/home/zheng/carerobot_slam_ros2/build/keyboard_control': CMAKE_PREFIX_PATH=${CMAKE_PREFIX_PATH}:/opt/ros/humble /usr/bin/cmake --build /home/zheng/carerobot_slam_ros2/build/keyboard_control -- -j8 -l8
[2.835s] [ 50%] [32mBuilding CXX object CMakeFiles/keyboard_control.dir/src/keyboard_control.cpp.o[0m
[6.873s] [100%] [32m[1mLinking CXX executable keyboard_control[0m
[7.068s] [100%] Built target keyboard_control
[7.079s] Invoked command in '/home/zheng/carerobot_slam_ros2/build/keyboard_control' returned '0': CMAKE_PREFIX_PATH=${CMAKE_PREFIX_PATH}:/opt/ros/humble /usr/bin/cmake --build /home/zheng/carerobot_slam_ros2/build/keyboard_control -- -j8 -l8
[7.081s] Invoking command in '/home/zheng/carerobot_slam_ros2/build/keyboard_control': CMAKE_PREFIX_PATH=${CMAKE_PREFIX_PATH}:/opt/ros/humble /usr/bin/cmake --install /home/zheng/carerobot_slam_ros2/build/keyboard_control
[7.088s] -- Install configuration: ""
[7.088s] -- Installing: /home/zheng/carerobot_slam_ros2/install/keyboard_control/lib/keyboard_control/keyboard_control
[7.090s] -- Set runtime path of "/home/zheng/carerobot_slam_ros2/install/keyboard_control/lib/keyboard_control/keyboard_control" to ""
[7.090s] -- Installing: /home/zheng/carerobot_slam_ros2/install/keyboard_control/share/keyboard_control/launch
[7.090s] -- Installing: /home/zheng/carerobot_slam_ros2/install/keyboard_control/share/keyboard_control/launch/keyboard_control.launch.py
[7.090s] -- Installing: /home/zheng/carerobot_slam_ros2/install/keyboard_control/share/ament_index/resource_index/package_run_dependencies/keyboard_control
[7.090s] -- Installing: /home/zheng/carerobot_slam_ros2/install/keyboard_control/share/ament_index/resource_index/parent_prefix_path/keyboard_control
[7.090s] -- Installing: /home/zheng/carerobot_slam_ros2/install/keyboard_control/share/keyboard_control/environment/ament_prefix_path.sh
[7.091s] -- Installing: /home/zheng/carerobot_slam_ros2/install/keyboard_control/share/keyboard_control/environment/ament_prefix_path.dsv
[7.091s] -- Installing: /home/zheng/carerobot_slam_ros2/install/keyboard_control/share/keyboard_control/environment/path.sh
[7.091s] -- Installing: /home/zheng/carerobot_slam_ros2/install/keyboard_control/share/keyboard_control/environment/path.dsv
[7.091s] -- Installing: /home/zheng/carerobot_slam_ros2/install/keyboard_control/share/keyboard_control/local_setup.bash
[7.091s] -- Installing: /home/zheng/carerobot_slam_ros2/install/keyboard_control/share/keyboard_control/local_setup.sh
[7.091s] -- Installing: /home/zheng/carerobot_slam_ros2/install/keyboard_control/share/keyboard_control/local_setup.zsh
[7.092s] -- Installing: /home/zheng/carerobot_slam_ros2/install/keyboard_control/share/keyboard_control/local_setup.dsv
[7.092s] -- Installing: /home/zheng/carerobot_slam_ros2/install/keyboard_control/share/keyboard_control/package.dsv
[7.092s] -- Installing: /home/zheng/carerobot_slam_ros2/install/keyboard_control/share/ament_index/resource_index/packages/keyboard_control
[7.092s] -- Installing: /home/zheng/carerobot_slam_ros2/install/keyboard_control/share/keyboard_control/cmake/keyboard_controlConfig.cmake
[7.092s] -- Installing: /home/zheng/carerobot_slam_ros2/install/keyboard_control/share/keyboard_control/cmake/keyboard_controlConfig-version.cmake
[7.092s] -- Installing: /home/zheng/carerobot_slam_ros2/install/keyboard_control/share/keyboard_control/package.xml
[7.095s] Invoked command in '/home/zheng/carerobot_slam_ros2/build/keyboard_control' returned '0': CMAKE_PREFIX_PATH=${CMAKE_PREFIX_PATH}:/opt/ros/humble /usr/bin/cmake --install /home/zheng/carerobot_slam_ros2/build/keyboard_control
