[0.071s] Invoking command in '/home/zheng/carerobot_slam_ros2/build/robot_communication': CMAKE_PREFIX_PATH=/opt/ros/humble /usr/bin/cmake --build /home/zheng/carerobot_slam_ros2/build/robot_communication -- -j8 -l8
[0.457s] [  1%] Built target robot_communication__rs
[0.486s] [  2%] Built target robot_communication__cpp
[0.547s] [ 13%] Built target robot_communication__rosidl_generator_c
[0.625s] [ 13%] Built target ament_cmake_python_copy_robot_communication
[0.706s] [ 25%] Built target robot_communication__rosidl_typesupport_introspection_cpp
[0.718s] [ 36%] Built target robot_communication__rosidl_typesupport_cpp
[0.747s] [ 47%] Built target robot_communication__rosidl_typesupport_fastrtps_cpp
[0.749s] [ 58%] Built target robot_communication__rosidl_typesupport_fastrtps_c
[0.789s] [ 70%] Built target robot_communication__rosidl_typesupport_c
[0.814s] [ 81%] Built target robot_communication__rosidl_typesupport_introspection_c
[0.873s] [ 81%] Built target robot_communication
[0.932s] [ 82%] Built target robot_communication__py
[1.097s] [ 92%] Built target robot_communication__rosidl_generator_py
[1.122s] [ 95%] Built target robot_communication__rosidl_typesupport_introspection_c__pyext
[1.132s] [ 97%] Built target robot_communication__rosidl_typesupport_fastrtps_c__pyext
[1.151s] [100%] Built target robot_communication__rosidl_typesupport_c__pyext
[1.728s] running egg_info
[1.731s] writing robot_communication.egg-info/PKG-INFO
[1.734s] writing dependency_links to robot_communication.egg-info/dependency_links.txt
[1.734s] writing top-level names to robot_communication.egg-info/top_level.txt
[1.738s] reading manifest file 'robot_communication.egg-info/SOURCES.txt'
[1.740s] writing manifest file 'robot_communication.egg-info/SOURCES.txt'
[1.839s] [100%] Built target ament_cmake_python_build_robot_communication_egg
[1.882s] Invoked command in '/home/zheng/carerobot_slam_ros2/build/robot_communication' returned '0': CMAKE_PREFIX_PATH=/opt/ros/humble /usr/bin/cmake --build /home/zheng/carerobot_slam_ros2/build/robot_communication -- -j8 -l8
[1.884s] Invoking command in '/home/zheng/carerobot_slam_ros2/build/robot_communication': CMAKE_PREFIX_PATH=/opt/ros/humble /usr/bin/cmake --install /home/zheng/carerobot_slam_ros2/build/robot_communication
[1.906s] -- Install configuration: ""
[1.911s] -- Up-to-date: /home/zheng/carerobot_slam_ros2/install/robot_communication/share/ament_index/resource_index/rosidl_interfaces/robot_communication
[1.911s] -- Up-to-date: /home/zheng/carerobot_slam_ros2/install/robot_communication/include/robot_communication/robot_communication
[1.912s] -- Up-to-date: /home/zheng/carerobot_slam_ros2/install/robot_communication/include/robot_communication/robot_communication/action
[1.912s] -- Up-to-date: /home/zheng/carerobot_slam_ros2/install/robot_communication/include/robot_communication/robot_communication/action/do_dishes.h
[1.912s] -- Up-to-date: /home/zheng/carerobot_slam_ros2/install/robot_communication/include/robot_communication/robot_communication/action/detail
[1.912s] -- Up-to-date: /home/zheng/carerobot_slam_ros2/install/robot_communication/include/robot_communication/robot_communication/action/detail/do_dishes__functions.c
[1.912s] -- Up-to-date: /home/zheng/carerobot_slam_ros2/install/robot_communication/include/robot_communication/robot_communication/action/detail/do_dishes__functions.h
[1.912s] -- Up-to-date: /home/zheng/carerobot_slam_ros2/install/robot_communication/include/robot_communication/robot_communication/action/detail/do_dishes__type_support.h
[1.912s] -- Up-to-date: /home/zheng/carerobot_slam_ros2/install/robot_communication/include/robot_communication/robot_communication/action/detail/do_dishes__struct.h
[1.912s] -- Up-to-date: /home/zheng/carerobot_slam_ros2/install/robot_communication/include/robot_communication/robot_communication/msg
[1.912s] -- Up-to-date: /home/zheng/carerobot_slam_ros2/install/robot_communication/include/robot_communication/robot_communication/msg/localization_info_broadcast.h
[1.913s] -- Up-to-date: /home/zheng/carerobot_slam_ros2/install/robot_communication/include/robot_communication/robot_communication/msg/chassis_control.h
[1.913s] -- Up-to-date: /home/zheng/carerobot_slam_ros2/install/robot_communication/include/robot_communication/robot_communication/msg/goal.h
[1.913s] -- Up-to-date: /home/zheng/carerobot_slam_ros2/install/robot_communication/include/robot_communication/robot_communication/msg/bspline.h
[1.913s] -- Up-to-date: /home/zheng/carerobot_slam_ros2/install/robot_communication/include/robot_communication/robot_communication/msg/rosidl_generator_c__visibility_control.h
[1.913s] -- Up-to-date: /home/zheng/carerobot_slam_ros2/install/robot_communication/include/robot_communication/robot_communication/msg/sensor_data.h
[1.913s] -- Up-to-date: /home/zheng/carerobot_slam_ros2/install/robot_communication/include/robot_communication/robot_communication/msg/esdf_map.h
[1.913s] -- Up-to-date: /home/zheng/carerobot_slam_ros2/install/robot_communication/include/robot_communication/robot_communication/msg/detail
[1.913s] -- Up-to-date: /home/zheng/carerobot_slam_ros2/install/robot_communication/include/robot_communication/robot_communication/msg/detail/chassis_control__functions.c
[1.914s] -- Up-to-date: /home/zheng/carerobot_slam_ros2/install/robot_communication/include/robot_communication/robot_communication/msg/detail/bspline__functions.c
[1.914s] -- Up-to-date: /home/zheng/carerobot_slam_ros2/install/robot_communication/include/robot_communication/robot_communication/msg/detail/bspline__functions.h
[1.914s] -- Up-to-date: /home/zheng/carerobot_slam_ros2/install/robot_communication/include/robot_communication/robot_communication/msg/detail/chassis_control__type_support.h
[1.914s] -- Up-to-date: /home/zheng/carerobot_slam_ros2/install/robot_communication/include/robot_communication/robot_communication/msg/detail/esdf_map__functions.h
[1.914s] -- Up-to-date: /home/zheng/carerobot_slam_ros2/install/robot_communication/include/robot_communication/robot_communication/msg/detail/esdf_map__type_support.h
[1.914s] -- Up-to-date: /home/zheng/carerobot_slam_ros2/install/robot_communication/include/robot_communication/robot_communication/msg/detail/bspline__struct.h
[1.920s] -- Up-to-date: /home/zheng/carerobot_slam_ros2/install/robot_communication/include/robot_communication/robot_communication/msg/detail/sensor_data__functions.h
[1.927s] -- Up-to-date: /home/zheng/carerobot_slam_ros2/install/robot_communication/include/robot_communication/robot_communication/msg/detail/esdf_map__struct.h
[1.928s] -- Up-to-date: /home/zheng/carerobot_slam_ros2/install/robot_communication/include/robot_communication/robot_communication/msg/detail/sensor_data__functions.c
[1.929s] -- Up-to-date: /home/zheng/carerobot_slam_ros2/install/robot_communication/include/robot_communication/robot_communication/msg/detail/localization_info_broadcast__type_support.h
[1.930s] -- Up-to-date: /home/zheng/carerobot_slam_ros2/install/robot_communication/include/robot_communication/robot_communication/msg/detail/localization_info_broadcast__functions.h
[1.930s] -- Up-to-date: /home/zheng/carerobot_slam_ros2/install/robot_communication/include/robot_communication/robot_communication/msg/detail/chassis_control__functions.h
[1.931s] -- Up-to-date: /home/zheng/carerobot_slam_ros2/install/robot_communication/include/robot_communication/robot_communication/msg/detail/goal__functions.h
[1.931s] -- Up-to-date: /home/zheng/carerobot_slam_ros2/install/robot_communication/include/robot_communication/robot_communication/msg/detail/goal__type_support.h
[1.931s] -- Up-to-date: /home/zheng/carerobot_slam_ros2/install/robot_communication/include/robot_communication/robot_communication/msg/detail/sensor_data__type_support.h
[1.931s] -- Up-to-date: /home/zheng/carerobot_slam_ros2/install/robot_communication/include/robot_communication/robot_communication/msg/detail/localization_info_broadcast__functions.c
[1.931s] -- Up-to-date: /home/zheng/carerobot_slam_ros2/install/robot_communication/include/robot_communication/robot_communication/msg/detail/esdf_map__functions.c
[1.932s] -- Up-to-date: /home/zheng/carerobot_slam_ros2/install/robot_communication/include/robot_communication/robot_communication/msg/detail/bspline__type_support.h
[1.933s] -- Up-to-date: /home/zheng/carerobot_slam_ros2/install/robot_communication/include/robot_communication/robot_communication/msg/detail/sensor_data__struct.h
[1.933s] -- Up-to-date: /home/zheng/carerobot_slam_ros2/install/robot_communication/include/robot_communication/robot_communication/msg/detail/goal__functions.c
[1.933s] -- Up-to-date: /home/zheng/carerobot_slam_ros2/install/robot_communication/include/robot_communication/robot_communication/msg/detail/chassis_control__struct.h
[1.933s] -- Up-to-date: /home/zheng/carerobot_slam_ros2/install/robot_communication/include/robot_communication/robot_communication/msg/detail/goal__struct.h
[1.934s] -- Up-to-date: /home/zheng/carerobot_slam_ros2/install/robot_communication/include/robot_communication/robot_communication/msg/detail/localization_info_broadcast__struct.h
[1.934s] -- Up-to-date: /home/zheng/carerobot_slam_ros2/install/robot_communication/share/robot_communication/environment/library_path.sh
[1.934s] -- Up-to-date: /home/zheng/carerobot_slam_ros2/install/robot_communication/share/robot_communication/environment/library_path.dsv
[1.934s] -- Up-to-date: /home/zheng/carerobot_slam_ros2/install/robot_communication/lib/librobot_communication__rosidl_generator_c.so
[1.934s] -- Up-to-date: /home/zheng/carerobot_slam_ros2/install/robot_communication/include/robot_communication/robot_communication
[1.934s] -- Up-to-date: /home/zheng/carerobot_slam_ros2/install/robot_communication/include/robot_communication/robot_communication/action
[1.935s] -- Up-to-date: /home/zheng/carerobot_slam_ros2/install/robot_communication/include/robot_communication/robot_communication/action/detail
[1.935s] -- Up-to-date: /home/zheng/carerobot_slam_ros2/install/robot_communication/include/robot_communication/robot_communication/action/detail/do_dishes__rosidl_typesupport_fastrtps_c.h
[1.935s] -- Up-to-date: /home/zheng/carerobot_slam_ros2/install/robot_communication/include/robot_communication/robot_communication/msg
[1.935s] -- Up-to-date: /home/zheng/carerobot_slam_ros2/install/robot_communication/include/robot_communication/robot_communication/msg/rosidl_typesupport_fastrtps_c__visibility_control.h
[1.935s] -- Up-to-date: /home/zheng/carerobot_slam_ros2/install/robot_communication/include/robot_communication/robot_communication/msg/detail
[1.936s] -- Up-to-date: /home/zheng/carerobot_slam_ros2/install/robot_communication/include/robot_communication/robot_communication/msg/detail/bspline__rosidl_typesupport_fastrtps_c.h
[1.936s] -- Up-to-date: /home/zheng/carerobot_slam_ros2/install/robot_communication/include/robot_communication/robot_communication/msg/detail/esdf_map__rosidl_typesupport_fastrtps_c.h
[1.936s] -- Up-to-date: /home/zheng/carerobot_slam_ros2/install/robot_communication/include/robot_communication/robot_communication/msg/detail/localization_info_broadcast__rosidl_typesupport_fastrtps_c.h
[1.936s] -- Up-to-date: /home/zheng/carerobot_slam_ros2/install/robot_communication/include/robot_communication/robot_communication/msg/detail/sensor_data__rosidl_typesupport_fastrtps_c.h
[1.936s] -- Up-to-date: /home/zheng/carerobot_slam_ros2/install/robot_communication/include/robot_communication/robot_communication/msg/detail/goal__rosidl_typesupport_fastrtps_c.h
[1.937s] -- Up-to-date: /home/zheng/carerobot_slam_ros2/install/robot_communication/include/robot_communication/robot_communication/msg/detail/chassis_control__rosidl_typesupport_fastrtps_c.h
[1.937s] -- Up-to-date: /home/zheng/carerobot_slam_ros2/install/robot_communication/lib/librobot_communication__rosidl_typesupport_fastrtps_c.so
[1.938s] -- Up-to-date: /home/zheng/carerobot_slam_ros2/install/robot_communication/include/robot_communication/robot_communication
[1.938s] -- Up-to-date: /home/zheng/carerobot_slam_ros2/install/robot_communication/include/robot_communication/robot_communication/action
[1.938s] -- Up-to-date: /home/zheng/carerobot_slam_ros2/install/robot_communication/include/robot_communication/robot_communication/action/detail
[1.939s] -- Up-to-date: /home/zheng/carerobot_slam_ros2/install/robot_communication/include/robot_communication/robot_communication/action/detail/do_dishes__rosidl_typesupport_introspection_c.h
[1.941s] -- Up-to-date: /home/zheng/carerobot_slam_ros2/install/robot_communication/include/robot_communication/robot_communication/action/detail/do_dishes__type_support.c
[1.942s] -- Up-to-date: /home/zheng/carerobot_slam_ros2/install/robot_communication/include/robot_communication/robot_communication/msg
[1.942s] -- Up-to-date: /home/zheng/carerobot_slam_ros2/install/robot_communication/include/robot_communication/robot_communication/msg/rosidl_typesupport_introspection_c__visibility_control.h
[1.943s] -- Up-to-date: /home/zheng/carerobot_slam_ros2/install/robot_communication/include/robot_communication/robot_communication/msg/detail
[1.943s] -- Up-to-date: /home/zheng/carerobot_slam_ros2/install/robot_communication/include/robot_communication/robot_communication/msg/detail/esdf_map__rosidl_typesupport_introspection_c.h
[1.943s] -- Up-to-date: /home/zheng/carerobot_slam_ros2/install/robot_communication/include/robot_communication/robot_communication/msg/detail/bspline__type_support.c
[1.944s] -- Up-to-date: /home/zheng/carerobot_slam_ros2/install/robot_communication/include/robot_communication/robot_communication/msg/detail/bspline__rosidl_typesupport_introspection_c.h
[1.950s] -- Up-to-date: /home/zheng/carerobot_slam_ros2/install/robot_communication/include/robot_communication/robot_communication/msg/detail/chassis_control__rosidl_typesupport_introspection_c.h
[1.950s] -- Up-to-date: /home/zheng/carerobot_slam_ros2/install/robot_communication/include/robot_communication/robot_communication/msg/detail/goal__rosidl_typesupport_introspection_c.h
[1.950s] -- Up-to-date: /home/zheng/carerobot_slam_ros2/install/robot_communication/include/robot_communication/robot_communication/msg/detail/localization_info_broadcast__type_support.c
[1.951s] -- Up-to-date: /home/zheng/carerobot_slam_ros2/install/robot_communication/include/robot_communication/robot_communication/msg/detail/chassis_control__type_support.c
[1.951s] -- Up-to-date: /home/zheng/carerobot_slam_ros2/install/robot_communication/include/robot_communication/robot_communication/msg/detail/goal__type_support.c
[1.952s] -- Up-to-date: /home/zheng/carerobot_slam_ros2/install/robot_communication/include/robot_communication/robot_communication/msg/detail/sensor_data__type_support.c
[1.952s] -- Up-to-date: /home/zheng/carerobot_slam_ros2/install/robot_communication/include/robot_communication/robot_communication/msg/detail/sensor_data__rosidl_typesupport_introspection_c.h
[1.952s] -- Up-to-date: /home/zheng/carerobot_slam_ros2/install/robot_communication/include/robot_communication/robot_communication/msg/detail/esdf_map__type_support.c
[1.953s] -- Up-to-date: /home/zheng/carerobot_slam_ros2/install/robot_communication/include/robot_communication/robot_communication/msg/detail/localization_info_broadcast__rosidl_typesupport_introspection_c.h
[1.953s] -- Up-to-date: /home/zheng/carerobot_slam_ros2/install/robot_communication/lib/librobot_communication__rosidl_typesupport_introspection_c.so
[1.953s] -- Up-to-date: /home/zheng/carerobot_slam_ros2/install/robot_communication/lib/librobot_communication__rosidl_typesupport_c.so
[1.954s] -- Up-to-date: /home/zheng/carerobot_slam_ros2/install/robot_communication/include/robot_communication/robot_communication
[1.959s] -- Up-to-date: /home/zheng/carerobot_slam_ros2/install/robot_communication/include/robot_communication/robot_communication/action
[1.960s] -- Up-to-date: /home/zheng/carerobot_slam_ros2/install/robot_communication/include/robot_communication/robot_communication/action/do_dishes.hpp
[1.961s] -- Up-to-date: /home/zheng/carerobot_slam_ros2/install/robot_communication/include/robot_communication/robot_communication/action/detail
[1.961s] -- Up-to-date: /home/zheng/carerobot_slam_ros2/install/robot_communication/include/robot_communication/robot_communication/action/detail/do_dishes__type_support.hpp
[1.965s] -- Up-to-date: /home/zheng/carerobot_slam_ros2/install/robot_communication/include/robot_communication/robot_communication/action/detail/do_dishes__builder.hpp
[1.965s] -- Up-to-date: /home/zheng/carerobot_slam_ros2/install/robot_communication/include/robot_communication/robot_communication/action/detail/do_dishes__traits.hpp
[1.965s] -- Up-to-date: /home/zheng/carerobot_slam_ros2/install/robot_communication/include/robot_communication/robot_communication/action/detail/do_dishes__struct.hpp
[1.965s] -- Up-to-date: /home/zheng/carerobot_slam_ros2/install/robot_communication/include/robot_communication/robot_communication/msg
[1.965s] -- Up-to-date: /home/zheng/carerobot_slam_ros2/install/robot_communication/include/robot_communication/robot_communication/msg/bspline.hpp
[1.966s] -- Up-to-date: /home/zheng/carerobot_slam_ros2/install/robot_communication/include/robot_communication/robot_communication/msg/chassis_control.hpp
[1.967s] -- Up-to-date: /home/zheng/carerobot_slam_ros2/install/robot_communication/include/robot_communication/robot_communication/msg/sensor_data.hpp
[1.967s] -- Up-to-date: /home/zheng/carerobot_slam_ros2/install/robot_communication/include/robot_communication/robot_communication/msg/localization_info_broadcast.hpp
[1.967s] -- Up-to-date: /home/zheng/carerobot_slam_ros2/install/robot_communication/include/robot_communication/robot_communication/msg/rosidl_generator_cpp__visibility_control.hpp
[1.967s] -- Up-to-date: /home/zheng/carerobot_slam_ros2/install/robot_communication/include/robot_communication/robot_communication/msg/goal.hpp
[1.967s] -- Up-to-date: /home/zheng/carerobot_slam_ros2/install/robot_communication/include/robot_communication/robot_communication/msg/esdf_map.hpp
[1.967s] -- Up-to-date: /home/zheng/carerobot_slam_ros2/install/robot_communication/include/robot_communication/robot_communication/msg/detail
[1.967s] -- Up-to-date: /home/zheng/carerobot_slam_ros2/install/robot_communication/include/robot_communication/robot_communication/msg/detail/goal__traits.hpp
[1.967s] -- Up-to-date: /home/zheng/carerobot_slam_ros2/install/robot_communication/include/robot_communication/robot_communication/msg/detail/sensor_data__builder.hpp
[1.967s] -- Up-to-date: /home/zheng/carerobot_slam_ros2/install/robot_communication/include/robot_communication/robot_communication/msg/detail/localization_info_broadcast__traits.hpp
[1.968s] -- Up-to-date: /home/zheng/carerobot_slam_ros2/install/robot_communication/include/robot_communication/robot_communication/msg/detail/goal__builder.hpp
[1.968s] -- Up-to-date: /home/zheng/carerobot_slam_ros2/install/robot_communication/include/robot_communication/robot_communication/msg/detail/localization_info_broadcast__type_support.hpp
[1.968s] -- Up-to-date: /home/zheng/carerobot_slam_ros2/install/robot_communication/include/robot_communication/robot_communication/msg/detail/chassis_control__builder.hpp
[1.968s] -- Up-to-date: /home/zheng/carerobot_slam_ros2/install/robot_communication/include/robot_communication/robot_communication/msg/detail/esdf_map__builder.hpp
[1.968s] -- Up-to-date: /home/zheng/carerobot_slam_ros2/install/robot_communication/include/robot_communication/robot_communication/msg/detail/localization_info_broadcast__struct.hpp
[1.968s] -- Up-to-date: /home/zheng/carerobot_slam_ros2/install/robot_communication/include/robot_communication/robot_communication/msg/detail/bspline__builder.hpp
[1.968s] -- Up-to-date: /home/zheng/carerobot_slam_ros2/install/robot_communication/include/robot_communication/robot_communication/msg/detail/sensor_data__type_support.hpp
[1.968s] -- Up-to-date: /home/zheng/carerobot_slam_ros2/install/robot_communication/include/robot_communication/robot_communication/msg/detail/chassis_control__struct.hpp
[1.968s] -- Up-to-date: /home/zheng/carerobot_slam_ros2/install/robot_communication/include/robot_communication/robot_communication/msg/detail/chassis_control__traits.hpp
[1.968s] -- Up-to-date: /home/zheng/carerobot_slam_ros2/install/robot_communication/include/robot_communication/robot_communication/msg/detail/bspline__type_support.hpp
[1.969s] -- Up-to-date: /home/zheng/carerobot_slam_ros2/install/robot_communication/include/robot_communication/robot_communication/msg/detail/localization_info_broadcast__builder.hpp
[1.969s] -- Up-to-date: /home/zheng/carerobot_slam_ros2/install/robot_communication/include/robot_communication/robot_communication/msg/detail/bspline__traits.hpp
[1.969s] -- Up-to-date: /home/zheng/carerobot_slam_ros2/install/robot_communication/include/robot_communication/robot_communication/msg/detail/goal__type_support.hpp
[1.969s] -- Up-to-date: /home/zheng/carerobot_slam_ros2/install/robot_communication/include/robot_communication/robot_communication/msg/detail/esdf_map__traits.hpp
[1.969s] -- Up-to-date: /home/zheng/carerobot_slam_ros2/install/robot_communication/include/robot_communication/robot_communication/msg/detail/esdf_map__type_support.hpp
[1.969s] -- Up-to-date: /home/zheng/carerobot_slam_ros2/install/robot_communication/include/robot_communication/robot_communication/msg/detail/goal__struct.hpp
[1.969s] -- Up-to-date: /home/zheng/carerobot_slam_ros2/install/robot_communication/include/robot_communication/robot_communication/msg/detail/sensor_data__traits.hpp
[1.969s] -- Up-to-date: /home/zheng/carerobot_slam_ros2/install/robot_communication/include/robot_communication/robot_communication/msg/detail/sensor_data__struct.hpp
[1.969s] -- Up-to-date: /home/zheng/carerobot_slam_ros2/install/robot_communication/include/robot_communication/robot_communication/msg/detail/bspline__struct.hpp
[1.969s] -- Up-to-date: /home/zheng/carerobot_slam_ros2/install/robot_communication/include/robot_communication/robot_communication/msg/detail/esdf_map__struct.hpp
[1.969s] -- Up-to-date: /home/zheng/carerobot_slam_ros2/install/robot_communication/include/robot_communication/robot_communication/msg/detail/chassis_control__type_support.hpp
[1.970s] -- Up-to-date: /home/zheng/carerobot_slam_ros2/install/robot_communication/include/robot_communication/robot_communication
[1.970s] -- Up-to-date: /home/zheng/carerobot_slam_ros2/install/robot_communication/include/robot_communication/robot_communication/action
[1.970s] -- Up-to-date: /home/zheng/carerobot_slam_ros2/install/robot_communication/include/robot_communication/robot_communication/action/detail
[1.970s] -- Up-to-date: /home/zheng/carerobot_slam_ros2/install/robot_communication/include/robot_communication/robot_communication/action/detail/do_dishes__rosidl_typesupport_fastrtps_cpp.hpp
[1.971s] -- Up-to-date: /home/zheng/carerobot_slam_ros2/install/robot_communication/include/robot_communication/robot_communication/action/detail/dds_fastrtps
[1.971s] -- Up-to-date: /home/zheng/carerobot_slam_ros2/install/robot_communication/include/robot_communication/robot_communication/msg
[1.972s] -- Up-to-date: /home/zheng/carerobot_slam_ros2/install/robot_communication/include/robot_communication/robot_communication/msg/rosidl_typesupport_fastrtps_cpp__visibility_control.h
[1.973s] -- Up-to-date: /home/zheng/carerobot_slam_ros2/install/robot_communication/include/robot_communication/robot_communication/msg/detail
[1.975s] -- Up-to-date: /home/zheng/carerobot_slam_ros2/install/robot_communication/include/robot_communication/robot_communication/msg/detail/chassis_control__rosidl_typesupport_fastrtps_cpp.hpp
[1.977s] -- Up-to-date: /home/zheng/carerobot_slam_ros2/install/robot_communication/include/robot_communication/robot_communication/msg/detail/bspline__rosidl_typesupport_fastrtps_cpp.hpp
[1.978s] -- Up-to-date: /home/zheng/carerobot_slam_ros2/install/robot_communication/include/robot_communication/robot_communication/msg/detail/localization_info_broadcast__rosidl_typesupport_fastrtps_cpp.hpp
[1.978s] -- Up-to-date: /home/zheng/carerobot_slam_ros2/install/robot_communication/include/robot_communication/robot_communication/msg/detail/dds_fastrtps
[1.979s] -- Up-to-date: /home/zheng/carerobot_slam_ros2/install/robot_communication/include/robot_communication/robot_communication/msg/detail/esdf_map__rosidl_typesupport_fastrtps_cpp.hpp
[1.979s] -- Up-to-date: /home/zheng/carerobot_slam_ros2/install/robot_communication/include/robot_communication/robot_communication/msg/detail/goal__rosidl_typesupport_fastrtps_cpp.hpp
[1.979s] -- Up-to-date: /home/zheng/carerobot_slam_ros2/install/robot_communication/include/robot_communication/robot_communication/msg/detail/sensor_data__rosidl_typesupport_fastrtps_cpp.hpp
[1.980s] -- Up-to-date: /home/zheng/carerobot_slam_ros2/install/robot_communication/lib/librobot_communication__rosidl_typesupport_fastrtps_cpp.so
[1.980s] -- Up-to-date: /home/zheng/carerobot_slam_ros2/install/robot_communication/include/robot_communication/robot_communication
[1.980s] -- Up-to-date: /home/zheng/carerobot_slam_ros2/install/robot_communication/include/robot_communication/robot_communication/action
[1.980s] -- Up-to-date: /home/zheng/carerobot_slam_ros2/install/robot_communication/include/robot_communication/robot_communication/action/detail
[1.980s] -- Up-to-date: /home/zheng/carerobot_slam_ros2/install/robot_communication/include/robot_communication/robot_communication/action/detail/do_dishes__rosidl_typesupport_introspection_cpp.hpp
[1.981s] -- Up-to-date: /home/zheng/carerobot_slam_ros2/install/robot_communication/include/robot_communication/robot_communication/action/detail/do_dishes__type_support.cpp
[1.981s] -- Up-to-date: /home/zheng/carerobot_slam_ros2/install/robot_communication/include/robot_communication/robot_communication/msg
[1.981s] -- Up-to-date: /home/zheng/carerobot_slam_ros2/install/robot_communication/include/robot_communication/robot_communication/msg/detail
[1.981s] -- Up-to-date: /home/zheng/carerobot_slam_ros2/install/robot_communication/include/robot_communication/robot_communication/msg/detail/goal__rosidl_typesupport_introspection_cpp.hpp
[1.981s] -- Up-to-date: /home/zheng/carerobot_slam_ros2/install/robot_communication/include/robot_communication/robot_communication/msg/detail/esdf_map__rosidl_typesupport_introspection_cpp.hpp
[1.981s] -- Up-to-date: /home/zheng/carerobot_slam_ros2/install/robot_communication/include/robot_communication/robot_communication/msg/detail/sensor_data__rosidl_typesupport_introspection_cpp.hpp
[1.981s] -- Up-to-date: /home/zheng/carerobot_slam_ros2/install/robot_communication/include/robot_communication/robot_communication/msg/detail/chassis_control__type_support.cpp
[1.981s] -- Up-to-date: /home/zheng/carerobot_slam_ros2/install/robot_communication/include/robot_communication/robot_communication/msg/detail/bspline__rosidl_typesupport_introspection_cpp.hpp
[1.982s] -- Up-to-date: /home/zheng/carerobot_slam_ros2/install/robot_communication/include/robot_communication/robot_communication/msg/detail/bspline__type_support.cpp
[1.982s] -- Up-to-date: /home/zheng/carerobot_slam_ros2/install/robot_communication/include/robot_communication/robot_communication/msg/detail/localization_info_broadcast__type_support.cpp
[1.982s] -- Up-to-date: /home/zheng/carerobot_slam_ros2/install/robot_communication/include/robot_communication/robot_communication/msg/detail/sensor_data__type_support.cpp
[1.982s] -- Up-to-date: /home/zheng/carerobot_slam_ros2/install/robot_communication/include/robot_communication/robot_communication/msg/detail/chassis_control__rosidl_typesupport_introspection_cpp.hpp
[1.982s] -- Up-to-date: /home/zheng/carerobot_slam_ros2/install/robot_communication/include/robot_communication/robot_communication/msg/detail/esdf_map__type_support.cpp
[1.982s] -- Up-to-date: /home/zheng/carerobot_slam_ros2/install/robot_communication/include/robot_communication/robot_communication/msg/detail/localization_info_broadcast__rosidl_typesupport_introspection_cpp.hpp
[1.982s] -- Up-to-date: /home/zheng/carerobot_slam_ros2/install/robot_communication/include/robot_communication/robot_communication/msg/detail/goal__type_support.cpp
[1.982s] -- Up-to-date: /home/zheng/carerobot_slam_ros2/install/robot_communication/lib/librobot_communication__rosidl_typesupport_introspection_cpp.so
[1.983s] -- Up-to-date: /home/zheng/carerobot_slam_ros2/install/robot_communication/lib/librobot_communication__rosidl_typesupport_cpp.so
[1.983s] -- Up-to-date: /home/zheng/carerobot_slam_ros2/install/robot_communication/share/robot_communication/environment/pythonpath.sh
[1.983s] -- Up-to-date: /home/zheng/carerobot_slam_ros2/install/robot_communication/share/robot_communication/environment/pythonpath.dsv
[1.983s] -- Up-to-date: /home/zheng/carerobot_slam_ros2/install/robot_communication/local/lib/python3.10/dist-packages/robot_communication-0.0.0-py3.10.egg-info
[1.983s] -- Installing: /home/zheng/carerobot_slam_ros2/install/robot_communication/local/lib/python3.10/dist-packages/robot_communication-0.0.0-py3.10.egg-info/dependency_links.txt
[1.983s] -- Installing: /home/zheng/carerobot_slam_ros2/install/robot_communication/local/lib/python3.10/dist-packages/robot_communication-0.0.0-py3.10.egg-info/PKG-INFO
[1.984s] -- Installing: /home/zheng/carerobot_slam_ros2/install/robot_communication/local/lib/python3.10/dist-packages/robot_communication-0.0.0-py3.10.egg-info/top_level.txt
[1.984s] -- Installing: /home/zheng/carerobot_slam_ros2/install/robot_communication/local/lib/python3.10/dist-packages/robot_communication-0.0.0-py3.10.egg-info/SOURCES.txt
[1.984s] -- Up-to-date: /home/zheng/carerobot_slam_ros2/install/robot_communication/local/lib/python3.10/dist-packages/robot_communication
[1.984s] -- Up-to-date: /home/zheng/carerobot_slam_ros2/install/robot_communication/local/lib/python3.10/dist-packages/robot_communication/action
[1.984s] -- Up-to-date: /home/zheng/carerobot_slam_ros2/install/robot_communication/local/lib/python3.10/dist-packages/robot_communication/action/__init__.py
[1.984s] -- Up-to-date: /home/zheng/carerobot_slam_ros2/install/robot_communication/local/lib/python3.10/dist-packages/robot_communication/action/_do_dishes_s.c
[1.984s] -- Up-to-date: /home/zheng/carerobot_slam_ros2/install/robot_communication/local/lib/python3.10/dist-packages/robot_communication/action/_do_dishes.py
[1.984s] -- Up-to-date: /home/zheng/carerobot_slam_ros2/install/robot_communication/local/lib/python3.10/dist-packages/robot_communication/_robot_communication_s.ep.rosidl_typesupport_fastrtps_c.c
[1.984s] -- Up-to-date: /home/zheng/carerobot_slam_ros2/install/robot_communication/local/lib/python3.10/dist-packages/robot_communication/robot_communication_s__rosidl_typesupport_c.cpython-310-x86_64-linux-gnu.so
[1.985s] -- Up-to-date: /home/zheng/carerobot_slam_ros2/install/robot_communication/local/lib/python3.10/dist-packages/robot_communication/__init__.py
[1.985s] -- Up-to-date: /home/zheng/carerobot_slam_ros2/install/robot_communication/local/lib/python3.10/dist-packages/robot_communication/_robot_communication_s.ep.rosidl_typesupport_introspection_c.c
[1.985s] -- Up-to-date: /home/zheng/carerobot_slam_ros2/install/robot_communication/local/lib/python3.10/dist-packages/robot_communication/robot_communication_s__rosidl_typesupport_fastrtps_c.cpython-310-x86_64-linux-gnu.so
[1.985s] -- Up-to-date: /home/zheng/carerobot_slam_ros2/install/robot_communication/local/lib/python3.10/dist-packages/robot_communication/robot_communication_s__rosidl_typesupport_introspection_c.cpython-310-x86_64-linux-gnu.so
[1.985s] -- Up-to-date: /home/zheng/carerobot_slam_ros2/install/robot_communication/local/lib/python3.10/dist-packages/robot_communication/librobot_communication__rosidl_generator_py.so
[1.985s] -- Up-to-date: /home/zheng/carerobot_slam_ros2/install/robot_communication/local/lib/python3.10/dist-packages/robot_communication/_robot_communication_s.ep.rosidl_typesupport_c.c
[1.985s] -- Up-to-date: /home/zheng/carerobot_slam_ros2/install/robot_communication/local/lib/python3.10/dist-packages/robot_communication/msg
[1.985s] -- Up-to-date: /home/zheng/carerobot_slam_ros2/install/robot_communication/local/lib/python3.10/dist-packages/robot_communication/msg/_goal_s.c
[1.985s] -- Up-to-date: /home/zheng/carerobot_slam_ros2/install/robot_communication/local/lib/python3.10/dist-packages/robot_communication/msg/_bspline.py
[1.986s] -- Up-to-date: /home/zheng/carerobot_slam_ros2/install/robot_communication/local/lib/python3.10/dist-packages/robot_communication/msg/_localization_info_broadcast.py
[1.986s] -- Up-to-date: /home/zheng/carerobot_slam_ros2/install/robot_communication/local/lib/python3.10/dist-packages/robot_communication/msg/_chassis_control.py
[1.986s] -- Up-to-date: /home/zheng/carerobot_slam_ros2/install/robot_communication/local/lib/python3.10/dist-packages/robot_communication/msg/__init__.py
[1.986s] -- Up-to-date: /home/zheng/carerobot_slam_ros2/install/robot_communication/local/lib/python3.10/dist-packages/robot_communication/msg/_localization_info_broadcast_s.c
[1.986s] -- Up-to-date: /home/zheng/carerobot_slam_ros2/install/robot_communication/local/lib/python3.10/dist-packages/robot_communication/msg/_chassis_control_s.c
[1.986s] -- Up-to-date: /home/zheng/carerobot_slam_ros2/install/robot_communication/local/lib/python3.10/dist-packages/robot_communication/msg/_sensor_data_s.c
[1.986s] -- Up-to-date: /home/zheng/carerobot_slam_ros2/install/robot_communication/local/lib/python3.10/dist-packages/robot_communication/msg/_esdf_map_s.c
[1.986s] -- Up-to-date: /home/zheng/carerobot_slam_ros2/install/robot_communication/local/lib/python3.10/dist-packages/robot_communication/msg/_sensor_data.py
[1.986s] -- Up-to-date: /home/zheng/carerobot_slam_ros2/install/robot_communication/local/lib/python3.10/dist-packages/robot_communication/msg/_goal.py
[1.987s] -- Up-to-date: /home/zheng/carerobot_slam_ros2/install/robot_communication/local/lib/python3.10/dist-packages/robot_communication/msg/_bspline_s.c
[1.987s] -- Up-to-date: /home/zheng/carerobot_slam_ros2/install/robot_communication/local/lib/python3.10/dist-packages/robot_communication/msg/_esdf_map.py
[2.033s] Listing '/home/zheng/carerobot_slam_ros2/install/robot_communication/local/lib/python3.10/dist-packages/robot_communication'...
[2.033s] Listing '/home/zheng/carerobot_slam_ros2/install/robot_communication/local/lib/python3.10/dist-packages/robot_communication/action'...
[2.034s] Listing '/home/zheng/carerobot_slam_ros2/install/robot_communication/local/lib/python3.10/dist-packages/robot_communication/msg'...
[2.063s] -- Up-to-date: /home/zheng/carerobot_slam_ros2/install/robot_communication/local/lib/python3.10/dist-packages/robot_communication/robot_communication_s__rosidl_typesupport_fastrtps_c.cpython-310-x86_64-linux-gnu.so
[2.065s] -- Up-to-date: /home/zheng/carerobot_slam_ros2/install/robot_communication/local/lib/python3.10/dist-packages/robot_communication/robot_communication_s__rosidl_typesupport_introspection_c.cpython-310-x86_64-linux-gnu.so
[2.066s] -- Up-to-date: /home/zheng/carerobot_slam_ros2/install/robot_communication/local/lib/python3.10/dist-packages/robot_communication/robot_communication_s__rosidl_typesupport_c.cpython-310-x86_64-linux-gnu.so
[2.067s] -- Up-to-date: /home/zheng/carerobot_slam_ros2/install/robot_communication/lib/librobot_communication__rosidl_generator_py.so
[2.068s] -- Up-to-date: /home/zheng/carerobot_slam_ros2/install/robot_communication/share/ament_index/resource_index/rust_packages/robot_communication
[2.068s] -- Up-to-date: /home/zheng/carerobot_slam_ros2/install/robot_communication/share/robot_communication/rust
[2.068s] -- Up-to-date: /home/zheng/carerobot_slam_ros2/install/robot_communication/share/robot_communication/rust/src
[2.068s] -- Up-to-date: /home/zheng/carerobot_slam_ros2/install/robot_communication/share/robot_communication/rust/src/action
[2.069s] -- Up-to-date: /home/zheng/carerobot_slam_ros2/install/robot_communication/share/robot_communication/rust/src/action/rmw.rs
[2.069s] -- Up-to-date: /home/zheng/carerobot_slam_ros2/install/robot_communication/share/robot_communication/rust/src/action.rs
[2.069s] -- Up-to-date: /home/zheng/carerobot_slam_ros2/install/robot_communication/share/robot_communication/rust/src/msg.rs
[2.069s] -- Up-to-date: /home/zheng/carerobot_slam_ros2/install/robot_communication/share/robot_communication/rust/src/lib.rs
[2.069s] -- Up-to-date: /home/zheng/carerobot_slam_ros2/install/robot_communication/share/robot_communication/rust/src/msg
[2.069s] -- Up-to-date: /home/zheng/carerobot_slam_ros2/install/robot_communication/share/robot_communication/rust/src/msg/rmw.rs
[2.070s] -- Up-to-date: /home/zheng/carerobot_slam_ros2/install/robot_communication/share/robot_communication/rust/build.rs
[2.070s] -- Up-to-date: /home/zheng/carerobot_slam_ros2/install/robot_communication/share/robot_communication/rust/Cargo.toml
[2.070s] -- Up-to-date: /home/zheng/carerobot_slam_ros2/install/robot_communication/share/robot_communication/msg/LocalizationInfoBroadcast.idl
[2.070s] -- Up-to-date: /home/zheng/carerobot_slam_ros2/install/robot_communication/share/robot_communication/msg/ChassisControl.idl
[2.070s] -- Up-to-date: /home/zheng/carerobot_slam_ros2/install/robot_communication/share/robot_communication/msg/SensorData.idl
[2.070s] -- Up-to-date: /home/zheng/carerobot_slam_ros2/install/robot_communication/share/robot_communication/msg/Bspline.idl
[2.070s] -- Up-to-date: /home/zheng/carerobot_slam_ros2/install/robot_communication/share/robot_communication/msg/EsdfMap.idl
[2.070s] -- Up-to-date: /home/zheng/carerobot_slam_ros2/install/robot_communication/share/robot_communication/msg/Goal.idl
[2.071s] -- Up-to-date: /home/zheng/carerobot_slam_ros2/install/robot_communication/share/robot_communication/action/DoDishes.idl
[2.071s] -- Up-to-date: /home/zheng/carerobot_slam_ros2/install/robot_communication/share/robot_communication/msg/LocalizationInfoBroadcast.msg
[2.071s] -- Up-to-date: /home/zheng/carerobot_slam_ros2/install/robot_communication/share/robot_communication/msg/ChassisControl.msg
[2.071s] -- Up-to-date: /home/zheng/carerobot_slam_ros2/install/robot_communication/share/robot_communication/msg/SensorData.msg
[2.074s] -- Up-to-date: /home/zheng/carerobot_slam_ros2/install/robot_communication/share/robot_communication/msg/Bspline.msg
[2.076s] -- Up-to-date: /home/zheng/carerobot_slam_ros2/install/robot_communication/share/robot_communication/msg/EsdfMap.msg
[2.077s] -- Up-to-date: /home/zheng/carerobot_slam_ros2/install/robot_communication/share/robot_communication/msg/Goal.msg
[2.077s] -- Up-to-date: /home/zheng/carerobot_slam_ros2/install/robot_communication/share/robot_communication/action/DoDishes.action
[2.078s] -- Up-to-date: /home/zheng/carerobot_slam_ros2/install/robot_communication/share/ament_index/resource_index/package_run_dependencies/robot_communication
[2.078s] -- Up-to-date: /home/zheng/carerobot_slam_ros2/install/robot_communication/share/ament_index/resource_index/parent_prefix_path/robot_communication
[2.079s] -- Up-to-date: /home/zheng/carerobot_slam_ros2/install/robot_communication/share/robot_communication/environment/ament_prefix_path.sh
[2.080s] -- Up-to-date: /home/zheng/carerobot_slam_ros2/install/robot_communication/share/robot_communication/environment/ament_prefix_path.dsv
[2.080s] -- Up-to-date: /home/zheng/carerobot_slam_ros2/install/robot_communication/share/robot_communication/environment/path.sh
[2.081s] -- Up-to-date: /home/zheng/carerobot_slam_ros2/install/robot_communication/share/robot_communication/environment/path.dsv
[2.081s] -- Up-to-date: /home/zheng/carerobot_slam_ros2/install/robot_communication/share/robot_communication/local_setup.bash
[2.081s] -- Up-to-date: /home/zheng/carerobot_slam_ros2/install/robot_communication/share/robot_communication/local_setup.sh
[2.081s] -- Up-to-date: /home/zheng/carerobot_slam_ros2/install/robot_communication/share/robot_communication/local_setup.zsh
[2.081s] -- Up-to-date: /home/zheng/carerobot_slam_ros2/install/robot_communication/share/robot_communication/local_setup.dsv
[2.082s] -- Installing: /home/zheng/carerobot_slam_ros2/install/robot_communication/share/robot_communication/package.dsv
[2.082s] -- Up-to-date: /home/zheng/carerobot_slam_ros2/install/robot_communication/share/ament_index/resource_index/packages/robot_communication
[2.082s] -- Up-to-date: /home/zheng/carerobot_slam_ros2/install/robot_communication/share/robot_communication/cmake/export_robot_communication__rosidl_generator_cExport.cmake
[2.083s] -- Up-to-date: /home/zheng/carerobot_slam_ros2/install/robot_communication/share/robot_communication/cmake/export_robot_communication__rosidl_generator_cExport-noconfig.cmake
[2.083s] -- Up-to-date: /home/zheng/carerobot_slam_ros2/install/robot_communication/share/robot_communication/cmake/export_robot_communication__rosidl_typesupport_fastrtps_cExport.cmake
[2.083s] -- Up-to-date: /home/zheng/carerobot_slam_ros2/install/robot_communication/share/robot_communication/cmake/export_robot_communication__rosidl_typesupport_fastrtps_cExport-noconfig.cmake
[2.084s] -- Up-to-date: /home/zheng/carerobot_slam_ros2/install/robot_communication/share/robot_communication/cmake/robot_communication__rosidl_typesupport_introspection_cExport.cmake
[2.084s] -- Up-to-date: /home/zheng/carerobot_slam_ros2/install/robot_communication/share/robot_communication/cmake/robot_communication__rosidl_typesupport_introspection_cExport-noconfig.cmake
[2.084s] -- Up-to-date: /home/zheng/carerobot_slam_ros2/install/robot_communication/share/robot_communication/cmake/robot_communication__rosidl_typesupport_cExport.cmake
[2.084s] -- Up-to-date: /home/zheng/carerobot_slam_ros2/install/robot_communication/share/robot_communication/cmake/robot_communication__rosidl_typesupport_cExport-noconfig.cmake
[2.084s] -- Up-to-date: /home/zheng/carerobot_slam_ros2/install/robot_communication/share/robot_communication/cmake/export_robot_communication__rosidl_generator_cppExport.cmake
[2.084s] -- Up-to-date: /home/zheng/carerobot_slam_ros2/install/robot_communication/share/robot_communication/cmake/export_robot_communication__rosidl_typesupport_fastrtps_cppExport.cmake
[2.084s] -- Up-to-date: /home/zheng/carerobot_slam_ros2/install/robot_communication/share/robot_communication/cmake/export_robot_communication__rosidl_typesupport_fastrtps_cppExport-noconfig.cmake
[2.084s] -- Up-to-date: /home/zheng/carerobot_slam_ros2/install/robot_communication/share/robot_communication/cmake/robot_communication__rosidl_typesupport_introspection_cppExport.cmake
[2.084s] -- Up-to-date: /home/zheng/carerobot_slam_ros2/install/robot_communication/share/robot_communication/cmake/robot_communication__rosidl_typesupport_introspection_cppExport-noconfig.cmake
[2.084s] -- Up-to-date: /home/zheng/carerobot_slam_ros2/install/robot_communication/share/robot_communication/cmake/robot_communication__rosidl_typesupport_cppExport.cmake
[2.084s] -- Up-to-date: /home/zheng/carerobot_slam_ros2/install/robot_communication/share/robot_communication/cmake/robot_communication__rosidl_typesupport_cppExport-noconfig.cmake
[2.084s] -- Up-to-date: /home/zheng/carerobot_slam_ros2/install/robot_communication/share/robot_communication/cmake/export_robot_communication__rosidl_generator_pyExport.cmake
[2.085s] -- Up-to-date: /home/zheng/carerobot_slam_ros2/install/robot_communication/share/robot_communication/cmake/export_robot_communication__rosidl_generator_pyExport-noconfig.cmake
[2.085s] -- Up-to-date: /home/zheng/carerobot_slam_ros2/install/robot_communication/share/robot_communication/cmake/rosidl_cmake-extras.cmake
[2.085s] -- Up-to-date: /home/zheng/carerobot_slam_ros2/install/robot_communication/share/robot_communication/cmake/ament_cmake_export_dependencies-extras.cmake
[2.085s] -- Up-to-date: /home/zheng/carerobot_slam_ros2/install/robot_communication/share/robot_communication/cmake/ament_cmake_export_include_directories-extras.cmake
[2.085s] -- Up-to-date: /home/zheng/carerobot_slam_ros2/install/robot_communication/share/robot_communication/cmake/ament_cmake_export_libraries-extras.cmake
[2.085s] -- Up-to-date: /home/zheng/carerobot_slam_ros2/install/robot_communication/share/robot_communication/cmake/ament_cmake_export_targets-extras.cmake
[2.086s] -- Up-to-date: /home/zheng/carerobot_slam_ros2/install/robot_communication/share/robot_communication/cmake/rosidl_cmake_export_typesupport_targets-extras.cmake
[2.086s] -- Up-to-date: /home/zheng/carerobot_slam_ros2/install/robot_communication/share/robot_communication/cmake/rosidl_cmake_export_typesupport_libraries-extras.cmake
[2.086s] -- Up-to-date: /home/zheng/carerobot_slam_ros2/install/robot_communication/share/robot_communication/cmake/rosidl_cmake_aggregate_target-extras.cmake
[2.086s] -- Up-to-date: /home/zheng/carerobot_slam_ros2/install/robot_communication/share/robot_communication/cmake/robot_communicationConfig.cmake
[2.086s] -- Up-to-date: /home/zheng/carerobot_slam_ros2/install/robot_communication/share/robot_communication/cmake/robot_communicationConfig-version.cmake
[2.087s] -- Up-to-date: /home/zheng/carerobot_slam_ros2/install/robot_communication/share/robot_communication/package.xml
[2.090s] Invoked command in '/home/zheng/carerobot_slam_ros2/build/robot_communication' returned '0': CMAKE_PREFIX_PATH=/opt/ros/humble /usr/bin/cmake --install /home/zheng/carerobot_slam_ros2/build/robot_communication
