-- The C compiler identification is GNU 11.4.0
-- The CXX compiler identification is GNU 11.4.0
-- Detecting C compiler ABI info
-- Detecting C compiler ABI info - done
-- Check for working C compiler: /usr/bin/cc - skipped
-- Detecting C compile features
-- Detecting C compile features - done
-- Detecting CXX compiler ABI info
-- Detecting CXX compiler ABI info - done
-- Check for working CXX compiler: /usr/bin/c++ - skipped
-- Detecting CXX compile features
-- Detecting CXX compile features - done
-- Found ament_cmake: 1.3.14 (/opt/ros/humble/share/ament_cmake/cmake)
-- Found Python3: /usr/bin/python3 (found version "3.10.12") found components: Interpreter 
-- Found rclcpp: 16.0.19 (/opt/ros/humble/share/rclcpp/cmake)
-- Found rosidl_generator_c: 3.1.9 (/opt/ros/humble/share/rosidl_generator_c/cmake)
-- Found rosidl_adapter: 3.1.9 (/opt/ros/humble/share/rosidl_adapter/cmake)
-- Found rosidl_generator_cpp: 3.1.9 (/opt/ros/humble/share/rosidl_generator_cpp/cmake)
-- Using all available rosidl_typesupport_c: rosidl_typesupport_fastrtps_c;rosidl_typesupport_introspection_c
-- Using all available rosidl_typesupport_cpp: rosidl_typesupport_fastrtps_cpp;rosidl_typesupport_introspection_cpp
-- Found rmw_implementation_cmake: 6.1.3 (/opt/ros/humble/share/rmw_implementation_cmake/cmake)
-- Found rmw_fastrtps_cpp: 6.2.10 (/opt/ros/humble/share/rmw_fastrtps_cpp/cmake)
-- Found OpenSSL: /usr/lib/x86_64-linux-gnu/libcrypto.so (found version "3.0.2")  
-- Found FastRTPS: /opt/ros/humble/include  
-- Using RMW implementation 'rmw_fastrtps_cpp' as default
-- Looking for pthread.h
-- Looking for pthread.h - found
-- Performing Test CMAKE_HAVE_LIBC_PTHREAD
-- Performing Test CMAKE_HAVE_LIBC_PTHREAD - Success
-- Found Threads: TRUE  
-- Found rclpy: 3.3.21 (/opt/ros/humble/share/rclpy/cmake)
-- Found geometry_msgs: 4.9.2 (/opt/ros/humble/share/geometry_msgs/cmake)
-- Found nav_msgs: 4.9.2 (/opt/ros/humble/share/nav_msgs/cmake)
-- Found sensor_msgs: 4.9.2 (/opt/ros/humble/share/sensor_msgs/cmake)
-- Found visualization_msgs: 4.9.2 (/opt/ros/humble/share/visualization_msgs/cmake)
-- Found tf2: 0.25.22 (/opt/ros/humble/share/tf2/cmake)
-- Found tf2_ros: 0.25.22 (/opt/ros/humble/share/tf2_ros/cmake)
-- Found tf2_geometry_msgs: 0.25.22 (/opt/ros/humble/share/tf2_geometry_msgs/cmake)
-- Found eigen3_cmake_module: 0.1.1 (/opt/ros/humble/share/eigen3_cmake_module/cmake)
-- Found Eigen3: TRUE (found version "3.4.0") 
-- Ensuring Eigen3 include directory is part of orocos-kdl CMake target
-- Found tf2_sensor_msgs: 0.25.22 (/opt/ros/humble/share/tf2_sensor_msgs/cmake)
-- Found pcl_conversions: 2.4.5 (/opt/ros/humble/share/pcl_conversions/cmake)
-- Checking for module 'eigen3'
--   Found eigen3, version 3.4.0
-- Found Eigen: /usr/include/eigen3 (Required is at least version "3.1") 
-- Eigen found (include: /usr/include/eigen3, version: 3.4.0)
-- Checking for module 'flann'
--   Found flann, version 1.9.1
-- Found FLANN: /usr/lib/x86_64-linux-gnu/libflann_cpp.so  
-- FLANN found (include: /usr/include, lib: /usr/lib/x86_64-linux-gnu/libflann_cpp.so)
-- Checking for module 'libusb-1.0'
--   Found libusb-1.0, version 1.0.25
-- Found libusb: /usr/lib/x86_64-linux-gnu/libusb-1.0.so  
-- OpenNI found (version: 1.5.4.0, include: /usr/include/ni, lib: /usr/lib/libOpenNI.so;libusb::libusb)
-- OpenNI2 found (version: 2.2.0.33, include: /usr/include/openni2, lib: /usr/lib/x86_64-linux-gnu/libOpenNI2.so;libusb::libusb)
-- Eigen found (include: /usr/include/eigen3, version: 3.4.0)
-- OpenNI found (version: 1.5.4.0, include: /usr/include/ni, lib: /usr/lib/libOpenNI.so;libusb::libusb)
-- OpenNI2 found (version: 2.2.0.33, include: /usr/include/openni2, lib: /usr/lib/x86_64-linux-gnu/libOpenNI2.so;libusb::libusb)
-- Found Qhull version 8.0.2
-- OpenNI found (version: 1.5.4.0, include: /usr/include/ni, lib: /usr/lib/libOpenNI.so;libusb::libusb)
-- Found PCL_COMMON: /usr/lib/x86_64-linux-gnu/libpcl_common.so  
-- Found PCL_KDTREE: /usr/lib/x86_64-linux-gnu/libpcl_kdtree.so  
-- Found PCL_OCTREE: /usr/lib/x86_64-linux-gnu/libpcl_octree.so  
-- Found PCL_SEARCH: /usr/lib/x86_64-linux-gnu/libpcl_search.so  
-- Found PCL_SAMPLE_CONSENSUS: /usr/lib/x86_64-linux-gnu/libpcl_sample_consensus.so  
-- Found PCL_FILTERS: /usr/lib/x86_64-linux-gnu/libpcl_filters.so  
-- Found PCL_2D: /usr/include/pcl-1.12  
-- Found PCL_GEOMETRY: /usr/include/pcl-1.12  
-- Found PCL_IO: /usr/lib/x86_64-linux-gnu/libpcl_io.so  
-- Found PCL_FEATURES: /usr/lib/x86_64-linux-gnu/libpcl_features.so  
-- Found PCL_ML: /usr/lib/x86_64-linux-gnu/libpcl_ml.so  
-- Found PCL_SEGMENTATION: /usr/lib/x86_64-linux-gnu/libpcl_segmentation.so  
-- Found PCL_VISUALIZATION: /usr/lib/x86_64-linux-gnu/libpcl_visualization.so  
-- Found PCL_SURFACE: /usr/lib/x86_64-linux-gnu/libpcl_surface.so  
-- Found PCL_REGISTRATION: /usr/lib/x86_64-linux-gnu/libpcl_registration.so  
-- Found PCL_KEYPOINTS: /usr/lib/x86_64-linux-gnu/libpcl_keypoints.so  
-- Found PCL_TRACKING: /usr/lib/x86_64-linux-gnu/libpcl_tracking.so  
-- Found PCL_RECOGNITION: /usr/lib/x86_64-linux-gnu/libpcl_recognition.so  
-- Found PCL_STEREO: /usr/lib/x86_64-linux-gnu/libpcl_stereo.so  
-- Found PCL_APPS: /usr/lib/x86_64-linux-gnu/libpcl_apps.so  
-- Found PCL_IN_HAND_SCANNER: /usr/include/pcl-1.12  
-- Found PCL_MODELER: /usr/include/pcl-1.12  
-- Found PCL_POINT_CLOUD_EDITOR: /usr/include/pcl-1.12  
-- Found PCL_OUTOFCORE: /usr/lib/x86_64-linux-gnu/libpcl_outofcore.so  
-- Found PCL_PEOPLE: /usr/lib/x86_64-linux-gnu/libpcl_people.so  
-- Found OpenCV: /usr (found version "4.5.4") 
-- Found angles: 1.15.0 (/opt/ros/humble/share/angles/cmake)
-- Found nav2_costmap_2d: 1.1.20 (/opt/ros/humble/share/nav2_costmap_2d/cmake)
-- Found PkgConfig: /usr/bin/pkg-config (found version "0.29.2") 
-- Checking for module 'nlopt'
--   Found nlopt, version 2.7.1
-- Found robot_communication: 0.0.0 (/home/zheng/carerobot_slam_ros2/install/robot_communication/share/robot_communication/cmake)
-- Found robot_costmap: 0.0.0 (/home/zheng/carerobot_slam_ros2/install/robot_costmap/share/robot_costmap/cmake)
-- Configuring done
-- Generating done
-- Build files have been written to: /home/zheng/carerobot_slam_ros2/build/robot_navigation
[  4%] [32mBuilding CXX object CMakeFiles/motionPlan_node.dir/src/local_plan/differential_dwa.cpp.o[0m
[  4%] [32mBuilding CXX object CMakeFiles/motionPlan_node.dir/src/math_tools/curve_fitting.cpp.o[0m
[  9%] [32mBuilding CXX object CMakeFiles/Differential_DWA_node.dir/src/local_plan/differential_dwa.cpp.o[0m
[  9%] [32mBuilding CXX object CMakeFiles/motionPlan_node.dir/src/nodes/motionPlan_node.cpp.o[0m
[ 11%] [32mBuilding CXX object CMakeFiles/Differential_DWA_node.dir/src/math_tools/filter.cpp.o[0m
[ 14%] [32mBuilding CXX object CMakeFiles/Differential_DWA_node.dir/src/math_tools/curve_fitting.cpp.o[0m
[ 16%] [32mBuilding CXX object CMakeFiles/Differential_DWA_node.dir/src/nodes/differential_DWA_node.cpp.o[0m
[ 19%] [32mBuilding CXX object CMakeFiles/motionPlan_node.dir/src/math_tools/filter.cpp.o[0m
[ 21%] [32mBuilding CXX object CMakeFiles/motionPlan_node.dir/src/motionPlan/motionPlan.cpp.o[0m
[ 23%] [32mBuilding CXX object CMakeFiles/Differential_DWA_node.dir/src/motionPlan/motionPlan.cpp.o[0m
[ 26%] [32mBuilding CXX object CMakeFiles/motionPlan_node.dir/src/path_follow/pid_follow.cpp.o[0m
[ 28%] [32mBuilding CXX object CMakeFiles/motionPlan_node.dir/src/path_optimization/BSpline.cpp.o[0m
[ 30%] [32mBuilding CXX object CMakeFiles/Differential_DWA_node.dir/src/path_follow/pid_follow.cpp.o[0m
[ 33%] [32mBuilding CXX object CMakeFiles/Differential_DWA_node.dir/src/path_optimization/BSpline.cpp.o[0m
[ 35%] [32mBuilding CXX object CMakeFiles/motionPlan_node.dir/src/path_optimization/bezier_curve.cpp.o[0m
[ 38%] [32mBuilding CXX object CMakeFiles/Differential_DWA_node.dir/src/path_optimization/bezier_curve.cpp.o[0m
[ 40%] [32mBuilding CXX object CMakeFiles/Differential_DWA_node.dir/src/path_optimization/bspline_optimizer.cpp.o[0m
[ 42%] [32mBuilding CXX object CMakeFiles/Differential_DWA_node.dir/src/path_optimization/corridor_optimizer.cpp.o[0m
[ 45%] [32mBuilding CXX object CMakeFiles/Differential_DWA_node.dir/src/path_optimization/fast_security.cpp.o[0m
[ 47%] [32mBuilding CXX object CMakeFiles/motionPlan_node.dir/src/path_optimization/bspline_optimizer.cpp.o[0m
[ 50%] [32mBuilding CXX object CMakeFiles/motionPlan_node.dir/src/path_optimization/minimum_snap.cpp.o[0m
[ 52%] [32mBuilding CXX object CMakeFiles/motionPlan_node.dir/src/path_optimization/non_uniform_bspline.cpp.o[0m
[ 54%] [32mBuilding CXX object CMakeFiles/Differential_DWA_node.dir/src/path_searcher/Hybrid_astar.cpp.o[0m
[ 57%] [32mBuilding CXX object CMakeFiles/Differential_DWA_node.dir/src/path_searcher/Astar_searcher.cpp.o[0m
[ 59%] [32mBuilding CXX object CMakeFiles/motionPlan_node.dir/src/path_searcher/Hybrid_astar.cpp.o[0m
[ 61%] [32mBuilding CXX object CMakeFiles/Differential_DWA_node.dir/src/path_optimization/non_uniform_bspline.cpp.o[0m
[ 64%] [32mBuilding CXX object CMakeFiles/motionPlan_node.dir/src/path_searcher/Astar_searcher.cpp.o[0m
[ 66%] [32mBuilding CXX object CMakeFiles/Differential_DWA_node.dir/src/path_optimization/minimum_snap.cpp.o[0m
[ 69%] [32mBuilding CXX object CMakeFiles/motionPlan_node.dir/src/path_optimization/fast_security.cpp.o[0m
[ 71%] [32mBuilding CXX object CMakeFiles/Differential_DWA_node.dir/src/path_searcher/JPS_searcher.cpp.o[0m
[ 73%] [32mBuilding CXX object CMakeFiles/motionPlan_node.dir/src/path_optimization/corridor_optimizer.cpp.o[0m
[ 76%] [32mBuilding CXX object CMakeFiles/Differential_DWA_node.dir/src/path_searcher/two_way_rrt.cpp.o[0m
[ 78%] [32mBuilding CXX object CMakeFiles/Differential_DWA_node.dir/src/path_searcher/nav_app.cpp.o[0m
[ 80%] [32mBuilding CXX object CMakeFiles/Differential_DWA_node.dir/src/path_searcher/JPS_utils.cpp.o[0m
[ 83%] [32mBuilding CXX object CMakeFiles/Differential_DWA_node.dir/src/vel_transform/vel_transform.cpp.o[0m
[ 88%] [32mBuilding CXX object CMakeFiles/motionPlan_node.dir/src/path_searcher/nav_app.cpp.o[0m
[ 88%] [32mBuilding CXX object CMakeFiles/motionPlan_node.dir/src/vel_transform/vel_transform.cpp.o[0m
[ 90%] [32mBuilding CXX object CMakeFiles/motionPlan_node.dir/src/path_searcher/two_way_rrt.cpp.o[0m
[ 92%] [32mBuilding CXX object CMakeFiles/motionPlan_node.dir/src/path_searcher/JPS_utils.cpp.o[0m
[ 95%] [32mBuilding CXX object CMakeFiles/motionPlan_node.dir/src/path_searcher/JPS_searcher.cpp.o[0m
[ 97%] [32m[1mLinking CXX executable Differential_DWA_node[0m
[100%] [32m[1mLinking CXX executable motionPlan_node[0m
[100%] Built target Differential_DWA_node
[100%] Built target motionPlan_node
-- Install configuration: "Release"
-- Installing: /home/zheng/carerobot_slam_ros2/install/robot_navigation/lib/robot_navigation/motionPlan_node
-- Set runtime path of "/home/zheng/carerobot_slam_ros2/install/robot_navigation/lib/robot_navigation/motionPlan_node" to ""
-- Installing: /home/zheng/carerobot_slam_ros2/install/robot_navigation/lib/robot_navigation/Differential_DWA_node
-- Set runtime path of "/home/zheng/carerobot_slam_ros2/install/robot_navigation/lib/robot_navigation/Differential_DWA_node" to ""
-- Installing: /home/zheng/carerobot_slam_ros2/install/robot_navigation/include/
-- Installing: /home/zheng/carerobot_slam_ros2/install/robot_navigation/include//vel_transform
-- Installing: /home/zheng/carerobot_slam_ros2/install/robot_navigation/include//vel_transform/vel_transform.h
-- Installing: /home/zheng/carerobot_slam_ros2/install/robot_navigation/include//path_searcher
-- Installing: /home/zheng/carerobot_slam_ros2/install/robot_navigation/include//path_searcher/node.h
-- Installing: /home/zheng/carerobot_slam_ros2/install/robot_navigation/include//path_searcher/Hybrid_astar.h
-- Installing: /home/zheng/carerobot_slam_ros2/install/robot_navigation/include//path_searcher/nav_app.h
-- Installing: /home/zheng/carerobot_slam_ros2/install/robot_navigation/include//path_searcher/Astar_searcher.h
-- Installing: /home/zheng/carerobot_slam_ros2/install/robot_navigation/include//path_searcher/JPS_searcher.h
-- Installing: /home/zheng/carerobot_slam_ros2/install/robot_navigation/include//path_searcher/two_way_rrt.h
-- Installing: /home/zheng/carerobot_slam_ros2/install/robot_navigation/include//path_searcher/JPS_utils.h
-- Installing: /home/zheng/carerobot_slam_ros2/install/robot_navigation/include//motionPlan
-- Installing: /home/zheng/carerobot_slam_ros2/install/robot_navigation/include//motionPlan/motionPlan.h
-- Installing: /home/zheng/carerobot_slam_ros2/install/robot_navigation/include//utility
-- Installing: /home/zheng/carerobot_slam_ros2/install/robot_navigation/include//utility/type.h
-- Installing: /home/zheng/carerobot_slam_ros2/install/robot_navigation/include//utility/math_function.h
-- Installing: /home/zheng/carerobot_slam_ros2/install/robot_navigation/include//math_tools
-- Installing: /home/zheng/carerobot_slam_ros2/install/robot_navigation/include//math_tools/filter.h
-- Installing: /home/zheng/carerobot_slam_ros2/install/robot_navigation/include//math_tools/curve_fitting.h
-- Installing: /home/zheng/carerobot_slam_ros2/install/robot_navigation/include//path_optimization
-- Installing: /home/zheng/carerobot_slam_ros2/install/robot_navigation/include//path_optimization/fast_security.h
-- Installing: /home/zheng/carerobot_slam_ros2/install/robot_navigation/include//path_optimization/minimum_snap.h
-- Installing: /home/zheng/carerobot_slam_ros2/install/robot_navigation/include//path_optimization/bspline_optimizer.h
-- Installing: /home/zheng/carerobot_slam_ros2/install/robot_navigation/include//path_optimization/bezier_curve.h
-- Installing: /home/zheng/carerobot_slam_ros2/install/robot_navigation/include//path_optimization/corridor_optimizer.h
-- Installing: /home/zheng/carerobot_slam_ros2/install/robot_navigation/include//path_optimization/non_uniform_bspline.h
-- Installing: /home/zheng/carerobot_slam_ros2/install/robot_navigation/include//path_optimization/BSpline.h
-- Installing: /home/zheng/carerobot_slam_ros2/install/robot_navigation/include//path_follow
-- Installing: /home/zheng/carerobot_slam_ros2/install/robot_navigation/include//path_follow/pid_follow.h
-- Installing: /home/zheng/carerobot_slam_ros2/install/robot_navigation/include//local_plan
-- Installing: /home/zheng/carerobot_slam_ros2/install/robot_navigation/include//local_plan/differential_dwa.h
-- Installing: /home/zheng/carerobot_slam_ros2/install/robot_navigation/share/robot_navigation/config
-- Installing: /home/zheng/carerobot_slam_ros2/install/robot_navigation/share/robot_navigation/config/dwa_param.yaml
-- Installing: /home/zheng/carerobot_slam_ros2/install/robot_navigation/share/robot_navigation/config/navigation_param.yaml
-- Installing: /home/zheng/carerobot_slam_ros2/install/robot_navigation/share/robot_navigation/config/pid_param.yaml
-- Installing: /home/zheng/carerobot_slam_ros2/install/robot_navigation/share/robot_navigation/launch
-- Installing: /home/zheng/carerobot_slam_ros2/install/robot_navigation/share/robot_navigation/launch/motionPlan.launch.py
-- Installing: /home/zheng/carerobot_slam_ros2/install/robot_navigation/share/robot_navigation/launch/Differential_DWA.launch
-- Installing: /home/zheng/carerobot_slam_ros2/install/robot_navigation/share/ament_index/resource_index/package_run_dependencies/robot_navigation
-- Installing: /home/zheng/carerobot_slam_ros2/install/robot_navigation/share/ament_index/resource_index/parent_prefix_path/robot_navigation
-- Installing: /home/zheng/carerobot_slam_ros2/install/robot_navigation/share/robot_navigation/environment/ament_prefix_path.sh
-- Installing: /home/zheng/carerobot_slam_ros2/install/robot_navigation/share/robot_navigation/environment/ament_prefix_path.dsv
-- Installing: /home/zheng/carerobot_slam_ros2/install/robot_navigation/share/robot_navigation/environment/path.sh
-- Installing: /home/zheng/carerobot_slam_ros2/install/robot_navigation/share/robot_navigation/environment/path.dsv
-- Installing: /home/zheng/carerobot_slam_ros2/install/robot_navigation/share/robot_navigation/local_setup.bash
-- Installing: /home/zheng/carerobot_slam_ros2/install/robot_navigation/share/robot_navigation/local_setup.sh
-- Installing: /home/zheng/carerobot_slam_ros2/install/robot_navigation/share/robot_navigation/local_setup.zsh
-- Installing: /home/zheng/carerobot_slam_ros2/install/robot_navigation/share/robot_navigation/local_setup.dsv
-- Installing: /home/zheng/carerobot_slam_ros2/install/robot_navigation/share/robot_navigation/package.dsv
-- Installing: /home/zheng/carerobot_slam_ros2/install/robot_navigation/share/ament_index/resource_index/packages/robot_navigation
-- Installing: /home/zheng/carerobot_slam_ros2/install/robot_navigation/share/robot_navigation/cmake/robot_navigationConfig.cmake
-- Installing: /home/zheng/carerobot_slam_ros2/install/robot_navigation/share/robot_navigation/cmake/robot_navigationConfig-version.cmake
-- Installing: /home/zheng/carerobot_slam_ros2/install/robot_navigation/share/robot_navigation/package.xml
