[0.202s] Invoking command in '/home/zheng/carerobot_slam_ros2/build/read_laser_data': CMAKE_PREFIX_PATH=/opt/ros/humble /usr/bin/cmake --build /home/zheng/carerobot_slam_ros2/build/read_laser_data -- -j8 -l8
[0.786s] [35m[1mConsolidate compiler generated dependencies of target merger_node[0m
[0.880s] [100%] Built target merger_node
[0.926s] Invoked command in '/home/zheng/carerobot_slam_ros2/build/read_laser_data' returned '0': CMAKE_PREFIX_PATH=/opt/ros/humble /usr/bin/cmake --build /home/zheng/carerobot_slam_ros2/build/read_laser_data -- -j8 -l8
[0.995s] Invoking command in '/home/zheng/carerobot_slam_ros2/build/read_laser_data': CMAKE_PREFIX_PATH=/opt/ros/humble /usr/bin/cmake --install /home/zheng/carerobot_slam_ros2/build/read_laser_data
[1.023s] -- Install configuration: ""
[1.036s] -- Up-to-date: /home/zheng/carerobot_slam_ros2/install/read_laser_data/lib/read_laser_data/merger_node
[1.037s] -- Up-to-date: /home/zheng/carerobot_slam_ros2/install/read_laser_data/share/read_laser_data/launch
[1.037s] -- Up-to-date: /home/zheng/carerobot_slam_ros2/install/read_laser_data/share/read_laser_data/launch/scan_merge.launch.py
[1.037s] -- Up-to-date: /home/zheng/carerobot_slam_ros2/install/read_laser_data/share/ament_index/resource_index/package_run_dependencies/read_laser_data
[1.037s] -- Up-to-date: /home/zheng/carerobot_slam_ros2/install/read_laser_data/share/ament_index/resource_index/parent_prefix_path/read_laser_data
[1.038s] -- Up-to-date: /home/zheng/carerobot_slam_ros2/install/read_laser_data/share/read_laser_data/environment/ament_prefix_path.sh
[1.038s] -- Up-to-date: /home/zheng/carerobot_slam_ros2/install/read_laser_data/share/read_laser_data/environment/ament_prefix_path.dsv
[1.038s] -- Up-to-date: /home/zheng/carerobot_slam_ros2/install/read_laser_data/share/read_laser_data/environment/path.sh
[1.038s] -- Up-to-date: /home/zheng/carerobot_slam_ros2/install/read_laser_data/share/read_laser_data/environment/path.dsv
[1.038s] -- Up-to-date: /home/zheng/carerobot_slam_ros2/install/read_laser_data/share/read_laser_data/local_setup.bash
[1.038s] -- Up-to-date: /home/zheng/carerobot_slam_ros2/install/read_laser_data/share/read_laser_data/local_setup.sh
[1.038s] -- Up-to-date: /home/zheng/carerobot_slam_ros2/install/read_laser_data/share/read_laser_data/local_setup.zsh
[1.038s] -- Up-to-date: /home/zheng/carerobot_slam_ros2/install/read_laser_data/share/read_laser_data/local_setup.dsv
[1.038s] -- Installing: /home/zheng/carerobot_slam_ros2/install/read_laser_data/share/read_laser_data/package.dsv
[1.073s] -- Up-to-date: /home/zheng/carerobot_slam_ros2/install/read_laser_data/share/ament_index/resource_index/packages/read_laser_data
[1.074s] -- Up-to-date: /home/zheng/carerobot_slam_ros2/install/read_laser_data/share/read_laser_data/cmake/read_laser_dataConfig.cmake
[1.074s] -- Up-to-date: /home/zheng/carerobot_slam_ros2/install/read_laser_data/share/read_laser_data/cmake/read_laser_dataConfig-version.cmake
[1.074s] -- Up-to-date: /home/zheng/carerobot_slam_ros2/install/read_laser_data/share/read_laser_data/package.xml
[1.077s] Invoked command in '/home/zheng/carerobot_slam_ros2/build/read_laser_data' returned '0': CMAKE_PREFIX_PATH=/opt/ros/humble /usr/bin/cmake --install /home/zheng/carerobot_slam_ros2/build/read_laser_data
