[0.610s] Invoking command in '/home/zheng/carerobot_slam_ros2/build/explore_lite': CMAKE_PREFIX_PATH=/opt/ros/humble /usr/bin/cmake --build /home/zheng/carerobot_slam_ros2/build/explore_lite -- -j8 -l8
[1.177s] [35m[1mConsolidate compiler generated dependencies of target explore[0m
[1.203s] [100%] Built target explore
[1.216s] Invoked command in '/home/zheng/carerobot_slam_ros2/build/explore_lite' returned '0': CMAKE_PREFIX_PATH=/opt/ros/humble /usr/bin/cmake --build /home/zheng/carerobot_slam_ros2/build/explore_lite -- -j8 -l8
[1.238s] Invoking command in '/home/zheng/carerobot_slam_ros2/build/explore_lite': CMAKE_PREFIX_PATH=/opt/ros/humble /usr/bin/cmake --install /home/zheng/carerobot_slam_ros2/build/explore_lite
[1.282s] -- Install configuration: ""
[1.358s] -- Up-to-date: /home/zheng/carerobot_slam_ros2/install/explore_lite/lib/explore_lite/explore
[1.359s] -- Up-to-date: /home/zheng/carerobot_slam_ros2/install/explore_lite/share/explore_lite/launch
[1.359s] -- Installing: /home/zheng/carerobot_slam_ros2/install/explore_lite/share/explore_lite/launch/explore.launch.py
[1.360s] -- Up-to-date: /home/zheng/carerobot_slam_ros2/install/explore_lite/share/explore_lite/launch/explore_costmap.launch
[1.360s] -- Up-to-date: /home/zheng/carerobot_slam_ros2/install/explore_lite/share/ament_index/resource_index/package_run_dependencies/explore_lite
[1.360s] -- Up-to-date: /home/zheng/carerobot_slam_ros2/install/explore_lite/share/ament_index/resource_index/parent_prefix_path/explore_lite
[1.360s] -- Up-to-date: /home/zheng/carerobot_slam_ros2/install/explore_lite/share/explore_lite/environment/ament_prefix_path.sh
[1.360s] -- Up-to-date: /home/zheng/carerobot_slam_ros2/install/explore_lite/share/explore_lite/environment/ament_prefix_path.dsv
[1.360s] -- Up-to-date: /home/zheng/carerobot_slam_ros2/install/explore_lite/share/explore_lite/environment/path.sh
[1.360s] -- Up-to-date: /home/zheng/carerobot_slam_ros2/install/explore_lite/share/explore_lite/environment/path.dsv
[1.360s] -- Up-to-date: /home/zheng/carerobot_slam_ros2/install/explore_lite/share/explore_lite/local_setup.bash
[1.360s] -- Up-to-date: /home/zheng/carerobot_slam_ros2/install/explore_lite/share/explore_lite/local_setup.sh
[1.361s] -- Up-to-date: /home/zheng/carerobot_slam_ros2/install/explore_lite/share/explore_lite/local_setup.zsh
[1.361s] -- Up-to-date: /home/zheng/carerobot_slam_ros2/install/explore_lite/share/explore_lite/local_setup.dsv
[1.361s] -- Installing: /home/zheng/carerobot_slam_ros2/install/explore_lite/share/explore_lite/package.dsv
[1.367s] -- Up-to-date: /home/zheng/carerobot_slam_ros2/install/explore_lite/share/ament_index/resource_index/packages/explore_lite
[1.367s] -- Up-to-date: /home/zheng/carerobot_slam_ros2/install/explore_lite/share/explore_lite/cmake/explore_liteConfig.cmake
[1.367s] -- Up-to-date: /home/zheng/carerobot_slam_ros2/install/explore_lite/share/explore_lite/cmake/explore_liteConfig-version.cmake
[1.367s] -- Up-to-date: /home/zheng/carerobot_slam_ros2/install/explore_lite/share/explore_lite/package.xml
[1.432s] Invoked command in '/home/zheng/carerobot_slam_ros2/build/explore_lite' returned '0': CMAKE_PREFIX_PATH=/opt/ros/humble /usr/bin/cmake --install /home/zheng/carerobot_slam_ros2/build/explore_lite
