[0.074s] Invoking command in '/home/zheng/carerobot_slam_ros2/build/robot_communication': CMAKE_PREFIX_PATH=${CMAKE_PREFIX_PATH}:/opt/ros/humble /usr/bin/cmake --build /home/zheng/carerobot_slam_ros2/build/robot_communication -- -j8 -l8
[0.566s] [  1%] Built target robot_communication__rs
[0.567s] [  2%] Built target robot_communication__cpp
[0.573s] [  2%] Built target ament_cmake_python_copy_robot_communication
[0.668s] [ 13%] Built target robot_communication__rosidl_typesupport_introspection_cpp
[0.671s] [ 25%] Built target robot_communication__rosidl_typesupport_cpp
[0.674s] [ 36%] Built target robot_communication__rosidl_generator_c
[0.791s] [ 47%] Built target robot_communication__rosidl_typesupport_fastrtps_cpp
[0.804s] [ 58%] Built target robot_communication__rosidl_typesupport_fastrtps_c
[0.828s] [ 70%] Built target robot_communication__rosidl_typesupport_introspection_c
[0.837s] [ 81%] Built target robot_communication__rosidl_typesupport_c
[0.961s] [ 81%] Built target robot_communication
[1.034s] [ 82%] Built target robot_communication__py
[1.141s] [ 92%] Built target robot_communication__rosidl_generator_py
[1.259s] [ 95%] Built target robot_communication__rosidl_typesupport_c__pyext
[1.268s] [ 97%] Built target robot_communication__rosidl_typesupport_introspection_c__pyext
[1.310s] [100%] Built target robot_communication__rosidl_typesupport_fastrtps_c__pyext
[1.757s] running egg_info
[1.758s] writing robot_communication.egg-info/PKG-INFO
[1.759s] writing dependency_links to robot_communication.egg-info/dependency_links.txt
[1.759s] writing top-level names to robot_communication.egg-info/top_level.txt
[1.772s] reading manifest file 'robot_communication.egg-info/SOURCES.txt'
[1.773s] writing manifest file 'robot_communication.egg-info/SOURCES.txt'
[1.883s] [100%] Built target ament_cmake_python_build_robot_communication_egg
[1.915s] Invoked command in '/home/zheng/carerobot_slam_ros2/build/robot_communication' returned '0': CMAKE_PREFIX_PATH=${CMAKE_PREFIX_PATH}:/opt/ros/humble /usr/bin/cmake --build /home/zheng/carerobot_slam_ros2/build/robot_communication -- -j8 -l8
[1.924s] Invoking command in '/home/zheng/carerobot_slam_ros2/build/robot_communication': CMAKE_PREFIX_PATH=${CMAKE_PREFIX_PATH}:/opt/ros/humble /usr/bin/cmake --install /home/zheng/carerobot_slam_ros2/build/robot_communication
[1.944s] -- Install configuration: ""
[1.946s] -- Up-to-date: /home/zheng/carerobot_slam_ros2/install/robot_communication/share/ament_index/resource_index/rosidl_interfaces/robot_communication
[1.947s] -- Up-to-date: /home/zheng/carerobot_slam_ros2/install/robot_communication/include/robot_communication/robot_communication
[1.947s] -- Up-to-date: /home/zheng/carerobot_slam_ros2/install/robot_communication/include/robot_communication/robot_communication/action
[1.950s] -- Up-to-date: /home/zheng/carerobot_slam_ros2/install/robot_communication/include/robot_communication/robot_communication/action/do_dishes.h
[1.951s] -- Up-to-date: /home/zheng/carerobot_slam_ros2/install/robot_communication/include/robot_communication/robot_communication/action/detail
[1.951s] -- Up-to-date: /home/zheng/carerobot_slam_ros2/install/robot_communication/include/robot_communication/robot_communication/action/detail/do_dishes__functions.c
[1.951s] -- Up-to-date: /home/zheng/carerobot_slam_ros2/install/robot_communication/include/robot_communication/robot_communication/action/detail/do_dishes__functions.h
[1.951s] -- Up-to-date: /home/zheng/carerobot_slam_ros2/install/robot_communication/include/robot_communication/robot_communication/action/detail/do_dishes__type_support.h
[1.951s] -- Up-to-date: /home/zheng/carerobot_slam_ros2/install/robot_communication/include/robot_communication/robot_communication/action/detail/do_dishes__struct.h
[1.951s] -- Up-to-date: /home/zheng/carerobot_slam_ros2/install/robot_communication/include/robot_communication/robot_communication/msg
[1.951s] -- Up-to-date: /home/zheng/carerobot_slam_ros2/install/robot_communication/include/robot_communication/robot_communication/msg/localization_info_broadcast.h
[1.952s] -- Up-to-date: /home/zheng/carerobot_slam_ros2/install/robot_communication/include/robot_communication/robot_communication/msg/chassis_control.h
[1.952s] -- Up-to-date: /home/zheng/carerobot_slam_ros2/install/robot_communication/include/robot_communication/robot_communication/msg/goal.h
[1.952s] -- Up-to-date: /home/zheng/carerobot_slam_ros2/install/robot_communication/include/robot_communication/robot_communication/msg/bspline.h
[1.952s] -- Up-to-date: /home/zheng/carerobot_slam_ros2/install/robot_communication/include/robot_communication/robot_communication/msg/rosidl_generator_c__visibility_control.h
[1.952s] -- Up-to-date: /home/zheng/carerobot_slam_ros2/install/robot_communication/include/robot_communication/robot_communication/msg/sensor_data.h
[1.953s] -- Up-to-date: /home/zheng/carerobot_slam_ros2/install/robot_communication/include/robot_communication/robot_communication/msg/esdf_map.h
[1.953s] -- Up-to-date: /home/zheng/carerobot_slam_ros2/install/robot_communication/include/robot_communication/robot_communication/msg/detail
[1.953s] -- Up-to-date: /home/zheng/carerobot_slam_ros2/install/robot_communication/include/robot_communication/robot_communication/msg/detail/chassis_control__functions.c
[1.953s] -- Up-to-date: /home/zheng/carerobot_slam_ros2/install/robot_communication/include/robot_communication/robot_communication/msg/detail/bspline__functions.c
[1.953s] -- Up-to-date: /home/zheng/carerobot_slam_ros2/install/robot_communication/include/robot_communication/robot_communication/msg/detail/bspline__functions.h
[1.953s] -- Up-to-date: /home/zheng/carerobot_slam_ros2/install/robot_communication/include/robot_communication/robot_communication/msg/detail/chassis_control__type_support.h
[1.953s] -- Up-to-date: /home/zheng/carerobot_slam_ros2/install/robot_communication/include/robot_communication/robot_communication/msg/detail/esdf_map__functions.h
[1.954s] -- Up-to-date: /home/zheng/carerobot_slam_ros2/install/robot_communication/include/robot_communication/robot_communication/msg/detail/esdf_map__type_support.h
[1.954s] -- Up-to-date: /home/zheng/carerobot_slam_ros2/install/robot_communication/include/robot_communication/robot_communication/msg/detail/bspline__struct.h
[1.954s] -- Up-to-date: /home/zheng/carerobot_slam_ros2/install/robot_communication/include/robot_communication/robot_communication/msg/detail/sensor_data__functions.h
[1.954s] -- Up-to-date: /home/zheng/carerobot_slam_ros2/install/robot_communication/include/robot_communication/robot_communication/msg/detail/esdf_map__struct.h
[1.954s] -- Up-to-date: /home/zheng/carerobot_slam_ros2/install/robot_communication/include/robot_communication/robot_communication/msg/detail/sensor_data__functions.c
[1.954s] -- Up-to-date: /home/zheng/carerobot_slam_ros2/install/robot_communication/include/robot_communication/robot_communication/msg/detail/localization_info_broadcast__type_support.h
[1.955s] -- Up-to-date: /home/zheng/carerobot_slam_ros2/install/robot_communication/include/robot_communication/robot_communication/msg/detail/localization_info_broadcast__functions.h
[1.956s] -- Up-to-date: /home/zheng/carerobot_slam_ros2/install/robot_communication/include/robot_communication/robot_communication/msg/detail/chassis_control__functions.h
[1.964s] -- Up-to-date: /home/zheng/carerobot_slam_ros2/install/robot_communication/include/robot_communication/robot_communication/msg/detail/goal__functions.h
[1.965s] -- Up-to-date: /home/zheng/carerobot_slam_ros2/install/robot_communication/include/robot_communication/robot_communication/msg/detail/goal__type_support.h
[1.965s] -- Up-to-date: /home/zheng/carerobot_slam_ros2/install/robot_communication/include/robot_communication/robot_communication/msg/detail/sensor_data__type_support.h
[1.965s] -- Up-to-date: /home/zheng/carerobot_slam_ros2/install/robot_communication/include/robot_communication/robot_communication/msg/detail/localization_info_broadcast__functions.c
[1.966s] -- Up-to-date: /home/zheng/carerobot_slam_ros2/install/robot_communication/include/robot_communication/robot_communication/msg/detail/esdf_map__functions.c
[1.966s] -- Up-to-date: /home/zheng/carerobot_slam_ros2/install/robot_communication/include/robot_communication/robot_communication/msg/detail/bspline__type_support.h
[1.966s] -- Up-to-date: /home/zheng/carerobot_slam_ros2/install/robot_communication/include/robot_communication/robot_communication/msg/detail/sensor_data__struct.h
[1.967s] -- Up-to-date: /home/zheng/carerobot_slam_ros2/install/robot_communication/include/robot_communication/robot_communication/msg/detail/goal__functions.c
[1.967s] -- Up-to-date: /home/zheng/carerobot_slam_ros2/install/robot_communication/include/robot_communication/robot_communication/msg/detail/chassis_control__struct.h
[1.967s] -- Up-to-date: /home/zheng/carerobot_slam_ros2/install/robot_communication/include/robot_communication/robot_communication/msg/detail/goal__struct.h
[1.967s] -- Up-to-date: /home/zheng/carerobot_slam_ros2/install/robot_communication/include/robot_communication/robot_communication/msg/detail/localization_info_broadcast__struct.h
[1.967s] -- Up-to-date: /home/zheng/carerobot_slam_ros2/install/robot_communication/share/robot_communication/environment/library_path.sh
[1.967s] -- Up-to-date: /home/zheng/carerobot_slam_ros2/install/robot_communication/share/robot_communication/environment/library_path.dsv
[1.967s] -- Up-to-date: /home/zheng/carerobot_slam_ros2/install/robot_communication/lib/librobot_communication__rosidl_generator_c.so
[1.967s] -- Up-to-date: /home/zheng/carerobot_slam_ros2/install/robot_communication/include/robot_communication/robot_communication
[1.967s] -- Up-to-date: /home/zheng/carerobot_slam_ros2/install/robot_communication/include/robot_communication/robot_communication/action
[1.968s] -- Up-to-date: /home/zheng/carerobot_slam_ros2/install/robot_communication/include/robot_communication/robot_communication/action/detail
[1.968s] -- Up-to-date: /home/zheng/carerobot_slam_ros2/install/robot_communication/include/robot_communication/robot_communication/action/detail/do_dishes__rosidl_typesupport_fastrtps_c.h
[1.968s] -- Up-to-date: /home/zheng/carerobot_slam_ros2/install/robot_communication/include/robot_communication/robot_communication/msg
[1.968s] -- Up-to-date: /home/zheng/carerobot_slam_ros2/install/robot_communication/include/robot_communication/robot_communication/msg/rosidl_typesupport_fastrtps_c__visibility_control.h
[1.968s] -- Up-to-date: /home/zheng/carerobot_slam_ros2/install/robot_communication/include/robot_communication/robot_communication/msg/detail
[1.968s] -- Up-to-date: /home/zheng/carerobot_slam_ros2/install/robot_communication/include/robot_communication/robot_communication/msg/detail/bspline__rosidl_typesupport_fastrtps_c.h
[1.968s] -- Up-to-date: /home/zheng/carerobot_slam_ros2/install/robot_communication/include/robot_communication/robot_communication/msg/detail/esdf_map__rosidl_typesupport_fastrtps_c.h
[1.968s] -- Up-to-date: /home/zheng/carerobot_slam_ros2/install/robot_communication/include/robot_communication/robot_communication/msg/detail/localization_info_broadcast__rosidl_typesupport_fastrtps_c.h
[1.968s] -- Up-to-date: /home/zheng/carerobot_slam_ros2/install/robot_communication/include/robot_communication/robot_communication/msg/detail/sensor_data__rosidl_typesupport_fastrtps_c.h
[1.968s] -- Up-to-date: /home/zheng/carerobot_slam_ros2/install/robot_communication/include/robot_communication/robot_communication/msg/detail/goal__rosidl_typesupport_fastrtps_c.h
[1.969s] -- Up-to-date: /home/zheng/carerobot_slam_ros2/install/robot_communication/include/robot_communication/robot_communication/msg/detail/chassis_control__rosidl_typesupport_fastrtps_c.h
[1.969s] -- Up-to-date: /home/zheng/carerobot_slam_ros2/install/robot_communication/lib/librobot_communication__rosidl_typesupport_fastrtps_c.so
[1.969s] -- Up-to-date: /home/zheng/carerobot_slam_ros2/install/robot_communication/include/robot_communication/robot_communication
[1.969s] -- Up-to-date: /home/zheng/carerobot_slam_ros2/install/robot_communication/include/robot_communication/robot_communication/action
[1.970s] -- Up-to-date: /home/zheng/carerobot_slam_ros2/install/robot_communication/include/robot_communication/robot_communication/action/detail
[1.971s] -- Up-to-date: /home/zheng/carerobot_slam_ros2/install/robot_communication/include/robot_communication/robot_communication/action/detail/do_dishes__rosidl_typesupport_introspection_c.h
[1.972s] -- Up-to-date: /home/zheng/carerobot_slam_ros2/install/robot_communication/include/robot_communication/robot_communication/action/detail/do_dishes__type_support.c
[1.973s] -- Up-to-date: /home/zheng/carerobot_slam_ros2/install/robot_communication/include/robot_communication/robot_communication/msg
[1.973s] -- Up-to-date: /home/zheng/carerobot_slam_ros2/install/robot_communication/include/robot_communication/robot_communication/msg/rosidl_typesupport_introspection_c__visibility_control.h
[1.974s] -- Up-to-date: /home/zheng/carerobot_slam_ros2/install/robot_communication/include/robot_communication/robot_communication/msg/detail
[1.974s] -- Up-to-date: /home/zheng/carerobot_slam_ros2/install/robot_communication/include/robot_communication/robot_communication/msg/detail/esdf_map__rosidl_typesupport_introspection_c.h
[1.974s] -- Up-to-date: /home/zheng/carerobot_slam_ros2/install/robot_communication/include/robot_communication/robot_communication/msg/detail/bspline__type_support.c
[1.974s] -- Up-to-date: /home/zheng/carerobot_slam_ros2/install/robot_communication/include/robot_communication/robot_communication/msg/detail/bspline__rosidl_typesupport_introspection_c.h
[1.975s] -- Up-to-date: /home/zheng/carerobot_slam_ros2/install/robot_communication/include/robot_communication/robot_communication/msg/detail/chassis_control__rosidl_typesupport_introspection_c.h
[1.975s] -- Up-to-date: /home/zheng/carerobot_slam_ros2/install/robot_communication/include/robot_communication/robot_communication/msg/detail/goal__rosidl_typesupport_introspection_c.h
[1.976s] -- Up-to-date: /home/zheng/carerobot_slam_ros2/install/robot_communication/include/robot_communication/robot_communication/msg/detail/localization_info_broadcast__type_support.c
[1.977s] -- Up-to-date: /home/zheng/carerobot_slam_ros2/install/robot_communication/include/robot_communication/robot_communication/msg/detail/chassis_control__type_support.c
[1.977s] -- Up-to-date: /home/zheng/carerobot_slam_ros2/install/robot_communication/include/robot_communication/robot_communication/msg/detail/goal__type_support.c
[1.977s] -- Up-to-date: /home/zheng/carerobot_slam_ros2/install/robot_communication/include/robot_communication/robot_communication/msg/detail/sensor_data__type_support.c
[1.977s] -- Up-to-date: /home/zheng/carerobot_slam_ros2/install/robot_communication/include/robot_communication/robot_communication/msg/detail/sensor_data__rosidl_typesupport_introspection_c.h
[1.978s] -- Up-to-date: /home/zheng/carerobot_slam_ros2/install/robot_communication/include/robot_communication/robot_communication/msg/detail/esdf_map__type_support.c
[1.978s] -- Up-to-date: /home/zheng/carerobot_slam_ros2/install/robot_communication/include/robot_communication/robot_communication/msg/detail/localization_info_broadcast__rosidl_typesupport_introspection_c.h
[1.978s] -- Up-to-date: /home/zheng/carerobot_slam_ros2/install/robot_communication/lib/librobot_communication__rosidl_typesupport_introspection_c.so
[1.978s] -- Up-to-date: /home/zheng/carerobot_slam_ros2/install/robot_communication/lib/librobot_communication__rosidl_typesupport_c.so
[1.978s] -- Up-to-date: /home/zheng/carerobot_slam_ros2/install/robot_communication/include/robot_communication/robot_communication
[1.978s] -- Up-to-date: /home/zheng/carerobot_slam_ros2/install/robot_communication/include/robot_communication/robot_communication/action
[1.978s] -- Up-to-date: /home/zheng/carerobot_slam_ros2/install/robot_communication/include/robot_communication/robot_communication/action/do_dishes.hpp
[1.979s] -- Up-to-date: /home/zheng/carerobot_slam_ros2/install/robot_communication/include/robot_communication/robot_communication/action/detail
[1.979s] -- Up-to-date: /home/zheng/carerobot_slam_ros2/install/robot_communication/include/robot_communication/robot_communication/action/detail/do_dishes__type_support.hpp
[1.979s] -- Up-to-date: /home/zheng/carerobot_slam_ros2/install/robot_communication/include/robot_communication/robot_communication/action/detail/do_dishes__builder.hpp
[1.979s] -- Up-to-date: /home/zheng/carerobot_slam_ros2/install/robot_communication/include/robot_communication/robot_communication/action/detail/do_dishes__traits.hpp
[1.979s] -- Up-to-date: /home/zheng/carerobot_slam_ros2/install/robot_communication/include/robot_communication/robot_communication/action/detail/do_dishes__struct.hpp
[1.979s] -- Up-to-date: /home/zheng/carerobot_slam_ros2/install/robot_communication/include/robot_communication/robot_communication/msg
[1.979s] -- Up-to-date: /home/zheng/carerobot_slam_ros2/install/robot_communication/include/robot_communication/robot_communication/msg/bspline.hpp
[1.980s] -- Up-to-date: /home/zheng/carerobot_slam_ros2/install/robot_communication/include/robot_communication/robot_communication/msg/chassis_control.hpp
[1.980s] -- Up-to-date: /home/zheng/carerobot_slam_ros2/install/robot_communication/include/robot_communication/robot_communication/msg/sensor_data.hpp
[1.980s] -- Up-to-date: /home/zheng/carerobot_slam_ros2/install/robot_communication/include/robot_communication/robot_communication/msg/localization_info_broadcast.hpp
[1.980s] -- Up-to-date: /home/zheng/carerobot_slam_ros2/install/robot_communication/include/robot_communication/robot_communication/msg/rosidl_generator_cpp__visibility_control.hpp
[1.980s] -- Up-to-date: /home/zheng/carerobot_slam_ros2/install/robot_communication/include/robot_communication/robot_communication/msg/goal.hpp
[1.980s] -- Up-to-date: /home/zheng/carerobot_slam_ros2/install/robot_communication/include/robot_communication/robot_communication/msg/esdf_map.hpp
[1.980s] -- Up-to-date: /home/zheng/carerobot_slam_ros2/install/robot_communication/include/robot_communication/robot_communication/msg/detail
[1.980s] -- Up-to-date: /home/zheng/carerobot_slam_ros2/install/robot_communication/include/robot_communication/robot_communication/msg/detail/goal__traits.hpp
[1.981s] -- Up-to-date: /home/zheng/carerobot_slam_ros2/install/robot_communication/include/robot_communication/robot_communication/msg/detail/sensor_data__builder.hpp
[1.981s] -- Up-to-date: /home/zheng/carerobot_slam_ros2/install/robot_communication/include/robot_communication/robot_communication/msg/detail/localization_info_broadcast__traits.hpp
[1.981s] -- Up-to-date: /home/zheng/carerobot_slam_ros2/install/robot_communication/include/robot_communication/robot_communication/msg/detail/goal__builder.hpp
[1.981s] -- Up-to-date: /home/zheng/carerobot_slam_ros2/install/robot_communication/include/robot_communication/robot_communication/msg/detail/localization_info_broadcast__type_support.hpp
[1.981s] -- Up-to-date: /home/zheng/carerobot_slam_ros2/install/robot_communication/include/robot_communication/robot_communication/msg/detail/chassis_control__builder.hpp
[1.981s] -- Up-to-date: /home/zheng/carerobot_slam_ros2/install/robot_communication/include/robot_communication/robot_communication/msg/detail/esdf_map__builder.hpp
[1.981s] -- Up-to-date: /home/zheng/carerobot_slam_ros2/install/robot_communication/include/robot_communication/robot_communication/msg/detail/localization_info_broadcast__struct.hpp
[1.981s] -- Up-to-date: /home/zheng/carerobot_slam_ros2/install/robot_communication/include/robot_communication/robot_communication/msg/detail/bspline__builder.hpp
[1.982s] -- Up-to-date: /home/zheng/carerobot_slam_ros2/install/robot_communication/include/robot_communication/robot_communication/msg/detail/sensor_data__type_support.hpp
[1.982s] -- Up-to-date: /home/zheng/carerobot_slam_ros2/install/robot_communication/include/robot_communication/robot_communication/msg/detail/chassis_control__struct.hpp
[1.982s] -- Up-to-date: /home/zheng/carerobot_slam_ros2/install/robot_communication/include/robot_communication/robot_communication/msg/detail/chassis_control__traits.hpp
[1.982s] -- Up-to-date: /home/zheng/carerobot_slam_ros2/install/robot_communication/include/robot_communication/robot_communication/msg/detail/bspline__type_support.hpp
[1.982s] -- Up-to-date: /home/zheng/carerobot_slam_ros2/install/robot_communication/include/robot_communication/robot_communication/msg/detail/localization_info_broadcast__builder.hpp
[1.982s] -- Up-to-date: /home/zheng/carerobot_slam_ros2/install/robot_communication/include/robot_communication/robot_communication/msg/detail/bspline__traits.hpp
[1.982s] -- Up-to-date: /home/zheng/carerobot_slam_ros2/install/robot_communication/include/robot_communication/robot_communication/msg/detail/goal__type_support.hpp
[1.983s] -- Up-to-date: /home/zheng/carerobot_slam_ros2/install/robot_communication/include/robot_communication/robot_communication/msg/detail/esdf_map__traits.hpp
[1.983s] -- Up-to-date: /home/zheng/carerobot_slam_ros2/install/robot_communication/include/robot_communication/robot_communication/msg/detail/esdf_map__type_support.hpp
[1.983s] -- Up-to-date: /home/zheng/carerobot_slam_ros2/install/robot_communication/include/robot_communication/robot_communication/msg/detail/goal__struct.hpp
[1.983s] -- Up-to-date: /home/zheng/carerobot_slam_ros2/install/robot_communication/include/robot_communication/robot_communication/msg/detail/sensor_data__traits.hpp
[1.983s] -- Up-to-date: /home/zheng/carerobot_slam_ros2/install/robot_communication/include/robot_communication/robot_communication/msg/detail/sensor_data__struct.hpp
[1.983s] -- Up-to-date: /home/zheng/carerobot_slam_ros2/install/robot_communication/include/robot_communication/robot_communication/msg/detail/bspline__struct.hpp
[1.984s] -- Up-to-date: /home/zheng/carerobot_slam_ros2/install/robot_communication/include/robot_communication/robot_communication/msg/detail/esdf_map__struct.hpp
[1.984s] -- Up-to-date: /home/zheng/carerobot_slam_ros2/install/robot_communication/include/robot_communication/robot_communication/msg/detail/chassis_control__type_support.hpp
[1.984s] -- Up-to-date: /home/zheng/carerobot_slam_ros2/install/robot_communication/include/robot_communication/robot_communication
[1.984s] -- Up-to-date: /home/zheng/carerobot_slam_ros2/install/robot_communication/include/robot_communication/robot_communication/action
[1.985s] -- Up-to-date: /home/zheng/carerobot_slam_ros2/install/robot_communication/include/robot_communication/robot_communication/action/detail
[1.985s] -- Up-to-date: /home/zheng/carerobot_slam_ros2/install/robot_communication/include/robot_communication/robot_communication/action/detail/do_dishes__rosidl_typesupport_fastrtps_cpp.hpp
[1.986s] -- Up-to-date: /home/zheng/carerobot_slam_ros2/install/robot_communication/include/robot_communication/robot_communication/action/detail/dds_fastrtps
[1.989s] -- Up-to-date: /home/zheng/carerobot_slam_ros2/install/robot_communication/include/robot_communication/robot_communication/msg
[1.990s] -- Up-to-date: /home/zheng/carerobot_slam_ros2/install/robot_communication/include/robot_communication/robot_communication/msg/rosidl_typesupport_fastrtps_cpp__visibility_control.h
[1.991s] -- Up-to-date: /home/zheng/carerobot_slam_ros2/install/robot_communication/include/robot_communication/robot_communication/msg/detail
[1.992s] -- Up-to-date: /home/zheng/carerobot_slam_ros2/install/robot_communication/include/robot_communication/robot_communication/msg/detail/chassis_control__rosidl_typesupport_fastrtps_cpp.hpp
[1.994s] -- Up-to-date: /home/zheng/carerobot_slam_ros2/install/robot_communication/include/robot_communication/robot_communication/msg/detail/bspline__rosidl_typesupport_fastrtps_cpp.hpp
[1.995s] -- Up-to-date: /home/zheng/carerobot_slam_ros2/install/robot_communication/include/robot_communication/robot_communication/msg/detail/localization_info_broadcast__rosidl_typesupport_fastrtps_cpp.hpp
[1.995s] -- Up-to-date: /home/zheng/carerobot_slam_ros2/install/robot_communication/include/robot_communication/robot_communication/msg/detail/dds_fastrtps
[1.996s] -- Up-to-date: /home/zheng/carerobot_slam_ros2/install/robot_communication/include/robot_communication/robot_communication/msg/detail/esdf_map__rosidl_typesupport_fastrtps_cpp.hpp
[1.996s] -- Up-to-date: /home/zheng/carerobot_slam_ros2/install/robot_communication/include/robot_communication/robot_communication/msg/detail/goal__rosidl_typesupport_fastrtps_cpp.hpp
[1.996s] -- Up-to-date: /home/zheng/carerobot_slam_ros2/install/robot_communication/include/robot_communication/robot_communication/msg/detail/sensor_data__rosidl_typesupport_fastrtps_cpp.hpp
[1.996s] -- Up-to-date: /home/zheng/carerobot_slam_ros2/install/robot_communication/lib/librobot_communication__rosidl_typesupport_fastrtps_cpp.so
[1.998s] -- Up-to-date: /home/zheng/carerobot_slam_ros2/install/robot_communication/include/robot_communication/robot_communication
[1.998s] -- Up-to-date: /home/zheng/carerobot_slam_ros2/install/robot_communication/include/robot_communication/robot_communication/action
[1.998s] -- Up-to-date: /home/zheng/carerobot_slam_ros2/install/robot_communication/include/robot_communication/robot_communication/action/detail
[1.999s] -- Up-to-date: /home/zheng/carerobot_slam_ros2/install/robot_communication/include/robot_communication/robot_communication/action/detail/do_dishes__rosidl_typesupport_introspection_cpp.hpp
[1.999s] -- Up-to-date: /home/zheng/carerobot_slam_ros2/install/robot_communication/include/robot_communication/robot_communication/action/detail/do_dishes__type_support.cpp
[1.999s] -- Up-to-date: /home/zheng/carerobot_slam_ros2/install/robot_communication/include/robot_communication/robot_communication/msg
[1.999s] -- Up-to-date: /home/zheng/carerobot_slam_ros2/install/robot_communication/include/robot_communication/robot_communication/msg/detail
[1.999s] -- Up-to-date: /home/zheng/carerobot_slam_ros2/install/robot_communication/include/robot_communication/robot_communication/msg/detail/goal__rosidl_typesupport_introspection_cpp.hpp
[1.999s] -- Up-to-date: /home/zheng/carerobot_slam_ros2/install/robot_communication/include/robot_communication/robot_communication/msg/detail/esdf_map__rosidl_typesupport_introspection_cpp.hpp
[1.999s] -- Up-to-date: /home/zheng/carerobot_slam_ros2/install/robot_communication/include/robot_communication/robot_communication/msg/detail/sensor_data__rosidl_typesupport_introspection_cpp.hpp
[2.000s] -- Up-to-date: /home/zheng/carerobot_slam_ros2/install/robot_communication/include/robot_communication/robot_communication/msg/detail/chassis_control__type_support.cpp
[2.000s] -- Up-to-date: /home/zheng/carerobot_slam_ros2/install/robot_communication/include/robot_communication/robot_communication/msg/detail/bspline__rosidl_typesupport_introspection_cpp.hpp
[2.000s] -- Up-to-date: /home/zheng/carerobot_slam_ros2/install/robot_communication/include/robot_communication/robot_communication/msg/detail/bspline__type_support.cpp
[2.001s] -- Up-to-date: /home/zheng/carerobot_slam_ros2/install/robot_communication/include/robot_communication/robot_communication/msg/detail/localization_info_broadcast__type_support.cpp
[2.001s] -- Up-to-date: /home/zheng/carerobot_slam_ros2/install/robot_communication/include/robot_communication/robot_communication/msg/detail/sensor_data__type_support.cpp
[2.001s] -- Up-to-date: /home/zheng/carerobot_slam_ros2/install/robot_communication/include/robot_communication/robot_communication/msg/detail/chassis_control__rosidl_typesupport_introspection_cpp.hpp
[2.002s] -- Up-to-date: /home/zheng/carerobot_slam_ros2/install/robot_communication/include/robot_communication/robot_communication/msg/detail/esdf_map__type_support.cpp
[2.002s] -- Up-to-date: /home/zheng/carerobot_slam_ros2/install/robot_communication/include/robot_communication/robot_communication/msg/detail/localization_info_broadcast__rosidl_typesupport_introspection_cpp.hpp
[2.003s] -- Up-to-date: /home/zheng/carerobot_slam_ros2/install/robot_communication/include/robot_communication/robot_communication/msg/detail/goal__type_support.cpp
[2.003s] -- Up-to-date: /home/zheng/carerobot_slam_ros2/install/robot_communication/lib/librobot_communication__rosidl_typesupport_introspection_cpp.so
[2.003s] -- Up-to-date: /home/zheng/carerobot_slam_ros2/install/robot_communication/lib/librobot_communication__rosidl_typesupport_cpp.so
[2.003s] -- Up-to-date: /home/zheng/carerobot_slam_ros2/install/robot_communication/share/robot_communication/environment/pythonpath.sh
[2.003s] -- Up-to-date: /home/zheng/carerobot_slam_ros2/install/robot_communication/share/robot_communication/environment/pythonpath.dsv
[2.003s] -- Up-to-date: /home/zheng/carerobot_slam_ros2/install/robot_communication/local/lib/python3.10/dist-packages/robot_communication-0.0.0-py3.10.egg-info
[2.003s] -- Installing: /home/zheng/carerobot_slam_ros2/install/robot_communication/local/lib/python3.10/dist-packages/robot_communication-0.0.0-py3.10.egg-info/dependency_links.txt
[2.003s] -- Installing: /home/zheng/carerobot_slam_ros2/install/robot_communication/local/lib/python3.10/dist-packages/robot_communication-0.0.0-py3.10.egg-info/PKG-INFO
[2.003s] -- Installing: /home/zheng/carerobot_slam_ros2/install/robot_communication/local/lib/python3.10/dist-packages/robot_communication-0.0.0-py3.10.egg-info/top_level.txt
[2.004s] -- Installing: /home/zheng/carerobot_slam_ros2/install/robot_communication/local/lib/python3.10/dist-packages/robot_communication-0.0.0-py3.10.egg-info/SOURCES.txt
[2.004s] -- Up-to-date: /home/zheng/carerobot_slam_ros2/install/robot_communication/local/lib/python3.10/dist-packages/robot_communication
[2.004s] -- Up-to-date: /home/zheng/carerobot_slam_ros2/install/robot_communication/local/lib/python3.10/dist-packages/robot_communication/action
[2.004s] -- Up-to-date: /home/zheng/carerobot_slam_ros2/install/robot_communication/local/lib/python3.10/dist-packages/robot_communication/action/__init__.py
[2.004s] -- Up-to-date: /home/zheng/carerobot_slam_ros2/install/robot_communication/local/lib/python3.10/dist-packages/robot_communication/action/_do_dishes_s.c
[2.005s] -- Up-to-date: /home/zheng/carerobot_slam_ros2/install/robot_communication/local/lib/python3.10/dist-packages/robot_communication/action/_do_dishes.py
[2.005s] -- Up-to-date: /home/zheng/carerobot_slam_ros2/install/robot_communication/local/lib/python3.10/dist-packages/robot_communication/_robot_communication_s.ep.rosidl_typesupport_fastrtps_c.c
[2.005s] -- Up-to-date: /home/zheng/carerobot_slam_ros2/install/robot_communication/local/lib/python3.10/dist-packages/robot_communication/robot_communication_s__rosidl_typesupport_c.cpython-310-x86_64-linux-gnu.so
[2.006s] -- Up-to-date: /home/zheng/carerobot_slam_ros2/install/robot_communication/local/lib/python3.10/dist-packages/robot_communication/__init__.py
[2.006s] -- Up-to-date: /home/zheng/carerobot_slam_ros2/install/robot_communication/local/lib/python3.10/dist-packages/robot_communication/_robot_communication_s.ep.rosidl_typesupport_introspection_c.c
[2.006s] -- Up-to-date: /home/zheng/carerobot_slam_ros2/install/robot_communication/local/lib/python3.10/dist-packages/robot_communication/robot_communication_s__rosidl_typesupport_fastrtps_c.cpython-310-x86_64-linux-gnu.so
[2.007s] -- Up-to-date: /home/zheng/carerobot_slam_ros2/install/robot_communication/local/lib/python3.10/dist-packages/robot_communication/robot_communication_s__rosidl_typesupport_introspection_c.cpython-310-x86_64-linux-gnu.so
[2.008s] -- Up-to-date: /home/zheng/carerobot_slam_ros2/install/robot_communication/local/lib/python3.10/dist-packages/robot_communication/librobot_communication__rosidl_generator_py.so
[2.009s] -- Up-to-date: /home/zheng/carerobot_slam_ros2/install/robot_communication/local/lib/python3.10/dist-packages/robot_communication/_robot_communication_s.ep.rosidl_typesupport_c.c
[2.011s] -- Up-to-date: /home/zheng/carerobot_slam_ros2/install/robot_communication/local/lib/python3.10/dist-packages/robot_communication/msg
[2.012s] -- Up-to-date: /home/zheng/carerobot_slam_ros2/install/robot_communication/local/lib/python3.10/dist-packages/robot_communication/msg/_goal_s.c
[2.013s] -- Up-to-date: /home/zheng/carerobot_slam_ros2/install/robot_communication/local/lib/python3.10/dist-packages/robot_communication/msg/_bspline.py
[2.014s] -- Up-to-date: /home/zheng/carerobot_slam_ros2/install/robot_communication/local/lib/python3.10/dist-packages/robot_communication/msg/_localization_info_broadcast.py
[2.015s] -- Up-to-date: /home/zheng/carerobot_slam_ros2/install/robot_communication/local/lib/python3.10/dist-packages/robot_communication/msg/_chassis_control.py
[2.016s] -- Up-to-date: /home/zheng/carerobot_slam_ros2/install/robot_communication/local/lib/python3.10/dist-packages/robot_communication/msg/__init__.py
[2.016s] -- Up-to-date: /home/zheng/carerobot_slam_ros2/install/robot_communication/local/lib/python3.10/dist-packages/robot_communication/msg/_localization_info_broadcast_s.c
[2.017s] -- Up-to-date: /home/zheng/carerobot_slam_ros2/install/robot_communication/local/lib/python3.10/dist-packages/robot_communication/msg/_chassis_control_s.c
[2.017s] -- Up-to-date: /home/zheng/carerobot_slam_ros2/install/robot_communication/local/lib/python3.10/dist-packages/robot_communication/msg/_sensor_data_s.c
[2.018s] -- Up-to-date: /home/zheng/carerobot_slam_ros2/install/robot_communication/local/lib/python3.10/dist-packages/robot_communication/msg/_esdf_map_s.c
[2.019s] -- Up-to-date: /home/zheng/carerobot_slam_ros2/install/robot_communication/local/lib/python3.10/dist-packages/robot_communication/msg/_sensor_data.py
[2.019s] -- Up-to-date: /home/zheng/carerobot_slam_ros2/install/robot_communication/local/lib/python3.10/dist-packages/robot_communication/msg/_goal.py
[2.019s] -- Up-to-date: /home/zheng/carerobot_slam_ros2/install/robot_communication/local/lib/python3.10/dist-packages/robot_communication/msg/_bspline_s.c
[2.019s] -- Up-to-date: /home/zheng/carerobot_slam_ros2/install/robot_communication/local/lib/python3.10/dist-packages/robot_communication/msg/_esdf_map.py
[2.092s] Listing '/home/zheng/carerobot_slam_ros2/install/robot_communication/local/lib/python3.10/dist-packages/robot_communication'...
[2.092s] Listing '/home/zheng/carerobot_slam_ros2/install/robot_communication/local/lib/python3.10/dist-packages/robot_communication/action'...
[2.092s] Listing '/home/zheng/carerobot_slam_ros2/install/robot_communication/local/lib/python3.10/dist-packages/robot_communication/msg'...
[2.115s] -- Up-to-date: /home/zheng/carerobot_slam_ros2/install/robot_communication/local/lib/python3.10/dist-packages/robot_communication/robot_communication_s__rosidl_typesupport_fastrtps_c.cpython-310-x86_64-linux-gnu.so
[2.117s] -- Up-to-date: /home/zheng/carerobot_slam_ros2/install/robot_communication/local/lib/python3.10/dist-packages/robot_communication/robot_communication_s__rosidl_typesupport_introspection_c.cpython-310-x86_64-linux-gnu.so
[2.119s] -- Up-to-date: /home/zheng/carerobot_slam_ros2/install/robot_communication/local/lib/python3.10/dist-packages/robot_communication/robot_communication_s__rosidl_typesupport_c.cpython-310-x86_64-linux-gnu.so
[2.120s] -- Up-to-date: /home/zheng/carerobot_slam_ros2/install/robot_communication/lib/librobot_communication__rosidl_generator_py.so
[2.121s] -- Up-to-date: /home/zheng/carerobot_slam_ros2/install/robot_communication/share/ament_index/resource_index/rust_packages/robot_communication
[2.122s] -- Up-to-date: /home/zheng/carerobot_slam_ros2/install/robot_communication/share/robot_communication/rust
[2.123s] -- Up-to-date: /home/zheng/carerobot_slam_ros2/install/robot_communication/share/robot_communication/rust/src
[2.125s] -- Up-to-date: /home/zheng/carerobot_slam_ros2/install/robot_communication/share/robot_communication/rust/src/action
[2.126s] -- Up-to-date: /home/zheng/carerobot_slam_ros2/install/robot_communication/share/robot_communication/rust/src/action/rmw.rs
[2.127s] -- Up-to-date: /home/zheng/carerobot_slam_ros2/install/robot_communication/share/robot_communication/rust/src/action.rs
[2.127s] -- Up-to-date: /home/zheng/carerobot_slam_ros2/install/robot_communication/share/robot_communication/rust/src/msg.rs
[2.127s] -- Up-to-date: /home/zheng/carerobot_slam_ros2/install/robot_communication/share/robot_communication/rust/src/lib.rs
[2.127s] -- Up-to-date: /home/zheng/carerobot_slam_ros2/install/robot_communication/share/robot_communication/rust/src/msg
[2.128s] -- Up-to-date: /home/zheng/carerobot_slam_ros2/install/robot_communication/share/robot_communication/rust/src/msg/rmw.rs
[2.128s] -- Up-to-date: /home/zheng/carerobot_slam_ros2/install/robot_communication/share/robot_communication/rust/build.rs
[2.128s] -- Up-to-date: /home/zheng/carerobot_slam_ros2/install/robot_communication/share/robot_communication/rust/Cargo.toml
[2.128s] -- Up-to-date: /home/zheng/carerobot_slam_ros2/install/robot_communication/share/robot_communication/msg/LocalizationInfoBroadcast.idl
[2.129s] -- Up-to-date: /home/zheng/carerobot_slam_ros2/install/robot_communication/share/robot_communication/msg/ChassisControl.idl
[2.129s] -- Up-to-date: /home/zheng/carerobot_slam_ros2/install/robot_communication/share/robot_communication/msg/SensorData.idl
[2.129s] -- Up-to-date: /home/zheng/carerobot_slam_ros2/install/robot_communication/share/robot_communication/msg/Bspline.idl
[2.129s] -- Up-to-date: /home/zheng/carerobot_slam_ros2/install/robot_communication/share/robot_communication/msg/EsdfMap.idl
[2.129s] -- Up-to-date: /home/zheng/carerobot_slam_ros2/install/robot_communication/share/robot_communication/msg/Goal.idl
[2.129s] -- Up-to-date: /home/zheng/carerobot_slam_ros2/install/robot_communication/share/robot_communication/action/DoDishes.idl
[2.129s] -- Up-to-date: /home/zheng/carerobot_slam_ros2/install/robot_communication/share/robot_communication/msg/LocalizationInfoBroadcast.msg
[2.129s] -- Up-to-date: /home/zheng/carerobot_slam_ros2/install/robot_communication/share/robot_communication/msg/ChassisControl.msg
[2.130s] -- Up-to-date: /home/zheng/carerobot_slam_ros2/install/robot_communication/share/robot_communication/msg/SensorData.msg
[2.130s] -- Up-to-date: /home/zheng/carerobot_slam_ros2/install/robot_communication/share/robot_communication/msg/Bspline.msg
[2.130s] -- Up-to-date: /home/zheng/carerobot_slam_ros2/install/robot_communication/share/robot_communication/msg/EsdfMap.msg
[2.130s] -- Up-to-date: /home/zheng/carerobot_slam_ros2/install/robot_communication/share/robot_communication/msg/Goal.msg
[2.130s] -- Up-to-date: /home/zheng/carerobot_slam_ros2/install/robot_communication/share/robot_communication/action/DoDishes.action
[2.130s] -- Up-to-date: /home/zheng/carerobot_slam_ros2/install/robot_communication/share/ament_index/resource_index/package_run_dependencies/robot_communication
[2.130s] -- Up-to-date: /home/zheng/carerobot_slam_ros2/install/robot_communication/share/ament_index/resource_index/parent_prefix_path/robot_communication
[2.131s] -- Up-to-date: /home/zheng/carerobot_slam_ros2/install/robot_communication/share/robot_communication/environment/ament_prefix_path.sh
[2.131s] -- Up-to-date: /home/zheng/carerobot_slam_ros2/install/robot_communication/share/robot_communication/environment/ament_prefix_path.dsv
[2.131s] -- Up-to-date: /home/zheng/carerobot_slam_ros2/install/robot_communication/share/robot_communication/environment/path.sh
[2.131s] -- Up-to-date: /home/zheng/carerobot_slam_ros2/install/robot_communication/share/robot_communication/environment/path.dsv
[2.131s] -- Up-to-date: /home/zheng/carerobot_slam_ros2/install/robot_communication/share/robot_communication/local_setup.bash
[2.132s] -- Up-to-date: /home/zheng/carerobot_slam_ros2/install/robot_communication/share/robot_communication/local_setup.sh
[2.132s] -- Up-to-date: /home/zheng/carerobot_slam_ros2/install/robot_communication/share/robot_communication/local_setup.zsh
[2.132s] -- Up-to-date: /home/zheng/carerobot_slam_ros2/install/robot_communication/share/robot_communication/local_setup.dsv
[2.132s] -- Installing: /home/zheng/carerobot_slam_ros2/install/robot_communication/share/robot_communication/package.dsv
[2.132s] -- Up-to-date: /home/zheng/carerobot_slam_ros2/install/robot_communication/share/ament_index/resource_index/packages/robot_communication
[2.132s] -- Up-to-date: /home/zheng/carerobot_slam_ros2/install/robot_communication/share/robot_communication/cmake/export_robot_communication__rosidl_generator_cExport.cmake
[2.132s] -- Up-to-date: /home/zheng/carerobot_slam_ros2/install/robot_communication/share/robot_communication/cmake/export_robot_communication__rosidl_generator_cExport-noconfig.cmake
[2.133s] -- Up-to-date: /home/zheng/carerobot_slam_ros2/install/robot_communication/share/robot_communication/cmake/export_robot_communication__rosidl_typesupport_fastrtps_cExport.cmake
[2.133s] -- Up-to-date: /home/zheng/carerobot_slam_ros2/install/robot_communication/share/robot_communication/cmake/export_robot_communication__rosidl_typesupport_fastrtps_cExport-noconfig.cmake
[2.133s] -- Up-to-date: /home/zheng/carerobot_slam_ros2/install/robot_communication/share/robot_communication/cmake/robot_communication__rosidl_typesupport_introspection_cExport.cmake
[2.134s] -- Up-to-date: /home/zheng/carerobot_slam_ros2/install/robot_communication/share/robot_communication/cmake/robot_communication__rosidl_typesupport_introspection_cExport-noconfig.cmake
[2.138s] -- Up-to-date: /home/zheng/carerobot_slam_ros2/install/robot_communication/share/robot_communication/cmake/robot_communication__rosidl_typesupport_cExport.cmake
[2.144s] -- Up-to-date: /home/zheng/carerobot_slam_ros2/install/robot_communication/share/robot_communication/cmake/robot_communication__rosidl_typesupport_cExport-noconfig.cmake
[2.152s] -- Up-to-date: /home/zheng/carerobot_slam_ros2/install/robot_communication/share/robot_communication/cmake/export_robot_communication__rosidl_generator_cppExport.cmake
[2.153s] -- Up-to-date: /home/zheng/carerobot_slam_ros2/install/robot_communication/share/robot_communication/cmake/export_robot_communication__rosidl_typesupport_fastrtps_cppExport.cmake
[2.158s] -- Up-to-date: /home/zheng/carerobot_slam_ros2/install/robot_communication/share/robot_communication/cmake/export_robot_communication__rosidl_typesupport_fastrtps_cppExport-noconfig.cmake
[2.159s] -- Up-to-date: /home/zheng/carerobot_slam_ros2/install/robot_communication/share/robot_communication/cmake/robot_communication__rosidl_typesupport_introspection_cppExport.cmake
[2.159s] -- Up-to-date: /home/zheng/carerobot_slam_ros2/install/robot_communication/share/robot_communication/cmake/robot_communication__rosidl_typesupport_introspection_cppExport-noconfig.cmake
[2.159s] -- Up-to-date: /home/zheng/carerobot_slam_ros2/install/robot_communication/share/robot_communication/cmake/robot_communication__rosidl_typesupport_cppExport.cmake
[2.159s] -- Up-to-date: /home/zheng/carerobot_slam_ros2/install/robot_communication/share/robot_communication/cmake/robot_communication__rosidl_typesupport_cppExport-noconfig.cmake
[2.160s] -- Up-to-date: /home/zheng/carerobot_slam_ros2/install/robot_communication/share/robot_communication/cmake/export_robot_communication__rosidl_generator_pyExport.cmake
[2.160s] -- Up-to-date: /home/zheng/carerobot_slam_ros2/install/robot_communication/share/robot_communication/cmake/export_robot_communication__rosidl_generator_pyExport-noconfig.cmake
[2.160s] -- Up-to-date: /home/zheng/carerobot_slam_ros2/install/robot_communication/share/robot_communication/cmake/rosidl_cmake-extras.cmake
[2.160s] -- Up-to-date: /home/zheng/carerobot_slam_ros2/install/robot_communication/share/robot_communication/cmake/ament_cmake_export_dependencies-extras.cmake
[2.160s] -- Up-to-date: /home/zheng/carerobot_slam_ros2/install/robot_communication/share/robot_communication/cmake/ament_cmake_export_include_directories-extras.cmake
[2.160s] -- Up-to-date: /home/zheng/carerobot_slam_ros2/install/robot_communication/share/robot_communication/cmake/ament_cmake_export_libraries-extras.cmake
[2.160s] -- Up-to-date: /home/zheng/carerobot_slam_ros2/install/robot_communication/share/robot_communication/cmake/ament_cmake_export_targets-extras.cmake
[2.162s] -- Up-to-date: /home/zheng/carerobot_slam_ros2/install/robot_communication/share/robot_communication/cmake/rosidl_cmake_export_typesupport_targets-extras.cmake
[2.162s] -- Up-to-date: /home/zheng/carerobot_slam_ros2/install/robot_communication/share/robot_communication/cmake/rosidl_cmake_export_typesupport_libraries-extras.cmake
[2.162s] -- Up-to-date: /home/zheng/carerobot_slam_ros2/install/robot_communication/share/robot_communication/cmake/rosidl_cmake_aggregate_target-extras.cmake
[2.163s] -- Up-to-date: /home/zheng/carerobot_slam_ros2/install/robot_communication/share/robot_communication/cmake/robot_communicationConfig.cmake
[2.163s] -- Up-to-date: /home/zheng/carerobot_slam_ros2/install/robot_communication/share/robot_communication/cmake/robot_communicationConfig-version.cmake
[2.163s] -- Up-to-date: /home/zheng/carerobot_slam_ros2/install/robot_communication/share/robot_communication/package.xml
[2.164s] Invoked command in '/home/zheng/carerobot_slam_ros2/build/robot_communication' returned '0': CMAKE_PREFIX_PATH=${CMAKE_PREFIX_PATH}:/opt/ros/humble /usr/bin/cmake --install /home/zheng/carerobot_slam_ros2/build/robot_communication
