[0.020s] Invoking command in '/home/zheng/carerobot_slam_ros2/build/robot_pid_local_planner': AMENT_PREFIX_PATH=/home/zheng/carerobot_slam_ros2/install/robot_communication:${AMENT_PREFIX_PATH} CMAKE_PREFIX_PATH=/home/zheng/carerobot_slam_ros2/install/robot_communication:/opt/ros/humble LD_LIBRARY_PATH=/home/zheng/carerobot_slam_ros2/install/robot_communication/lib:${LD_LIBRARY_PATH} PYTHONPATH=/home/zheng/carerobot_slam_ros2/install/robot_communication/local/lib/python3.10/dist-packages:${PYTHONPATH} /usr/bin/cmake /home/zheng/carerobot_slam_ros2/src/robot_pid_local_planner -DCMAKE_INSTALL_PREFIX=/home/zheng/carerobot_slam_ros2/install/robot_pid_local_planner
[0.096s] -- The C compiler identification is GNU 11.4.0
[0.173s] -- The CXX compiler identification is GNU 11.4.0
[0.183s] -- Detecting C compiler ABI info
[0.271s] -- Detecting C compiler ABI info - done
[0.286s] -- Check for working C compiler: /usr/bin/cc - skipped
[0.286s] -- Detecting C compile features
[0.287s] -- Detecting C compile features - done
[0.292s] -- Detecting CXX compiler ABI info
[0.403s] -- Detecting CXX compiler ABI info - done
[0.419s] -- Check for working CXX compiler: /usr/bin/c++ - skipped
[0.419s] -- Detecting CXX compile features
[0.419s] -- Detecting CXX compile features - done
[0.420s] -- Found ament_cmake: 1.3.14 (/opt/ros/humble/share/ament_cmake/cmake)
[0.617s] -- Found Python3: /usr/bin/python3 (found version "3.10.12") found components: Interpreter 
[0.766s] -- Found rclcpp: 16.0.19 (/opt/ros/humble/share/rclcpp/cmake)
[0.829s] -- Found rosidl_generator_c: 3.1.9 (/opt/ros/humble/share/rosidl_generator_c/cmake)
[0.838s] -- Found rosidl_adapter: 3.1.9 (/opt/ros/humble/share/rosidl_adapter/cmake)
[0.852s] -- Found rosidl_generator_cpp: 3.1.9 (/opt/ros/humble/share/rosidl_generator_cpp/cmake)
[0.876s] -- Using all available rosidl_typesupport_c: rosidl_typesupport_fastrtps_c;rosidl_typesupport_introspection_c
[0.907s] -- Using all available rosidl_typesupport_cpp: rosidl_typesupport_fastrtps_cpp;rosidl_typesupport_introspection_cpp
[0.988s] -- Found rmw_implementation_cmake: 6.1.3 (/opt/ros/humble/share/rmw_implementation_cmake/cmake)
[0.992s] -- Found rmw_fastrtps_cpp: 6.2.10 (/opt/ros/humble/share/rmw_fastrtps_cpp/cmake)
[1.172s] -- Found OpenSSL: /usr/lib/x86_64-linux-gnu/libcrypto.so (found version "3.0.2")  
[1.271s] -- Found FastRTPS: /opt/ros/humble/include  
[1.381s] -- Using RMW implementation 'rmw_fastrtps_cpp' as default
[1.410s] -- Looking for pthread.h
[1.540s] -- Looking for pthread.h - found
[1.541s] -- Performing Test CMAKE_HAVE_LIBC_PTHREAD
[1.679s] -- Performing Test CMAKE_HAVE_LIBC_PTHREAD - Success
[1.680s] -- Found Threads: TRUE  
[1.806s] -- Found geometry_msgs: 4.9.2 (/opt/ros/humble/share/geometry_msgs/cmake)
[1.827s] -- Found nav_msgs: 4.9.2 (/opt/ros/humble/share/nav_msgs/cmake)
[1.871s] -- Found visualization_msgs: 4.9.2 (/opt/ros/humble/share/visualization_msgs/cmake)
[1.986s] -- Found tf2: 0.25.22 (/opt/ros/humble/share/tf2/cmake)
[2.002s] -- Found tf2_ros: 0.25.22 (/opt/ros/humble/share/tf2_ros/cmake)
[2.160s] -- Found tf2_geometry_msgs: 0.25.22 (/opt/ros/humble/share/tf2_geometry_msgs/cmake)
[2.203s] -- Found eigen3_cmake_module: 0.1.1 (/opt/ros/humble/share/eigen3_cmake_module/cmake)
[2.205s] -- Found Eigen3: TRUE (found version "3.4.0") 
[2.205s] -- Ensuring Eigen3 include directory is part of orocos-kdl CMake target
[2.208s] -- Found robot_communication: 0.0.0 (/home/zheng/carerobot_slam_ros2/install/robot_communication/share/robot_communication/cmake)
[2.316s] -- Configuring done
[2.338s] -- Generating done
[2.346s] -- Build files have been written to: /home/zheng/carerobot_slam_ros2/build/robot_pid_local_planner
[2.364s] Invoked command in '/home/zheng/carerobot_slam_ros2/build/robot_pid_local_planner' returned '0': AMENT_PREFIX_PATH=/home/zheng/carerobot_slam_ros2/install/robot_communication:${AMENT_PREFIX_PATH} CMAKE_PREFIX_PATH=/home/zheng/carerobot_slam_ros2/install/robot_communication:/opt/ros/humble LD_LIBRARY_PATH=/home/zheng/carerobot_slam_ros2/install/robot_communication/lib:${LD_LIBRARY_PATH} PYTHONPATH=/home/zheng/carerobot_slam_ros2/install/robot_communication/local/lib/python3.10/dist-packages:${PYTHONPATH} /usr/bin/cmake /home/zheng/carerobot_slam_ros2/src/robot_pid_local_planner -DCMAKE_INSTALL_PREFIX=/home/zheng/carerobot_slam_ros2/install/robot_pid_local_planner
[2.367s] Invoking command in '/home/zheng/carerobot_slam_ros2/build/robot_pid_local_planner': AMENT_PREFIX_PATH=/home/zheng/carerobot_slam_ros2/install/robot_communication:${AMENT_PREFIX_PATH} CMAKE_PREFIX_PATH=/home/zheng/carerobot_slam_ros2/install/robot_communication:/opt/ros/humble LD_LIBRARY_PATH=/home/zheng/carerobot_slam_ros2/install/robot_communication/lib:${LD_LIBRARY_PATH} PYTHONPATH=/home/zheng/carerobot_slam_ros2/install/robot_communication/local/lib/python3.10/dist-packages:${PYTHONPATH} /usr/bin/cmake --build /home/zheng/carerobot_slam_ros2/build/robot_pid_local_planner -- -j8 -l8
[2.422s] [ 50%] [32mBuilding CXX object CMakeFiles/differential_pid_local_planner_node.dir/src/differential_pid_local_planner_node.cpp.o[0m
[21.756s] [100%] [32m[1mLinking CXX executable differential_pid_local_planner_node[0m
[22.908s] [100%] Built target differential_pid_local_planner_node
[22.919s] Invoked command in '/home/zheng/carerobot_slam_ros2/build/robot_pid_local_planner' returned '0': AMENT_PREFIX_PATH=/home/zheng/carerobot_slam_ros2/install/robot_communication:${AMENT_PREFIX_PATH} CMAKE_PREFIX_PATH=/home/zheng/carerobot_slam_ros2/install/robot_communication:/opt/ros/humble LD_LIBRARY_PATH=/home/zheng/carerobot_slam_ros2/install/robot_communication/lib:${LD_LIBRARY_PATH} PYTHONPATH=/home/zheng/carerobot_slam_ros2/install/robot_communication/local/lib/python3.10/dist-packages:${PYTHONPATH} /usr/bin/cmake --build /home/zheng/carerobot_slam_ros2/build/robot_pid_local_planner -- -j8 -l8
[22.920s] Invoking command in '/home/zheng/carerobot_slam_ros2/build/robot_pid_local_planner': AMENT_PREFIX_PATH=/home/zheng/carerobot_slam_ros2/install/robot_communication:${AMENT_PREFIX_PATH} CMAKE_PREFIX_PATH=/home/zheng/carerobot_slam_ros2/install/robot_communication:/opt/ros/humble LD_LIBRARY_PATH=/home/zheng/carerobot_slam_ros2/install/robot_communication/lib:${LD_LIBRARY_PATH} PYTHONPATH=/home/zheng/carerobot_slam_ros2/install/robot_communication/local/lib/python3.10/dist-packages:${PYTHONPATH} /usr/bin/cmake --install /home/zheng/carerobot_slam_ros2/build/robot_pid_local_planner
[22.927s] -- Install configuration: ""
[22.927s] -- Installing: /home/zheng/carerobot_slam_ros2/install/robot_pid_local_planner/lib/robot_pid_local_planner/differential_pid_local_planner_node
[22.934s] -- Set runtime path of "/home/zheng/carerobot_slam_ros2/install/robot_pid_local_planner/lib/robot_pid_local_planner/differential_pid_local_planner_node" to ""
[22.934s] -- Installing: /home/zheng/carerobot_slam_ros2/install/robot_pid_local_planner/share/robot_pid_local_planner/launch
[22.934s] -- Installing: /home/zheng/carerobot_slam_ros2/install/robot_pid_local_planner/share/robot_pid_local_planner/launch/differential_PID.launch.py
[22.934s] -- Installing: /home/zheng/carerobot_slam_ros2/install/robot_pid_local_planner/share/robot_pid_local_planner/config
[22.934s] -- Installing: /home/zheng/carerobot_slam_ros2/install/robot_pid_local_planner/share/robot_pid_local_planner/config/differential_pid_param.yaml
[22.934s] -- Installing: /home/zheng/carerobot_slam_ros2/install/robot_pid_local_planner/share/ament_index/resource_index/package_run_dependencies/robot_pid_local_planner
[22.934s] -- Installing: /home/zheng/carerobot_slam_ros2/install/robot_pid_local_planner/share/ament_index/resource_index/parent_prefix_path/robot_pid_local_planner
[22.935s] -- Installing: /home/zheng/carerobot_slam_ros2/install/robot_pid_local_planner/share/robot_pid_local_planner/environment/ament_prefix_path.sh
[22.935s] -- Installing: /home/zheng/carerobot_slam_ros2/install/robot_pid_local_planner/share/robot_pid_local_planner/environment/ament_prefix_path.dsv
[22.935s] -- Installing: /home/zheng/carerobot_slam_ros2/install/robot_pid_local_planner/share/robot_pid_local_planner/environment/path.sh
[22.935s] -- Installing: /home/zheng/carerobot_slam_ros2/install/robot_pid_local_planner/share/robot_pid_local_planner/environment/path.dsv
[22.935s] -- Installing: /home/zheng/carerobot_slam_ros2/install/robot_pid_local_planner/share/robot_pid_local_planner/local_setup.bash
[22.935s] -- Installing: /home/zheng/carerobot_slam_ros2/install/robot_pid_local_planner/share/robot_pid_local_planner/local_setup.sh
[22.935s] -- Installing: /home/zheng/carerobot_slam_ros2/install/robot_pid_local_planner/share/robot_pid_local_planner/local_setup.zsh
[22.936s] -- Installing: /home/zheng/carerobot_slam_ros2/install/robot_pid_local_planner/share/robot_pid_local_planner/local_setup.dsv
[22.936s] -- Installing: /home/zheng/carerobot_slam_ros2/install/robot_pid_local_planner/share/robot_pid_local_planner/package.dsv
[22.936s] -- Installing: /home/zheng/carerobot_slam_ros2/install/robot_pid_local_planner/share/ament_index/resource_index/packages/robot_pid_local_planner
[22.936s] -- Installing: /home/zheng/carerobot_slam_ros2/install/robot_pid_local_planner/share/robot_pid_local_planner/cmake/robot_pid_local_plannerConfig.cmake
[22.936s] -- Installing: /home/zheng/carerobot_slam_ros2/install/robot_pid_local_planner/share/robot_pid_local_planner/cmake/robot_pid_local_plannerConfig-version.cmake
[22.937s] -- Installing: /home/zheng/carerobot_slam_ros2/install/robot_pid_local_planner/share/robot_pid_local_planner/package.xml
[22.939s] Invoked command in '/home/zheng/carerobot_slam_ros2/build/robot_pid_local_planner' returned '0': AMENT_PREFIX_PATH=/home/zheng/carerobot_slam_ros2/install/robot_communication:${AMENT_PREFIX_PATH} CMAKE_PREFIX_PATH=/home/zheng/carerobot_slam_ros2/install/robot_communication:/opt/ros/humble LD_LIBRARY_PATH=/home/zheng/carerobot_slam_ros2/install/robot_communication/lib:${LD_LIBRARY_PATH} PYTHONPATH=/home/zheng/carerobot_slam_ros2/install/robot_communication/local/lib/python3.10/dist-packages:${PYTHONPATH} /usr/bin/cmake --install /home/zheng/carerobot_slam_ros2/build/robot_pid_local_planner
