[0.029s] Invoking command in '/home/zheng/carerobot_slam_ros2/build/robot_costmap': CMAKE_PREFIX_PATH=/home/zheng/carerobot_slam_ros2/install/robot_communication:/home/zheng/carerobot_slam_ros2/install/slam_gmapping:/home/zheng/carerobot_slam_ros2/install/robot_pid_local_planner:/home/zheng/carerobot_slam_ros2/install/robot_navigation:/home/zheng/carerobot_slam_ros2/install/robot_costmap:/home/zheng/carerobot_slam_ros2/install/read_laser_data:/home/zheng/carerobot_slam_ros2/install/openslam_gmapping:/home/zheng/carerobot_slam_ros2/install/keyboard_control:/home/zheng/carerobot_slam_ros2/install/explore_lite:/home/zheng/carerobot_slam_ros2/install/diff_drive_gazebo:/opt/ros/humble LD_LIBRARY_PATH=/home/zheng/carerobot_slam_ros2/install/robot_communication/lib:/home/zheng/carerobot_slam_ros2/install/robot_costmap/lib:/home/zheng/carerobot_slam_ros2/install/openslam_gmapping/lib:/usr/lib/x86_64-linux-gnu/gazebo-11/plugins:/opt/ros/humble/opt/rviz_ogre_vendor/lib:/opt/ros/humble/lib/x86_64-linux-gnu:/opt/ros/humble/lib /usr/bin/cmake --build /home/zheng/carerobot_slam_ros2/build/robot_costmap -- -j8 -l8
[0.247s] [ 66%] Built target robot_costmap
[0.350s] [100%] Built target map_deal_node
[0.371s] Invoked command in '/home/zheng/carerobot_slam_ros2/build/robot_costmap' returned '0': CMAKE_PREFIX_PATH=/home/zheng/carerobot_slam_ros2/install/robot_communication:/home/zheng/carerobot_slam_ros2/install/slam_gmapping:/home/zheng/carerobot_slam_ros2/install/robot_pid_local_planner:/home/zheng/carerobot_slam_ros2/install/robot_navigation:/home/zheng/carerobot_slam_ros2/install/robot_costmap:/home/zheng/carerobot_slam_ros2/install/read_laser_data:/home/zheng/carerobot_slam_ros2/install/openslam_gmapping:/home/zheng/carerobot_slam_ros2/install/keyboard_control:/home/zheng/carerobot_slam_ros2/install/explore_lite:/home/zheng/carerobot_slam_ros2/install/diff_drive_gazebo:/opt/ros/humble LD_LIBRARY_PATH=/home/zheng/carerobot_slam_ros2/install/robot_communication/lib:/home/zheng/carerobot_slam_ros2/install/robot_costmap/lib:/home/zheng/carerobot_slam_ros2/install/openslam_gmapping/lib:/usr/lib/x86_64-linux-gnu/gazebo-11/plugins:/opt/ros/humble/opt/rviz_ogre_vendor/lib:/opt/ros/humble/lib/x86_64-linux-gnu:/opt/ros/humble/lib /usr/bin/cmake --build /home/zheng/carerobot_slam_ros2/build/robot_costmap -- -j8 -l8
[0.372s] Invoking command in '/home/zheng/carerobot_slam_ros2/build/robot_costmap': CMAKE_PREFIX_PATH=/home/zheng/carerobot_slam_ros2/install/robot_communication:/home/zheng/carerobot_slam_ros2/install/slam_gmapping:/home/zheng/carerobot_slam_ros2/install/robot_pid_local_planner:/home/zheng/carerobot_slam_ros2/install/robot_navigation:/home/zheng/carerobot_slam_ros2/install/robot_costmap:/home/zheng/carerobot_slam_ros2/install/read_laser_data:/home/zheng/carerobot_slam_ros2/install/openslam_gmapping:/home/zheng/carerobot_slam_ros2/install/keyboard_control:/home/zheng/carerobot_slam_ros2/install/explore_lite:/home/zheng/carerobot_slam_ros2/install/diff_drive_gazebo:/opt/ros/humble LD_LIBRARY_PATH=/home/zheng/carerobot_slam_ros2/install/robot_communication/lib:/home/zheng/carerobot_slam_ros2/install/robot_costmap/lib:/home/zheng/carerobot_slam_ros2/install/openslam_gmapping/lib:/usr/lib/x86_64-linux-gnu/gazebo-11/plugins:/opt/ros/humble/opt/rviz_ogre_vendor/lib:/opt/ros/humble/lib/x86_64-linux-gnu:/opt/ros/humble/lib /usr/bin/cmake --install /home/zheng/carerobot_slam_ros2/build/robot_costmap
[0.387s] -- Install configuration: "Debug"
[0.387s] -- Up-to-date: /home/zheng/carerobot_slam_ros2/install/robot_costmap/include
[0.387s] -- Up-to-date: /home/zheng/carerobot_slam_ros2/install/robot_costmap/include/map_deal
[0.387s] -- Installing: /home/zheng/carerobot_slam_ros2/install/robot_costmap/include/map_deal/global_map_deal.h
[0.397s] -- Installing: /home/zheng/carerobot_slam_ros2/install/robot_costmap/include/map_deal/map_deal.h
[0.408s] -- Installing: /home/zheng/carerobot_slam_ros2/install/robot_costmap/include/map_deal/signed_distance_field_2d.h
[0.421s] -- Installing: /home/zheng/carerobot_slam_ros2/install/robot_costmap/include/map_deal/edt_environment.h
[0.427s] -- Installing: /home/zheng/carerobot_slam_ros2/install/robot_costmap/include/map_deal/local_map_deal.h
[0.441s] -- Installing: /home/zheng/carerobot_slam_ros2/install/robot_costmap/include/map_deal/grid_map_2d.h
[0.451s] -- Up-to-date: /home/zheng/carerobot_slam_ros2/install/robot_costmap/include/common
[0.451s] -- Up-to-date: /home/zheng/carerobot_slam_ros2/install/robot_costmap/include/common/base
[0.451s] -- Installing: /home/zheng/carerobot_slam_ros2/install/robot_costmap/include/common/base/state.h
[0.455s] -- Installing: /home/zheng/carerobot_slam_ros2/install/robot_costmap/include/common/base/trajectory.h
[0.456s] -- Installing: /home/zheng/carerobot_slam_ros2/install/robot_costmap/include/common/base/type.h
[0.456s] -- Up-to-date: /home/zheng/carerobot_slam_ros2/install/robot_costmap/share/robot_costmap/launch
[0.456s] -- Up-to-date: /home/zheng/carerobot_slam_ros2/install/robot_costmap/share/robot_costmap/launch/map_deal.launch.py
[0.456s] -- Installing: /home/zheng/carerobot_slam_ros2/install/robot_costmap/share/robot_costmap/launch/map_deal_real.launch
[0.466s] -- Installing: /home/zheng/carerobot_slam_ros2/install/robot_costmap/lib/librobot_costmap.a
[0.802s] -- Installing: /home/zheng/carerobot_slam_ros2/install/robot_costmap/lib/robot_costmap/map_deal_node
[1.225s] -- Set runtime path of "/home/zheng/carerobot_slam_ros2/install/robot_costmap/lib/robot_costmap/map_deal_node" to ""
[1.225s] -- Installing: /home/zheng/carerobot_slam_ros2/install/robot_costmap/share/robot_costmap/environment/library_path.sh
[1.225s] -- Installing: /home/zheng/carerobot_slam_ros2/install/robot_costmap/share/robot_costmap/environment/library_path.dsv
[1.232s] -- Installing: /home/zheng/carerobot_slam_ros2/install/robot_costmap/share/ament_index/resource_index/package_run_dependencies/robot_costmap
[1.233s] -- Installing: /home/zheng/carerobot_slam_ros2/install/robot_costmap/share/ament_index/resource_index/parent_prefix_path/robot_costmap
[1.234s] -- Installing: /home/zheng/carerobot_slam_ros2/install/robot_costmap/share/robot_costmap/environment/ament_prefix_path.sh
[1.234s] -- Installing: /home/zheng/carerobot_slam_ros2/install/robot_costmap/share/robot_costmap/environment/ament_prefix_path.dsv
[1.234s] -- Installing: /home/zheng/carerobot_slam_ros2/install/robot_costmap/share/robot_costmap/environment/path.sh
[1.235s] -- Installing: /home/zheng/carerobot_slam_ros2/install/robot_costmap/share/robot_costmap/environment/path.dsv
[1.235s] -- Installing: /home/zheng/carerobot_slam_ros2/install/robot_costmap/share/robot_costmap/local_setup.bash
[1.235s] -- Installing: /home/zheng/carerobot_slam_ros2/install/robot_costmap/share/robot_costmap/local_setup.sh
[1.235s] -- Installing: /home/zheng/carerobot_slam_ros2/install/robot_costmap/share/robot_costmap/local_setup.zsh
[1.236s] -- Installing: /home/zheng/carerobot_slam_ros2/install/robot_costmap/share/robot_costmap/local_setup.dsv
[1.236s] -- Installing: /home/zheng/carerobot_slam_ros2/install/robot_costmap/share/robot_costmap/package.dsv
[1.236s] -- Installing: /home/zheng/carerobot_slam_ros2/install/robot_costmap/share/ament_index/resource_index/packages/robot_costmap
[1.236s] -- Installing: /home/zheng/carerobot_slam_ros2/install/robot_costmap/share/robot_costmap/cmake/export_robot_costmapExport.cmake
[1.236s] -- Installing: /home/zheng/carerobot_slam_ros2/install/robot_costmap/share/robot_costmap/cmake/export_robot_costmapExport-debug.cmake
[1.248s] -- Installing: /home/zheng/carerobot_slam_ros2/install/robot_costmap/share/robot_costmap/cmake/ament_cmake_export_targets-extras.cmake
[1.248s] -- Installing: /home/zheng/carerobot_slam_ros2/install/robot_costmap/share/robot_costmap/cmake/ament_cmake_export_include_directories-extras.cmake
[1.249s] -- Installing: /home/zheng/carerobot_slam_ros2/install/robot_costmap/share/robot_costmap/cmake/ament_cmake_export_dependencies-extras.cmake
[1.249s] -- Installing: /home/zheng/carerobot_slam_ros2/install/robot_costmap/share/robot_costmap/cmake/robot_costmapConfig.cmake
[1.249s] -- Installing: /home/zheng/carerobot_slam_ros2/install/robot_costmap/share/robot_costmap/cmake/robot_costmapConfig-version.cmake
[1.250s] -- Installing: /home/zheng/carerobot_slam_ros2/install/robot_costmap/share/robot_costmap/package.xml
[1.253s] Invoked command in '/home/zheng/carerobot_slam_ros2/build/robot_costmap' returned '0': CMAKE_PREFIX_PATH=/home/zheng/carerobot_slam_ros2/install/robot_communication:/home/zheng/carerobot_slam_ros2/install/slam_gmapping:/home/zheng/carerobot_slam_ros2/install/robot_pid_local_planner:/home/zheng/carerobot_slam_ros2/install/robot_navigation:/home/zheng/carerobot_slam_ros2/install/robot_costmap:/home/zheng/carerobot_slam_ros2/install/read_laser_data:/home/zheng/carerobot_slam_ros2/install/openslam_gmapping:/home/zheng/carerobot_slam_ros2/install/keyboard_control:/home/zheng/carerobot_slam_ros2/install/explore_lite:/home/zheng/carerobot_slam_ros2/install/diff_drive_gazebo:/opt/ros/humble LD_LIBRARY_PATH=/home/zheng/carerobot_slam_ros2/install/robot_communication/lib:/home/zheng/carerobot_slam_ros2/install/robot_costmap/lib:/home/zheng/carerobot_slam_ros2/install/openslam_gmapping/lib:/usr/lib/x86_64-linux-gnu/gazebo-11/plugins:/opt/ros/humble/opt/rviz_ogre_vendor/lib:/opt/ros/humble/lib/x86_64-linux-gnu:/opt/ros/humble/lib /usr/bin/cmake --install /home/zheng/carerobot_slam_ros2/build/robot_costmap
