[0.022s] Invoking command in '/home/zheng/carerobot_slam_ros2/build/robot_costmap': CMAKE_PREFIX_PATH=/home/zheng/carerobot_slam_ros2/install/robot_communication:/home/zheng/carerobot_slam_ros2/install/robot_pid_local_planner:/home/zheng/carerobot_slam_ros2/install/robot_navigation:/home/zheng/carerobot_slam_ros2/install/robot_costmap:/home/zheng/carerobot_slam_ros2/install/diff_drive_gazebo:/opt/ros/humble LD_LIBRARY_PATH=/home/zheng/carerobot_slam_ros2/install/robot_communication/lib:/home/zheng/carerobot_slam_ros2/install/robot_costmap/lib:/usr/lib/x86_64-linux-gnu/gazebo-11/plugins:/opt/ros/humble/opt/rviz_ogre_vendor/lib:/opt/ros/humble/lib/x86_64-linux-gnu:/opt/ros/humble/lib /usr/bin/cmake --build /home/zheng/carerobot_slam_ros2/build/robot_costmap -- -j8 -l8
[0.077s] -- Found ament_cmake: 1.3.14 (/opt/ros/humble/share/ament_cmake/cmake)
[0.306s] -- Found rclcpp: 16.0.19 (/opt/ros/humble/share/rclcpp/cmake)
[0.416s] -- Found rosidl_generator_c: 3.1.9 (/opt/ros/humble/share/rosidl_generator_c/cmake)
[0.420s] -- Found rosidl_adapter: 3.1.9 (/opt/ros/humble/share/rosidl_adapter/cmake)
[0.449s] -- Found rosidl_generator_cpp: 3.1.9 (/opt/ros/humble/share/rosidl_generator_cpp/cmake)
[0.472s] -- Using all available rosidl_typesupport_c: rosidl_typesupport_fastrtps_c;rosidl_typesupport_introspection_c
[0.532s] -- Using all available rosidl_typesupport_cpp: rosidl_typesupport_fastrtps_cpp;rosidl_typesupport_introspection_cpp
[0.608s] -- Found rmw_implementation_cmake: 6.1.3 (/opt/ros/humble/share/rmw_implementation_cmake/cmake)
[0.612s] -- Found rmw_fastrtps_cpp: 6.2.10 (/opt/ros/humble/share/rmw_fastrtps_cpp/cmake)
[0.864s] -- Using RMW implementation 'rmw_fastrtps_cpp' as default
[0.973s] -- Found sensor_msgs: 4.9.2 (/opt/ros/humble/share/sensor_msgs/cmake)
[1.019s] -- Found nav_msgs: 4.9.2 (/opt/ros/humble/share/nav_msgs/cmake)
[1.044s] -- Found tf2: 0.25.22 (/opt/ros/humble/share/tf2/cmake)
[1.048s] -- Found tf2_ros: 0.25.22 (/opt/ros/humble/share/tf2_ros/cmake)
[1.165s] -- Found pcl_conversions: 2.4.5 (/opt/ros/humble/share/pcl_conversions/cmake)
[1.225s] -- Eigen found (include: /usr/include/eigen3, version: 3.4.0)
[1.285s] -- FLANN found (include: /usr/include, lib: /usr/lib/x86_64-linux-gnu/libflann_cpp.so)
[1.912s] -- OpenNI found (version: 1.5.4.0, include: /usr/include/ni, lib: /usr/lib/libOpenNI.so;libusb::libusb)
[1.927s] -- OpenNI2 found (version: 2.2.0.33, include: /usr/include/openni2, lib: /usr/lib/x86_64-linux-gnu/libOpenNI2.so;libusb::libusb)
[2.131s] -- Eigen found (include: /usr/include/eigen3, version: 3.4.0)
[2.141s] -- OpenNI found (version: 1.5.4.0, include: /usr/include/ni, lib: /usr/lib/libOpenNI.so;libusb::libusb)
[2.152s] -- OpenNI2 found (version: 2.2.0.33, include: /usr/include/openni2, lib: /usr/lib/x86_64-linux-gnu/libOpenNI2.so;libusb::libusb)
[2.417s] -- Found Qhull version 8.0.2
[2.627s] -- OpenNI found (version: 1.5.4.0, include: /usr/include/ni, lib: /usr/lib/libOpenNI.so;libusb::libusb)
[2.896s] -- Found pcl_ros: 2.4.5 (/opt/ros/humble/share/pcl_ros/cmake)
[2.938s] -- Found eigen3_cmake_module: 0.1.1 (/opt/ros/humble/share/eigen3_cmake_module/cmake)
[2.940s] -- Ensuring Eigen3 include directory is part of orocos-kdl CMake target
[2.961s] -- Found robot_communication: 0.0.0 (/home/zheng/carerobot_slam_ros2/install/robot_communication/share/robot_communication/cmake)
[3.447s] -- Found OpenMP_C: -fopenmp (found version "4.5") 
[3.553s] -- Found OpenMP_CXX: -fopenmp (found version "4.5") 
[3.553s] -- Found OpenMP: TRUE (found version "4.5")  
[3.693s] -- Configuring done
[4.018s] -- Generating done
[4.047s] -- Build files have been written to: /home/zheng/carerobot_slam_ros2/build/robot_costmap
[4.091s] [35m[1mConsolidate compiler generated dependencies of target robot_costmap[0m
[4.142s] [ 11%] [32mBuilding CXX object CMakeFiles/robot_costmap.dir/src/map_deal/grid_map_2d.cpp.o[0m
[4.142s] [ 22%] [32mBuilding CXX object CMakeFiles/robot_costmap.dir/src/map_deal/signed_distance_field_2d.cpp.o[0m
[4.142s] [ 33%] [32mBuilding CXX object CMakeFiles/robot_costmap.dir/src/map_deal/edt_environment.cpp.o[0m
[4.144s] [ 44%] [32mBuilding CXX object CMakeFiles/robot_costmap.dir/src/map_deal/global_map_deal.cpp.o[0m
[4.154s] [ 55%] [32mBuilding CXX object CMakeFiles/robot_costmap.dir/src/map_deal/local_map_deal.cpp.o[0m
[23.910s] [ 66%] [32m[1mLinking CXX static library librobot_costmap.a[0m
[24.729s] [ 66%] Built target robot_costmap
[24.747s] [35m[1mConsolidate compiler generated dependencies of target map_deal_node[0m
[24.793s] [ 77%] [32mBuilding CXX object CMakeFiles/map_deal_node.dir/src/nodes/map_deal_node.cpp.o[0m
[24.794s] [ 88%] [32mBuilding CXX object CMakeFiles/map_deal_node.dir/src/map_deal/map_deal.cpp.o[0m
[60.687s] [100%] [32m[1mLinking CXX executable map_deal_node[0m
[65.080s] [100%] Built target map_deal_node
[65.092s] Invoked command in '/home/zheng/carerobot_slam_ros2/build/robot_costmap' returned '0': CMAKE_PREFIX_PATH=/home/zheng/carerobot_slam_ros2/install/robot_communication:/home/zheng/carerobot_slam_ros2/install/robot_pid_local_planner:/home/zheng/carerobot_slam_ros2/install/robot_navigation:/home/zheng/carerobot_slam_ros2/install/robot_costmap:/home/zheng/carerobot_slam_ros2/install/diff_drive_gazebo:/opt/ros/humble LD_LIBRARY_PATH=/home/zheng/carerobot_slam_ros2/install/robot_communication/lib:/home/zheng/carerobot_slam_ros2/install/robot_costmap/lib:/usr/lib/x86_64-linux-gnu/gazebo-11/plugins:/opt/ros/humble/opt/rviz_ogre_vendor/lib:/opt/ros/humble/lib/x86_64-linux-gnu:/opt/ros/humble/lib /usr/bin/cmake --build /home/zheng/carerobot_slam_ros2/build/robot_costmap -- -j8 -l8
[65.094s] Invoking command in '/home/zheng/carerobot_slam_ros2/build/robot_costmap': CMAKE_PREFIX_PATH=/home/zheng/carerobot_slam_ros2/install/robot_communication:/home/zheng/carerobot_slam_ros2/install/robot_pid_local_planner:/home/zheng/carerobot_slam_ros2/install/robot_navigation:/home/zheng/carerobot_slam_ros2/install/robot_costmap:/home/zheng/carerobot_slam_ros2/install/diff_drive_gazebo:/opt/ros/humble LD_LIBRARY_PATH=/home/zheng/carerobot_slam_ros2/install/robot_communication/lib:/home/zheng/carerobot_slam_ros2/install/robot_costmap/lib:/usr/lib/x86_64-linux-gnu/gazebo-11/plugins:/opt/ros/humble/opt/rviz_ogre_vendor/lib:/opt/ros/humble/lib/x86_64-linux-gnu:/opt/ros/humble/lib /usr/bin/cmake --install /home/zheng/carerobot_slam_ros2/build/robot_costmap
[65.103s] -- Install configuration: "Debug"
[65.104s] -- Up-to-date: /home/zheng/carerobot_slam_ros2/install/robot_costmap/include
[65.104s] -- Up-to-date: /home/zheng/carerobot_slam_ros2/install/robot_costmap/include/map_deal
[65.104s] -- Up-to-date: /home/zheng/carerobot_slam_ros2/install/robot_costmap/include/map_deal/global_map_deal.h
[65.104s] -- Up-to-date: /home/zheng/carerobot_slam_ros2/install/robot_costmap/include/map_deal/map_deal.h
[65.104s] -- Up-to-date: /home/zheng/carerobot_slam_ros2/install/robot_costmap/include/map_deal/signed_distance_field_2d.h
[65.104s] -- Up-to-date: /home/zheng/carerobot_slam_ros2/install/robot_costmap/include/map_deal/edt_environment.h
[65.104s] -- Up-to-date: /home/zheng/carerobot_slam_ros2/install/robot_costmap/include/map_deal/local_map_deal.h
[65.104s] -- Up-to-date: /home/zheng/carerobot_slam_ros2/install/robot_costmap/include/map_deal/grid_map_2d.h
[65.104s] -- Up-to-date: /home/zheng/carerobot_slam_ros2/install/robot_costmap/include/common
[65.104s] -- Up-to-date: /home/zheng/carerobot_slam_ros2/install/robot_costmap/include/common/base
[65.104s] -- Up-to-date: /home/zheng/carerobot_slam_ros2/install/robot_costmap/include/common/base/state.h
[65.104s] -- Up-to-date: /home/zheng/carerobot_slam_ros2/install/robot_costmap/include/common/base/trajectory.h
[65.104s] -- Up-to-date: /home/zheng/carerobot_slam_ros2/install/robot_costmap/include/common/base/type.h
[65.104s] -- Up-to-date: /home/zheng/carerobot_slam_ros2/install/robot_costmap/share/robot_costmap/launch
[65.104s] -- Up-to-date: /home/zheng/carerobot_slam_ros2/install/robot_costmap/share/robot_costmap/launch/map_deal.launch.py
[65.104s] -- Up-to-date: /home/zheng/carerobot_slam_ros2/install/robot_costmap/share/robot_costmap/launch/map_deal_real.launch
[65.105s] -- Installing: /home/zheng/carerobot_slam_ros2/install/robot_costmap/lib/librobot_costmap.a
[65.158s] -- Installing: /home/zheng/carerobot_slam_ros2/install/robot_costmap/lib/robot_costmap/map_deal_node
[65.213s] -- Set runtime path of "/home/zheng/carerobot_slam_ros2/install/robot_costmap/lib/robot_costmap/map_deal_node" to ""
[65.213s] -- Up-to-date: /home/zheng/carerobot_slam_ros2/install/robot_costmap/share/robot_costmap/environment/library_path.sh
[65.213s] -- Installing: /home/zheng/carerobot_slam_ros2/install/robot_costmap/share/robot_costmap/environment/library_path.dsv
[65.214s] -- Up-to-date: /home/zheng/carerobot_slam_ros2/install/robot_costmap/share/ament_index/resource_index/package_run_dependencies/robot_costmap
[65.214s] -- Installing: /home/zheng/carerobot_slam_ros2/install/robot_costmap/share/ament_index/resource_index/parent_prefix_path/robot_costmap
[65.214s] -- Up-to-date: /home/zheng/carerobot_slam_ros2/install/robot_costmap/share/robot_costmap/environment/ament_prefix_path.sh
[65.214s] -- Installing: /home/zheng/carerobot_slam_ros2/install/robot_costmap/share/robot_costmap/environment/ament_prefix_path.dsv
[65.214s] -- Up-to-date: /home/zheng/carerobot_slam_ros2/install/robot_costmap/share/robot_costmap/environment/path.sh
[65.214s] -- Installing: /home/zheng/carerobot_slam_ros2/install/robot_costmap/share/robot_costmap/environment/path.dsv
[65.214s] -- Up-to-date: /home/zheng/carerobot_slam_ros2/install/robot_costmap/share/robot_costmap/local_setup.bash
[65.214s] -- Up-to-date: /home/zheng/carerobot_slam_ros2/install/robot_costmap/share/robot_costmap/local_setup.sh
[65.215s] -- Up-to-date: /home/zheng/carerobot_slam_ros2/install/robot_costmap/share/robot_costmap/local_setup.zsh
[65.215s] -- Installing: /home/zheng/carerobot_slam_ros2/install/robot_costmap/share/robot_costmap/local_setup.dsv
[65.215s] -- Installing: /home/zheng/carerobot_slam_ros2/install/robot_costmap/share/robot_costmap/package.dsv
[65.215s] -- Up-to-date: /home/zheng/carerobot_slam_ros2/install/robot_costmap/share/ament_index/resource_index/packages/robot_costmap
[65.215s] -- Old export file "/home/zheng/carerobot_slam_ros2/install/robot_costmap/share/robot_costmap/cmake/export_robot_costmapExport.cmake" will be replaced.  Removing files [/home/zheng/carerobot_slam_ros2/install/robot_costmap/share/robot_costmap/cmake/export_robot_costmapExport-debug.cmake].
[65.215s] -- Installing: /home/zheng/carerobot_slam_ros2/install/robot_costmap/share/robot_costmap/cmake/export_robot_costmapExport.cmake
[65.215s] -- Installing: /home/zheng/carerobot_slam_ros2/install/robot_costmap/share/robot_costmap/cmake/export_robot_costmapExport-debug.cmake
[65.216s] -- Up-to-date: /home/zheng/carerobot_slam_ros2/install/robot_costmap/share/robot_costmap/cmake/ament_cmake_export_targets-extras.cmake
[65.216s] -- Up-to-date: /home/zheng/carerobot_slam_ros2/install/robot_costmap/share/robot_costmap/cmake/ament_cmake_export_include_directories-extras.cmake
[65.216s] -- Up-to-date: /home/zheng/carerobot_slam_ros2/install/robot_costmap/share/robot_costmap/cmake/ament_cmake_export_dependencies-extras.cmake
[65.216s] -- Up-to-date: /home/zheng/carerobot_slam_ros2/install/robot_costmap/share/robot_costmap/cmake/robot_costmapConfig.cmake
[65.216s] -- Up-to-date: /home/zheng/carerobot_slam_ros2/install/robot_costmap/share/robot_costmap/cmake/robot_costmapConfig-version.cmake
[65.216s] -- Up-to-date: /home/zheng/carerobot_slam_ros2/install/robot_costmap/share/robot_costmap/package.xml
[65.218s] Invoked command in '/home/zheng/carerobot_slam_ros2/build/robot_costmap' returned '0': CMAKE_PREFIX_PATH=/home/zheng/carerobot_slam_ros2/install/robot_communication:/home/zheng/carerobot_slam_ros2/install/robot_pid_local_planner:/home/zheng/carerobot_slam_ros2/install/robot_navigation:/home/zheng/carerobot_slam_ros2/install/robot_costmap:/home/zheng/carerobot_slam_ros2/install/diff_drive_gazebo:/opt/ros/humble LD_LIBRARY_PATH=/home/zheng/carerobot_slam_ros2/install/robot_communication/lib:/home/zheng/carerobot_slam_ros2/install/robot_costmap/lib:/usr/lib/x86_64-linux-gnu/gazebo-11/plugins:/opt/ros/humble/opt/rviz_ogre_vendor/lib:/opt/ros/humble/lib/x86_64-linux-gnu:/opt/ros/humble/lib /usr/bin/cmake --install /home/zheng/carerobot_slam_ros2/build/robot_costmap
