[01m[K/home/zheng/carerobot_slam_ros2/src/explore_lite/src/explore.cpp:[m[K In member function ‘[01m[Kvoid explore::Explore::visualizeFrontiers(const std::vector<frontier_exploration::Frontier>&)[m[K’:
[01m[K/home/zheng/carerobot_slam_ros2/src/explore_lite/src/explore.cpp:129:24:[m[K [01;35m[Kwarning: [m[Kconverting to ‘[01m[Kgeometry_msgs::msg::Point_<std::allocator<void> >[m[K’ from initializer list would use explicit constructor ‘[01m[Kgeometry_msgs::msg::Point_<ContainerAllocator>::Point_(rosidl_runtime_cpp::MessageInitialization) [with ContainerAllocator = std::allocator<void>][m[K’
  129 |     m.pose.position = {[01;35m[K}[m[K;
      |                        [01;35m[K^[m[K
[01m[K/home/zheng/carerobot_slam_ros2/src/explore_lite/src/explore.cpp:129:24:[m[K [01;36m[Knote: [m[Kin C++11 and above a default constructor can be explicit
[01m[K/home/zheng/carerobot_slam_ros2/src/explore_lite/src/explore.cpp:[m[K In member function ‘[01m[Kvoid explore::Explore::makePlan()[m[K’:
[01m[K/home/zheng/carerobot_slam_ros2/src/explore_lite/src/explore.cpp:243:31:[m[K [01;31m[Kerror: [m[Kambiguous overload for ‘[01m[Koperator==[m[K’ (operand types are ‘[01m[Kgeometry_msgs::msg::Point[m[K’ {aka ‘[01m[Kgeometry_msgs::msg::Point_<std::allocator<void> >[m[K’} and ‘[01m[Kgeometry_msgs::msg::Point[m[K’ {aka ‘[01m[Kgeometry_msgs::msg::Point_<std::allocator<void> >[m[K’})
  243 |   bool same_goal = [32m[Kprev_goal_[m[K [01;31m[K==[m[K [34m[Ktarget_position[m[K;
      |                    [32m[K~~~~~~~~~~[m[K [01;31m[K^~[m[K [34m[K~~~~~~~~~~~~~~~[m[K
      |                    [32m[K|[m[K             [34m[K|[m[K
      |                    [32m[KPoint_<[...]>[m[K [34m[KPoint_<[...]>[m[K
In file included from [01m[K/opt/ros/humble/include/geometry_msgs/geometry_msgs/msg/detail/pose__struct.hpp:21[m[K,
                 from [01m[K/opt/ros/humble/include/geometry_msgs/geometry_msgs/msg/detail/pose_stamped__struct.hpp:23[m[K,
                 from [01m[K/opt/ros/humble/include/geometry_msgs/geometry_msgs/msg/pose_stamped.hpp:7[m[K,
                 from [01m[K/home/zheng/carerobot_slam_ros2/src/explore_lite/include/explore/explore.h:9[m[K,
                 from [01m[K/home/zheng/carerobot_slam_ros2/src/explore_lite/src/explore.cpp:1[m[K:
[01m[K/opt/ros/humble/include/geometry_msgs/geometry_msgs/msg/detail/point__struct.hpp:131:8:[m[K [01;36m[Knote: [m[Kcandidate: ‘[01m[Kbool geometry_msgs::msg::Point_<ContainerAllocator>::operator==(const geometry_msgs::msg::Point_<ContainerAllocator>&) const [with ContainerAllocator = std::allocator<void>][m[K’
  131 |   bool [01;36m[Koperator[m[K==(const Point_ & other) const
      |        [01;36m[K^~~~~~~~[m[K
[01m[K/home/zheng/carerobot_slam_ros2/src/explore_lite/src/explore.cpp:6:20:[m[K [01;36m[Knote: [m[Kcandidate: ‘[01m[Kbool operator==(const Point&, const Point&)[m[K’
    6 | inline static bool [01;36m[Koperator[m[K==(const geometry_msgs::msg::Point& one,
      |                    [01;36m[K^~~~~~~~[m[K
[01m[K/home/zheng/carerobot_slam_ros2/src/explore_lite/src/costmap_client.cpp:[m[K In member function ‘[01m[Kgeometry_msgs::msg::Pose explore::Costmap2DClient::getRobotPose() const[m[K’:
[01m[K/home/zheng/carerobot_slam_ros2/src/explore_lite/src/costmap_client.cpp:160:13:[m[K [01;35m[Kwarning: [m[Kconverting to ‘[01m[Kgeometry_msgs::msg::Pose[m[K’ {aka ‘[01m[Kgeometry_msgs::msg::Pose_<std::allocator<void> >[m[K’} from initializer list would use explicit constructor ‘[01m[Kgeometry_msgs::msg::Pose_<ContainerAllocator>::Pose_(rosidl_runtime_cpp::MessageInitialization) [with ContainerAllocator = std::allocator<void>][m[K’
  160 |     return {[01;35m[K}[m[K;
      |             [01;35m[K^[m[K
[01m[K/home/zheng/carerobot_slam_ros2/src/explore_lite/src/costmap_client.cpp:160:13:[m[K [01;36m[Knote: [m[Kin C++11 and above a default constructor can be explicit
[01m[K/home/zheng/carerobot_slam_ros2/src/explore_lite/src/costmap_client.cpp:170:13:[m[K [01;35m[Kwarning: [m[Kconverting to ‘[01m[Kgeometry_msgs::msg::Pose[m[K’ {aka ‘[01m[Kgeometry_msgs::msg::Pose_<std::allocator<void> >[m[K’} from initializer list would use explicit constructor ‘[01m[Kgeometry_msgs::msg::Pose_<ContainerAllocator>::Pose_(rosidl_runtime_cpp::MessageInitialization) [with ContainerAllocator = std::allocator<void>][m[K’
  170 |     return {[01;35m[K}[m[K;
      |             [01;35m[K^[m[K
[01m[K/home/zheng/carerobot_slam_ros2/src/explore_lite/src/costmap_client.cpp:170:13:[m[K [01;36m[Knote: [m[Kin C++11 and above a default constructor can be explicit
gmake[2]: *** [CMakeFiles/explore.dir/build.make:90：CMakeFiles/explore.dir/src/explore.cpp.o] 错误 1
gmake[2]: *** 正在等待未完成的任务....
gmake[1]: *** [CMakeFiles/Makefile2:137：CMakeFiles/explore.dir/all] 错误 2
gmake: *** [Makefile:146：all] 错误 2
