[2.931s] Invoking command in '/home/zheng/carerobot_slam_ros2/build/keyboard_control': CMAKE_PREFIX_PATH=/opt/ros/humble /usr/bin/cmake --build /home/zheng/carerobot_slam_ros2/build/keyboard_control -- -j8 -l8
[32.473s] [100%] Built target keyboard_control
[32.493s] Invoked command in '/home/zheng/carerobot_slam_ros2/build/keyboard_control' returned '0': CMAKE_PREFIX_PATH=/opt/ros/humble /usr/bin/cmake --build /home/zheng/carerobot_slam_ros2/build/keyboard_control -- -j8 -l8
[32.516s] Invoking command in '/home/zheng/carerobot_slam_ros2/build/keyboard_control': CMAKE_PREFIX_PATH=/opt/ros/humble /usr/bin/cmake --install /home/zheng/carerobot_slam_ros2/build/keyboard_control
[32.645s] -- Install configuration: ""
[32.712s] -- Up-to-date: /home/zheng/carerobot_slam_ros2/install/keyboard_control/lib/keyboard_control/keyboard_control
[32.712s] -- Up-to-date: /home/zheng/carerobot_slam_ros2/install/keyboard_control/share/keyboard_control/launch
[32.814s] -- Up-to-date: /home/zheng/carerobot_slam_ros2/install/keyboard_control/share/keyboard_control/launch/keyboard_control.launch.py
[32.817s] -- Up-to-date: /home/zheng/carerobot_slam_ros2/install/keyboard_control/share/ament_index/resource_index/package_run_dependencies/keyboard_control
[32.820s] -- Up-to-date: /home/zheng/carerobot_slam_ros2/install/keyboard_control/share/ament_index/resource_index/parent_prefix_path/keyboard_control
[32.820s] -- Up-to-date: /home/zheng/carerobot_slam_ros2/install/keyboard_control/share/keyboard_control/environment/ament_prefix_path.sh
[32.820s] -- Up-to-date: /home/zheng/carerobot_slam_ros2/install/keyboard_control/share/keyboard_control/environment/ament_prefix_path.dsv
[32.820s] -- Up-to-date: /home/zheng/carerobot_slam_ros2/install/keyboard_control/share/keyboard_control/environment/path.sh
[32.820s] -- Up-to-date: /home/zheng/carerobot_slam_ros2/install/keyboard_control/share/keyboard_control/environment/path.dsv
[32.820s] -- Up-to-date: /home/zheng/carerobot_slam_ros2/install/keyboard_control/share/keyboard_control/local_setup.bash
[32.820s] -- Up-to-date: /home/zheng/carerobot_slam_ros2/install/keyboard_control/share/keyboard_control/local_setup.sh
[32.820s] -- Up-to-date: /home/zheng/carerobot_slam_ros2/install/keyboard_control/share/keyboard_control/local_setup.zsh
[32.820s] -- Up-to-date: /home/zheng/carerobot_slam_ros2/install/keyboard_control/share/keyboard_control/local_setup.dsv
[32.820s] -- Installing: /home/zheng/carerobot_slam_ros2/install/keyboard_control/share/keyboard_control/package.dsv
[33.295s] -- Up-to-date: /home/zheng/carerobot_slam_ros2/install/keyboard_control/share/ament_index/resource_index/packages/keyboard_control
[33.295s] -- Up-to-date: /home/zheng/carerobot_slam_ros2/install/keyboard_control/share/keyboard_control/cmake/keyboard_controlConfig.cmake
[33.295s] -- Up-to-date: /home/zheng/carerobot_slam_ros2/install/keyboard_control/share/keyboard_control/cmake/keyboard_controlConfig-version.cmake
[33.295s] -- Up-to-date: /home/zheng/carerobot_slam_ros2/install/keyboard_control/share/keyboard_control/package.xml
[33.299s] Invoked command in '/home/zheng/carerobot_slam_ros2/build/keyboard_control' returned '0': CMAKE_PREFIX_PATH=/opt/ros/humble /usr/bin/cmake --install /home/zheng/carerobot_slam_ros2/build/keyboard_control
