[0.037s] Invoking command in '/home/zheng/carerobot_slam_ros2/build/openslam_gmapping': CMAKE_PREFIX_PATH=${CMAKE_PREFIX_PATH}:/opt/ros/humble /usr/bin/cmake --build /home/zheng/carerobot_slam_ros2/build/openslam_gmapping -- -j8 -l8
[0.259s] [ 13%] Built target sensor_base
[0.291s] [ 27%] Built target utils
[0.326s] [ 40%] Built target sensor_range
[0.343s] [ 54%] Built target sensor_odometry
[0.399s] [ 77%] Built target scanmatcher
[0.437s] [100%] Built target gridfastslam
[0.484s] Invoked command in '/home/zheng/carerobot_slam_ros2/build/openslam_gmapping' returned '0': CMAKE_PREFIX_PATH=${CMAKE_PREFIX_PATH}:/opt/ros/humble /usr/bin/cmake --build /home/zheng/carerobot_slam_ros2/build/openslam_gmapping -- -j8 -l8
[0.485s] Invoking command in '/home/zheng/carerobot_slam_ros2/build/openslam_gmapping': CMAKE_PREFIX_PATH=${CMAKE_PREFIX_PATH}:/opt/ros/humble /usr/bin/cmake --install /home/zheng/carerobot_slam_ros2/build/openslam_gmapping
[0.492s] -- Install configuration: ""
[0.493s] -- Up-to-date: /home/zheng/carerobot_slam_ros2/install/openslam_gmapping/share/openslam_gmapping/environment/library_path.sh
[0.493s] -- Up-to-date: /home/zheng/carerobot_slam_ros2/install/openslam_gmapping/share/openslam_gmapping/environment/library_path.dsv
[0.493s] -- Up-to-date: /home/zheng/carerobot_slam_ros2/install/openslam_gmapping/include/
[0.493s] -- Up-to-date: /home/zheng/carerobot_slam_ros2/install/openslam_gmapping/include//gmapping
[0.495s] -- Up-to-date: /home/zheng/carerobot_slam_ros2/install/openslam_gmapping/include//gmapping/utils
[0.495s] -- Up-to-date: /home/zheng/carerobot_slam_ros2/install/openslam_gmapping/include//gmapping/utils/gvalues.h
[0.495s] -- Up-to-date: /home/zheng/carerobot_slam_ros2/install/openslam_gmapping/include//gmapping/utils/stat.h
[0.496s] -- Up-to-date: /home/zheng/carerobot_slam_ros2/install/openslam_gmapping/include//gmapping/utils/macro_params.h
[0.496s] -- Up-to-date: /home/zheng/carerobot_slam_ros2/install/openslam_gmapping/include//gmapping/utils/autoptr.h
[0.496s] -- Up-to-date: /home/zheng/carerobot_slam_ros2/install/openslam_gmapping/include//gmapping/utils/commandline.h
[0.496s] -- Up-to-date: /home/zheng/carerobot_slam_ros2/install/openslam_gmapping/include//gmapping/utils/point.h
[0.496s] -- Up-to-date: /home/zheng/carerobot_slam_ros2/install/openslam_gmapping/include//gmapping/sensor
[0.497s] -- Up-to-date: /home/zheng/carerobot_slam_ros2/install/openslam_gmapping/include//gmapping/sensor/sensor_odometry
[0.497s] -- Up-to-date: /home/zheng/carerobot_slam_ros2/install/openslam_gmapping/include//gmapping/sensor/sensor_odometry/odometrysensor.h
[0.497s] -- Up-to-date: /home/zheng/carerobot_slam_ros2/install/openslam_gmapping/include//gmapping/sensor/sensor_odometry/odometryreading.h
[0.497s] -- Up-to-date: /home/zheng/carerobot_slam_ros2/install/openslam_gmapping/include//gmapping/sensor/sensor_base
[0.497s] -- Up-to-date: /home/zheng/carerobot_slam_ros2/install/openslam_gmapping/include//gmapping/sensor/sensor_base/sensorreading.h
[0.497s] -- Up-to-date: /home/zheng/carerobot_slam_ros2/install/openslam_gmapping/include//gmapping/sensor/sensor_base/sensor.h
[0.497s] -- Up-to-date: /home/zheng/carerobot_slam_ros2/install/openslam_gmapping/include//gmapping/sensor/sensor_range
[0.497s] -- Up-to-date: /home/zheng/carerobot_slam_ros2/install/openslam_gmapping/include//gmapping/sensor/sensor_range/rangesensor.h
[0.497s] -- Up-to-date: /home/zheng/carerobot_slam_ros2/install/openslam_gmapping/include//gmapping/sensor/sensor_range/rangereading.h
[0.498s] -- Up-to-date: /home/zheng/carerobot_slam_ros2/install/openslam_gmapping/include//gmapping/gridfastslam
[0.498s] -- Up-to-date: /home/zheng/carerobot_slam_ros2/install/openslam_gmapping/include//gmapping/gridfastslam/gridslamprocessor.hxx
[0.498s] -- Up-to-date: /home/zheng/carerobot_slam_ros2/install/openslam_gmapping/include//gmapping/gridfastslam/motionmodel.h
[0.498s] -- Up-to-date: /home/zheng/carerobot_slam_ros2/install/openslam_gmapping/include//gmapping/gridfastslam/gridslamprocessor.h
[0.498s] -- Up-to-date: /home/zheng/carerobot_slam_ros2/install/openslam_gmapping/include//gmapping/particlefilter
[0.498s] -- Up-to-date: /home/zheng/carerobot_slam_ros2/install/openslam_gmapping/include//gmapping/particlefilter/particlefilter.h
[0.498s] -- Up-to-date: /home/zheng/carerobot_slam_ros2/install/openslam_gmapping/include//gmapping/grid
[0.501s] -- Up-to-date: /home/zheng/carerobot_slam_ros2/install/openslam_gmapping/include//gmapping/grid/array2d.h
[0.505s] -- Up-to-date: /home/zheng/carerobot_slam_ros2/install/openslam_gmapping/include//gmapping/grid/accessstate.h
[0.506s] -- Up-to-date: /home/zheng/carerobot_slam_ros2/install/openslam_gmapping/include//gmapping/grid/map.h
[0.506s] -- Up-to-date: /home/zheng/carerobot_slam_ros2/install/openslam_gmapping/include//gmapping/grid/harray2d.h
[0.506s] -- Up-to-date: /home/zheng/carerobot_slam_ros2/install/openslam_gmapping/include//gmapping/scanmatcher
[0.507s] -- Up-to-date: /home/zheng/carerobot_slam_ros2/install/openslam_gmapping/include//gmapping/scanmatcher/scanmatcher.h
[0.507s] -- Up-to-date: /home/zheng/carerobot_slam_ros2/install/openslam_gmapping/include//gmapping/scanmatcher/icp.h
[0.507s] -- Up-to-date: /home/zheng/carerobot_slam_ros2/install/openslam_gmapping/include//gmapping/scanmatcher/smmap.h
[0.507s] -- Up-to-date: /home/zheng/carerobot_slam_ros2/install/openslam_gmapping/include//gmapping/log
[0.507s] -- Up-to-date: /home/zheng/carerobot_slam_ros2/install/openslam_gmapping/include//gmapping/log/sensorlog.h
[0.507s] -- Up-to-date: /home/zheng/carerobot_slam_ros2/install/openslam_gmapping/include//gmapping/log/configuration.h
[0.508s] -- Up-to-date: /home/zheng/carerobot_slam_ros2/install/openslam_gmapping/share/ament_index/resource_index/package_run_dependencies/openslam_gmapping
[0.508s] -- Up-to-date: /home/zheng/carerobot_slam_ros2/install/openslam_gmapping/share/ament_index/resource_index/parent_prefix_path/openslam_gmapping
[0.508s] -- Up-to-date: /home/zheng/carerobot_slam_ros2/install/openslam_gmapping/share/openslam_gmapping/environment/ament_prefix_path.sh
[0.511s] -- Up-to-date: /home/zheng/carerobot_slam_ros2/install/openslam_gmapping/share/openslam_gmapping/environment/ament_prefix_path.dsv
[0.513s] -- Up-to-date: /home/zheng/carerobot_slam_ros2/install/openslam_gmapping/share/openslam_gmapping/environment/path.sh
[0.513s] -- Up-to-date: /home/zheng/carerobot_slam_ros2/install/openslam_gmapping/share/openslam_gmapping/environment/path.dsv
[0.515s] -- Up-to-date: /home/zheng/carerobot_slam_ros2/install/openslam_gmapping/share/openslam_gmapping/local_setup.bash
[0.516s] -- Up-to-date: /home/zheng/carerobot_slam_ros2/install/openslam_gmapping/share/openslam_gmapping/local_setup.sh
[0.516s] -- Up-to-date: /home/zheng/carerobot_slam_ros2/install/openslam_gmapping/share/openslam_gmapping/local_setup.zsh
[0.517s] -- Up-to-date: /home/zheng/carerobot_slam_ros2/install/openslam_gmapping/share/openslam_gmapping/local_setup.dsv
[0.518s] -- Installing: /home/zheng/carerobot_slam_ros2/install/openslam_gmapping/share/openslam_gmapping/package.dsv
[0.520s] -- Up-to-date: /home/zheng/carerobot_slam_ros2/install/openslam_gmapping/share/ament_index/resource_index/packages/openslam_gmapping
[0.520s] -- Up-to-date: /home/zheng/carerobot_slam_ros2/install/openslam_gmapping/share/openslam_gmapping/cmake/ament_cmake_export_libraries-extras.cmake
[0.521s] -- Up-to-date: /home/zheng/carerobot_slam_ros2/install/openslam_gmapping/share/openslam_gmapping/cmake/ament_cmake_export_include_directories-extras.cmake
[0.521s] -- Up-to-date: /home/zheng/carerobot_slam_ros2/install/openslam_gmapping/share/openslam_gmapping/cmake/openslam_gmappingConfig.cmake
[0.521s] -- Up-to-date: /home/zheng/carerobot_slam_ros2/install/openslam_gmapping/share/openslam_gmapping/cmake/openslam_gmappingConfig-version.cmake
[0.521s] -- Up-to-date: /home/zheng/carerobot_slam_ros2/install/openslam_gmapping/share/openslam_gmapping/package.xml
[0.521s] -- Up-to-date: /home/zheng/carerobot_slam_ros2/install/openslam_gmapping/lib/libgridfastslam.a
[0.521s] -- Up-to-date: /home/zheng/carerobot_slam_ros2/install/openslam_gmapping/lib/libscanmatcher.a
[0.522s] -- Up-to-date: /home/zheng/carerobot_slam_ros2/install/openslam_gmapping/share/openslam_gmapping/environment/library_path.sh
[0.524s] -- Up-to-date: /home/zheng/carerobot_slam_ros2/install/openslam_gmapping/share/openslam_gmapping/environment/library_path.dsv
[0.524s] -- Up-to-date: /home/zheng/carerobot_slam_ros2/install/openslam_gmapping/lib/libsensor_base.a
[0.525s] -- Up-to-date: /home/zheng/carerobot_slam_ros2/install/openslam_gmapping/share/openslam_gmapping/environment/library_path.sh
[0.525s] -- Up-to-date: /home/zheng/carerobot_slam_ros2/install/openslam_gmapping/share/openslam_gmapping/environment/library_path.dsv
[0.527s] -- Up-to-date: /home/zheng/carerobot_slam_ros2/install/openslam_gmapping/lib/libsensor_odometry.a
[0.527s] -- Up-to-date: /home/zheng/carerobot_slam_ros2/install/openslam_gmapping/lib/libsensor_range.a
[0.527s] -- Up-to-date: /home/zheng/carerobot_slam_ros2/install/openslam_gmapping/lib/libutils.a
[0.527s] -- Up-to-date: /home/zheng/carerobot_slam_ros2/install/openslam_gmapping/share/openslam_gmapping/environment/library_path.sh
[0.528s] -- Up-to-date: /home/zheng/carerobot_slam_ros2/install/openslam_gmapping/share/openslam_gmapping/environment/library_path.dsv
[0.528s] Invoked command in '/home/zheng/carerobot_slam_ros2/build/openslam_gmapping' returned '0': CMAKE_PREFIX_PATH=${CMAKE_PREFIX_PATH}:/opt/ros/humble /usr/bin/cmake --install /home/zheng/carerobot_slam_ros2/build/openslam_gmapping
