[0.019s] Invoking command in '/home/zheng/carerobot_slam_ros2/build/robot_navigation': CMAKE_PREFIX_PATH=/home/zheng/carerobot_slam_ros2/install/robot_costmap:/home/zheng/carerobot_slam_ros2/install/robot_communication:/home/zheng/carerobot_slam_ros2/install/slam_gmapping:/home/zheng/carerobot_slam_ros2/install/robot_pid_local_planner:/home/zheng/carerobot_slam_ros2/install/robot_navigation:/home/zheng/carerobot_slam_ros2/install/read_laser_data:/home/zheng/carerobot_slam_ros2/install/openslam_gmapping:/home/zheng/carerobot_slam_ros2/install/keyboard_control:/home/zheng/carerobot_slam_ros2/install/explore_lite:/home/zheng/carerobot_slam_ros2/install/diff_drive_gazebo:/opt/ros/humble LD_LIBRARY_PATH=/home/zheng/carerobot_slam_ros2/install/robot_communication/lib:/home/zheng/carerobot_slam_ros2/install/robot_costmap/lib:/home/zheng/carerobot_slam_ros2/install/openslam_gmapping/lib:/usr/lib/x86_64-linux-gnu/gazebo-11/plugins:/opt/ros/humble/opt/rviz_ogre_vendor/lib:/opt/ros/humble/lib/x86_64-linux-gnu:/opt/ros/humble/lib /usr/bin/cmake --build /home/zheng/carerobot_slam_ros2/build/robot_navigation -- -j8 -l8
[0.102s] [35m[1mConsolidate compiler generated dependencies of target motionPlan_node[0m
[0.103s] [35m[1mConsolidate compiler generated dependencies of target Differential_DWA_node[0m
[0.230s] [  2%] [32mBuilding CXX object CMakeFiles/Differential_DWA_node.dir/src/local_plan/differential_dwa.cpp.o[0m
[0.230s] [  4%] [32mBuilding CXX object CMakeFiles/motionPlan_node.dir/src/local_plan/differential_dwa.cpp.o[0m
[30.718s] [  7%] [32m[1mLinking CXX executable Differential_DWA_node[0m
[31.125s] [  9%] [32m[1mLinking CXX executable motionPlan_node[0m
[34.012s] [ 54%] Built target Differential_DWA_node
[34.440s] [100%] Built target motionPlan_node
[34.454s] Invoked command in '/home/zheng/carerobot_slam_ros2/build/robot_navigation' returned '0': CMAKE_PREFIX_PATH=/home/zheng/carerobot_slam_ros2/install/robot_costmap:/home/zheng/carerobot_slam_ros2/install/robot_communication:/home/zheng/carerobot_slam_ros2/install/slam_gmapping:/home/zheng/carerobot_slam_ros2/install/robot_pid_local_planner:/home/zheng/carerobot_slam_ros2/install/robot_navigation:/home/zheng/carerobot_slam_ros2/install/read_laser_data:/home/zheng/carerobot_slam_ros2/install/openslam_gmapping:/home/zheng/carerobot_slam_ros2/install/keyboard_control:/home/zheng/carerobot_slam_ros2/install/explore_lite:/home/zheng/carerobot_slam_ros2/install/diff_drive_gazebo:/opt/ros/humble LD_LIBRARY_PATH=/home/zheng/carerobot_slam_ros2/install/robot_communication/lib:/home/zheng/carerobot_slam_ros2/install/robot_costmap/lib:/home/zheng/carerobot_slam_ros2/install/openslam_gmapping/lib:/usr/lib/x86_64-linux-gnu/gazebo-11/plugins:/opt/ros/humble/opt/rviz_ogre_vendor/lib:/opt/ros/humble/lib/x86_64-linux-gnu:/opt/ros/humble/lib /usr/bin/cmake --build /home/zheng/carerobot_slam_ros2/build/robot_navigation -- -j8 -l8
[34.456s] Invoking command in '/home/zheng/carerobot_slam_ros2/build/robot_navigation': CMAKE_PREFIX_PATH=/home/zheng/carerobot_slam_ros2/install/robot_costmap:/home/zheng/carerobot_slam_ros2/install/robot_communication:/home/zheng/carerobot_slam_ros2/install/slam_gmapping:/home/zheng/carerobot_slam_ros2/install/robot_pid_local_planner:/home/zheng/carerobot_slam_ros2/install/robot_navigation:/home/zheng/carerobot_slam_ros2/install/read_laser_data:/home/zheng/carerobot_slam_ros2/install/openslam_gmapping:/home/zheng/carerobot_slam_ros2/install/keyboard_control:/home/zheng/carerobot_slam_ros2/install/explore_lite:/home/zheng/carerobot_slam_ros2/install/diff_drive_gazebo:/opt/ros/humble LD_LIBRARY_PATH=/home/zheng/carerobot_slam_ros2/install/robot_communication/lib:/home/zheng/carerobot_slam_ros2/install/robot_costmap/lib:/home/zheng/carerobot_slam_ros2/install/openslam_gmapping/lib:/usr/lib/x86_64-linux-gnu/gazebo-11/plugins:/opt/ros/humble/opt/rviz_ogre_vendor/lib:/opt/ros/humble/lib/x86_64-linux-gnu:/opt/ros/humble/lib /usr/bin/cmake --install /home/zheng/carerobot_slam_ros2/build/robot_navigation
[34.463s] -- Install configuration: "Release"
[34.464s] -- Installing: /home/zheng/carerobot_slam_ros2/install/robot_navigation/lib/robot_navigation/motionPlan_node
[34.491s] -- Set runtime path of "/home/zheng/carerobot_slam_ros2/install/robot_navigation/lib/robot_navigation/motionPlan_node" to ""
[34.491s] -- Installing: /home/zheng/carerobot_slam_ros2/install/robot_navigation/lib/robot_navigation/Differential_DWA_node
[34.520s] -- Set runtime path of "/home/zheng/carerobot_slam_ros2/install/robot_navigation/lib/robot_navigation/Differential_DWA_node" to ""
[34.521s] -- Up-to-date: /home/zheng/carerobot_slam_ros2/install/robot_navigation/include/
[34.521s] -- Up-to-date: /home/zheng/carerobot_slam_ros2/install/robot_navigation/include//vel_transform
[34.521s] -- Up-to-date: /home/zheng/carerobot_slam_ros2/install/robot_navigation/include//vel_transform/vel_transform.h
[34.521s] -- Up-to-date: /home/zheng/carerobot_slam_ros2/install/robot_navigation/include//path_searcher
[34.521s] -- Up-to-date: /home/zheng/carerobot_slam_ros2/install/robot_navigation/include//path_searcher/node.h
[34.521s] -- Up-to-date: /home/zheng/carerobot_slam_ros2/install/robot_navigation/include//path_searcher/Hybrid_astar.h
[34.521s] -- Up-to-date: /home/zheng/carerobot_slam_ros2/install/robot_navigation/include//path_searcher/nav_app.h
[34.522s] -- Up-to-date: /home/zheng/carerobot_slam_ros2/install/robot_navigation/include//path_searcher/Astar_searcher.h
[34.522s] -- Up-to-date: /home/zheng/carerobot_slam_ros2/install/robot_navigation/include//path_searcher/JPS_searcher.h
[34.522s] -- Up-to-date: /home/zheng/carerobot_slam_ros2/install/robot_navigation/include//path_searcher/two_way_rrt.h
[34.522s] -- Up-to-date: /home/zheng/carerobot_slam_ros2/install/robot_navigation/include//path_searcher/JPS_utils.h
[34.522s] -- Up-to-date: /home/zheng/carerobot_slam_ros2/install/robot_navigation/include//motionPlan
[34.522s] -- Up-to-date: /home/zheng/carerobot_slam_ros2/install/robot_navigation/include//motionPlan/motionPlan.h
[34.522s] -- Up-to-date: /home/zheng/carerobot_slam_ros2/install/robot_navigation/include//utility
[34.522s] -- Up-to-date: /home/zheng/carerobot_slam_ros2/install/robot_navigation/include//utility/type.h
[34.522s] -- Up-to-date: /home/zheng/carerobot_slam_ros2/install/robot_navigation/include//utility/math_function.h
[34.522s] -- Up-to-date: /home/zheng/carerobot_slam_ros2/install/robot_navigation/include//math_tools
[34.523s] -- Up-to-date: /home/zheng/carerobot_slam_ros2/install/robot_navigation/include//math_tools/filter.h
[34.523s] -- Up-to-date: /home/zheng/carerobot_slam_ros2/install/robot_navigation/include//math_tools/curve_fitting.h
[34.523s] -- Up-to-date: /home/zheng/carerobot_slam_ros2/install/robot_navigation/include//path_optimization
[34.523s] -- Up-to-date: /home/zheng/carerobot_slam_ros2/install/robot_navigation/include//path_optimization/fast_security.h
[34.523s] -- Up-to-date: /home/zheng/carerobot_slam_ros2/install/robot_navigation/include//path_optimization/minimum_snap.h
[34.523s] -- Up-to-date: /home/zheng/carerobot_slam_ros2/install/robot_navigation/include//path_optimization/bspline_optimizer.h
[34.523s] -- Up-to-date: /home/zheng/carerobot_slam_ros2/install/robot_navigation/include//path_optimization/bezier_curve.h
[34.523s] -- Up-to-date: /home/zheng/carerobot_slam_ros2/install/robot_navigation/include//path_optimization/corridor_optimizer.h
[34.523s] -- Up-to-date: /home/zheng/carerobot_slam_ros2/install/robot_navigation/include//path_optimization/non_uniform_bspline.h
[34.523s] -- Up-to-date: /home/zheng/carerobot_slam_ros2/install/robot_navigation/include//path_optimization/BSpline.h
[34.524s] -- Up-to-date: /home/zheng/carerobot_slam_ros2/install/robot_navigation/include//path_follow
[34.524s] -- Up-to-date: /home/zheng/carerobot_slam_ros2/install/robot_navigation/include//path_follow/pid_follow.h
[34.525s] -- Up-to-date: /home/zheng/carerobot_slam_ros2/install/robot_navigation/include//local_plan
[34.525s] -- Up-to-date: /home/zheng/carerobot_slam_ros2/install/robot_navigation/include//local_plan/differential_dwa.h
[34.526s] -- Up-to-date: /home/zheng/carerobot_slam_ros2/install/robot_navigation/share/robot_navigation/config
[34.526s] -- Up-to-date: /home/zheng/carerobot_slam_ros2/install/robot_navigation/share/robot_navigation/config/dwa_param.yaml
[34.526s] -- Up-to-date: /home/zheng/carerobot_slam_ros2/install/robot_navigation/share/robot_navigation/config/pid_param.yaml
[34.526s] -- Up-to-date: /home/zheng/carerobot_slam_ros2/install/robot_navigation/share/robot_navigation/launch
[34.526s] -- Up-to-date: /home/zheng/carerobot_slam_ros2/install/robot_navigation/share/robot_navigation/launch/differential_dwa.launch.py
[34.527s] -- Up-to-date: /home/zheng/carerobot_slam_ros2/install/robot_navigation/share/robot_navigation/launch/motionPlan.launch.py
[34.527s] -- Up-to-date: /home/zheng/carerobot_slam_ros2/install/robot_navigation/share/ament_index/resource_index/package_run_dependencies/robot_navigation
[34.527s] -- Up-to-date: /home/zheng/carerobot_slam_ros2/install/robot_navigation/share/ament_index/resource_index/parent_prefix_path/robot_navigation
[34.527s] -- Up-to-date: /home/zheng/carerobot_slam_ros2/install/robot_navigation/share/robot_navigation/environment/ament_prefix_path.sh
[34.527s] -- Up-to-date: /home/zheng/carerobot_slam_ros2/install/robot_navigation/share/robot_navigation/environment/ament_prefix_path.dsv
[34.527s] -- Up-to-date: /home/zheng/carerobot_slam_ros2/install/robot_navigation/share/robot_navigation/environment/path.sh
[34.527s] -- Up-to-date: /home/zheng/carerobot_slam_ros2/install/robot_navigation/share/robot_navigation/environment/path.dsv
[34.527s] -- Up-to-date: /home/zheng/carerobot_slam_ros2/install/robot_navigation/share/robot_navigation/local_setup.bash
[34.528s] -- Up-to-date: /home/zheng/carerobot_slam_ros2/install/robot_navigation/share/robot_navigation/local_setup.sh
[34.528s] -- Up-to-date: /home/zheng/carerobot_slam_ros2/install/robot_navigation/share/robot_navigation/local_setup.zsh
[34.528s] -- Up-to-date: /home/zheng/carerobot_slam_ros2/install/robot_navigation/share/robot_navigation/local_setup.dsv
[34.528s] -- Installing: /home/zheng/carerobot_slam_ros2/install/robot_navigation/share/robot_navigation/package.dsv
[34.528s] -- Up-to-date: /home/zheng/carerobot_slam_ros2/install/robot_navigation/share/ament_index/resource_index/packages/robot_navigation
[34.528s] -- Up-to-date: /home/zheng/carerobot_slam_ros2/install/robot_navigation/share/robot_navigation/cmake/robot_navigationConfig.cmake
[34.528s] -- Up-to-date: /home/zheng/carerobot_slam_ros2/install/robot_navigation/share/robot_navigation/cmake/robot_navigationConfig-version.cmake
[34.529s] -- Up-to-date: /home/zheng/carerobot_slam_ros2/install/robot_navigation/share/robot_navigation/package.xml
[34.529s] Invoked command in '/home/zheng/carerobot_slam_ros2/build/robot_navigation' returned '0': CMAKE_PREFIX_PATH=/home/zheng/carerobot_slam_ros2/install/robot_costmap:/home/zheng/carerobot_slam_ros2/install/robot_communication:/home/zheng/carerobot_slam_ros2/install/slam_gmapping:/home/zheng/carerobot_slam_ros2/install/robot_pid_local_planner:/home/zheng/carerobot_slam_ros2/install/robot_navigation:/home/zheng/carerobot_slam_ros2/install/read_laser_data:/home/zheng/carerobot_slam_ros2/install/openslam_gmapping:/home/zheng/carerobot_slam_ros2/install/keyboard_control:/home/zheng/carerobot_slam_ros2/install/explore_lite:/home/zheng/carerobot_slam_ros2/install/diff_drive_gazebo:/opt/ros/humble LD_LIBRARY_PATH=/home/zheng/carerobot_slam_ros2/install/robot_communication/lib:/home/zheng/carerobot_slam_ros2/install/robot_costmap/lib:/home/zheng/carerobot_slam_ros2/install/openslam_gmapping/lib:/usr/lib/x86_64-linux-gnu/gazebo-11/plugins:/opt/ros/humble/opt/rviz_ogre_vendor/lib:/opt/ros/humble/lib/x86_64-linux-gnu:/opt/ros/humble/lib /usr/bin/cmake --install /home/zheng/carerobot_slam_ros2/build/robot_navigation
