[0.014s] Invoking command in '/home/zheng/carerobot_slam_ros2/build/robot_costmap': CMAKE_PREFIX_PATH=/home/zheng/carerobot_slam_ros2/install/robot_communication:/home/zheng/carerobot_slam_ros2/install/robot_pid_local_planner:/home/zheng/carerobot_slam_ros2/install/robot_navigation:/home/zheng/carerobot_slam_ros2/install/robot_costmap:/home/zheng/carerobot_slam_ros2/install/diff_drive_gazebo:/opt/ros/humble LD_LIBRARY_PATH=/home/zheng/carerobot_slam_ros2/install/robot_communication/lib:/home/zheng/carerobot_slam_ros2/install/robot_costmap/lib:/usr/lib/x86_64-linux-gnu/gazebo-11/plugins:/opt/ros/humble/opt/rviz_ogre_vendor/lib:/opt/ros/humble/lib/x86_64-linux-gnu:/opt/ros/humble/lib /usr/bin/cmake --build /home/zheng/carerobot_slam_ros2/build/robot_costmap -- -j8 -l8
[0.104s] [ 66%] Built target robot_costmap
[0.161s] [ 77%] [32mBuilding CXX object CMakeFiles/map_deal_node.dir/src/nodes/map_deal_node.cpp.o[0m
[0.163s] [ 88%] [32mBuilding CXX object CMakeFiles/map_deal_node.dir/src/map_deal/map_deal.cpp.o[0m
[31.343s] [100%] [32m[1mLinking CXX executable map_deal_node[0m
[35.594s] [100%] Built target map_deal_node
[35.605s] Invoked command in '/home/zheng/carerobot_slam_ros2/build/robot_costmap' returned '0': CMAKE_PREFIX_PATH=/home/zheng/carerobot_slam_ros2/install/robot_communication:/home/zheng/carerobot_slam_ros2/install/robot_pid_local_planner:/home/zheng/carerobot_slam_ros2/install/robot_navigation:/home/zheng/carerobot_slam_ros2/install/robot_costmap:/home/zheng/carerobot_slam_ros2/install/diff_drive_gazebo:/opt/ros/humble LD_LIBRARY_PATH=/home/zheng/carerobot_slam_ros2/install/robot_communication/lib:/home/zheng/carerobot_slam_ros2/install/robot_costmap/lib:/usr/lib/x86_64-linux-gnu/gazebo-11/plugins:/opt/ros/humble/opt/rviz_ogre_vendor/lib:/opt/ros/humble/lib/x86_64-linux-gnu:/opt/ros/humble/lib /usr/bin/cmake --build /home/zheng/carerobot_slam_ros2/build/robot_costmap -- -j8 -l8
[35.607s] Invoking command in '/home/zheng/carerobot_slam_ros2/build/robot_costmap': CMAKE_PREFIX_PATH=/home/zheng/carerobot_slam_ros2/install/robot_communication:/home/zheng/carerobot_slam_ros2/install/robot_pid_local_planner:/home/zheng/carerobot_slam_ros2/install/robot_navigation:/home/zheng/carerobot_slam_ros2/install/robot_costmap:/home/zheng/carerobot_slam_ros2/install/diff_drive_gazebo:/opt/ros/humble LD_LIBRARY_PATH=/home/zheng/carerobot_slam_ros2/install/robot_communication/lib:/home/zheng/carerobot_slam_ros2/install/robot_costmap/lib:/usr/lib/x86_64-linux-gnu/gazebo-11/plugins:/opt/ros/humble/opt/rviz_ogre_vendor/lib:/opt/ros/humble/lib/x86_64-linux-gnu:/opt/ros/humble/lib /usr/bin/cmake --install /home/zheng/carerobot_slam_ros2/build/robot_costmap
[35.614s] -- Install configuration: "Debug"
[35.614s] -- Up-to-date: /home/zheng/carerobot_slam_ros2/install/robot_costmap/include
[35.614s] -- Up-to-date: /home/zheng/carerobot_slam_ros2/install/robot_costmap/include/map_deal
[35.614s] -- Up-to-date: /home/zheng/carerobot_slam_ros2/install/robot_costmap/include/map_deal/global_map_deal.h
[35.614s] -- Up-to-date: /home/zheng/carerobot_slam_ros2/install/robot_costmap/include/map_deal/map_deal.h
[35.614s] -- Up-to-date: /home/zheng/carerobot_slam_ros2/install/robot_costmap/include/map_deal/signed_distance_field_2d.h
[35.614s] -- Up-to-date: /home/zheng/carerobot_slam_ros2/install/robot_costmap/include/map_deal/edt_environment.h
[35.614s] -- Up-to-date: /home/zheng/carerobot_slam_ros2/install/robot_costmap/include/map_deal/local_map_deal.h
[35.614s] -- Up-to-date: /home/zheng/carerobot_slam_ros2/install/robot_costmap/include/map_deal/grid_map_2d.h
[35.614s] -- Up-to-date: /home/zheng/carerobot_slam_ros2/install/robot_costmap/include/common
[35.614s] -- Up-to-date: /home/zheng/carerobot_slam_ros2/install/robot_costmap/include/common/base
[35.615s] -- Up-to-date: /home/zheng/carerobot_slam_ros2/install/robot_costmap/include/common/base/state.h
[35.615s] -- Up-to-date: /home/zheng/carerobot_slam_ros2/install/robot_costmap/include/common/base/trajectory.h
[35.615s] -- Up-to-date: /home/zheng/carerobot_slam_ros2/install/robot_costmap/include/common/base/type.h
[35.615s] -- Up-to-date: /home/zheng/carerobot_slam_ros2/install/robot_costmap/share/robot_costmap/launch
[35.615s] -- Up-to-date: /home/zheng/carerobot_slam_ros2/install/robot_costmap/share/robot_costmap/launch/map_deal.launch.py
[35.615s] -- Up-to-date: /home/zheng/carerobot_slam_ros2/install/robot_costmap/share/robot_costmap/launch/map_deal_real.launch
[35.615s] -- Up-to-date: /home/zheng/carerobot_slam_ros2/install/robot_costmap/lib/librobot_costmap.a
[35.615s] -- Installing: /home/zheng/carerobot_slam_ros2/install/robot_costmap/lib/robot_costmap/map_deal_node
[35.666s] -- Set runtime path of "/home/zheng/carerobot_slam_ros2/install/robot_costmap/lib/robot_costmap/map_deal_node" to ""
[35.666s] -- Up-to-date: /home/zheng/carerobot_slam_ros2/install/robot_costmap/share/robot_costmap/environment/library_path.sh
[35.666s] -- Up-to-date: /home/zheng/carerobot_slam_ros2/install/robot_costmap/share/robot_costmap/environment/library_path.dsv
[35.666s] -- Up-to-date: /home/zheng/carerobot_slam_ros2/install/robot_costmap/share/ament_index/resource_index/package_run_dependencies/robot_costmap
[35.666s] -- Up-to-date: /home/zheng/carerobot_slam_ros2/install/robot_costmap/share/ament_index/resource_index/parent_prefix_path/robot_costmap
[35.666s] -- Up-to-date: /home/zheng/carerobot_slam_ros2/install/robot_costmap/share/robot_costmap/environment/ament_prefix_path.sh
[35.667s] -- Up-to-date: /home/zheng/carerobot_slam_ros2/install/robot_costmap/share/robot_costmap/environment/ament_prefix_path.dsv
[35.667s] -- Up-to-date: /home/zheng/carerobot_slam_ros2/install/robot_costmap/share/robot_costmap/environment/path.sh
[35.667s] -- Up-to-date: /home/zheng/carerobot_slam_ros2/install/robot_costmap/share/robot_costmap/environment/path.dsv
[35.667s] -- Up-to-date: /home/zheng/carerobot_slam_ros2/install/robot_costmap/share/robot_costmap/local_setup.bash
[35.667s] -- Up-to-date: /home/zheng/carerobot_slam_ros2/install/robot_costmap/share/robot_costmap/local_setup.sh
[35.667s] -- Up-to-date: /home/zheng/carerobot_slam_ros2/install/robot_costmap/share/robot_costmap/local_setup.zsh
[35.667s] -- Up-to-date: /home/zheng/carerobot_slam_ros2/install/robot_costmap/share/robot_costmap/local_setup.dsv
[35.667s] -- Installing: /home/zheng/carerobot_slam_ros2/install/robot_costmap/share/robot_costmap/package.dsv
[35.667s] -- Up-to-date: /home/zheng/carerobot_slam_ros2/install/robot_costmap/share/ament_index/resource_index/packages/robot_costmap
[35.667s] -- Up-to-date: /home/zheng/carerobot_slam_ros2/install/robot_costmap/share/robot_costmap/cmake/export_robot_costmapExport.cmake
[35.668s] -- Up-to-date: /home/zheng/carerobot_slam_ros2/install/robot_costmap/share/robot_costmap/cmake/export_robot_costmapExport-debug.cmake
[35.668s] -- Up-to-date: /home/zheng/carerobot_slam_ros2/install/robot_costmap/share/robot_costmap/cmake/ament_cmake_export_targets-extras.cmake
[35.668s] -- Up-to-date: /home/zheng/carerobot_slam_ros2/install/robot_costmap/share/robot_costmap/cmake/ament_cmake_export_include_directories-extras.cmake
[35.668s] -- Up-to-date: /home/zheng/carerobot_slam_ros2/install/robot_costmap/share/robot_costmap/cmake/ament_cmake_export_dependencies-extras.cmake
[35.668s] -- Up-to-date: /home/zheng/carerobot_slam_ros2/install/robot_costmap/share/robot_costmap/cmake/robot_costmapConfig.cmake
[35.668s] -- Up-to-date: /home/zheng/carerobot_slam_ros2/install/robot_costmap/share/robot_costmap/cmake/robot_costmapConfig-version.cmake
[35.668s] -- Up-to-date: /home/zheng/carerobot_slam_ros2/install/robot_costmap/share/robot_costmap/package.xml
[35.669s] Invoked command in '/home/zheng/carerobot_slam_ros2/build/robot_costmap' returned '0': CMAKE_PREFIX_PATH=/home/zheng/carerobot_slam_ros2/install/robot_communication:/home/zheng/carerobot_slam_ros2/install/robot_pid_local_planner:/home/zheng/carerobot_slam_ros2/install/robot_navigation:/home/zheng/carerobot_slam_ros2/install/robot_costmap:/home/zheng/carerobot_slam_ros2/install/diff_drive_gazebo:/opt/ros/humble LD_LIBRARY_PATH=/home/zheng/carerobot_slam_ros2/install/robot_communication/lib:/home/zheng/carerobot_slam_ros2/install/robot_costmap/lib:/usr/lib/x86_64-linux-gnu/gazebo-11/plugins:/opt/ros/humble/opt/rviz_ogre_vendor/lib:/opt/ros/humble/lib/x86_64-linux-gnu:/opt/ros/humble/lib /usr/bin/cmake --install /home/zheng/carerobot_slam_ros2/build/robot_costmap
