[ 50%] Built target Differential_DWA_node
[100%] Built target motionPlan_node
-- Install configuration: "Release"
-- Up-to-date: /home/zheng/carerobot_slam_ros2/install/robot_navigation/lib/robot_navigation/motionPlan_node
-- Up-to-date: /home/zheng/carerobot_slam_ros2/install/robot_navigation/lib/robot_navigation/Differential_DWA_node
-- Up-to-date: /home/zheng/carerobot_slam_ros2/install/robot_navigation/include/
-- Up-to-date: /home/zheng/carerobot_slam_ros2/install/robot_navigation/include//vel_transform
-- Up-to-date: /home/zheng/carerobot_slam_ros2/install/robot_navigation/include//vel_transform/vel_transform.h
-- Up-to-date: /home/zheng/carerobot_slam_ros2/install/robot_navigation/include//path_searcher
-- Up-to-date: /home/zheng/carerobot_slam_ros2/install/robot_navigation/include//path_searcher/node.h
-- Up-to-date: /home/zheng/carerobot_slam_ros2/install/robot_navigation/include//path_searcher/Hybrid_astar.h
-- Up-to-date: /home/zheng/carerobot_slam_ros2/install/robot_navigation/include//path_searcher/nav_app.h
-- Up-to-date: /home/zheng/carerobot_slam_ros2/install/robot_navigation/include//path_searcher/Astar_searcher.h
-- Up-to-date: /home/zheng/carerobot_slam_ros2/install/robot_navigation/include//path_searcher/JPS_searcher.h
-- Up-to-date: /home/zheng/carerobot_slam_ros2/install/robot_navigation/include//path_searcher/two_way_rrt.h
-- Up-to-date: /home/zheng/carerobot_slam_ros2/install/robot_navigation/include//path_searcher/JPS_utils.h
-- Up-to-date: /home/zheng/carerobot_slam_ros2/install/robot_navigation/include//motionPlan
-- Up-to-date: /home/zheng/carerobot_slam_ros2/install/robot_navigation/include//motionPlan/motionPlan.h
-- Up-to-date: /home/zheng/carerobot_slam_ros2/install/robot_navigation/include//utility
-- Up-to-date: /home/zheng/carerobot_slam_ros2/install/robot_navigation/include//utility/type.h
-- Up-to-date: /home/zheng/carerobot_slam_ros2/install/robot_navigation/include//utility/math_function.h
-- Up-to-date: /home/zheng/carerobot_slam_ros2/install/robot_navigation/include//math_tools
-- Up-to-date: /home/zheng/carerobot_slam_ros2/install/robot_navigation/include//math_tools/filter.h
-- Up-to-date: /home/zheng/carerobot_slam_ros2/install/robot_navigation/include//math_tools/curve_fitting.h
-- Up-to-date: /home/zheng/carerobot_slam_ros2/install/robot_navigation/include//path_optimization
-- Up-to-date: /home/zheng/carerobot_slam_ros2/install/robot_navigation/include//path_optimization/fast_security.h
-- Up-to-date: /home/zheng/carerobot_slam_ros2/install/robot_navigation/include//path_optimization/minimum_snap.h
-- Up-to-date: /home/zheng/carerobot_slam_ros2/install/robot_navigation/include//path_optimization/bspline_optimizer.h
-- Up-to-date: /home/zheng/carerobot_slam_ros2/install/robot_navigation/include//path_optimization/bezier_curve.h
-- Up-to-date: /home/zheng/carerobot_slam_ros2/install/robot_navigation/include//path_optimization/corridor_optimizer.h
-- Up-to-date: /home/zheng/carerobot_slam_ros2/install/robot_navigation/include//path_optimization/non_uniform_bspline.h
-- Up-to-date: /home/zheng/carerobot_slam_ros2/install/robot_navigation/include//path_optimization/BSpline.h
-- Up-to-date: /home/zheng/carerobot_slam_ros2/install/robot_navigation/include//path_follow
-- Up-to-date: /home/zheng/carerobot_slam_ros2/install/robot_navigation/include//path_follow/pid_follow.h
-- Up-to-date: /home/zheng/carerobot_slam_ros2/install/robot_navigation/include//local_plan
-- Up-to-date: /home/zheng/carerobot_slam_ros2/install/robot_navigation/include//local_plan/differential_dwa.h
-- Up-to-date: /home/zheng/carerobot_slam_ros2/install/robot_navigation/share/robot_navigation/config
-- Up-to-date: /home/zheng/carerobot_slam_ros2/install/robot_navigation/share/robot_navigation/config/dwa_param.yaml
-- Up-to-date: /home/zheng/carerobot_slam_ros2/install/robot_navigation/share/robot_navigation/config/navigation_param.yaml
-- Up-to-date: /home/zheng/carerobot_slam_ros2/install/robot_navigation/share/robot_navigation/config/pid_param.yaml
-- Up-to-date: /home/zheng/carerobot_slam_ros2/install/robot_navigation/share/robot_navigation/launch
-- Installing: /home/zheng/carerobot_slam_ros2/install/robot_navigation/share/robot_navigation/launch/motionPlan.launch.py
-- Up-to-date: /home/zheng/carerobot_slam_ros2/install/robot_navigation/share/robot_navigation/launch/Differential_DWA.launch
-- Up-to-date: /home/zheng/carerobot_slam_ros2/install/robot_navigation/share/ament_index/resource_index/package_run_dependencies/robot_navigation
-- Up-to-date: /home/zheng/carerobot_slam_ros2/install/robot_navigation/share/ament_index/resource_index/parent_prefix_path/robot_navigation
-- Up-to-date: /home/zheng/carerobot_slam_ros2/install/robot_navigation/share/robot_navigation/environment/ament_prefix_path.sh
-- Up-to-date: /home/zheng/carerobot_slam_ros2/install/robot_navigation/share/robot_navigation/environment/ament_prefix_path.dsv
-- Up-to-date: /home/zheng/carerobot_slam_ros2/install/robot_navigation/share/robot_navigation/environment/path.sh
-- Up-to-date: /home/zheng/carerobot_slam_ros2/install/robot_navigation/share/robot_navigation/environment/path.dsv
-- Up-to-date: /home/zheng/carerobot_slam_ros2/install/robot_navigation/share/robot_navigation/local_setup.bash
-- Up-to-date: /home/zheng/carerobot_slam_ros2/install/robot_navigation/share/robot_navigation/local_setup.sh
-- Up-to-date: /home/zheng/carerobot_slam_ros2/install/robot_navigation/share/robot_navigation/local_setup.zsh
-- Up-to-date: /home/zheng/carerobot_slam_ros2/install/robot_navigation/share/robot_navigation/local_setup.dsv
-- Installing: /home/zheng/carerobot_slam_ros2/install/robot_navigation/share/robot_navigation/package.dsv
-- Up-to-date: /home/zheng/carerobot_slam_ros2/install/robot_navigation/share/ament_index/resource_index/packages/robot_navigation
-- Up-to-date: /home/zheng/carerobot_slam_ros2/install/robot_navigation/share/robot_navigation/cmake/robot_navigationConfig.cmake
-- Up-to-date: /home/zheng/carerobot_slam_ros2/install/robot_navigation/share/robot_navigation/cmake/robot_navigationConfig-version.cmake
-- Up-to-date: /home/zheng/carerobot_slam_ros2/install/robot_navigation/share/robot_navigation/package.xml
