[0.148s] Invoking command in '/home/zheng/carerobot_slam_ros2/build/slam_gmapping': AMENT_PREFIX_PATH=/home/zheng/carerobot_slam_ros2/install/openslam_gmapping:${AMENT_PREFIX_PATH} CMAKE_PREFIX_PATH=/home/zheng/carerobot_slam_ros2/install/openslam_gmapping:/opt/ros/humble LD_LIBRARY_PATH=/home/zheng/carerobot_slam_ros2/install/openslam_gmapping/lib:${LD_LIBRARY_PATH} /usr/bin/cmake --build /home/zheng/carerobot_slam_ros2/build/slam_gmapping -- -j8 -l8
[1.282s] [100%] Built target slam_gmapping
[1.295s] Invoked command in '/home/zheng/carerobot_slam_ros2/build/slam_gmapping' returned '0': AMENT_PREFIX_PATH=/home/zheng/carerobot_slam_ros2/install/openslam_gmapping:${AMENT_PREFIX_PATH} CMAKE_PREFIX_PATH=/home/zheng/carerobot_slam_ros2/install/openslam_gmapping:/opt/ros/humble LD_LIBRARY_PATH=/home/zheng/carerobot_slam_ros2/install/openslam_gmapping/lib:${LD_LIBRARY_PATH} /usr/bin/cmake --build /home/zheng/carerobot_slam_ros2/build/slam_gmapping -- -j8 -l8
[1.299s] Invoking command in '/home/zheng/carerobot_slam_ros2/build/slam_gmapping': AMENT_PREFIX_PATH=/home/zheng/carerobot_slam_ros2/install/openslam_gmapping:${AMENT_PREFIX_PATH} CMAKE_PREFIX_PATH=/home/zheng/carerobot_slam_ros2/install/openslam_gmapping:/opt/ros/humble LD_LIBRARY_PATH=/home/zheng/carerobot_slam_ros2/install/openslam_gmapping/lib:${LD_LIBRARY_PATH} /usr/bin/cmake --install /home/zheng/carerobot_slam_ros2/build/slam_gmapping
[1.307s] -- Install configuration: ""
[1.307s] -- Up-to-date: /home/zheng/carerobot_slam_ros2/install/slam_gmapping/lib/slam_gmapping/slam_gmapping
[1.307s] -- Up-to-date: /home/zheng/carerobot_slam_ros2/install/slam_gmapping/share/slam_gmapping/launch
[1.308s] -- Up-to-date: /home/zheng/carerobot_slam_ros2/install/slam_gmapping/share/slam_gmapping/launch/map_save.launch.py
[1.308s] -- Up-to-date: /home/zheng/carerobot_slam_ros2/install/slam_gmapping/share/slam_gmapping/launch/slam_gmapping.launch.py
[1.308s] -- Up-to-date: /home/zheng/carerobot_slam_ros2/install/slam_gmapping/share/ament_index/resource_index/package_run_dependencies/slam_gmapping
[1.308s] -- Up-to-date: /home/zheng/carerobot_slam_ros2/install/slam_gmapping/share/ament_index/resource_index/parent_prefix_path/slam_gmapping
[1.308s] -- Up-to-date: /home/zheng/carerobot_slam_ros2/install/slam_gmapping/share/slam_gmapping/environment/ament_prefix_path.sh
[1.308s] -- Up-to-date: /home/zheng/carerobot_slam_ros2/install/slam_gmapping/share/slam_gmapping/environment/ament_prefix_path.dsv
[1.308s] -- Up-to-date: /home/zheng/carerobot_slam_ros2/install/slam_gmapping/share/slam_gmapping/environment/path.sh
[1.308s] -- Up-to-date: /home/zheng/carerobot_slam_ros2/install/slam_gmapping/share/slam_gmapping/environment/path.dsv
[1.309s] -- Up-to-date: /home/zheng/carerobot_slam_ros2/install/slam_gmapping/share/slam_gmapping/local_setup.bash
[1.309s] -- Up-to-date: /home/zheng/carerobot_slam_ros2/install/slam_gmapping/share/slam_gmapping/local_setup.sh
[1.309s] -- Up-to-date: /home/zheng/carerobot_slam_ros2/install/slam_gmapping/share/slam_gmapping/local_setup.zsh
[1.309s] -- Up-to-date: /home/zheng/carerobot_slam_ros2/install/slam_gmapping/share/slam_gmapping/local_setup.dsv
[1.309s] -- Installing: /home/zheng/carerobot_slam_ros2/install/slam_gmapping/share/slam_gmapping/package.dsv
[1.309s] -- Up-to-date: /home/zheng/carerobot_slam_ros2/install/slam_gmapping/share/ament_index/resource_index/packages/slam_gmapping
[1.309s] -- Up-to-date: /home/zheng/carerobot_slam_ros2/install/slam_gmapping/share/slam_gmapping/cmake/slam_gmappingConfig.cmake
[1.309s] -- Up-to-date: /home/zheng/carerobot_slam_ros2/install/slam_gmapping/share/slam_gmapping/cmake/slam_gmappingConfig-version.cmake
[1.309s] -- Up-to-date: /home/zheng/carerobot_slam_ros2/install/slam_gmapping/share/slam_gmapping/package.xml
[1.312s] Invoked command in '/home/zheng/carerobot_slam_ros2/build/slam_gmapping' returned '0': AMENT_PREFIX_PATH=/home/zheng/carerobot_slam_ros2/install/openslam_gmapping:${AMENT_PREFIX_PATH} CMAKE_PREFIX_PATH=/home/zheng/carerobot_slam_ros2/install/openslam_gmapping:/opt/ros/humble LD_LIBRARY_PATH=/home/zheng/carerobot_slam_ros2/install/openslam_gmapping/lib:${LD_LIBRARY_PATH} /usr/bin/cmake --install /home/zheng/carerobot_slam_ros2/build/slam_gmapping
