[0.009s] Invoking command in '/home/zheng/carerobot_slam_ros2/build/robot_communication': CMAKE_PREFIX_PATH=${CMAKE_PREFIX_PATH}:/opt/ros/humble /usr/bin/cmake /home/zheng/carerobot_slam_ros2/src/robot_communication -DCMAKE_INSTALL_PREFIX=/home/zheng/carerobot_slam_ros2/install/robot_communication
[0.074s] -- The C compiler identification is GNU 11.4.0
[0.130s] -- The CXX compiler identification is GNU 11.4.0
[0.137s] -- Detecting C compiler ABI info
[0.204s] -- Detecting C compiler ABI info - done
[0.213s] -- Check for working C compiler: /usr/bin/cc - skipped
[0.213s] -- Detecting C compile features
[0.214s] -- Detecting C compile features - done
[0.217s] -- Detecting CXX compiler ABI info
[0.310s] -- Detecting CXX compiler ABI info - done
[0.318s] -- Check for working CXX compiler: /usr/bin/c++ - skipped
[0.318s] -- Detecting CXX compile features
[0.318s] -- Detecting CXX compile features - done
[0.321s] -- Found ament_cmake: 1.3.14 (/opt/ros/humble/share/ament_cmake/cmake)
[0.470s] -- Found Python3: /usr/bin/python3 (found version "3.10.12") found components: Interpreter 
[0.605s] -- Found rosidl_default_generators: 1.2.1 (/opt/ros/humble/share/rosidl_default_generators/cmake)
[0.628s] -- Using all available rosidl_typesupport_c: rosidl_typesupport_fastrtps_c;rosidl_typesupport_introspection_c
[0.634s] -- Found rosidl_adapter: 3.1.9 (/opt/ros/humble/share/rosidl_adapter/cmake)
[0.674s] -- Using all available rosidl_typesupport_cpp: rosidl_typesupport_fastrtps_cpp;rosidl_typesupport_introspection_cpp
[0.748s] -- Found std_msgs: 4.9.2 (/opt/ros/humble/share/std_msgs/cmake)
[0.775s] -- Found geometry_msgs: 4.9.2 (/opt/ros/humble/share/geometry_msgs/cmake)
[0.789s] -- Found nav_msgs: 4.9.2 (/opt/ros/humble/share/nav_msgs/cmake)
[0.809s] -- Found action_msgs: 1.2.3 (/opt/ros/humble/share/action_msgs/cmake)
[1.390s] -- Found ament_cmake_ros: 0.10.0 (/opt/ros/humble/share/ament_cmake_ros/cmake)
[1.757s] -- Using all available rosidl_typesupport_c: rosidl_typesupport_fastrtps_c;rosidl_typesupport_introspection_c
[2.138s] -- Using all available rosidl_typesupport_cpp: rosidl_typesupport_fastrtps_cpp;rosidl_typesupport_introspection_cpp
[2.177s] -- Found PythonInterp: /usr/bin/python3 (found suitable version "3.10.12", minimum required is "3.6") 
[2.191s] -- Found python_cmake_module: 0.10.0 (/opt/ros/humble/share/python_cmake_module/cmake)
[2.243s] -- Found PythonLibs: /usr/lib/x86_64-linux-gnu/libpython3.10.so (found suitable version "3.10.12", minimum required is "3.5") 
[2.244s] -- Using PYTHON_EXECUTABLE: /usr/bin/python3
[2.244s] -- Using PYTHON_INCLUDE_DIRS: /usr/include/python3.10
[2.244s] -- Using PYTHON_LIBRARIES: /usr/lib/x86_64-linux-gnu/libpython3.10.so
[2.265s] -- Found PythonExtra: .so  
[2.475s] -- Configuring done
[2.539s] -- Generating done
[2.557s] -- Build files have been written to: /home/zheng/carerobot_slam_ros2/build/robot_communication
[2.566s] Invoked command in '/home/zheng/carerobot_slam_ros2/build/robot_communication' returned '0': CMAKE_PREFIX_PATH=${CMAKE_PREFIX_PATH}:/opt/ros/humble /usr/bin/cmake /home/zheng/carerobot_slam_ros2/src/robot_communication -DCMAKE_INSTALL_PREFIX=/home/zheng/carerobot_slam_ros2/install/robot_communication
[2.568s] Invoking command in '/home/zheng/carerobot_slam_ros2/build/robot_communication': CMAKE_PREFIX_PATH=${CMAKE_PREFIX_PATH}:/opt/ros/humble /usr/bin/cmake --build /home/zheng/carerobot_slam_ros2/build/robot_communication -- -j8 -l8
[2.604s] [  1%] [34m[1mGenerating C code for ROS interfaces[0m
[2.613s] [  3%] [34m[1mGenerating Rust code for ROS interfaces[0m
[2.614s] [  3%] [34m[1mGenerating C++ code for ROS interfaces[0m
[2.623s] [  3%] Built target ament_cmake_python_copy_robot_communication
[2.898s] running egg_info
[2.898s] creating robot_communication.egg-info
[2.899s] writing robot_communication.egg-info/PKG-INFO
[2.899s] writing dependency_links to robot_communication.egg-info/dependency_links.txt
[2.899s] writing top-level names to robot_communication.egg-info/top_level.txt
[2.899s] writing manifest file 'robot_communication.egg-info/SOURCES.txt'
[2.901s] reading manifest file 'robot_communication.egg-info/SOURCES.txt'
[2.902s] writing manifest file 'robot_communication.egg-info/SOURCES.txt'
[2.932s] [  3%] Built target ament_cmake_python_build_robot_communication_egg
[3.358s] [  3%] Built target robot_communication__rs
[3.753s] [  3%] Built target robot_communication__cpp
[3.765s] [  5%] [34m[1mGenerating C++ introspection for ROS interfaces[0m
[3.765s] [  6%] [34m[1mGenerating C++ type support dispatch for ROS interfaces[0m
[3.765s] [  7%] [34m[1mGenerating C++ type support for eProsima Fast-RTPS[0m
[3.779s] [  8%] [32mBuilding C object CMakeFiles/robot_communication__rosidl_generator_c.dir/rosidl_generator_c/robot_communication/msg/detail/localization_info_broadcast__functions.c.o[0m
[3.780s] [ 10%] [32mBuilding C object CMakeFiles/robot_communication__rosidl_generator_c.dir/rosidl_generator_c/robot_communication/msg/detail/chassis_control__functions.c.o[0m
[3.780s] [ 11%] [32mBuilding C object CMakeFiles/robot_communication__rosidl_generator_c.dir/rosidl_generator_c/robot_communication/msg/detail/bspline__functions.c.o[0m
[3.782s] [ 13%] [32mBuilding C object CMakeFiles/robot_communication__rosidl_generator_c.dir/rosidl_generator_c/robot_communication/msg/detail/sensor_data__functions.c.o[0m
[3.782s] [ 13%] [32mBuilding C object CMakeFiles/robot_communication__rosidl_generator_c.dir/rosidl_generator_c/robot_communication/msg/detail/esdf_map__functions.c.o[0m
[3.897s] [ 15%] [32mBuilding C object CMakeFiles/robot_communication__rosidl_generator_c.dir/rosidl_generator_c/robot_communication/msg/detail/goal__functions.c.o[0m
[3.905s] [ 16%] [32mBuilding C object CMakeFiles/robot_communication__rosidl_generator_c.dir/rosidl_generator_c/robot_communication/action/detail/do_dishes__functions.c.o[0m
[4.064s] [ 17%] [32m[1mLinking C shared library librobot_communication__rosidl_generator_c.so[0m
[4.102s] [ 17%] Built target robot_communication__rosidl_generator_c
[4.114s] [ 18%] [34m[1mGenerating C type support dispatch for ROS interfaces[0m
[4.114s] [ 20%] [34m[1mGenerating C introspection for ROS interfaces[0m
[4.115s] [ 21%] [34m[1mGenerating C type support for eProsima Fast-RTPS[0m
[4.938s] [ 22%] [32mBuilding CXX object CMakeFiles/robot_communication__rosidl_typesupport_cpp.dir/rosidl_typesupport_cpp/robot_communication/msg/localization_info_broadcast__type_support.cpp.o[0m
[4.949s] [ 23%] [32mBuilding CXX object CMakeFiles/robot_communication__rosidl_typesupport_cpp.dir/rosidl_typesupport_cpp/robot_communication/msg/chassis_control__type_support.cpp.o[0m
[4.950s] [ 25%] [32mBuilding CXX object CMakeFiles/robot_communication__rosidl_typesupport_cpp.dir/rosidl_typesupport_cpp/robot_communication/msg/sensor_data__type_support.cpp.o[0m
[5.250s] [ 26%] [32mBuilding CXX object CMakeFiles/robot_communication__rosidl_typesupport_introspection_cpp.dir/rosidl_typesupport_introspection_cpp/robot_communication/msg/detail/localization_info_broadcast__type_support.cpp.o[0m
[5.472s] [ 27%] [32mBuilding CXX object CMakeFiles/robot_communication__rosidl_typesupport_c.dir/rosidl_typesupport_c/robot_communication/msg/localization_info_broadcast__type_support.cpp.o[0m
[5.482s] [ 28%] [32mBuilding CXX object CMakeFiles/robot_communication__rosidl_typesupport_cpp.dir/rosidl_typesupport_cpp/robot_communication/msg/bspline__type_support.cpp.o[0m
[5.486s] [ 30%] [32mBuilding CXX object CMakeFiles/robot_communication__rosidl_typesupport_introspection_cpp.dir/rosidl_typesupport_introspection_cpp/robot_communication/msg/detail/chassis_control__type_support.cpp.o[0m
[5.495s] [ 31%] [32mBuilding CXX object CMakeFiles/robot_communication__rosidl_typesupport_c.dir/rosidl_typesupport_c/robot_communication/msg/chassis_control__type_support.cpp.o[0m
[5.523s] [ 32%] [32mBuilding CXX object CMakeFiles/robot_communication__rosidl_typesupport_introspection_cpp.dir/rosidl_typesupport_introspection_cpp/robot_communication/msg/detail/sensor_data__type_support.cpp.o[0m
[5.529s] [ 33%] [32mBuilding C object CMakeFiles/robot_communication__rosidl_typesupport_introspection_c.dir/rosidl_typesupport_introspection_c/robot_communication/msg/detail/localization_info_broadcast__type_support.c.o[0m
[5.541s] [ 35%] [32mBuilding CXX object CMakeFiles/robot_communication__rosidl_typesupport_c.dir/rosidl_typesupport_c/robot_communication/msg/sensor_data__type_support.cpp.o[0m
[5.543s] [ 36%] [32mBuilding CXX object CMakeFiles/robot_communication__rosidl_typesupport_fastrtps_cpp.dir/rosidl_typesupport_fastrtps_cpp/robot_communication/msg/detail/dds_fastrtps/localization_info_broadcast__type_support.cpp.o[0m
[5.587s] [ 37%] [32mBuilding C object CMakeFiles/robot_communication__rosidl_typesupport_introspection_c.dir/rosidl_typesupport_introspection_c/robot_communication/msg/detail/chassis_control__type_support.c.o[0m
[5.590s] [ 38%] [32mBuilding CXX object CMakeFiles/robot_communication__rosidl_typesupport_c.dir/rosidl_typesupport_c/robot_communication/msg/bspline__type_support.cpp.o[0m
[5.635s] [ 40%] [32mBuilding CXX object CMakeFiles/robot_communication__rosidl_typesupport_c.dir/rosidl_typesupport_c/robot_communication/msg/esdf_map__type_support.cpp.o[0m
[5.639s] [ 41%] [32mBuilding C object CMakeFiles/robot_communication__rosidl_typesupport_introspection_c.dir/rosidl_typesupport_introspection_c/robot_communication/msg/detail/sensor_data__type_support.c.o[0m
[5.681s] [ 42%] [32mBuilding CXX object CMakeFiles/robot_communication__rosidl_typesupport_c.dir/rosidl_typesupport_c/robot_communication/msg/goal__type_support.cpp.o[0m
[5.690s] [ 43%] [32mBuilding C object CMakeFiles/robot_communication__rosidl_typesupport_introspection_c.dir/rosidl_typesupport_introspection_c/robot_communication/msg/detail/bspline__type_support.c.o[0m
[5.731s] [ 45%] [32mBuilding CXX object CMakeFiles/robot_communication__rosidl_typesupport_c.dir/rosidl_typesupport_c/robot_communication/action/do_dishes__type_support.cpp.o[0m
[5.811s] [ 46%] [32mBuilding C object CMakeFiles/robot_communication__rosidl_typesupport_introspection_c.dir/rosidl_typesupport_introspection_c/robot_communication/msg/detail/esdf_map__type_support.c.o[0m
[5.876s] [ 47%] [32m[1mLinking CXX shared library librobot_communication__rosidl_typesupport_c.so[0m
[5.893s] [ 48%] [32mBuilding C object CMakeFiles/robot_communication__rosidl_typesupport_introspection_c.dir/rosidl_typesupport_introspection_c/robot_communication/msg/detail/goal__type_support.c.o[0m
[5.901s] [ 50%] [32mBuilding CXX object CMakeFiles/robot_communication__rosidl_typesupport_cpp.dir/rosidl_typesupport_cpp/robot_communication/msg/esdf_map__type_support.cpp.o[0m
[5.917s] [ 51%] [32mBuilding C object CMakeFiles/robot_communication__rosidl_typesupport_introspection_c.dir/rosidl_typesupport_introspection_c/robot_communication/action/detail/do_dishes__type_support.c.o[0m
[5.946s] [ 52%] [32mBuilding CXX object CMakeFiles/robot_communication__rosidl_typesupport_fastrtps_cpp.dir/rosidl_typesupport_fastrtps_cpp/robot_communication/msg/detail/dds_fastrtps/chassis_control__type_support.cpp.o[0m
[5.950s] [ 52%] Built target robot_communication__rosidl_typesupport_c
[5.952s] [ 53%] [32mBuilding CXX object CMakeFiles/robot_communication__rosidl_typesupport_fastrtps_c.dir/rosidl_typesupport_fastrtps_c/robot_communication/msg/detail/localization_info_broadcast__type_support_c.cpp.o[0m
[5.968s] [ 55%] [32mBuilding CXX object CMakeFiles/robot_communication__rosidl_typesupport_fastrtps_cpp.dir/rosidl_typesupport_fastrtps_cpp/robot_communication/msg/detail/dds_fastrtps/sensor_data__type_support.cpp.o[0m
[5.991s] [ 56%] [32m[1mLinking C shared library librobot_communication__rosidl_typesupport_introspection_c.so[0m
[6.080s] [ 56%] Built target robot_communication__rosidl_typesupport_introspection_c
[6.108s] [ 57%] [32mBuilding CXX object CMakeFiles/robot_communication__rosidl_typesupport_fastrtps_cpp.dir/rosidl_typesupport_fastrtps_cpp/robot_communication/msg/detail/dds_fastrtps/bspline__type_support.cpp.o[0m
[6.128s] [ 58%] [32mBuilding CXX object CMakeFiles/robot_communication__rosidl_typesupport_fastrtps_cpp.dir/rosidl_typesupport_fastrtps_cpp/robot_communication/msg/detail/dds_fastrtps/esdf_map__type_support.cpp.o[0m
[6.149s] [ 60%] [32mBuilding CXX object CMakeFiles/robot_communication__rosidl_typesupport_introspection_cpp.dir/rosidl_typesupport_introspection_cpp/robot_communication/msg/detail/bspline__type_support.cpp.o[0m
[6.293s] [ 61%] [32mBuilding CXX object CMakeFiles/robot_communication__rosidl_typesupport_introspection_cpp.dir/rosidl_typesupport_introspection_cpp/robot_communication/msg/detail/esdf_map__type_support.cpp.o[0m
[6.381s] [ 62%] [32mBuilding CXX object CMakeFiles/robot_communication__rosidl_typesupport_cpp.dir/rosidl_typesupport_cpp/robot_communication/msg/goal__type_support.cpp.o[0m
[6.570s] [ 63%] [32mBuilding CXX object CMakeFiles/robot_communication__rosidl_typesupport_fastrtps_c.dir/rosidl_typesupport_fastrtps_c/robot_communication/msg/detail/chassis_control__type_support_c.cpp.o[0m
[6.676s] [ 65%] [32mBuilding CXX object CMakeFiles/robot_communication__rosidl_typesupport_introspection_cpp.dir/rosidl_typesupport_introspection_cpp/robot_communication/msg/detail/goal__type_support.cpp.o[0m
[6.732s] [ 66%] [32mBuilding CXX object CMakeFiles/robot_communication__rosidl_typesupport_cpp.dir/rosidl_typesupport_cpp/robot_communication/action/do_dishes__type_support.cpp.o[0m
[6.864s] [ 67%] [32mBuilding CXX object CMakeFiles/robot_communication__rosidl_typesupport_introspection_cpp.dir/rosidl_typesupport_introspection_cpp/robot_communication/action/detail/do_dishes__type_support.cpp.o[0m
[6.912s] [ 68%] [32mBuilding CXX object CMakeFiles/robot_communication__rosidl_typesupport_fastrtps_cpp.dir/rosidl_typesupport_fastrtps_cpp/robot_communication/msg/detail/dds_fastrtps/goal__type_support.cpp.o[0m
[7.004s] [ 70%] [32mBuilding CXX object CMakeFiles/robot_communication__rosidl_typesupport_fastrtps_c.dir/rosidl_typesupport_fastrtps_c/robot_communication/msg/detail/sensor_data__type_support_c.cpp.o[0m
[7.091s] [ 71%] [32mBuilding CXX object CMakeFiles/robot_communication__rosidl_typesupport_fastrtps_c.dir/rosidl_typesupport_fastrtps_c/robot_communication/msg/detail/bspline__type_support_c.cpp.o[0m
[7.127s] [ 72%] [32mBuilding CXX object CMakeFiles/robot_communication__rosidl_typesupport_fastrtps_c.dir/rosidl_typesupport_fastrtps_c/robot_communication/msg/detail/esdf_map__type_support_c.cpp.o[0m
[7.180s] [ 73%] [32mBuilding CXX object CMakeFiles/robot_communication__rosidl_typesupport_fastrtps_c.dir/rosidl_typesupport_fastrtps_c/robot_communication/msg/detail/goal__type_support_c.cpp.o[0m
[7.288s] [ 75%] [32mBuilding CXX object CMakeFiles/robot_communication__rosidl_typesupport_fastrtps_cpp.dir/rosidl_typesupport_fastrtps_cpp/robot_communication/action/detail/dds_fastrtps/do_dishes__type_support.cpp.o[0m
[7.540s] [ 76%] [32mBuilding CXX object CMakeFiles/robot_communication__rosidl_typesupport_fastrtps_c.dir/rosidl_typesupport_fastrtps_c/robot_communication/action/detail/do_dishes__type_support_c.cpp.o[0m
[7.562s] [ 77%] [32m[1mLinking CXX shared library librobot_communication__rosidl_typesupport_cpp.so[0m
[7.626s] [ 77%] Built target robot_communication__rosidl_typesupport_cpp
[7.790s] [ 78%] [32m[1mLinking CXX shared library librobot_communication__rosidl_typesupport_introspection_cpp.so[0m
[7.886s] [ 78%] Built target robot_communication__rosidl_typesupport_introspection_cpp
[8.034s] [ 80%] [32m[1mLinking CXX shared library librobot_communication__rosidl_typesupport_fastrtps_c.so[0m
[8.052s] [ 81%] [32m[1mLinking CXX shared library librobot_communication__rosidl_typesupport_fastrtps_cpp.so[0m
[8.126s] [ 81%] Built target robot_communication__rosidl_typesupport_fastrtps_c
[8.143s] [ 81%] Built target robot_communication__rosidl_typesupport_fastrtps_cpp
[8.164s] [ 81%] Built target robot_communication
[8.185s] [ 82%] [34m[1mGenerating Python code for ROS interfaces[0m
[10.035s] [ 82%] Built target robot_communication__py
[10.062s] [ 85%] [32mBuilding C object CMakeFiles/robot_communication__rosidl_generator_py.dir/rosidl_generator_py/robot_communication/msg/_localization_info_broadcast_s.c.o[0m
[10.064s] [ 85%] [32mBuilding C object CMakeFiles/robot_communication__rosidl_generator_py.dir/rosidl_generator_py/robot_communication/msg/_sensor_data_s.c.o[0m
[10.064s] [ 86%] [32mBuilding C object CMakeFiles/robot_communication__rosidl_generator_py.dir/rosidl_generator_py/robot_communication/action/_do_dishes_s.c.o[0m
[10.064s] [ 87%] [32mBuilding C object CMakeFiles/robot_communication__rosidl_generator_py.dir/rosidl_generator_py/robot_communication/msg/_chassis_control_s.c.o[0m
[10.065s] [ 90%] [32mBuilding C object CMakeFiles/robot_communication__rosidl_generator_py.dir/rosidl_generator_py/robot_communication/msg/_goal_s.c.o[0m
[10.066s] [ 90%] [32mBuilding C object CMakeFiles/robot_communication__rosidl_generator_py.dir/rosidl_generator_py/robot_communication/msg/_esdf_map_s.c.o[0m
[10.066s] [ 91%] [32mBuilding C object CMakeFiles/robot_communication__rosidl_generator_py.dir/rosidl_generator_py/robot_communication/msg/_bspline_s.c.o[0m
[10.395s] [ 92%] [32m[1mLinking C shared library rosidl_generator_py/robot_communication/librobot_communication__rosidl_generator_py.so[0m
[10.439s] [ 92%] Built target robot_communication__rosidl_generator_py
[10.461s] [ 96%] [32mBuilding C object CMakeFiles/robot_communication__rosidl_typesupport_fastrtps_c__pyext.dir/rosidl_generator_py/robot_communication/_robot_communication_s.ep.rosidl_typesupport_fastrtps_c.c.o[0m
[10.461s] [ 96%] [32mBuilding C object CMakeFiles/robot_communication__rosidl_typesupport_introspection_c__pyext.dir/rosidl_generator_py/robot_communication/_robot_communication_s.ep.rosidl_typesupport_introspection_c.c.o[0m
[10.461s] [ 96%] [32mBuilding C object CMakeFiles/robot_communication__rosidl_typesupport_c__pyext.dir/rosidl_generator_py/robot_communication/_robot_communication_s.ep.rosidl_typesupport_c.c.o[0m
[10.600s] [ 97%] [32m[1mLinking C shared library rosidl_generator_py/robot_communication/robot_communication_s__rosidl_typesupport_c.cpython-310-x86_64-linux-gnu.so[0m
[10.602s] [ 98%] [32m[1mLinking C shared library rosidl_generator_py/robot_communication/robot_communication_s__rosidl_typesupport_introspection_c.cpython-310-x86_64-linux-gnu.so[0m
[10.605s] [100%] [32m[1mLinking C shared library rosidl_generator_py/robot_communication/robot_communication_s__rosidl_typesupport_fastrtps_c.cpython-310-x86_64-linux-gnu.so[0m
[10.647s] [100%] Built target robot_communication__rosidl_typesupport_c__pyext
[10.649s] [100%] Built target robot_communication__rosidl_typesupport_introspection_c__pyext
[10.652s] [100%] Built target robot_communication__rosidl_typesupport_fastrtps_c__pyext
[10.665s] Invoked command in '/home/zheng/carerobot_slam_ros2/build/robot_communication' returned '0': CMAKE_PREFIX_PATH=${CMAKE_PREFIX_PATH}:/opt/ros/humble /usr/bin/cmake --build /home/zheng/carerobot_slam_ros2/build/robot_communication -- -j8 -l8
[10.675s] Invoking command in '/home/zheng/carerobot_slam_ros2/build/robot_communication': CMAKE_PREFIX_PATH=${CMAKE_PREFIX_PATH}:/opt/ros/humble /usr/bin/cmake --install /home/zheng/carerobot_slam_ros2/build/robot_communication
[10.682s] -- Install configuration: ""
[10.683s] -- Installing: /home/zheng/carerobot_slam_ros2/install/robot_communication/share/ament_index/resource_index/rosidl_interfaces/robot_communication
[10.683s] -- Installing: /home/zheng/carerobot_slam_ros2/install/robot_communication/include/robot_communication/robot_communication
[10.683s] -- Installing: /home/zheng/carerobot_slam_ros2/install/robot_communication/include/robot_communication/robot_communication/action
[10.683s] -- Installing: /home/zheng/carerobot_slam_ros2/install/robot_communication/include/robot_communication/robot_communication/action/do_dishes.h
[10.683s] -- Installing: /home/zheng/carerobot_slam_ros2/install/robot_communication/include/robot_communication/robot_communication/action/detail
[10.683s] -- Installing: /home/zheng/carerobot_slam_ros2/install/robot_communication/include/robot_communication/robot_communication/action/detail/do_dishes__functions.c
[10.683s] -- Installing: /home/zheng/carerobot_slam_ros2/install/robot_communication/include/robot_communication/robot_communication/action/detail/do_dishes__functions.h
[10.683s] -- Installing: /home/zheng/carerobot_slam_ros2/install/robot_communication/include/robot_communication/robot_communication/action/detail/do_dishes__type_support.h
[10.684s] -- Installing: /home/zheng/carerobot_slam_ros2/install/robot_communication/include/robot_communication/robot_communication/action/detail/do_dishes__struct.h
[10.684s] -- Installing: /home/zheng/carerobot_slam_ros2/install/robot_communication/include/robot_communication/robot_communication/msg
[10.684s] -- Installing: /home/zheng/carerobot_slam_ros2/install/robot_communication/include/robot_communication/robot_communication/msg/localization_info_broadcast.h
[10.684s] -- Installing: /home/zheng/carerobot_slam_ros2/install/robot_communication/include/robot_communication/robot_communication/msg/chassis_control.h
[10.684s] -- Installing: /home/zheng/carerobot_slam_ros2/install/robot_communication/include/robot_communication/robot_communication/msg/goal.h
[10.684s] -- Installing: /home/zheng/carerobot_slam_ros2/install/robot_communication/include/robot_communication/robot_communication/msg/bspline.h
[10.684s] -- Installing: /home/zheng/carerobot_slam_ros2/install/robot_communication/include/robot_communication/robot_communication/msg/rosidl_generator_c__visibility_control.h
[10.684s] -- Installing: /home/zheng/carerobot_slam_ros2/install/robot_communication/include/robot_communication/robot_communication/msg/sensor_data.h
[10.684s] -- Installing: /home/zheng/carerobot_slam_ros2/install/robot_communication/include/robot_communication/robot_communication/msg/esdf_map.h
[10.684s] -- Installing: /home/zheng/carerobot_slam_ros2/install/robot_communication/include/robot_communication/robot_communication/msg/detail
[10.684s] -- Installing: /home/zheng/carerobot_slam_ros2/install/robot_communication/include/robot_communication/robot_communication/msg/detail/chassis_control__functions.c
[10.685s] -- Installing: /home/zheng/carerobot_slam_ros2/install/robot_communication/include/robot_communication/robot_communication/msg/detail/bspline__functions.c
[10.685s] -- Installing: /home/zheng/carerobot_slam_ros2/install/robot_communication/include/robot_communication/robot_communication/msg/detail/bspline__functions.h
[10.685s] -- Installing: /home/zheng/carerobot_slam_ros2/install/robot_communication/include/robot_communication/robot_communication/msg/detail/chassis_control__type_support.h
[10.685s] -- Installing: /home/zheng/carerobot_slam_ros2/install/robot_communication/include/robot_communication/robot_communication/msg/detail/esdf_map__functions.h
[10.685s] -- Installing: /home/zheng/carerobot_slam_ros2/install/robot_communication/include/robot_communication/robot_communication/msg/detail/esdf_map__type_support.h
[10.685s] -- Installing: /home/zheng/carerobot_slam_ros2/install/robot_communication/include/robot_communication/robot_communication/msg/detail/bspline__struct.h
[10.685s] -- Installing: /home/zheng/carerobot_slam_ros2/install/robot_communication/include/robot_communication/robot_communication/msg/detail/sensor_data__functions.h
[10.685s] -- Installing: /home/zheng/carerobot_slam_ros2/install/robot_communication/include/robot_communication/robot_communication/msg/detail/esdf_map__struct.h
[10.686s] -- Installing: /home/zheng/carerobot_slam_ros2/install/robot_communication/include/robot_communication/robot_communication/msg/detail/sensor_data__functions.c
[10.686s] -- Installing: /home/zheng/carerobot_slam_ros2/install/robot_communication/include/robot_communication/robot_communication/msg/detail/localization_info_broadcast__type_support.h
[10.686s] -- Installing: /home/zheng/carerobot_slam_ros2/install/robot_communication/include/robot_communication/robot_communication/msg/detail/localization_info_broadcast__functions.h
[10.686s] -- Installing: /home/zheng/carerobot_slam_ros2/install/robot_communication/include/robot_communication/robot_communication/msg/detail/chassis_control__functions.h
[10.686s] -- Installing: /home/zheng/carerobot_slam_ros2/install/robot_communication/include/robot_communication/robot_communication/msg/detail/goal__functions.h
[10.686s] -- Installing: /home/zheng/carerobot_slam_ros2/install/robot_communication/include/robot_communication/robot_communication/msg/detail/goal__type_support.h
[10.686s] -- Installing: /home/zheng/carerobot_slam_ros2/install/robot_communication/include/robot_communication/robot_communication/msg/detail/sensor_data__type_support.h
[10.686s] -- Installing: /home/zheng/carerobot_slam_ros2/install/robot_communication/include/robot_communication/robot_communication/msg/detail/localization_info_broadcast__functions.c
[10.686s] -- Installing: /home/zheng/carerobot_slam_ros2/install/robot_communication/include/robot_communication/robot_communication/msg/detail/esdf_map__functions.c
[10.687s] -- Installing: /home/zheng/carerobot_slam_ros2/install/robot_communication/include/robot_communication/robot_communication/msg/detail/bspline__type_support.h
[10.687s] -- Installing: /home/zheng/carerobot_slam_ros2/install/robot_communication/include/robot_communication/robot_communication/msg/detail/sensor_data__struct.h
[10.687s] -- Installing: /home/zheng/carerobot_slam_ros2/install/robot_communication/include/robot_communication/robot_communication/msg/detail/goal__functions.c
[10.687s] -- Installing: /home/zheng/carerobot_slam_ros2/install/robot_communication/include/robot_communication/robot_communication/msg/detail/chassis_control__struct.h
[10.687s] -- Installing: /home/zheng/carerobot_slam_ros2/install/robot_communication/include/robot_communication/robot_communication/msg/detail/goal__struct.h
[10.687s] -- Installing: /home/zheng/carerobot_slam_ros2/install/robot_communication/include/robot_communication/robot_communication/msg/detail/localization_info_broadcast__struct.h
[10.687s] -- Installing: /home/zheng/carerobot_slam_ros2/install/robot_communication/share/robot_communication/environment/library_path.sh
[10.688s] -- Installing: /home/zheng/carerobot_slam_ros2/install/robot_communication/share/robot_communication/environment/library_path.dsv
[10.688s] -- Installing: /home/zheng/carerobot_slam_ros2/install/robot_communication/lib/librobot_communication__rosidl_generator_c.so
[10.689s] -- Set runtime path of "/home/zheng/carerobot_slam_ros2/install/robot_communication/lib/librobot_communication__rosidl_generator_c.so" to ""
[10.689s] -- Up-to-date: /home/zheng/carerobot_slam_ros2/install/robot_communication/include/robot_communication/robot_communication
[10.689s] -- Up-to-date: /home/zheng/carerobot_slam_ros2/install/robot_communication/include/robot_communication/robot_communication/action
[10.689s] -- Up-to-date: /home/zheng/carerobot_slam_ros2/install/robot_communication/include/robot_communication/robot_communication/action/detail
[10.689s] -- Installing: /home/zheng/carerobot_slam_ros2/install/robot_communication/include/robot_communication/robot_communication/action/detail/do_dishes__rosidl_typesupport_fastrtps_c.h
[10.689s] -- Up-to-date: /home/zheng/carerobot_slam_ros2/install/robot_communication/include/robot_communication/robot_communication/msg
[10.689s] -- Installing: /home/zheng/carerobot_slam_ros2/install/robot_communication/include/robot_communication/robot_communication/msg/rosidl_typesupport_fastrtps_c__visibility_control.h
[10.690s] -- Up-to-date: /home/zheng/carerobot_slam_ros2/install/robot_communication/include/robot_communication/robot_communication/msg/detail
[10.690s] -- Installing: /home/zheng/carerobot_slam_ros2/install/robot_communication/include/robot_communication/robot_communication/msg/detail/bspline__rosidl_typesupport_fastrtps_c.h
[10.690s] -- Installing: /home/zheng/carerobot_slam_ros2/install/robot_communication/include/robot_communication/robot_communication/msg/detail/esdf_map__rosidl_typesupport_fastrtps_c.h
[10.690s] -- Installing: /home/zheng/carerobot_slam_ros2/install/robot_communication/include/robot_communication/robot_communication/msg/detail/localization_info_broadcast__rosidl_typesupport_fastrtps_c.h
[10.690s] -- Installing: /home/zheng/carerobot_slam_ros2/install/robot_communication/include/robot_communication/robot_communication/msg/detail/sensor_data__rosidl_typesupport_fastrtps_c.h
[10.690s] -- Installing: /home/zheng/carerobot_slam_ros2/install/robot_communication/include/robot_communication/robot_communication/msg/detail/goal__rosidl_typesupport_fastrtps_c.h
[10.690s] -- Installing: /home/zheng/carerobot_slam_ros2/install/robot_communication/include/robot_communication/robot_communication/msg/detail/chassis_control__rosidl_typesupport_fastrtps_c.h
[10.691s] -- Installing: /home/zheng/carerobot_slam_ros2/install/robot_communication/lib/librobot_communication__rosidl_typesupport_fastrtps_c.so
[10.691s] -- Set runtime path of "/home/zheng/carerobot_slam_ros2/install/robot_communication/lib/librobot_communication__rosidl_typesupport_fastrtps_c.so" to ""
[10.691s] -- Up-to-date: /home/zheng/carerobot_slam_ros2/install/robot_communication/include/robot_communication/robot_communication
[10.691s] -- Up-to-date: /home/zheng/carerobot_slam_ros2/install/robot_communication/include/robot_communication/robot_communication/action
[10.691s] -- Up-to-date: /home/zheng/carerobot_slam_ros2/install/robot_communication/include/robot_communication/robot_communication/action/detail
[10.691s] -- Installing: /home/zheng/carerobot_slam_ros2/install/robot_communication/include/robot_communication/robot_communication/action/detail/do_dishes__rosidl_typesupport_introspection_c.h
[10.692s] -- Installing: /home/zheng/carerobot_slam_ros2/install/robot_communication/include/robot_communication/robot_communication/action/detail/do_dishes__type_support.c
[10.692s] -- Up-to-date: /home/zheng/carerobot_slam_ros2/install/robot_communication/include/robot_communication/robot_communication/msg
[10.692s] -- Installing: /home/zheng/carerobot_slam_ros2/install/robot_communication/include/robot_communication/robot_communication/msg/rosidl_typesupport_introspection_c__visibility_control.h
[10.692s] -- Up-to-date: /home/zheng/carerobot_slam_ros2/install/robot_communication/include/robot_communication/robot_communication/msg/detail
[10.692s] -- Installing: /home/zheng/carerobot_slam_ros2/install/robot_communication/include/robot_communication/robot_communication/msg/detail/esdf_map__rosidl_typesupport_introspection_c.h
[10.692s] -- Installing: /home/zheng/carerobot_slam_ros2/install/robot_communication/include/robot_communication/robot_communication/msg/detail/bspline__type_support.c
[10.692s] -- Installing: /home/zheng/carerobot_slam_ros2/install/robot_communication/include/robot_communication/robot_communication/msg/detail/bspline__rosidl_typesupport_introspection_c.h
[10.693s] -- Installing: /home/zheng/carerobot_slam_ros2/install/robot_communication/include/robot_communication/robot_communication/msg/detail/chassis_control__rosidl_typesupport_introspection_c.h
[10.693s] -- Installing: /home/zheng/carerobot_slam_ros2/install/robot_communication/include/robot_communication/robot_communication/msg/detail/goal__rosidl_typesupport_introspection_c.h
[10.693s] -- Installing: /home/zheng/carerobot_slam_ros2/install/robot_communication/include/robot_communication/robot_communication/msg/detail/localization_info_broadcast__type_support.c
[10.693s] -- Installing: /home/zheng/carerobot_slam_ros2/install/robot_communication/include/robot_communication/robot_communication/msg/detail/chassis_control__type_support.c
[10.693s] -- Installing: /home/zheng/carerobot_slam_ros2/install/robot_communication/include/robot_communication/robot_communication/msg/detail/goal__type_support.c
[10.693s] -- Installing: /home/zheng/carerobot_slam_ros2/install/robot_communication/include/robot_communication/robot_communication/msg/detail/sensor_data__type_support.c
[10.693s] -- Installing: /home/zheng/carerobot_slam_ros2/install/robot_communication/include/robot_communication/robot_communication/msg/detail/sensor_data__rosidl_typesupport_introspection_c.h
[10.694s] -- Installing: /home/zheng/carerobot_slam_ros2/install/robot_communication/include/robot_communication/robot_communication/msg/detail/esdf_map__type_support.c
[10.694s] -- Installing: /home/zheng/carerobot_slam_ros2/install/robot_communication/include/robot_communication/robot_communication/msg/detail/localization_info_broadcast__rosidl_typesupport_introspection_c.h
[10.694s] -- Installing: /home/zheng/carerobot_slam_ros2/install/robot_communication/lib/librobot_communication__rosidl_typesupport_introspection_c.so
[10.694s] -- Set runtime path of "/home/zheng/carerobot_slam_ros2/install/robot_communication/lib/librobot_communication__rosidl_typesupport_introspection_c.so" to ""
[10.694s] -- Installing: /home/zheng/carerobot_slam_ros2/install/robot_communication/lib/librobot_communication__rosidl_typesupport_c.so
[10.695s] -- Set runtime path of "/home/zheng/carerobot_slam_ros2/install/robot_communication/lib/librobot_communication__rosidl_typesupport_c.so" to ""
[10.695s] -- Up-to-date: /home/zheng/carerobot_slam_ros2/install/robot_communication/include/robot_communication/robot_communication
[10.695s] -- Up-to-date: /home/zheng/carerobot_slam_ros2/install/robot_communication/include/robot_communication/robot_communication/action
[10.695s] -- Installing: /home/zheng/carerobot_slam_ros2/install/robot_communication/include/robot_communication/robot_communication/action/do_dishes.hpp
[10.695s] -- Up-to-date: /home/zheng/carerobot_slam_ros2/install/robot_communication/include/robot_communication/robot_communication/action/detail
[10.695s] -- Installing: /home/zheng/carerobot_slam_ros2/install/robot_communication/include/robot_communication/robot_communication/action/detail/do_dishes__type_support.hpp
[10.695s] -- Installing: /home/zheng/carerobot_slam_ros2/install/robot_communication/include/robot_communication/robot_communication/action/detail/do_dishes__builder.hpp
[10.696s] -- Installing: /home/zheng/carerobot_slam_ros2/install/robot_communication/include/robot_communication/robot_communication/action/detail/do_dishes__traits.hpp
[10.696s] -- Installing: /home/zheng/carerobot_slam_ros2/install/robot_communication/include/robot_communication/robot_communication/action/detail/do_dishes__struct.hpp
[10.696s] -- Up-to-date: /home/zheng/carerobot_slam_ros2/install/robot_communication/include/robot_communication/robot_communication/msg
[10.696s] -- Installing: /home/zheng/carerobot_slam_ros2/install/robot_communication/include/robot_communication/robot_communication/msg/bspline.hpp
[10.696s] -- Installing: /home/zheng/carerobot_slam_ros2/install/robot_communication/include/robot_communication/robot_communication/msg/chassis_control.hpp
[10.696s] -- Installing: /home/zheng/carerobot_slam_ros2/install/robot_communication/include/robot_communication/robot_communication/msg/sensor_data.hpp
[10.696s] -- Installing: /home/zheng/carerobot_slam_ros2/install/robot_communication/include/robot_communication/robot_communication/msg/localization_info_broadcast.hpp
[10.696s] -- Installing: /home/zheng/carerobot_slam_ros2/install/robot_communication/include/robot_communication/robot_communication/msg/rosidl_generator_cpp__visibility_control.hpp
[10.696s] -- Installing: /home/zheng/carerobot_slam_ros2/install/robot_communication/include/robot_communication/robot_communication/msg/goal.hpp
[10.696s] -- Installing: /home/zheng/carerobot_slam_ros2/install/robot_communication/include/robot_communication/robot_communication/msg/esdf_map.hpp
[10.697s] -- Up-to-date: /home/zheng/carerobot_slam_ros2/install/robot_communication/include/robot_communication/robot_communication/msg/detail
[10.697s] -- Installing: /home/zheng/carerobot_slam_ros2/install/robot_communication/include/robot_communication/robot_communication/msg/detail/goal__traits.hpp
[10.697s] -- Installing: /home/zheng/carerobot_slam_ros2/install/robot_communication/include/robot_communication/robot_communication/msg/detail/sensor_data__builder.hpp
[10.697s] -- Installing: /home/zheng/carerobot_slam_ros2/install/robot_communication/include/robot_communication/robot_communication/msg/detail/localization_info_broadcast__traits.hpp
[10.697s] -- Installing: /home/zheng/carerobot_slam_ros2/install/robot_communication/include/robot_communication/robot_communication/msg/detail/goal__builder.hpp
[10.697s] -- Installing: /home/zheng/carerobot_slam_ros2/install/robot_communication/include/robot_communication/robot_communication/msg/detail/localization_info_broadcast__type_support.hpp
[10.697s] -- Installing: /home/zheng/carerobot_slam_ros2/install/robot_communication/include/robot_communication/robot_communication/msg/detail/chassis_control__builder.hpp
[10.697s] -- Installing: /home/zheng/carerobot_slam_ros2/install/robot_communication/include/robot_communication/robot_communication/msg/detail/esdf_map__builder.hpp
[10.697s] -- Installing: /home/zheng/carerobot_slam_ros2/install/robot_communication/include/robot_communication/robot_communication/msg/detail/localization_info_broadcast__struct.hpp
[10.698s] -- Installing: /home/zheng/carerobot_slam_ros2/install/robot_communication/include/robot_communication/robot_communication/msg/detail/bspline__builder.hpp
[10.698s] -- Installing: /home/zheng/carerobot_slam_ros2/install/robot_communication/include/robot_communication/robot_communication/msg/detail/sensor_data__type_support.hpp
[10.698s] -- Installing: /home/zheng/carerobot_slam_ros2/install/robot_communication/include/robot_communication/robot_communication/msg/detail/chassis_control__struct.hpp
[10.698s] -- Installing: /home/zheng/carerobot_slam_ros2/install/robot_communication/include/robot_communication/robot_communication/msg/detail/chassis_control__traits.hpp
[10.698s] -- Installing: /home/zheng/carerobot_slam_ros2/install/robot_communication/include/robot_communication/robot_communication/msg/detail/bspline__type_support.hpp
[10.698s] -- Installing: /home/zheng/carerobot_slam_ros2/install/robot_communication/include/robot_communication/robot_communication/msg/detail/localization_info_broadcast__builder.hpp
[10.698s] -- Installing: /home/zheng/carerobot_slam_ros2/install/robot_communication/include/robot_communication/robot_communication/msg/detail/bspline__traits.hpp
[10.698s] -- Installing: /home/zheng/carerobot_slam_ros2/install/robot_communication/include/robot_communication/robot_communication/msg/detail/goal__type_support.hpp
[10.698s] -- Installing: /home/zheng/carerobot_slam_ros2/install/robot_communication/include/robot_communication/robot_communication/msg/detail/esdf_map__traits.hpp
[10.698s] -- Installing: /home/zheng/carerobot_slam_ros2/install/robot_communication/include/robot_communication/robot_communication/msg/detail/esdf_map__type_support.hpp
[10.699s] -- Installing: /home/zheng/carerobot_slam_ros2/install/robot_communication/include/robot_communication/robot_communication/msg/detail/goal__struct.hpp
[10.699s] -- Installing: /home/zheng/carerobot_slam_ros2/install/robot_communication/include/robot_communication/robot_communication/msg/detail/sensor_data__traits.hpp
[10.699s] -- Installing: /home/zheng/carerobot_slam_ros2/install/robot_communication/include/robot_communication/robot_communication/msg/detail/sensor_data__struct.hpp
[10.699s] -- Installing: /home/zheng/carerobot_slam_ros2/install/robot_communication/include/robot_communication/robot_communication/msg/detail/bspline__struct.hpp
[10.699s] -- Installing: /home/zheng/carerobot_slam_ros2/install/robot_communication/include/robot_communication/robot_communication/msg/detail/esdf_map__struct.hpp
[10.699s] -- Installing: /home/zheng/carerobot_slam_ros2/install/robot_communication/include/robot_communication/robot_communication/msg/detail/chassis_control__type_support.hpp
[10.699s] -- Up-to-date: /home/zheng/carerobot_slam_ros2/install/robot_communication/include/robot_communication/robot_communication
[10.699s] -- Up-to-date: /home/zheng/carerobot_slam_ros2/install/robot_communication/include/robot_communication/robot_communication/action
[10.699s] -- Up-to-date: /home/zheng/carerobot_slam_ros2/install/robot_communication/include/robot_communication/robot_communication/action/detail
[10.700s] -- Installing: /home/zheng/carerobot_slam_ros2/install/robot_communication/include/robot_communication/robot_communication/action/detail/do_dishes__rosidl_typesupport_fastrtps_cpp.hpp
[10.700s] -- Installing: /home/zheng/carerobot_slam_ros2/install/robot_communication/include/robot_communication/robot_communication/action/detail/dds_fastrtps
[10.700s] -- Up-to-date: /home/zheng/carerobot_slam_ros2/install/robot_communication/include/robot_communication/robot_communication/msg
[10.700s] -- Installing: /home/zheng/carerobot_slam_ros2/install/robot_communication/include/robot_communication/robot_communication/msg/rosidl_typesupport_fastrtps_cpp__visibility_control.h
[10.700s] -- Up-to-date: /home/zheng/carerobot_slam_ros2/install/robot_communication/include/robot_communication/robot_communication/msg/detail
[10.700s] -- Installing: /home/zheng/carerobot_slam_ros2/install/robot_communication/include/robot_communication/robot_communication/msg/detail/chassis_control__rosidl_typesupport_fastrtps_cpp.hpp
[10.700s] -- Installing: /home/zheng/carerobot_slam_ros2/install/robot_communication/include/robot_communication/robot_communication/msg/detail/bspline__rosidl_typesupport_fastrtps_cpp.hpp
[10.700s] -- Installing: /home/zheng/carerobot_slam_ros2/install/robot_communication/include/robot_communication/robot_communication/msg/detail/localization_info_broadcast__rosidl_typesupport_fastrtps_cpp.hpp
[10.700s] -- Installing: /home/zheng/carerobot_slam_ros2/install/robot_communication/include/robot_communication/robot_communication/msg/detail/dds_fastrtps
[10.700s] -- Installing: /home/zheng/carerobot_slam_ros2/install/robot_communication/include/robot_communication/robot_communication/msg/detail/esdf_map__rosidl_typesupport_fastrtps_cpp.hpp
[10.700s] -- Installing: /home/zheng/carerobot_slam_ros2/install/robot_communication/include/robot_communication/robot_communication/msg/detail/goal__rosidl_typesupport_fastrtps_cpp.hpp
[10.700s] -- Installing: /home/zheng/carerobot_slam_ros2/install/robot_communication/include/robot_communication/robot_communication/msg/detail/sensor_data__rosidl_typesupport_fastrtps_cpp.hpp
[10.701s] -- Installing: /home/zheng/carerobot_slam_ros2/install/robot_communication/lib/librobot_communication__rosidl_typesupport_fastrtps_cpp.so
[10.701s] -- Set runtime path of "/home/zheng/carerobot_slam_ros2/install/robot_communication/lib/librobot_communication__rosidl_typesupport_fastrtps_cpp.so" to ""
[10.702s] -- Up-to-date: /home/zheng/carerobot_slam_ros2/install/robot_communication/include/robot_communication/robot_communication
[10.702s] -- Up-to-date: /home/zheng/carerobot_slam_ros2/install/robot_communication/include/robot_communication/robot_communication/action
[10.702s] -- Up-to-date: /home/zheng/carerobot_slam_ros2/install/robot_communication/include/robot_communication/robot_communication/action/detail
[10.702s] -- Installing: /home/zheng/carerobot_slam_ros2/install/robot_communication/include/robot_communication/robot_communication/action/detail/do_dishes__rosidl_typesupport_introspection_cpp.hpp
[10.702s] -- Installing: /home/zheng/carerobot_slam_ros2/install/robot_communication/include/robot_communication/robot_communication/action/detail/do_dishes__type_support.cpp
[10.702s] -- Up-to-date: /home/zheng/carerobot_slam_ros2/install/robot_communication/include/robot_communication/robot_communication/msg
[10.702s] -- Up-to-date: /home/zheng/carerobot_slam_ros2/install/robot_communication/include/robot_communication/robot_communication/msg/detail
[10.702s] -- Installing: /home/zheng/carerobot_slam_ros2/install/robot_communication/include/robot_communication/robot_communication/msg/detail/goal__rosidl_typesupport_introspection_cpp.hpp
[10.702s] -- Installing: /home/zheng/carerobot_slam_ros2/install/robot_communication/include/robot_communication/robot_communication/msg/detail/esdf_map__rosidl_typesupport_introspection_cpp.hpp
[10.702s] -- Installing: /home/zheng/carerobot_slam_ros2/install/robot_communication/include/robot_communication/robot_communication/msg/detail/sensor_data__rosidl_typesupport_introspection_cpp.hpp
[10.702s] -- Installing: /home/zheng/carerobot_slam_ros2/install/robot_communication/include/robot_communication/robot_communication/msg/detail/chassis_control__type_support.cpp
[10.702s] -- Installing: /home/zheng/carerobot_slam_ros2/install/robot_communication/include/robot_communication/robot_communication/msg/detail/bspline__rosidl_typesupport_introspection_cpp.hpp
[10.703s] -- Installing: /home/zheng/carerobot_slam_ros2/install/robot_communication/include/robot_communication/robot_communication/msg/detail/bspline__type_support.cpp
[10.703s] -- Installing: /home/zheng/carerobot_slam_ros2/install/robot_communication/include/robot_communication/robot_communication/msg/detail/localization_info_broadcast__type_support.cpp
[10.703s] -- Installing: /home/zheng/carerobot_slam_ros2/install/robot_communication/include/robot_communication/robot_communication/msg/detail/sensor_data__type_support.cpp
[10.703s] -- Installing: /home/zheng/carerobot_slam_ros2/install/robot_communication/include/robot_communication/robot_communication/msg/detail/chassis_control__rosidl_typesupport_introspection_cpp.hpp
[10.703s] -- Installing: /home/zheng/carerobot_slam_ros2/install/robot_communication/include/robot_communication/robot_communication/msg/detail/esdf_map__type_support.cpp
[10.703s] -- Installing: /home/zheng/carerobot_slam_ros2/install/robot_communication/include/robot_communication/robot_communication/msg/detail/localization_info_broadcast__rosidl_typesupport_introspection_cpp.hpp
[10.703s] -- Installing: /home/zheng/carerobot_slam_ros2/install/robot_communication/include/robot_communication/robot_communication/msg/detail/goal__type_support.cpp
[10.703s] -- Installing: /home/zheng/carerobot_slam_ros2/install/robot_communication/lib/librobot_communication__rosidl_typesupport_introspection_cpp.so
[10.704s] -- Set runtime path of "/home/zheng/carerobot_slam_ros2/install/robot_communication/lib/librobot_communication__rosidl_typesupport_introspection_cpp.so" to ""
[10.704s] -- Installing: /home/zheng/carerobot_slam_ros2/install/robot_communication/lib/librobot_communication__rosidl_typesupport_cpp.so
[10.705s] -- Set runtime path of "/home/zheng/carerobot_slam_ros2/install/robot_communication/lib/librobot_communication__rosidl_typesupport_cpp.so" to ""
[10.705s] -- Installing: /home/zheng/carerobot_slam_ros2/install/robot_communication/share/robot_communication/environment/pythonpath.sh
[10.705s] -- Installing: /home/zheng/carerobot_slam_ros2/install/robot_communication/share/robot_communication/environment/pythonpath.dsv
[10.705s] -- Installing: /home/zheng/carerobot_slam_ros2/install/robot_communication/local/lib/python3.10/dist-packages/robot_communication-0.0.0-py3.10.egg-info
[10.705s] -- Installing: /home/zheng/carerobot_slam_ros2/install/robot_communication/local/lib/python3.10/dist-packages/robot_communication-0.0.0-py3.10.egg-info/dependency_links.txt
[10.705s] -- Installing: /home/zheng/carerobot_slam_ros2/install/robot_communication/local/lib/python3.10/dist-packages/robot_communication-0.0.0-py3.10.egg-info/PKG-INFO
[10.705s] -- Installing: /home/zheng/carerobot_slam_ros2/install/robot_communication/local/lib/python3.10/dist-packages/robot_communication-0.0.0-py3.10.egg-info/top_level.txt
[10.705s] -- Installing: /home/zheng/carerobot_slam_ros2/install/robot_communication/local/lib/python3.10/dist-packages/robot_communication-0.0.0-py3.10.egg-info/SOURCES.txt
[10.705s] -- Installing: /home/zheng/carerobot_slam_ros2/install/robot_communication/local/lib/python3.10/dist-packages/robot_communication
[10.705s] -- Installing: /home/zheng/carerobot_slam_ros2/install/robot_communication/local/lib/python3.10/dist-packages/robot_communication/action
[10.706s] -- Installing: /home/zheng/carerobot_slam_ros2/install/robot_communication/local/lib/python3.10/dist-packages/robot_communication/action/__init__.py
[10.706s] -- Installing: /home/zheng/carerobot_slam_ros2/install/robot_communication/local/lib/python3.10/dist-packages/robot_communication/action/_do_dishes_s.c
[10.706s] -- Installing: /home/zheng/carerobot_slam_ros2/install/robot_communication/local/lib/python3.10/dist-packages/robot_communication/action/_do_dishes.py
[10.706s] -- Installing: /home/zheng/carerobot_slam_ros2/install/robot_communication/local/lib/python3.10/dist-packages/robot_communication/_robot_communication_s.ep.rosidl_typesupport_fastrtps_c.c
[10.706s] -- Installing: /home/zheng/carerobot_slam_ros2/install/robot_communication/local/lib/python3.10/dist-packages/robot_communication/robot_communication_s__rosidl_typesupport_c.cpython-310-x86_64-linux-gnu.so
[10.706s] -- Installing: /home/zheng/carerobot_slam_ros2/install/robot_communication/local/lib/python3.10/dist-packages/robot_communication/__init__.py
[10.706s] -- Installing: /home/zheng/carerobot_slam_ros2/install/robot_communication/local/lib/python3.10/dist-packages/robot_communication/_robot_communication_s.ep.rosidl_typesupport_introspection_c.c
[10.706s] -- Installing: /home/zheng/carerobot_slam_ros2/install/robot_communication/local/lib/python3.10/dist-packages/robot_communication/robot_communication_s__rosidl_typesupport_fastrtps_c.cpython-310-x86_64-linux-gnu.so
[10.707s] -- Installing: /home/zheng/carerobot_slam_ros2/install/robot_communication/local/lib/python3.10/dist-packages/robot_communication/robot_communication_s__rosidl_typesupport_introspection_c.cpython-310-x86_64-linux-gnu.so
[10.707s] -- Installing: /home/zheng/carerobot_slam_ros2/install/robot_communication/local/lib/python3.10/dist-packages/robot_communication/librobot_communication__rosidl_generator_py.so
[10.707s] -- Installing: /home/zheng/carerobot_slam_ros2/install/robot_communication/local/lib/python3.10/dist-packages/robot_communication/_robot_communication_s.ep.rosidl_typesupport_c.c
[10.707s] -- Installing: /home/zheng/carerobot_slam_ros2/install/robot_communication/local/lib/python3.10/dist-packages/robot_communication/msg
[10.707s] -- Installing: /home/zheng/carerobot_slam_ros2/install/robot_communication/local/lib/python3.10/dist-packages/robot_communication/msg/_goal_s.c
[10.707s] -- Installing: /home/zheng/carerobot_slam_ros2/install/robot_communication/local/lib/python3.10/dist-packages/robot_communication/msg/_bspline.py
[10.707s] -- Installing: /home/zheng/carerobot_slam_ros2/install/robot_communication/local/lib/python3.10/dist-packages/robot_communication/msg/_localization_info_broadcast.py
[10.707s] -- Installing: /home/zheng/carerobot_slam_ros2/install/robot_communication/local/lib/python3.10/dist-packages/robot_communication/msg/_chassis_control.py
[10.708s] -- Installing: /home/zheng/carerobot_slam_ros2/install/robot_communication/local/lib/python3.10/dist-packages/robot_communication/msg/__init__.py
[10.708s] -- Installing: /home/zheng/carerobot_slam_ros2/install/robot_communication/local/lib/python3.10/dist-packages/robot_communication/msg/_localization_info_broadcast_s.c
[10.708s] -- Installing: /home/zheng/carerobot_slam_ros2/install/robot_communication/local/lib/python3.10/dist-packages/robot_communication/msg/_chassis_control_s.c
[10.708s] -- Installing: /home/zheng/carerobot_slam_ros2/install/robot_communication/local/lib/python3.10/dist-packages/robot_communication/msg/_sensor_data_s.c
[10.708s] -- Installing: /home/zheng/carerobot_slam_ros2/install/robot_communication/local/lib/python3.10/dist-packages/robot_communication/msg/_esdf_map_s.c
[10.708s] -- Installing: /home/zheng/carerobot_slam_ros2/install/robot_communication/local/lib/python3.10/dist-packages/robot_communication/msg/_sensor_data.py
[10.708s] -- Installing: /home/zheng/carerobot_slam_ros2/install/robot_communication/local/lib/python3.10/dist-packages/robot_communication/msg/_goal.py
[10.708s] -- Installing: /home/zheng/carerobot_slam_ros2/install/robot_communication/local/lib/python3.10/dist-packages/robot_communication/msg/_bspline_s.c
[10.708s] -- Installing: /home/zheng/carerobot_slam_ros2/install/robot_communication/local/lib/python3.10/dist-packages/robot_communication/msg/_esdf_map.py
[10.751s] Listing '/home/zheng/carerobot_slam_ros2/install/robot_communication/local/lib/python3.10/dist-packages/robot_communication'...
[10.751s] Compiling '/home/zheng/carerobot_slam_ros2/install/robot_communication/local/lib/python3.10/dist-packages/robot_communication/__init__.py'...
[10.751s] Listing '/home/zheng/carerobot_slam_ros2/install/robot_communication/local/lib/python3.10/dist-packages/robot_communication/action'...
[10.751s] Compiling '/home/zheng/carerobot_slam_ros2/install/robot_communication/local/lib/python3.10/dist-packages/robot_communication/action/__init__.py'...
[10.751s] Compiling '/home/zheng/carerobot_slam_ros2/install/robot_communication/local/lib/python3.10/dist-packages/robot_communication/action/_do_dishes.py'...
[10.751s] Listing '/home/zheng/carerobot_slam_ros2/install/robot_communication/local/lib/python3.10/dist-packages/robot_communication/msg'...
[10.751s] Compiling '/home/zheng/carerobot_slam_ros2/install/robot_communication/local/lib/python3.10/dist-packages/robot_communication/msg/__init__.py'...
[10.751s] Compiling '/home/zheng/carerobot_slam_ros2/install/robot_communication/local/lib/python3.10/dist-packages/robot_communication/msg/_bspline.py'...
[10.751s] Compiling '/home/zheng/carerobot_slam_ros2/install/robot_communication/local/lib/python3.10/dist-packages/robot_communication/msg/_chassis_control.py'...
[10.751s] Compiling '/home/zheng/carerobot_slam_ros2/install/robot_communication/local/lib/python3.10/dist-packages/robot_communication/msg/_esdf_map.py'...
[10.751s] Compiling '/home/zheng/carerobot_slam_ros2/install/robot_communication/local/lib/python3.10/dist-packages/robot_communication/msg/_goal.py'...
[10.751s] Compiling '/home/zheng/carerobot_slam_ros2/install/robot_communication/local/lib/python3.10/dist-packages/robot_communication/msg/_localization_info_broadcast.py'...
[10.751s] Compiling '/home/zheng/carerobot_slam_ros2/install/robot_communication/local/lib/python3.10/dist-packages/robot_communication/msg/_sensor_data.py'...
[10.757s] -- Installing: /home/zheng/carerobot_slam_ros2/install/robot_communication/local/lib/python3.10/dist-packages/robot_communication/robot_communication_s__rosidl_typesupport_fastrtps_c.cpython-310-x86_64-linux-gnu.so
[10.758s] -- Set runtime path of "/home/zheng/carerobot_slam_ros2/install/robot_communication/local/lib/python3.10/dist-packages/robot_communication/robot_communication_s__rosidl_typesupport_fastrtps_c.cpython-310-x86_64-linux-gnu.so" to ""
[10.758s] -- Installing: /home/zheng/carerobot_slam_ros2/install/robot_communication/local/lib/python3.10/dist-packages/robot_communication/robot_communication_s__rosidl_typesupport_introspection_c.cpython-310-x86_64-linux-gnu.so
[10.759s] -- Set runtime path of "/home/zheng/carerobot_slam_ros2/install/robot_communication/local/lib/python3.10/dist-packages/robot_communication/robot_communication_s__rosidl_typesupport_introspection_c.cpython-310-x86_64-linux-gnu.so" to ""
[10.759s] -- Installing: /home/zheng/carerobot_slam_ros2/install/robot_communication/local/lib/python3.10/dist-packages/robot_communication/robot_communication_s__rosidl_typesupport_c.cpython-310-x86_64-linux-gnu.so
[10.759s] -- Set runtime path of "/home/zheng/carerobot_slam_ros2/install/robot_communication/local/lib/python3.10/dist-packages/robot_communication/robot_communication_s__rosidl_typesupport_c.cpython-310-x86_64-linux-gnu.so" to ""
[10.760s] -- Installing: /home/zheng/carerobot_slam_ros2/install/robot_communication/lib/librobot_communication__rosidl_generator_py.so
[10.760s] -- Set runtime path of "/home/zheng/carerobot_slam_ros2/install/robot_communication/lib/librobot_communication__rosidl_generator_py.so" to ""
[10.760s] -- Installing: /home/zheng/carerobot_slam_ros2/install/robot_communication/share/ament_index/resource_index/rust_packages/robot_communication
[10.760s] -- Installing: /home/zheng/carerobot_slam_ros2/install/robot_communication/share/robot_communication/rust
[10.761s] -- Installing: /home/zheng/carerobot_slam_ros2/install/robot_communication/share/robot_communication/rust/src
[10.761s] -- Installing: /home/zheng/carerobot_slam_ros2/install/robot_communication/share/robot_communication/rust/src/action
[10.761s] -- Installing: /home/zheng/carerobot_slam_ros2/install/robot_communication/share/robot_communication/rust/src/action/rmw.rs
[10.761s] -- Installing: /home/zheng/carerobot_slam_ros2/install/robot_communication/share/robot_communication/rust/src/action.rs
[10.761s] -- Installing: /home/zheng/carerobot_slam_ros2/install/robot_communication/share/robot_communication/rust/src/msg.rs
[10.762s] -- Installing: /home/zheng/carerobot_slam_ros2/install/robot_communication/share/robot_communication/rust/src/lib.rs
[10.762s] -- Installing: /home/zheng/carerobot_slam_ros2/install/robot_communication/share/robot_communication/rust/src/msg
[10.762s] -- Installing: /home/zheng/carerobot_slam_ros2/install/robot_communication/share/robot_communication/rust/src/msg/rmw.rs
[10.762s] -- Installing: /home/zheng/carerobot_slam_ros2/install/robot_communication/share/robot_communication/rust/build.rs
[10.762s] -- Installing: /home/zheng/carerobot_slam_ros2/install/robot_communication/share/robot_communication/rust/Cargo.toml
[10.762s] -- Installing: /home/zheng/carerobot_slam_ros2/install/robot_communication/share/robot_communication/msg/LocalizationInfoBroadcast.idl
[10.762s] -- Installing: /home/zheng/carerobot_slam_ros2/install/robot_communication/share/robot_communication/msg/ChassisControl.idl
[10.763s] -- Installing: /home/zheng/carerobot_slam_ros2/install/robot_communication/share/robot_communication/msg/SensorData.idl
[10.763s] -- Installing: /home/zheng/carerobot_slam_ros2/install/robot_communication/share/robot_communication/msg/Bspline.idl
[10.763s] -- Installing: /home/zheng/carerobot_slam_ros2/install/robot_communication/share/robot_communication/msg/EsdfMap.idl
[10.763s] -- Installing: /home/zheng/carerobot_slam_ros2/install/robot_communication/share/robot_communication/msg/Goal.idl
[10.763s] -- Installing: /home/zheng/carerobot_slam_ros2/install/robot_communication/share/robot_communication/action/DoDishes.idl
[10.764s] -- Installing: /home/zheng/carerobot_slam_ros2/install/robot_communication/share/robot_communication/msg/LocalizationInfoBroadcast.msg
[10.764s] -- Installing: /home/zheng/carerobot_slam_ros2/install/robot_communication/share/robot_communication/msg/ChassisControl.msg
[10.764s] -- Installing: /home/zheng/carerobot_slam_ros2/install/robot_communication/share/robot_communication/msg/SensorData.msg
[10.764s] -- Installing: /home/zheng/carerobot_slam_ros2/install/robot_communication/share/robot_communication/msg/Bspline.msg
[10.764s] -- Installing: /home/zheng/carerobot_slam_ros2/install/robot_communication/share/robot_communication/msg/EsdfMap.msg
[10.765s] -- Installing: /home/zheng/carerobot_slam_ros2/install/robot_communication/share/robot_communication/msg/Goal.msg
[10.765s] -- Installing: /home/zheng/carerobot_slam_ros2/install/robot_communication/share/robot_communication/action/DoDishes.action
[10.765s] -- Installing: /home/zheng/carerobot_slam_ros2/install/robot_communication/share/ament_index/resource_index/package_run_dependencies/robot_communication
[10.765s] -- Installing: /home/zheng/carerobot_slam_ros2/install/robot_communication/share/ament_index/resource_index/parent_prefix_path/robot_communication
[10.766s] -- Installing: /home/zheng/carerobot_slam_ros2/install/robot_communication/share/robot_communication/environment/ament_prefix_path.sh
[10.766s] -- Installing: /home/zheng/carerobot_slam_ros2/install/robot_communication/share/robot_communication/environment/ament_prefix_path.dsv
[10.766s] -- Installing: /home/zheng/carerobot_slam_ros2/install/robot_communication/share/robot_communication/environment/path.sh
[10.766s] -- Installing: /home/zheng/carerobot_slam_ros2/install/robot_communication/share/robot_communication/environment/path.dsv
[10.766s] -- Installing: /home/zheng/carerobot_slam_ros2/install/robot_communication/share/robot_communication/local_setup.bash
[10.767s] -- Installing: /home/zheng/carerobot_slam_ros2/install/robot_communication/share/robot_communication/local_setup.sh
[10.767s] -- Installing: /home/zheng/carerobot_slam_ros2/install/robot_communication/share/robot_communication/local_setup.zsh
[10.767s] -- Installing: /home/zheng/carerobot_slam_ros2/install/robot_communication/share/robot_communication/local_setup.dsv
[10.767s] -- Installing: /home/zheng/carerobot_slam_ros2/install/robot_communication/share/robot_communication/package.dsv
[10.767s] -- Installing: /home/zheng/carerobot_slam_ros2/install/robot_communication/share/ament_index/resource_index/packages/robot_communication
[10.768s] -- Installing: /home/zheng/carerobot_slam_ros2/install/robot_communication/share/robot_communication/cmake/export_robot_communication__rosidl_generator_cExport.cmake
[10.768s] -- Installing: /home/zheng/carerobot_slam_ros2/install/robot_communication/share/robot_communication/cmake/export_robot_communication__rosidl_generator_cExport-noconfig.cmake
[10.768s] -- Installing: /home/zheng/carerobot_slam_ros2/install/robot_communication/share/robot_communication/cmake/export_robot_communication__rosidl_typesupport_fastrtps_cExport.cmake
[10.768s] -- Installing: /home/zheng/carerobot_slam_ros2/install/robot_communication/share/robot_communication/cmake/export_robot_communication__rosidl_typesupport_fastrtps_cExport-noconfig.cmake
[10.768s] -- Installing: /home/zheng/carerobot_slam_ros2/install/robot_communication/share/robot_communication/cmake/robot_communication__rosidl_typesupport_introspection_cExport.cmake
[10.769s] -- Installing: /home/zheng/carerobot_slam_ros2/install/robot_communication/share/robot_communication/cmake/robot_communication__rosidl_typesupport_introspection_cExport-noconfig.cmake
[10.769s] -- Installing: /home/zheng/carerobot_slam_ros2/install/robot_communication/share/robot_communication/cmake/robot_communication__rosidl_typesupport_cExport.cmake
[10.769s] -- Installing: /home/zheng/carerobot_slam_ros2/install/robot_communication/share/robot_communication/cmake/robot_communication__rosidl_typesupport_cExport-noconfig.cmake
[10.769s] -- Installing: /home/zheng/carerobot_slam_ros2/install/robot_communication/share/robot_communication/cmake/export_robot_communication__rosidl_generator_cppExport.cmake
[10.769s] -- Installing: /home/zheng/carerobot_slam_ros2/install/robot_communication/share/robot_communication/cmake/export_robot_communication__rosidl_typesupport_fastrtps_cppExport.cmake
[10.770s] -- Installing: /home/zheng/carerobot_slam_ros2/install/robot_communication/share/robot_communication/cmake/export_robot_communication__rosidl_typesupport_fastrtps_cppExport-noconfig.cmake
[10.770s] -- Installing: /home/zheng/carerobot_slam_ros2/install/robot_communication/share/robot_communication/cmake/robot_communication__rosidl_typesupport_introspection_cppExport.cmake
[10.770s] -- Installing: /home/zheng/carerobot_slam_ros2/install/robot_communication/share/robot_communication/cmake/robot_communication__rosidl_typesupport_introspection_cppExport-noconfig.cmake
[10.770s] -- Installing: /home/zheng/carerobot_slam_ros2/install/robot_communication/share/robot_communication/cmake/robot_communication__rosidl_typesupport_cppExport.cmake
[10.771s] -- Installing: /home/zheng/carerobot_slam_ros2/install/robot_communication/share/robot_communication/cmake/robot_communication__rosidl_typesupport_cppExport-noconfig.cmake
[10.771s] -- Installing: /home/zheng/carerobot_slam_ros2/install/robot_communication/share/robot_communication/cmake/export_robot_communication__rosidl_generator_pyExport.cmake
[10.771s] -- Installing: /home/zheng/carerobot_slam_ros2/install/robot_communication/share/robot_communication/cmake/export_robot_communication__rosidl_generator_pyExport-noconfig.cmake
[10.772s] -- Installing: /home/zheng/carerobot_slam_ros2/install/robot_communication/share/robot_communication/cmake/rosidl_cmake-extras.cmake
[10.772s] -- Installing: /home/zheng/carerobot_slam_ros2/install/robot_communication/share/robot_communication/cmake/ament_cmake_export_dependencies-extras.cmake
[10.772s] -- Installing: /home/zheng/carerobot_slam_ros2/install/robot_communication/share/robot_communication/cmake/ament_cmake_export_include_directories-extras.cmake
[10.772s] -- Installing: /home/zheng/carerobot_slam_ros2/install/robot_communication/share/robot_communication/cmake/ament_cmake_export_libraries-extras.cmake
[10.773s] -- Installing: /home/zheng/carerobot_slam_ros2/install/robot_communication/share/robot_communication/cmake/ament_cmake_export_targets-extras.cmake
[10.773s] -- Installing: /home/zheng/carerobot_slam_ros2/install/robot_communication/share/robot_communication/cmake/rosidl_cmake_export_typesupport_targets-extras.cmake
[10.773s] -- Installing: /home/zheng/carerobot_slam_ros2/install/robot_communication/share/robot_communication/cmake/rosidl_cmake_export_typesupport_libraries-extras.cmake
[10.773s] -- Installing: /home/zheng/carerobot_slam_ros2/install/robot_communication/share/robot_communication/cmake/rosidl_cmake_aggregate_target-extras.cmake
[10.773s] -- Installing: /home/zheng/carerobot_slam_ros2/install/robot_communication/share/robot_communication/cmake/robot_communicationConfig.cmake
[10.774s] -- Installing: /home/zheng/carerobot_slam_ros2/install/robot_communication/share/robot_communication/cmake/robot_communicationConfig-version.cmake
[10.774s] -- Installing: /home/zheng/carerobot_slam_ros2/install/robot_communication/share/robot_communication/package.xml
[10.777s] Invoked command in '/home/zheng/carerobot_slam_ros2/build/robot_communication' returned '0': CMAKE_PREFIX_PATH=${CMAKE_PREFIX_PATH}:/opt/ros/humble /usr/bin/cmake --install /home/zheng/carerobot_slam_ros2/build/robot_communication
