[0.071s] Invoking command in '/home/zheng/carerobot_slam_ros2/build/keyboard_control': CMAKE_PREFIX_PATH=${CMAKE_PREFIX_PATH}:/opt/ros/humble /usr/bin/cmake --build /home/zheng/carerobot_slam_ros2/build/keyboard_control -- -j8 -l8
[0.221s] [100%] Built target keyboard_control
[0.330s] Invoked command in '/home/zheng/carerobot_slam_ros2/build/keyboard_control' returned '0': CMAKE_PREFIX_PATH=${CMAKE_PREFIX_PATH}:/opt/ros/humble /usr/bin/cmake --build /home/zheng/carerobot_slam_ros2/build/keyboard_control -- -j8 -l8
[0.333s] Invoking command in '/home/zheng/carerobot_slam_ros2/build/keyboard_control': CMAKE_PREFIX_PATH=${CMAKE_PREFIX_PATH}:/opt/ros/humble /usr/bin/cmake --install /home/zheng/carerobot_slam_ros2/build/keyboard_control
[0.350s] -- Install configuration: ""
[0.350s] -- Up-to-date: /home/zheng/carerobot_slam_ros2/install/keyboard_control/lib/keyboard_control/keyboard_control
[0.352s] -- Up-to-date: /home/zheng/carerobot_slam_ros2/install/keyboard_control/share/keyboard_control/launch
[0.352s] -- Up-to-date: /home/zheng/carerobot_slam_ros2/install/keyboard_control/share/keyboard_control/launch/keyboard_control.launch.py
[0.355s] -- Up-to-date: /home/zheng/carerobot_slam_ros2/install/keyboard_control/share/ament_index/resource_index/package_run_dependencies/keyboard_control
[0.356s] -- Up-to-date: /home/zheng/carerobot_slam_ros2/install/keyboard_control/share/ament_index/resource_index/parent_prefix_path/keyboard_control
[0.357s] -- Up-to-date: /home/zheng/carerobot_slam_ros2/install/keyboard_control/share/keyboard_control/environment/ament_prefix_path.sh
[0.357s] -- Up-to-date: /home/zheng/carerobot_slam_ros2/install/keyboard_control/share/keyboard_control/environment/ament_prefix_path.dsv
[0.357s] -- Up-to-date: /home/zheng/carerobot_slam_ros2/install/keyboard_control/share/keyboard_control/environment/path.sh
[0.360s] -- Up-to-date: /home/zheng/carerobot_slam_ros2/install/keyboard_control/share/keyboard_control/environment/path.dsv
[0.361s] -- Up-to-date: /home/zheng/carerobot_slam_ros2/install/keyboard_control/share/keyboard_control/local_setup.bash
[0.362s] -- Up-to-date: /home/zheng/carerobot_slam_ros2/install/keyboard_control/share/keyboard_control/local_setup.sh
[0.362s] -- Up-to-date: /home/zheng/carerobot_slam_ros2/install/keyboard_control/share/keyboard_control/local_setup.zsh
[0.363s] -- Up-to-date: /home/zheng/carerobot_slam_ros2/install/keyboard_control/share/keyboard_control/local_setup.dsv
[0.363s] -- Installing: /home/zheng/carerobot_slam_ros2/install/keyboard_control/share/keyboard_control/package.dsv
[0.363s] -- Up-to-date: /home/zheng/carerobot_slam_ros2/install/keyboard_control/share/ament_index/resource_index/packages/keyboard_control
[0.363s] -- Up-to-date: /home/zheng/carerobot_slam_ros2/install/keyboard_control/share/keyboard_control/cmake/keyboard_controlConfig.cmake
[0.363s] -- Up-to-date: /home/zheng/carerobot_slam_ros2/install/keyboard_control/share/keyboard_control/cmake/keyboard_controlConfig-version.cmake
[0.364s] -- Up-to-date: /home/zheng/carerobot_slam_ros2/install/keyboard_control/share/keyboard_control/package.xml
[0.364s] Invoked command in '/home/zheng/carerobot_slam_ros2/build/keyboard_control' returned '0': CMAKE_PREFIX_PATH=${CMAKE_PREFIX_PATH}:/opt/ros/humble /usr/bin/cmake --install /home/zheng/carerobot_slam_ros2/build/keyboard_control
