[0.019s] Invoking command in '/home/zheng/carerobot_slam_ros2/build/robot_navigation': CMAKE_PREFIX_PATH=/home/zheng/carerobot_slam_ros2/install/robot_costmap:/home/zheng/carerobot_slam_ros2/install/robot_communication:/home/zheng/carerobot_slam_ros2/install/slam_gmapping:/home/zheng/carerobot_slam_ros2/install/robot_pid_local_planner:/home/zheng/carerobot_slam_ros2/install/robot_navigation:/home/zheng/carerobot_slam_ros2/install/openslam_gmapping:/home/zheng/carerobot_slam_ros2/install/keyboard_control:/home/zheng/carerobot_slam_ros2/install/explore_lite:/home/zheng/carerobot_slam_ros2/install/diff_drive_gazebo:/opt/ros/humble LD_LIBRARY_PATH=/home/zheng/carerobot_slam_ros2/install/robot_communication/lib:/home/zheng/carerobot_slam_ros2/install/robot_costmap/lib:/home/zheng/carerobot_slam_ros2/install/openslam_gmapping/lib:/usr/lib/x86_64-linux-gnu/gazebo-11/plugins:/opt/ros/humble/opt/rviz_ogre_vendor/lib:/opt/ros/humble/lib/x86_64-linux-gnu:/opt/ros/humble/lib /usr/bin/cmake --build /home/zheng/carerobot_slam_ros2/build/robot_navigation -- -j8 -l8
[0.252s] [35m[1mConsolidate compiler generated dependencies of target motionPlan_node[0m
[0.314s] [35m[1mConsolidate compiler generated dependencies of target Differential_DWA_node[0m
[0.412s] [  2%] [32mBuilding CXX object CMakeFiles/motionPlan_node.dir/src/local_plan/differential_dwa.cpp.o[0m
[0.441s] [  4%] [32mBuilding CXX object CMakeFiles/Differential_DWA_node.dir/src/local_plan/differential_dwa.cpp.o[0m
[35.875s] [  7%] [32m[1mLinking CXX executable Differential_DWA_node[0m
[36.042s] [  9%] [32m[1mLinking CXX executable motionPlan_node[0m
[39.178s] [ 54%] Built target Differential_DWA_node
[39.352s] [100%] Built target motionPlan_node
[39.364s] Invoked command in '/home/zheng/carerobot_slam_ros2/build/robot_navigation' returned '0': CMAKE_PREFIX_PATH=/home/zheng/carerobot_slam_ros2/install/robot_costmap:/home/zheng/carerobot_slam_ros2/install/robot_communication:/home/zheng/carerobot_slam_ros2/install/slam_gmapping:/home/zheng/carerobot_slam_ros2/install/robot_pid_local_planner:/home/zheng/carerobot_slam_ros2/install/robot_navigation:/home/zheng/carerobot_slam_ros2/install/openslam_gmapping:/home/zheng/carerobot_slam_ros2/install/keyboard_control:/home/zheng/carerobot_slam_ros2/install/explore_lite:/home/zheng/carerobot_slam_ros2/install/diff_drive_gazebo:/opt/ros/humble LD_LIBRARY_PATH=/home/zheng/carerobot_slam_ros2/install/robot_communication/lib:/home/zheng/carerobot_slam_ros2/install/robot_costmap/lib:/home/zheng/carerobot_slam_ros2/install/openslam_gmapping/lib:/usr/lib/x86_64-linux-gnu/gazebo-11/plugins:/opt/ros/humble/opt/rviz_ogre_vendor/lib:/opt/ros/humble/lib/x86_64-linux-gnu:/opt/ros/humble/lib /usr/bin/cmake --build /home/zheng/carerobot_slam_ros2/build/robot_navigation -- -j8 -l8
[39.367s] Invoking command in '/home/zheng/carerobot_slam_ros2/build/robot_navigation': CMAKE_PREFIX_PATH=/home/zheng/carerobot_slam_ros2/install/robot_costmap:/home/zheng/carerobot_slam_ros2/install/robot_communication:/home/zheng/carerobot_slam_ros2/install/slam_gmapping:/home/zheng/carerobot_slam_ros2/install/robot_pid_local_planner:/home/zheng/carerobot_slam_ros2/install/robot_navigation:/home/zheng/carerobot_slam_ros2/install/openslam_gmapping:/home/zheng/carerobot_slam_ros2/install/keyboard_control:/home/zheng/carerobot_slam_ros2/install/explore_lite:/home/zheng/carerobot_slam_ros2/install/diff_drive_gazebo:/opt/ros/humble LD_LIBRARY_PATH=/home/zheng/carerobot_slam_ros2/install/robot_communication/lib:/home/zheng/carerobot_slam_ros2/install/robot_costmap/lib:/home/zheng/carerobot_slam_ros2/install/openslam_gmapping/lib:/usr/lib/x86_64-linux-gnu/gazebo-11/plugins:/opt/ros/humble/opt/rviz_ogre_vendor/lib:/opt/ros/humble/lib/x86_64-linux-gnu:/opt/ros/humble/lib /usr/bin/cmake --install /home/zheng/carerobot_slam_ros2/build/robot_navigation
[39.375s] -- Install configuration: "Release"
[39.375s] -- Installing: /home/zheng/carerobot_slam_ros2/install/robot_navigation/lib/robot_navigation/motionPlan_node
[39.399s] -- Set runtime path of "/home/zheng/carerobot_slam_ros2/install/robot_navigation/lib/robot_navigation/motionPlan_node" to ""
[39.400s] -- Installing: /home/zheng/carerobot_slam_ros2/install/robot_navigation/lib/robot_navigation/Differential_DWA_node
[39.423s] -- Set runtime path of "/home/zheng/carerobot_slam_ros2/install/robot_navigation/lib/robot_navigation/Differential_DWA_node" to ""
[39.423s] -- Up-to-date: /home/zheng/carerobot_slam_ros2/install/robot_navigation/include/
[39.423s] -- Up-to-date: /home/zheng/carerobot_slam_ros2/install/robot_navigation/include//vel_transform
[39.424s] -- Up-to-date: /home/zheng/carerobot_slam_ros2/install/robot_navigation/include//vel_transform/vel_transform.h
[39.424s] -- Up-to-date: /home/zheng/carerobot_slam_ros2/install/robot_navigation/include//path_searcher
[39.424s] -- Up-to-date: /home/zheng/carerobot_slam_ros2/install/robot_navigation/include//path_searcher/node.h
[39.424s] -- Up-to-date: /home/zheng/carerobot_slam_ros2/install/robot_navigation/include//path_searcher/Hybrid_astar.h
[39.424s] -- Up-to-date: /home/zheng/carerobot_slam_ros2/install/robot_navigation/include//path_searcher/nav_app.h
[39.425s] -- Up-to-date: /home/zheng/carerobot_slam_ros2/install/robot_navigation/include//path_searcher/Astar_searcher.h
[39.425s] -- Up-to-date: /home/zheng/carerobot_slam_ros2/install/robot_navigation/include//path_searcher/JPS_searcher.h
[39.425s] -- Up-to-date: /home/zheng/carerobot_slam_ros2/install/robot_navigation/include//path_searcher/two_way_rrt.h
[39.425s] -- Up-to-date: /home/zheng/carerobot_slam_ros2/install/robot_navigation/include//path_searcher/JPS_utils.h
[39.425s] -- Up-to-date: /home/zheng/carerobot_slam_ros2/install/robot_navigation/include//motionPlan
[39.425s] -- Up-to-date: /home/zheng/carerobot_slam_ros2/install/robot_navigation/include//motionPlan/motionPlan.h
[39.425s] -- Up-to-date: /home/zheng/carerobot_slam_ros2/install/robot_navigation/include//utility
[39.425s] -- Up-to-date: /home/zheng/carerobot_slam_ros2/install/robot_navigation/include//utility/type.h
[39.426s] -- Up-to-date: /home/zheng/carerobot_slam_ros2/install/robot_navigation/include//utility/math_function.h
[39.426s] -- Up-to-date: /home/zheng/carerobot_slam_ros2/install/robot_navigation/include//math_tools
[39.426s] -- Up-to-date: /home/zheng/carerobot_slam_ros2/install/robot_navigation/include//math_tools/filter.h
[39.426s] -- Up-to-date: /home/zheng/carerobot_slam_ros2/install/robot_navigation/include//math_tools/curve_fitting.h
[39.426s] -- Up-to-date: /home/zheng/carerobot_slam_ros2/install/robot_navigation/include//path_optimization
[39.426s] -- Up-to-date: /home/zheng/carerobot_slam_ros2/install/robot_navigation/include//path_optimization/fast_security.h
[39.426s] -- Up-to-date: /home/zheng/carerobot_slam_ros2/install/robot_navigation/include//path_optimization/minimum_snap.h
[39.427s] -- Up-to-date: /home/zheng/carerobot_slam_ros2/install/robot_navigation/include//path_optimization/bspline_optimizer.h
[39.427s] -- Up-to-date: /home/zheng/carerobot_slam_ros2/install/robot_navigation/include//path_optimization/bezier_curve.h
[39.428s] -- Up-to-date: /home/zheng/carerobot_slam_ros2/install/robot_navigation/include//path_optimization/corridor_optimizer.h
[39.428s] -- Up-to-date: /home/zheng/carerobot_slam_ros2/install/robot_navigation/include//path_optimization/non_uniform_bspline.h
[39.428s] -- Up-to-date: /home/zheng/carerobot_slam_ros2/install/robot_navigation/include//path_optimization/BSpline.h
[39.428s] -- Up-to-date: /home/zheng/carerobot_slam_ros2/install/robot_navigation/include//path_follow
[39.428s] -- Up-to-date: /home/zheng/carerobot_slam_ros2/install/robot_navigation/include//path_follow/pid_follow.h
[39.429s] -- Up-to-date: /home/zheng/carerobot_slam_ros2/install/robot_navigation/include//local_plan
[39.429s] -- Up-to-date: /home/zheng/carerobot_slam_ros2/install/robot_navigation/include//local_plan/differential_dwa.h
[39.429s] -- Up-to-date: /home/zheng/carerobot_slam_ros2/install/robot_navigation/share/robot_navigation/config
[39.429s] -- Installing: /home/zheng/carerobot_slam_ros2/install/robot_navigation/share/robot_navigation/config/dwa_param.yaml
[39.429s] -- Up-to-date: /home/zheng/carerobot_slam_ros2/install/robot_navigation/share/robot_navigation/config/pid_param.yaml
[39.429s] -- Up-to-date: /home/zheng/carerobot_slam_ros2/install/robot_navigation/share/robot_navigation/launch
[39.430s] -- Up-to-date: /home/zheng/carerobot_slam_ros2/install/robot_navigation/share/robot_navigation/launch/differential_dwa.launch.py
[39.430s] -- Up-to-date: /home/zheng/carerobot_slam_ros2/install/robot_navigation/share/robot_navigation/launch/motionPlan.launch.py
[39.430s] -- Up-to-date: /home/zheng/carerobot_slam_ros2/install/robot_navigation/share/ament_index/resource_index/package_run_dependencies/robot_navigation
[39.430s] -- Up-to-date: /home/zheng/carerobot_slam_ros2/install/robot_navigation/share/ament_index/resource_index/parent_prefix_path/robot_navigation
[39.430s] -- Up-to-date: /home/zheng/carerobot_slam_ros2/install/robot_navigation/share/robot_navigation/environment/ament_prefix_path.sh
[39.430s] -- Up-to-date: /home/zheng/carerobot_slam_ros2/install/robot_navigation/share/robot_navigation/environment/ament_prefix_path.dsv
[39.431s] -- Up-to-date: /home/zheng/carerobot_slam_ros2/install/robot_navigation/share/robot_navigation/environment/path.sh
[39.431s] -- Up-to-date: /home/zheng/carerobot_slam_ros2/install/robot_navigation/share/robot_navigation/environment/path.dsv
[39.431s] -- Up-to-date: /home/zheng/carerobot_slam_ros2/install/robot_navigation/share/robot_navigation/local_setup.bash
[39.431s] -- Up-to-date: /home/zheng/carerobot_slam_ros2/install/robot_navigation/share/robot_navigation/local_setup.sh
[39.431s] -- Up-to-date: /home/zheng/carerobot_slam_ros2/install/robot_navigation/share/robot_navigation/local_setup.zsh
[39.431s] -- Up-to-date: /home/zheng/carerobot_slam_ros2/install/robot_navigation/share/robot_navigation/local_setup.dsv
[39.431s] -- Installing: /home/zheng/carerobot_slam_ros2/install/robot_navigation/share/robot_navigation/package.dsv
[39.432s] -- Up-to-date: /home/zheng/carerobot_slam_ros2/install/robot_navigation/share/ament_index/resource_index/packages/robot_navigation
[39.432s] -- Up-to-date: /home/zheng/carerobot_slam_ros2/install/robot_navigation/share/robot_navigation/cmake/robot_navigationConfig.cmake
[39.432s] -- Up-to-date: /home/zheng/carerobot_slam_ros2/install/robot_navigation/share/robot_navigation/cmake/robot_navigationConfig-version.cmake
[39.433s] -- Up-to-date: /home/zheng/carerobot_slam_ros2/install/robot_navigation/share/robot_navigation/package.xml
[39.433s] Invoked command in '/home/zheng/carerobot_slam_ros2/build/robot_navigation' returned '0': CMAKE_PREFIX_PATH=/home/zheng/carerobot_slam_ros2/install/robot_costmap:/home/zheng/carerobot_slam_ros2/install/robot_communication:/home/zheng/carerobot_slam_ros2/install/slam_gmapping:/home/zheng/carerobot_slam_ros2/install/robot_pid_local_planner:/home/zheng/carerobot_slam_ros2/install/robot_navigation:/home/zheng/carerobot_slam_ros2/install/openslam_gmapping:/home/zheng/carerobot_slam_ros2/install/keyboard_control:/home/zheng/carerobot_slam_ros2/install/explore_lite:/home/zheng/carerobot_slam_ros2/install/diff_drive_gazebo:/opt/ros/humble LD_LIBRARY_PATH=/home/zheng/carerobot_slam_ros2/install/robot_communication/lib:/home/zheng/carerobot_slam_ros2/install/robot_costmap/lib:/home/zheng/carerobot_slam_ros2/install/openslam_gmapping/lib:/usr/lib/x86_64-linux-gnu/gazebo-11/plugins:/opt/ros/humble/opt/rviz_ogre_vendor/lib:/opt/ros/humble/lib/x86_64-linux-gnu:/opt/ros/humble/lib /usr/bin/cmake --install /home/zheng/carerobot_slam_ros2/build/robot_navigation
