[0.688s] Invoking command in '/home/zheng/carerobot_slam_ros2/build/robot_pid_local_planner': AMENT_PREFIX_PATH=/home/zheng/carerobot_slam_ros2/install/robot_communication:${AMENT_PREFIX_PATH} CMAKE_PREFIX_PATH=/home/zheng/carerobot_slam_ros2/install/robot_communication:/opt/ros/humble LD_LIBRARY_PATH=/home/zheng/carerobot_slam_ros2/install/robot_communication/lib:${LD_LIBRARY_PATH} PYTHONPATH=/home/zheng/carerobot_slam_ros2/install/robot_communication/local/lib/python3.10/dist-packages:${PYTHONPATH} /usr/bin/cmake --build /home/zheng/carerobot_slam_ros2/build/robot_pid_local_planner -- -j8 -l8
[1.810s] [100%] Built target differential_pid_local_planner_node
[1.819s] Invoked command in '/home/zheng/carerobot_slam_ros2/build/robot_pid_local_planner' returned '0': AMENT_PREFIX_PATH=/home/zheng/carerobot_slam_ros2/install/robot_communication:${AMENT_PREFIX_PATH} CMAKE_PREFIX_PATH=/home/zheng/carerobot_slam_ros2/install/robot_communication:/opt/ros/humble LD_LIBRARY_PATH=/home/zheng/carerobot_slam_ros2/install/robot_communication/lib:${LD_LIBRARY_PATH} PYTHONPATH=/home/zheng/carerobot_slam_ros2/install/robot_communication/local/lib/python3.10/dist-packages:${PYTHONPATH} /usr/bin/cmake --build /home/zheng/carerobot_slam_ros2/build/robot_pid_local_planner -- -j8 -l8
[1.907s] Invoking command in '/home/zheng/carerobot_slam_ros2/build/robot_pid_local_planner': AMENT_PREFIX_PATH=/home/zheng/carerobot_slam_ros2/install/robot_communication:${AMENT_PREFIX_PATH} CMAKE_PREFIX_PATH=/home/zheng/carerobot_slam_ros2/install/robot_communication:/opt/ros/humble LD_LIBRARY_PATH=/home/zheng/carerobot_slam_ros2/install/robot_communication/lib:${LD_LIBRARY_PATH} PYTHONPATH=/home/zheng/carerobot_slam_ros2/install/robot_communication/local/lib/python3.10/dist-packages:${PYTHONPATH} /usr/bin/cmake --install /home/zheng/carerobot_slam_ros2/build/robot_pid_local_planner
[1.913s] -- Install configuration: ""
[1.914s] -- Up-to-date: /home/zheng/carerobot_slam_ros2/install/robot_pid_local_planner/lib/robot_pid_local_planner/differential_pid_local_planner_node
[1.914s] -- Up-to-date: /home/zheng/carerobot_slam_ros2/install/robot_pid_local_planner/share/robot_pid_local_planner/launch
[1.965s] -- Up-to-date: /home/zheng/carerobot_slam_ros2/install/robot_pid_local_planner/share/robot_pid_local_planner/launch/differential_PID.launch.py
[1.965s] -- Up-to-date: /home/zheng/carerobot_slam_ros2/install/robot_pid_local_planner/share/robot_pid_local_planner/config
[1.966s] -- Up-to-date: /home/zheng/carerobot_slam_ros2/install/robot_pid_local_planner/share/robot_pid_local_planner/config/differential_pid_param.yaml
[1.966s] -- Up-to-date: /home/zheng/carerobot_slam_ros2/install/robot_pid_local_planner/share/ament_index/resource_index/package_run_dependencies/robot_pid_local_planner
[1.967s] -- Up-to-date: /home/zheng/carerobot_slam_ros2/install/robot_pid_local_planner/share/ament_index/resource_index/parent_prefix_path/robot_pid_local_planner
[1.967s] -- Up-to-date: /home/zheng/carerobot_slam_ros2/install/robot_pid_local_planner/share/robot_pid_local_planner/environment/ament_prefix_path.sh
[1.967s] -- Up-to-date: /home/zheng/carerobot_slam_ros2/install/robot_pid_local_planner/share/robot_pid_local_planner/environment/ament_prefix_path.dsv
[1.967s] -- Up-to-date: /home/zheng/carerobot_slam_ros2/install/robot_pid_local_planner/share/robot_pid_local_planner/environment/path.sh
[1.967s] -- Up-to-date: /home/zheng/carerobot_slam_ros2/install/robot_pid_local_planner/share/robot_pid_local_planner/environment/path.dsv
[1.967s] -- Up-to-date: /home/zheng/carerobot_slam_ros2/install/robot_pid_local_planner/share/robot_pid_local_planner/local_setup.bash
[1.967s] -- Up-to-date: /home/zheng/carerobot_slam_ros2/install/robot_pid_local_planner/share/robot_pid_local_planner/local_setup.sh
[1.967s] -- Up-to-date: /home/zheng/carerobot_slam_ros2/install/robot_pid_local_planner/share/robot_pid_local_planner/local_setup.zsh
[1.967s] -- Up-to-date: /home/zheng/carerobot_slam_ros2/install/robot_pid_local_planner/share/robot_pid_local_planner/local_setup.dsv
[1.967s] -- Installing: /home/zheng/carerobot_slam_ros2/install/robot_pid_local_planner/share/robot_pid_local_planner/package.dsv
[1.969s] -- Up-to-date: /home/zheng/carerobot_slam_ros2/install/robot_pid_local_planner/share/ament_index/resource_index/packages/robot_pid_local_planner
[1.969s] -- Up-to-date: /home/zheng/carerobot_slam_ros2/install/robot_pid_local_planner/share/robot_pid_local_planner/cmake/robot_pid_local_plannerConfig.cmake
[1.969s] -- Up-to-date: /home/zheng/carerobot_slam_ros2/install/robot_pid_local_planner/share/robot_pid_local_planner/cmake/robot_pid_local_plannerConfig-version.cmake
[1.970s] -- Up-to-date: /home/zheng/carerobot_slam_ros2/install/robot_pid_local_planner/share/robot_pid_local_planner/package.xml
[1.972s] Invoked command in '/home/zheng/carerobot_slam_ros2/build/robot_pid_local_planner' returned '0': AMENT_PREFIX_PATH=/home/zheng/carerobot_slam_ros2/install/robot_communication:${AMENT_PREFIX_PATH} CMAKE_PREFIX_PATH=/home/zheng/carerobot_slam_ros2/install/robot_communication:/opt/ros/humble LD_LIBRARY_PATH=/home/zheng/carerobot_slam_ros2/install/robot_communication/lib:${LD_LIBRARY_PATH} PYTHONPATH=/home/zheng/carerobot_slam_ros2/install/robot_communication/local/lib/python3.10/dist-packages:${PYTHONPATH} /usr/bin/cmake --install /home/zheng/carerobot_slam_ros2/build/robot_pid_local_planner
