[0.085s] Invoking command in '/home/zheng/carerobot_slam_ros2/build/slam_gmapping': AMENT_PREFIX_PATH=/home/zheng/carerobot_slam_ros2/install/openslam_gmapping:${AMENT_PREFIX_PATH} CMAKE_PREFIX_PATH=/home/zheng/carerobot_slam_ros2/install/openslam_gmapping:/opt/ros/humble LD_LIBRARY_PATH=/home/zheng/carerobot_slam_ros2/install/openslam_gmapping/lib:${LD_LIBRARY_PATH} /usr/bin/cmake --build /home/zheng/carerobot_slam_ros2/build/slam_gmapping -- -j8 -l8
[0.273s] [100%] Built target slam_gmapping
[0.313s] Invoked command in '/home/zheng/carerobot_slam_ros2/build/slam_gmapping' returned '0': AMENT_PREFIX_PATH=/home/zheng/carerobot_slam_ros2/install/openslam_gmapping:${AMENT_PREFIX_PATH} CMAKE_PREFIX_PATH=/home/zheng/carerobot_slam_ros2/install/openslam_gmapping:/opt/ros/humble LD_LIBRARY_PATH=/home/zheng/carerobot_slam_ros2/install/openslam_gmapping/lib:${LD_LIBRARY_PATH} /usr/bin/cmake --build /home/zheng/carerobot_slam_ros2/build/slam_gmapping -- -j8 -l8
[0.314s] Invoking command in '/home/zheng/carerobot_slam_ros2/build/slam_gmapping': AMENT_PREFIX_PATH=/home/zheng/carerobot_slam_ros2/install/openslam_gmapping:${AMENT_PREFIX_PATH} CMAKE_PREFIX_PATH=/home/zheng/carerobot_slam_ros2/install/openslam_gmapping:/opt/ros/humble LD_LIBRARY_PATH=/home/zheng/carerobot_slam_ros2/install/openslam_gmapping/lib:${LD_LIBRARY_PATH} /usr/bin/cmake --install /home/zheng/carerobot_slam_ros2/build/slam_gmapping
[0.340s] -- Install configuration: ""
[0.340s] -- Up-to-date: /home/zheng/carerobot_slam_ros2/install/slam_gmapping/lib/slam_gmapping/slam_gmapping
[0.340s] -- Up-to-date: /home/zheng/carerobot_slam_ros2/install/slam_gmapping/share/slam_gmapping/launch
[0.341s] -- Up-to-date: /home/zheng/carerobot_slam_ros2/install/slam_gmapping/share/slam_gmapping/launch/map_save.launch.py
[0.341s] -- Up-to-date: /home/zheng/carerobot_slam_ros2/install/slam_gmapping/share/slam_gmapping/launch/slam_gmapping.launch.py
[0.341s] -- Up-to-date: /home/zheng/carerobot_slam_ros2/install/slam_gmapping/share/ament_index/resource_index/package_run_dependencies/slam_gmapping
[0.341s] -- Up-to-date: /home/zheng/carerobot_slam_ros2/install/slam_gmapping/share/ament_index/resource_index/parent_prefix_path/slam_gmapping
[0.342s] -- Up-to-date: /home/zheng/carerobot_slam_ros2/install/slam_gmapping/share/slam_gmapping/environment/ament_prefix_path.sh
[0.342s] -- Up-to-date: /home/zheng/carerobot_slam_ros2/install/slam_gmapping/share/slam_gmapping/environment/ament_prefix_path.dsv
[0.342s] -- Up-to-date: /home/zheng/carerobot_slam_ros2/install/slam_gmapping/share/slam_gmapping/environment/path.sh
[0.343s] -- Up-to-date: /home/zheng/carerobot_slam_ros2/install/slam_gmapping/share/slam_gmapping/environment/path.dsv
[0.347s] -- Up-to-date: /home/zheng/carerobot_slam_ros2/install/slam_gmapping/share/slam_gmapping/local_setup.bash
[0.350s] -- Up-to-date: /home/zheng/carerobot_slam_ros2/install/slam_gmapping/share/slam_gmapping/local_setup.sh
[0.352s] -- Up-to-date: /home/zheng/carerobot_slam_ros2/install/slam_gmapping/share/slam_gmapping/local_setup.zsh
[0.352s] -- Up-to-date: /home/zheng/carerobot_slam_ros2/install/slam_gmapping/share/slam_gmapping/local_setup.dsv
[0.353s] -- Installing: /home/zheng/carerobot_slam_ros2/install/slam_gmapping/share/slam_gmapping/package.dsv
[0.353s] -- Up-to-date: /home/zheng/carerobot_slam_ros2/install/slam_gmapping/share/ament_index/resource_index/packages/slam_gmapping
[0.353s] -- Up-to-date: /home/zheng/carerobot_slam_ros2/install/slam_gmapping/share/slam_gmapping/cmake/slam_gmappingConfig.cmake
[0.353s] -- Up-to-date: /home/zheng/carerobot_slam_ros2/install/slam_gmapping/share/slam_gmapping/cmake/slam_gmappingConfig-version.cmake
[0.353s] -- Up-to-date: /home/zheng/carerobot_slam_ros2/install/slam_gmapping/share/slam_gmapping/package.xml
[0.363s] Invoked command in '/home/zheng/carerobot_slam_ros2/build/slam_gmapping' returned '0': AMENT_PREFIX_PATH=/home/zheng/carerobot_slam_ros2/install/openslam_gmapping:${AMENT_PREFIX_PATH} CMAKE_PREFIX_PATH=/home/zheng/carerobot_slam_ros2/install/openslam_gmapping:/opt/ros/humble LD_LIBRARY_PATH=/home/zheng/carerobot_slam_ros2/install/openslam_gmapping/lib:${LD_LIBRARY_PATH} /usr/bin/cmake --install /home/zheng/carerobot_slam_ros2/build/slam_gmapping
