[0.034s] Invoking command in '/home/zheng/carerobot_slam_ros2/build/robot_pid_local_planner': CMAKE_PREFIX_PATH=/home/zheng/carerobot_slam_ros2/install/robot_communication:/home/zheng/carerobot_slam_ros2/install/robot_pid_local_planner:/home/zheng/carerobot_slam_ros2/install/robot_navigation:/home/zheng/carerobot_slam_ros2/install/robot_costmap:/home/zheng/carerobot_slam_ros2/install/diff_drive_gazebo:/opt/ros/humble LD_LIBRARY_PATH=/home/zheng/carerobot_slam_ros2/install/robot_communication/lib:/home/zheng/carerobot_slam_ros2/install/robot_costmap/lib:/usr/lib/x86_64-linux-gnu/gazebo-11/plugins:/opt/ros/humble/opt/rviz_ogre_vendor/lib:/opt/ros/humble/lib/x86_64-linux-gnu:/opt/ros/humble/lib /usr/bin/cmake --build /home/zheng/carerobot_slam_ros2/build/robot_pid_local_planner -- -j8 -l8
[0.228s] [100%] Built target differential_pid_local_planner_node
[0.238s] Invoked command in '/home/zheng/carerobot_slam_ros2/build/robot_pid_local_planner' returned '0': CMAKE_PREFIX_PATH=/home/zheng/carerobot_slam_ros2/install/robot_communication:/home/zheng/carerobot_slam_ros2/install/robot_pid_local_planner:/home/zheng/carerobot_slam_ros2/install/robot_navigation:/home/zheng/carerobot_slam_ros2/install/robot_costmap:/home/zheng/carerobot_slam_ros2/install/diff_drive_gazebo:/opt/ros/humble LD_LIBRARY_PATH=/home/zheng/carerobot_slam_ros2/install/robot_communication/lib:/home/zheng/carerobot_slam_ros2/install/robot_costmap/lib:/usr/lib/x86_64-linux-gnu/gazebo-11/plugins:/opt/ros/humble/opt/rviz_ogre_vendor/lib:/opt/ros/humble/lib/x86_64-linux-gnu:/opt/ros/humble/lib /usr/bin/cmake --build /home/zheng/carerobot_slam_ros2/build/robot_pid_local_planner -- -j8 -l8
[0.241s] Invoking command in '/home/zheng/carerobot_slam_ros2/build/robot_pid_local_planner': CMAKE_PREFIX_PATH=/home/zheng/carerobot_slam_ros2/install/robot_communication:/home/zheng/carerobot_slam_ros2/install/robot_pid_local_planner:/home/zheng/carerobot_slam_ros2/install/robot_navigation:/home/zheng/carerobot_slam_ros2/install/robot_costmap:/home/zheng/carerobot_slam_ros2/install/diff_drive_gazebo:/opt/ros/humble LD_LIBRARY_PATH=/home/zheng/carerobot_slam_ros2/install/robot_communication/lib:/home/zheng/carerobot_slam_ros2/install/robot_costmap/lib:/usr/lib/x86_64-linux-gnu/gazebo-11/plugins:/opt/ros/humble/opt/rviz_ogre_vendor/lib:/opt/ros/humble/lib/x86_64-linux-gnu:/opt/ros/humble/lib /usr/bin/cmake --install /home/zheng/carerobot_slam_ros2/build/robot_pid_local_planner
[0.248s] -- Install configuration: ""
[0.271s] -- Up-to-date: /home/zheng/carerobot_slam_ros2/install/robot_pid_local_planner/lib/robot_pid_local_planner/differential_pid_local_planner_node
[0.271s] -- Up-to-date: /home/zheng/carerobot_slam_ros2/install/robot_pid_local_planner/share/robot_pid_local_planner/launch
[0.272s] -- Installing: /home/zheng/carerobot_slam_ros2/install/robot_pid_local_planner/share/robot_pid_local_planner/launch/differential_PID.launch.py
[0.272s] -- Up-to-date: /home/zheng/carerobot_slam_ros2/install/robot_pid_local_planner/share/robot_pid_local_planner/config
[0.272s] -- Up-to-date: /home/zheng/carerobot_slam_ros2/install/robot_pid_local_planner/share/robot_pid_local_planner/config/differential_pid_param.yaml
[0.272s] -- Up-to-date: /home/zheng/carerobot_slam_ros2/install/robot_pid_local_planner/share/ament_index/resource_index/package_run_dependencies/robot_pid_local_planner
[0.273s] -- Up-to-date: /home/zheng/carerobot_slam_ros2/install/robot_pid_local_planner/share/ament_index/resource_index/parent_prefix_path/robot_pid_local_planner
[0.273s] -- Up-to-date: /home/zheng/carerobot_slam_ros2/install/robot_pid_local_planner/share/robot_pid_local_planner/environment/ament_prefix_path.sh
[0.273s] -- Up-to-date: /home/zheng/carerobot_slam_ros2/install/robot_pid_local_planner/share/robot_pid_local_planner/environment/ament_prefix_path.dsv
[0.273s] -- Up-to-date: /home/zheng/carerobot_slam_ros2/install/robot_pid_local_planner/share/robot_pid_local_planner/environment/path.sh
[0.273s] -- Up-to-date: /home/zheng/carerobot_slam_ros2/install/robot_pid_local_planner/share/robot_pid_local_planner/environment/path.dsv
[0.273s] -- Up-to-date: /home/zheng/carerobot_slam_ros2/install/robot_pid_local_planner/share/robot_pid_local_planner/local_setup.bash
[0.273s] -- Up-to-date: /home/zheng/carerobot_slam_ros2/install/robot_pid_local_planner/share/robot_pid_local_planner/local_setup.sh
[0.273s] -- Up-to-date: /home/zheng/carerobot_slam_ros2/install/robot_pid_local_planner/share/robot_pid_local_planner/local_setup.zsh
[0.273s] -- Up-to-date: /home/zheng/carerobot_slam_ros2/install/robot_pid_local_planner/share/robot_pid_local_planner/local_setup.dsv
[0.274s] -- Installing: /home/zheng/carerobot_slam_ros2/install/robot_pid_local_planner/share/robot_pid_local_planner/package.dsv
[0.274s] -- Up-to-date: /home/zheng/carerobot_slam_ros2/install/robot_pid_local_planner/share/ament_index/resource_index/packages/robot_pid_local_planner
[0.274s] -- Up-to-date: /home/zheng/carerobot_slam_ros2/install/robot_pid_local_planner/share/robot_pid_local_planner/cmake/robot_pid_local_plannerConfig.cmake
[0.274s] -- Up-to-date: /home/zheng/carerobot_slam_ros2/install/robot_pid_local_planner/share/robot_pid_local_planner/cmake/robot_pid_local_plannerConfig-version.cmake
[0.274s] -- Up-to-date: /home/zheng/carerobot_slam_ros2/install/robot_pid_local_planner/share/robot_pid_local_planner/package.xml
[0.277s] Invoked command in '/home/zheng/carerobot_slam_ros2/build/robot_pid_local_planner' returned '0': CMAKE_PREFIX_PATH=/home/zheng/carerobot_slam_ros2/install/robot_communication:/home/zheng/carerobot_slam_ros2/install/robot_pid_local_planner:/home/zheng/carerobot_slam_ros2/install/robot_navigation:/home/zheng/carerobot_slam_ros2/install/robot_costmap:/home/zheng/carerobot_slam_ros2/install/diff_drive_gazebo:/opt/ros/humble LD_LIBRARY_PATH=/home/zheng/carerobot_slam_ros2/install/robot_communication/lib:/home/zheng/carerobot_slam_ros2/install/robot_costmap/lib:/usr/lib/x86_64-linux-gnu/gazebo-11/plugins:/opt/ros/humble/opt/rviz_ogre_vendor/lib:/opt/ros/humble/lib/x86_64-linux-gnu:/opt/ros/humble/lib /usr/bin/cmake --install /home/zheng/carerobot_slam_ros2/build/robot_pid_local_planner
