In file included from [01m[K/home/zheng/carerobot_slam_ros2/src/explore_lite/src/frontier_search.cpp:1[m[K:
[01m[K/home/zheng/carerobot_slam_ros2/src/explore_lite/include/explore/frontier_search.h:8:10:[m[K [01;31m[Kfatal error: [m[Knav2_costmap_2d/costmap_2d.hpp: 没有那个文件或目录
    8 | #include [01;31m[K<nav2_costmap_2d/costmap_2d.hpp>[m[K
      |          [01;31m[K^~~~~~~~~~~~~~~~~~~~~~~~~~~~~~~~[m[K
compilation terminated.
gmake[2]: *** [CMakeFiles/explore.dir/build.make:104：CMakeFiles/explore.dir/src/frontier_search.cpp.o] 错误 1
gmake[2]: *** 正在等待未完成的任务....
In file included from [01m[K/home/zheng/carerobot_slam_ros2/src/explore_lite/src/costmap_client.cpp:1[m[K:
[01m[K/home/zheng/carerobot_slam_ros2/src/explore_lite/include/explore/costmap_client.h:9:10:[m[K [01;31m[Kfatal error: [m[Knav2_costmap_2d/costmap_2d.hpp: 没有那个文件或目录
    9 | #include [01;31m[K<nav2_costmap_2d/costmap_2d.hpp>[m[K
      |          [01;31m[K^~~~~~~~~~~~~~~~~~~~~~~~~~~~~~~~[m[K
compilation terminated.
gmake[2]: *** [CMakeFiles/explore.dir/build.make:76：CMakeFiles/explore.dir/src/costmap_client.cpp.o] 错误 1
In file included from [01m[K/home/zheng/carerobot_slam_ros2/src/explore_lite/include/explore/explore.h:15[m[K,
                 from [01m[K/home/zheng/carerobot_slam_ros2/src/explore_lite/src/explore.cpp:1[m[K:
[01m[K/home/zheng/carerobot_slam_ros2/src/explore_lite/include/explore/costmap_client.h:9:10:[m[K [01;31m[Kfatal error: [m[Knav2_costmap_2d/costmap_2d.hpp: 没有那个文件或目录
    9 | #include [01;31m[K<nav2_costmap_2d/costmap_2d.hpp>[m[K
      |          [01;31m[K^~~~~~~~~~~~~~~~~~~~~~~~~~~~~~~~[m[K
compilation terminated.
gmake[2]: *** [CMakeFiles/explore.dir/build.make:90：CMakeFiles/explore.dir/src/explore.cpp.o] 错误 1
gmake[1]: *** [CMakeFiles/Makefile2:137：CMakeFiles/explore.dir/all] 错误 2
gmake: *** [Makefile:146：all] 错误 2
