[0.048s] Invoking command in '/home/zheng/carerobot_slam_ros2/build/explore_lite': CMAKE_PREFIX_PATH=${CMAKE_PREFIX_PATH}:/opt/ros/humble /usr/bin/cmake /home/zheng/carerobot_slam_ros2/src/explore_lite -DCMAKE_INSTALL_PREFIX=/home/zheng/carerobot_slam_ros2/install/explore_lite
[0.263s] -- The C compiler identification is GNU 11.4.0
[0.386s] -- The CXX compiler identification is GNU 11.4.0
[0.402s] -- Detecting C compiler ABI info
[0.550s] -- Detecting C compiler ABI info - done
[0.558s] -- Check for working C compiler: /usr/bin/cc - skipped
[0.558s] -- Detecting C compile features
[0.558s] -- Detecting C compile features - done
[0.565s] -- Detecting CXX compiler ABI info
[0.682s] -- Detecting CXX compiler ABI info - done
[0.698s] -- Check for working CXX compiler: /usr/bin/c++ - skipped
[0.699s] -- Detecting CXX compile features
[0.701s] -- Detecting CXX compile features - done
[0.705s] -- Found ament_cmake: 1.3.14 (/opt/ros/humble/share/ament_cmake/cmake)
[0.922s] -- Found Python3: /usr/bin/python3 (found version "3.10.12") found components: Interpreter 
[1.053s] -- Found rclcpp: 16.0.19 (/opt/ros/humble/share/rclcpp/cmake)
[1.123s] -- Found rosidl_generator_c: 3.1.9 (/opt/ros/humble/share/rosidl_generator_c/cmake)
[1.130s] -- Found rosidl_adapter: 3.1.9 (/opt/ros/humble/share/rosidl_adapter/cmake)
[1.147s] -- Found rosidl_generator_cpp: 3.1.9 (/opt/ros/humble/share/rosidl_generator_cpp/cmake)
[1.166s] -- Using all available rosidl_typesupport_c: rosidl_typesupport_fastrtps_c;rosidl_typesupport_introspection_c
[1.197s] -- Using all available rosidl_typesupport_cpp: rosidl_typesupport_fastrtps_cpp;rosidl_typesupport_introspection_cpp
[1.262s] -- Found rmw_implementation_cmake: 6.1.3 (/opt/ros/humble/share/rmw_implementation_cmake/cmake)
[1.270s] -- Found rmw_fastrtps_cpp: 6.2.10 (/opt/ros/humble/share/rmw_fastrtps_cpp/cmake)
[1.402s] -- Found OpenSSL: /usr/lib/x86_64-linux-gnu/libcrypto.so (found version "3.0.2")  
[1.443s] -- Found FastRTPS: /opt/ros/humble/include  
[1.508s] -- Using RMW implementation 'rmw_fastrtps_cpp' as default
[1.526s] -- Looking for pthread.h
[1.629s] -- Looking for pthread.h - found
[1.631s] -- Performing Test CMAKE_HAVE_LIBC_PTHREAD
[1.734s] -- Performing Test CMAKE_HAVE_LIBC_PTHREAD - Success
[1.737s] -- Found Threads: TRUE  
[1.835s] -- Found rclcpp_action: 16.0.19 (/opt/ros/humble/share/rclcpp_action/cmake)
[1.908s] -- Found geometry_msgs: 4.9.2 (/opt/ros/humble/share/geometry_msgs/cmake)
[1.940s] -- Found nav_msgs: 4.9.2 (/opt/ros/humble/share/nav_msgs/cmake)
[1.982s] -- Found map_msgs: 2.1.0 (/opt/ros/humble/share/map_msgs/cmake)
[2.065s] -- Found visualization_msgs: 4.9.2 (/opt/ros/humble/share/visualization_msgs/cmake)
[2.116s] -- Found nav2_msgs: 1.1.20 (/opt/ros/humble/share/nav2_msgs/cmake)
[2.178s] -- Found tf2: 0.25.22 (/opt/ros/humble/share/tf2/cmake)
[2.198s] -- Found tf2_ros: 0.25.22 (/opt/ros/humble/share/tf2_ros/cmake)
[2.317s] -- Found tf2_geometry_msgs: 0.25.22 (/opt/ros/humble/share/tf2_geometry_msgs/cmake)
[2.343s] -- Found eigen3_cmake_module: 0.1.1 (/opt/ros/humble/share/eigen3_cmake_module/cmake)
[2.345s] -- Found Eigen3: TRUE (found version "3.4.0") 
[2.346s] -- Ensuring Eigen3 include directory is part of orocos-kdl CMake target
[2.449s] -- Configuring done
[2.467s] -- Generating done
[2.475s] -- Build files have been written to: /home/zheng/carerobot_slam_ros2/build/explore_lite
[2.488s] Invoked command in '/home/zheng/carerobot_slam_ros2/build/explore_lite' returned '0': CMAKE_PREFIX_PATH=${CMAKE_PREFIX_PATH}:/opt/ros/humble /usr/bin/cmake /home/zheng/carerobot_slam_ros2/src/explore_lite -DCMAKE_INSTALL_PREFIX=/home/zheng/carerobot_slam_ros2/install/explore_lite
[2.490s] Invoking command in '/home/zheng/carerobot_slam_ros2/build/explore_lite': CMAKE_PREFIX_PATH=${CMAKE_PREFIX_PATH}:/opt/ros/humble /usr/bin/cmake --build /home/zheng/carerobot_slam_ros2/build/explore_lite -- -j8 -l8
[2.548s] [ 25%] [32mBuilding CXX object CMakeFiles/explore.dir/src/frontier_search.cpp.o[0m
[2.548s] [ 50%] [32mBuilding CXX object CMakeFiles/explore.dir/src/explore.cpp.o[0m
[2.549s] [ 75%] [32mBuilding CXX object CMakeFiles/explore.dir/src/costmap_client.cpp.o[0m
[2.892s] In file included from [01m[K/home/zheng/carerobot_slam_ros2/src/explore_lite/src/frontier_search.cpp:1[m[K:
[2.892s] [01m[K/home/zheng/carerobot_slam_ros2/src/explore_lite/include/explore/frontier_search.h:8:10:[m[K [01;31m[Kfatal error: [m[Knav2_costmap_2d/costmap_2d.hpp: 没有那个文件或目录
[2.892s]     8 | #include [01;31m[K<nav2_costmap_2d/costmap_2d.hpp>[m[K
[2.892s]       |          [01;31m[K^~~~~~~~~~~~~~~~~~~~~~~~~~~~~~~~[m[K
[2.892s] compilation terminated.
[2.896s] gmake[2]: *** [CMakeFiles/explore.dir/build.make:104：CMakeFiles/explore.dir/src/frontier_search.cpp.o] 错误 1
[2.896s] gmake[2]: *** 正在等待未完成的任务....
[2.909s] In file included from [01m[K/home/zheng/carerobot_slam_ros2/src/explore_lite/src/costmap_client.cpp:1[m[K:
[2.909s] [01m[K/home/zheng/carerobot_slam_ros2/src/explore_lite/include/explore/costmap_client.h:9:10:[m[K [01;31m[Kfatal error: [m[Knav2_costmap_2d/costmap_2d.hpp: 没有那个文件或目录
[2.909s]     9 | #include [01;31m[K<nav2_costmap_2d/costmap_2d.hpp>[m[K
[2.910s]       |          [01;31m[K^~~~~~~~~~~~~~~~~~~~~~~~~~~~~~~~[m[K
[2.910s] compilation terminated.
[2.911s] gmake[2]: *** [CMakeFiles/explore.dir/build.make:76：CMakeFiles/explore.dir/src/costmap_client.cpp.o] 错误 1
[3.115s] In file included from [01m[K/home/zheng/carerobot_slam_ros2/src/explore_lite/include/explore/explore.h:15[m[K,
[3.115s]                  from [01m[K/home/zheng/carerobot_slam_ros2/src/explore_lite/src/explore.cpp:1[m[K:
[3.115s] [01m[K/home/zheng/carerobot_slam_ros2/src/explore_lite/include/explore/costmap_client.h:9:10:[m[K [01;31m[Kfatal error: [m[Knav2_costmap_2d/costmap_2d.hpp: 没有那个文件或目录
[3.115s]     9 | #include [01;31m[K<nav2_costmap_2d/costmap_2d.hpp>[m[K
[3.115s]       |          [01;31m[K^~~~~~~~~~~~~~~~~~~~~~~~~~~~~~~~[m[K
[3.115s] compilation terminated.
[3.138s] gmake[2]: *** [CMakeFiles/explore.dir/build.make:90：CMakeFiles/explore.dir/src/explore.cpp.o] 错误 1
[3.138s] gmake[1]: *** [CMakeFiles/Makefile2:137：CMakeFiles/explore.dir/all] 错误 2
[3.138s] gmake: *** [Makefile:146：all] 错误 2
[3.141s] Invoked command in '/home/zheng/carerobot_slam_ros2/build/explore_lite' returned '2': CMAKE_PREFIX_PATH=${CMAKE_PREFIX_PATH}:/opt/ros/humble /usr/bin/cmake --build /home/zheng/carerobot_slam_ros2/build/explore_lite -- -j8 -l8
