[1.545s] Invoking command in '/home/zheng/carerobot_slam_ros2/build/diff_drive_gazebo': CMAKE_PREFIX_PATH=/opt/ros/humble /usr/bin/cmake --build /home/zheng/carerobot_slam_ros2/build/diff_drive_gazebo -- -j8 -l8
[31.156s] Invoked command in '/home/zheng/carerobot_slam_ros2/build/diff_drive_gazebo' returned '0': CMAKE_PREFIX_PATH=/opt/ros/humble /usr/bin/cmake --build /home/zheng/carerobot_slam_ros2/build/diff_drive_gazebo -- -j8 -l8
[31.174s] Invoking command in '/home/zheng/carerobot_slam_ros2/build/diff_drive_gazebo': CMAKE_PREFIX_PATH=/opt/ros/humble /usr/bin/cmake --install /home/zheng/carerobot_slam_ros2/build/diff_drive_gazebo
[31.220s] -- Install configuration: ""
[31.270s] -- Up-to-date: /home/zheng/carerobot_slam_ros2/install/diff_drive_gazebo/share/diff_drive_gazebo/launch
[31.274s] -- Up-to-date: /home/zheng/carerobot_slam_ros2/install/diff_drive_gazebo/share/diff_drive_gazebo/launch/sim_gazebo_rviz_gmapping.launch.py
[31.292s] -- Up-to-date: /home/zheng/carerobot_slam_ros2/install/diff_drive_gazebo/share/diff_drive_gazebo/launch/sim_gazebo_rviz.launch.py
[31.293s] -- Up-to-date: /home/zheng/carerobot_slam_ros2/install/diff_drive_gazebo/share/diff_drive_gazebo/urdf
[31.293s] -- Up-to-date: /home/zheng/carerobot_slam_ros2/install/diff_drive_gazebo/share/diff_drive_gazebo/urdf/robot2.urdf
[31.293s] -- Up-to-date: /home/zheng/carerobot_slam_ros2/install/diff_drive_gazebo/share/diff_drive_gazebo/meshes
[31.293s] -- Up-to-date: /home/zheng/carerobot_slam_ros2/install/diff_drive_gazebo/share/diff_drive_gazebo/meshes/wheel2.STL
[31.294s] -- Up-to-date: /home/zheng/carerobot_slam_ros2/install/diff_drive_gazebo/share/diff_drive_gazebo/meshes/wheel1.STL
[31.294s] -- Up-to-date: /home/zheng/carerobot_slam_ros2/install/diff_drive_gazebo/share/diff_drive_gazebo/meshes/base_link.STL
[31.294s] -- Up-to-date: /home/zheng/carerobot_slam_ros2/install/diff_drive_gazebo/share/diff_drive_gazebo/worlds
[31.294s] -- Up-to-date: /home/zheng/carerobot_slam_ros2/install/diff_drive_gazebo/share/diff_drive_gazebo/worlds/test_world01.world
[31.294s] -- Up-to-date: /home/zheng/carerobot_slam_ros2/install/diff_drive_gazebo/share/diff_drive_gazebo/worlds/big_house.world
[31.294s] -- Up-to-date: /home/zheng/carerobot_slam_ros2/install/diff_drive_gazebo/share/diff_drive_gazebo/worlds/Realworld.dae
[31.294s] -- Up-to-date: /home/zheng/carerobot_slam_ros2/install/diff_drive_gazebo/share/diff_drive_gazebo/worlds/tri_steer.world
[31.294s] -- Up-to-date: /home/zheng/carerobot_slam_ros2/install/diff_drive_gazebo/share/diff_drive_gazebo/worlds/kexueguan205.world
[31.295s] -- Up-to-date: /home/zheng/carerobot_slam_ros2/install/diff_drive_gazebo/share/diff_drive_gazebo/map
[31.295s] -- Up-to-date: /home/zheng/carerobot_slam_ros2/install/diff_drive_gazebo/share/diff_drive_gazebo/map/kexueguan205.pgm
[31.295s] -- Up-to-date: /home/zheng/carerobot_slam_ros2/install/diff_drive_gazebo/share/diff_drive_gazebo/map/carto_mapf.pgm
[31.295s] -- Up-to-date: /home/zheng/carerobot_slam_ros2/install/diff_drive_gazebo/share/diff_drive_gazebo/map/carto_map.pgm
[31.295s] -- Up-to-date: /home/zheng/carerobot_slam_ros2/install/diff_drive_gazebo/share/diff_drive_gazebo/map/big_house.pgm
[31.295s] -- Up-to-date: /home/zheng/carerobot_slam_ros2/install/diff_drive_gazebo/share/diff_drive_gazebo/map/carto_mapf.yaml
[31.295s] -- Up-to-date: /home/zheng/carerobot_slam_ros2/install/diff_drive_gazebo/share/diff_drive_gazebo/map/kexueguan205.yaml
[31.295s] -- Up-to-date: /home/zheng/carerobot_slam_ros2/install/diff_drive_gazebo/share/diff_drive_gazebo/map/carto_mape.pgm
[31.296s] -- Up-to-date: /home/zheng/carerobot_slam_ros2/install/diff_drive_gazebo/share/diff_drive_gazebo/map/test_world01.yaml
[31.296s] -- Up-to-date: /home/zheng/carerobot_slam_ros2/install/diff_drive_gazebo/share/diff_drive_gazebo/map/carto_mapc.yaml
[31.296s] -- Up-to-date: /home/zheng/carerobot_slam_ros2/install/diff_drive_gazebo/share/diff_drive_gazebo/map/carto_mapb.pgm
[31.296s] -- Up-to-date: /home/zheng/carerobot_slam_ros2/install/diff_drive_gazebo/share/diff_drive_gazebo/map/carto_mape.yaml
[31.296s] -- Up-to-date: /home/zheng/carerobot_slam_ros2/install/diff_drive_gazebo/share/diff_drive_gazebo/map/carto_mapc.pgm
[31.296s] -- Up-to-date: /home/zheng/carerobot_slam_ros2/install/diff_drive_gazebo/share/diff_drive_gazebo/map/big_house.yaml
[31.296s] -- Up-to-date: /home/zheng/carerobot_slam_ros2/install/diff_drive_gazebo/share/diff_drive_gazebo/map/test_world01.pgm
[31.297s] -- Up-to-date: /home/zheng/carerobot_slam_ros2/install/diff_drive_gazebo/share/diff_drive_gazebo/map/carto_map.yaml
[31.297s] -- Up-to-date: /home/zheng/carerobot_slam_ros2/install/diff_drive_gazebo/share/diff_drive_gazebo/map/carto_mapb.yaml
[31.297s] -- Up-to-date: /home/zheng/carerobot_slam_ros2/install/diff_drive_gazebo/share/diff_drive_gazebo/rviz
[31.297s] -- Up-to-date: /home/zheng/carerobot_slam_ros2/install/diff_drive_gazebo/share/diff_drive_gazebo/rviz/diff_drive.rviz
[31.297s] -- Up-to-date: /home/zheng/carerobot_slam_ros2/install/diff_drive_gazebo/share/diff_drive_gazebo/rviz/sweepbot_view.rviz
[31.297s] -- Up-to-date: /home/zheng/carerobot_slam_ros2/install/diff_drive_gazebo/share/ament_index/resource_index/package_run_dependencies/diff_drive_gazebo
[31.297s] -- Up-to-date: /home/zheng/carerobot_slam_ros2/install/diff_drive_gazebo/share/ament_index/resource_index/parent_prefix_path/diff_drive_gazebo
[31.297s] -- Up-to-date: /home/zheng/carerobot_slam_ros2/install/diff_drive_gazebo/share/diff_drive_gazebo/environment/ament_prefix_path.sh
[31.297s] -- Up-to-date: /home/zheng/carerobot_slam_ros2/install/diff_drive_gazebo/share/diff_drive_gazebo/environment/ament_prefix_path.dsv
[31.297s] -- Up-to-date: /home/zheng/carerobot_slam_ros2/install/diff_drive_gazebo/share/diff_drive_gazebo/environment/path.sh
[31.297s] -- Up-to-date: /home/zheng/carerobot_slam_ros2/install/diff_drive_gazebo/share/diff_drive_gazebo/environment/path.dsv
[31.298s] -- Up-to-date: /home/zheng/carerobot_slam_ros2/install/diff_drive_gazebo/share/diff_drive_gazebo/local_setup.bash
[31.298s] -- Up-to-date: /home/zheng/carerobot_slam_ros2/install/diff_drive_gazebo/share/diff_drive_gazebo/local_setup.sh
[31.298s] -- Up-to-date: /home/zheng/carerobot_slam_ros2/install/diff_drive_gazebo/share/diff_drive_gazebo/local_setup.zsh
[31.298s] -- Up-to-date: /home/zheng/carerobot_slam_ros2/install/diff_drive_gazebo/share/diff_drive_gazebo/local_setup.dsv
[31.298s] -- Installing: /home/zheng/carerobot_slam_ros2/install/diff_drive_gazebo/share/diff_drive_gazebo/package.dsv
[31.298s] -- Up-to-date: /home/zheng/carerobot_slam_ros2/install/diff_drive_gazebo/share/ament_index/resource_index/packages/diff_drive_gazebo
[31.298s] -- Up-to-date: /home/zheng/carerobot_slam_ros2/install/diff_drive_gazebo/share/diff_drive_gazebo/cmake/diff_drive_gazeboConfig.cmake
[31.298s] -- Up-to-date: /home/zheng/carerobot_slam_ros2/install/diff_drive_gazebo/share/diff_drive_gazebo/cmake/diff_drive_gazeboConfig-version.cmake
[31.298s] -- Up-to-date: /home/zheng/carerobot_slam_ros2/install/diff_drive_gazebo/share/diff_drive_gazebo/package.xml
[31.300s] Invoked command in '/home/zheng/carerobot_slam_ros2/build/diff_drive_gazebo' returned '0': CMAKE_PREFIX_PATH=/opt/ros/humble /usr/bin/cmake --install /home/zheng/carerobot_slam_ros2/build/diff_drive_gazebo
