[0.014s] Invoking command in '/home/zheng/carerobot_slam_ros2/build/robot_navigation': CMAKE_PREFIX_PATH=/home/zheng/carerobot_slam_ros2/install/robot_costmap:/home/zheng/carerobot_slam_ros2/install/robot_communication:/home/zheng/carerobot_slam_ros2/install/slam_gmapping:/home/zheng/carerobot_slam_ros2/install/robot_pid_local_planner:/home/zheng/carerobot_slam_ros2/install/robot_navigation:/home/zheng/carerobot_slam_ros2/install/openslam_gmapping:/home/zheng/carerobot_slam_ros2/install/keyboard_control:/home/zheng/carerobot_slam_ros2/install/diff_drive_gazebo:/opt/ros/humble LD_LIBRARY_PATH=/home/zheng/carerobot_slam_ros2/install/robot_communication/lib:/home/zheng/carerobot_slam_ros2/install/robot_costmap/lib:/home/zheng/carerobot_slam_ros2/install/openslam_gmapping/lib:/usr/lib/x86_64-linux-gnu/gazebo-11/plugins:/opt/ros/humble/opt/rviz_ogre_vendor/lib:/opt/ros/humble/lib/x86_64-linux-gnu:/opt/ros/humble/lib /usr/bin/cmake --build /home/zheng/carerobot_slam_ros2/build/robot_navigation -- -j8 -l8
[0.138s] [  2%] [32mBuilding CXX object CMakeFiles/motionPlan_node.dir/src/local_plan/differential_dwa.cpp.o[0m
[0.158s] [  4%] [32mBuilding CXX object CMakeFiles/Differential_DWA_node.dir/src/local_plan/differential_dwa.cpp.o[0m
[32.484s] [  7%] [32m[1mLinking CXX executable motionPlan_node[0m
[32.686s] [  9%] [32m[1mLinking CXX executable Differential_DWA_node[0m
[38.178s] [ 54%] Built target Differential_DWA_node
[38.201s] [100%] Built target motionPlan_node
[38.214s] Invoked command in '/home/zheng/carerobot_slam_ros2/build/robot_navigation' returned '0': CMAKE_PREFIX_PATH=/home/zheng/carerobot_slam_ros2/install/robot_costmap:/home/zheng/carerobot_slam_ros2/install/robot_communication:/home/zheng/carerobot_slam_ros2/install/slam_gmapping:/home/zheng/carerobot_slam_ros2/install/robot_pid_local_planner:/home/zheng/carerobot_slam_ros2/install/robot_navigation:/home/zheng/carerobot_slam_ros2/install/openslam_gmapping:/home/zheng/carerobot_slam_ros2/install/keyboard_control:/home/zheng/carerobot_slam_ros2/install/diff_drive_gazebo:/opt/ros/humble LD_LIBRARY_PATH=/home/zheng/carerobot_slam_ros2/install/robot_communication/lib:/home/zheng/carerobot_slam_ros2/install/robot_costmap/lib:/home/zheng/carerobot_slam_ros2/install/openslam_gmapping/lib:/usr/lib/x86_64-linux-gnu/gazebo-11/plugins:/opt/ros/humble/opt/rviz_ogre_vendor/lib:/opt/ros/humble/lib/x86_64-linux-gnu:/opt/ros/humble/lib /usr/bin/cmake --build /home/zheng/carerobot_slam_ros2/build/robot_navigation -- -j8 -l8
[38.222s] Invoking command in '/home/zheng/carerobot_slam_ros2/build/robot_navigation': CMAKE_PREFIX_PATH=/home/zheng/carerobot_slam_ros2/install/robot_costmap:/home/zheng/carerobot_slam_ros2/install/robot_communication:/home/zheng/carerobot_slam_ros2/install/slam_gmapping:/home/zheng/carerobot_slam_ros2/install/robot_pid_local_planner:/home/zheng/carerobot_slam_ros2/install/robot_navigation:/home/zheng/carerobot_slam_ros2/install/openslam_gmapping:/home/zheng/carerobot_slam_ros2/install/keyboard_control:/home/zheng/carerobot_slam_ros2/install/diff_drive_gazebo:/opt/ros/humble LD_LIBRARY_PATH=/home/zheng/carerobot_slam_ros2/install/robot_communication/lib:/home/zheng/carerobot_slam_ros2/install/robot_costmap/lib:/home/zheng/carerobot_slam_ros2/install/openslam_gmapping/lib:/usr/lib/x86_64-linux-gnu/gazebo-11/plugins:/opt/ros/humble/opt/rviz_ogre_vendor/lib:/opt/ros/humble/lib/x86_64-linux-gnu:/opt/ros/humble/lib /usr/bin/cmake --install /home/zheng/carerobot_slam_ros2/build/robot_navigation
[38.234s] -- Install configuration: "Release"
[38.234s] -- Installing: /home/zheng/carerobot_slam_ros2/install/robot_navigation/lib/robot_navigation/motionPlan_node
[38.258s] -- Set runtime path of "/home/zheng/carerobot_slam_ros2/install/robot_navigation/lib/robot_navigation/motionPlan_node" to ""
[38.258s] -- Installing: /home/zheng/carerobot_slam_ros2/install/robot_navigation/lib/robot_navigation/Differential_DWA_node
[38.282s] -- Set runtime path of "/home/zheng/carerobot_slam_ros2/install/robot_navigation/lib/robot_navigation/Differential_DWA_node" to ""
[38.282s] -- Installing: /home/zheng/carerobot_slam_ros2/install/robot_navigation/lib/robot_navigation/py_dwa_planner
[38.282s] -- Up-to-date: /home/zheng/carerobot_slam_ros2/install/robot_navigation/include/
[38.282s] -- Up-to-date: /home/zheng/carerobot_slam_ros2/install/robot_navigation/include//vel_transform
[38.283s] -- Up-to-date: /home/zheng/carerobot_slam_ros2/install/robot_navigation/include//vel_transform/vel_transform.h
[38.283s] -- Up-to-date: /home/zheng/carerobot_slam_ros2/install/robot_navigation/include//path_searcher
[38.283s] -- Up-to-date: /home/zheng/carerobot_slam_ros2/install/robot_navigation/include//path_searcher/node.h
[38.283s] -- Up-to-date: /home/zheng/carerobot_slam_ros2/install/robot_navigation/include//path_searcher/Hybrid_astar.h
[38.283s] -- Up-to-date: /home/zheng/carerobot_slam_ros2/install/robot_navigation/include//path_searcher/nav_app.h
[38.283s] -- Up-to-date: /home/zheng/carerobot_slam_ros2/install/robot_navigation/include//path_searcher/Astar_searcher.h
[38.283s] -- Up-to-date: /home/zheng/carerobot_slam_ros2/install/robot_navigation/include//path_searcher/JPS_searcher.h
[38.284s] -- Up-to-date: /home/zheng/carerobot_slam_ros2/install/robot_navigation/include//path_searcher/two_way_rrt.h
[38.284s] -- Up-to-date: /home/zheng/carerobot_slam_ros2/install/robot_navigation/include//path_searcher/JPS_utils.h
[38.284s] -- Up-to-date: /home/zheng/carerobot_slam_ros2/install/robot_navigation/include//motionPlan
[38.284s] -- Up-to-date: /home/zheng/carerobot_slam_ros2/install/robot_navigation/include//motionPlan/motionPlan.h
[38.284s] -- Up-to-date: /home/zheng/carerobot_slam_ros2/install/robot_navigation/include//utility
[38.284s] -- Up-to-date: /home/zheng/carerobot_slam_ros2/install/robot_navigation/include//utility/type.h
[38.284s] -- Up-to-date: /home/zheng/carerobot_slam_ros2/install/robot_navigation/include//utility/math_function.h
[38.284s] -- Up-to-date: /home/zheng/carerobot_slam_ros2/install/robot_navigation/include//math_tools
[38.284s] -- Up-to-date: /home/zheng/carerobot_slam_ros2/install/robot_navigation/include//math_tools/filter.h
[38.285s] -- Up-to-date: /home/zheng/carerobot_slam_ros2/install/robot_navigation/include//math_tools/curve_fitting.h
[38.285s] -- Up-to-date: /home/zheng/carerobot_slam_ros2/install/robot_navigation/include//path_optimization
[38.285s] -- Up-to-date: /home/zheng/carerobot_slam_ros2/install/robot_navigation/include//path_optimization/fast_security.h
[38.285s] -- Up-to-date: /home/zheng/carerobot_slam_ros2/install/robot_navigation/include//path_optimization/minimum_snap.h
[38.285s] -- Up-to-date: /home/zheng/carerobot_slam_ros2/install/robot_navigation/include//path_optimization/bspline_optimizer.h
[38.285s] -- Up-to-date: /home/zheng/carerobot_slam_ros2/install/robot_navigation/include//path_optimization/bezier_curve.h
[38.285s] -- Up-to-date: /home/zheng/carerobot_slam_ros2/install/robot_navigation/include//path_optimization/corridor_optimizer.h
[38.286s] -- Up-to-date: /home/zheng/carerobot_slam_ros2/install/robot_navigation/include//path_optimization/non_uniform_bspline.h
[38.286s] -- Up-to-date: /home/zheng/carerobot_slam_ros2/install/robot_navigation/include//path_optimization/BSpline.h
[38.287s] -- Up-to-date: /home/zheng/carerobot_slam_ros2/install/robot_navigation/include//path_follow
[38.287s] -- Up-to-date: /home/zheng/carerobot_slam_ros2/install/robot_navigation/include//path_follow/pid_follow.h
[38.287s] -- Up-to-date: /home/zheng/carerobot_slam_ros2/install/robot_navigation/include//local_plan
[38.287s] -- Up-to-date: /home/zheng/carerobot_slam_ros2/install/robot_navigation/include//local_plan/differential_dwa.h
[38.287s] -- Up-to-date: /home/zheng/carerobot_slam_ros2/install/robot_navigation/share/robot_navigation/config
[38.288s] -- Up-to-date: /home/zheng/carerobot_slam_ros2/install/robot_navigation/share/robot_navigation/config/dwa_param.yaml
[38.288s] -- Up-to-date: /home/zheng/carerobot_slam_ros2/install/robot_navigation/share/robot_navigation/config/pid_param.yaml
[38.288s] -- Up-to-date: /home/zheng/carerobot_slam_ros2/install/robot_navigation/share/robot_navigation/launch
[38.288s] -- Up-to-date: /home/zheng/carerobot_slam_ros2/install/robot_navigation/share/robot_navigation/launch/differential_dwa.launch.py
[38.288s] -- Up-to-date: /home/zheng/carerobot_slam_ros2/install/robot_navigation/share/robot_navigation/launch/motionPlan.launch.py
[38.288s] -- Up-to-date: /home/zheng/carerobot_slam_ros2/install/robot_navigation/share/ament_index/resource_index/package_run_dependencies/robot_navigation
[38.288s] -- Up-to-date: /home/zheng/carerobot_slam_ros2/install/robot_navigation/share/ament_index/resource_index/parent_prefix_path/robot_navigation
[38.288s] -- Up-to-date: /home/zheng/carerobot_slam_ros2/install/robot_navigation/share/robot_navigation/environment/ament_prefix_path.sh
[38.288s] -- Up-to-date: /home/zheng/carerobot_slam_ros2/install/robot_navigation/share/robot_navigation/environment/ament_prefix_path.dsv
[38.288s] -- Up-to-date: /home/zheng/carerobot_slam_ros2/install/robot_navigation/share/robot_navigation/environment/path.sh
[38.288s] -- Up-to-date: /home/zheng/carerobot_slam_ros2/install/robot_navigation/share/robot_navigation/environment/path.dsv
[38.288s] -- Up-to-date: /home/zheng/carerobot_slam_ros2/install/robot_navigation/share/robot_navigation/local_setup.bash
[38.289s] -- Up-to-date: /home/zheng/carerobot_slam_ros2/install/robot_navigation/share/robot_navigation/local_setup.sh
[38.289s] -- Up-to-date: /home/zheng/carerobot_slam_ros2/install/robot_navigation/share/robot_navigation/local_setup.zsh
[38.289s] -- Up-to-date: /home/zheng/carerobot_slam_ros2/install/robot_navigation/share/robot_navigation/local_setup.dsv
[38.289s] -- Up-to-date: /home/zheng/carerobot_slam_ros2/install/robot_navigation/share/robot_navigation/package.dsv
[38.289s] -- Up-to-date: /home/zheng/carerobot_slam_ros2/install/robot_navigation/share/ament_index/resource_index/packages/robot_navigation
[38.289s] -- Up-to-date: /home/zheng/carerobot_slam_ros2/install/robot_navigation/share/robot_navigation/cmake/robot_navigationConfig.cmake
[38.289s] -- Up-to-date: /home/zheng/carerobot_slam_ros2/install/robot_navigation/share/robot_navigation/cmake/robot_navigationConfig-version.cmake
[38.289s] -- Up-to-date: /home/zheng/carerobot_slam_ros2/install/robot_navigation/share/robot_navigation/package.xml
[38.289s] Invoked command in '/home/zheng/carerobot_slam_ros2/build/robot_navigation' returned '0': CMAKE_PREFIX_PATH=/home/zheng/carerobot_slam_ros2/install/robot_costmap:/home/zheng/carerobot_slam_ros2/install/robot_communication:/home/zheng/carerobot_slam_ros2/install/slam_gmapping:/home/zheng/carerobot_slam_ros2/install/robot_pid_local_planner:/home/zheng/carerobot_slam_ros2/install/robot_navigation:/home/zheng/carerobot_slam_ros2/install/openslam_gmapping:/home/zheng/carerobot_slam_ros2/install/keyboard_control:/home/zheng/carerobot_slam_ros2/install/diff_drive_gazebo:/opt/ros/humble LD_LIBRARY_PATH=/home/zheng/carerobot_slam_ros2/install/robot_communication/lib:/home/zheng/carerobot_slam_ros2/install/robot_costmap/lib:/home/zheng/carerobot_slam_ros2/install/openslam_gmapping/lib:/usr/lib/x86_64-linux-gnu/gazebo-11/plugins:/opt/ros/humble/opt/rviz_ogre_vendor/lib:/opt/ros/humble/lib/x86_64-linux-gnu:/opt/ros/humble/lib /usr/bin/cmake --install /home/zheng/carerobot_slam_ros2/build/robot_navigation
