[0.025s] Invoking command in '/home/zheng/carerobot_slam_ros2/build/explore_lite': CMAKE_PREFIX_PATH=${CMAKE_PREFIX_PATH}:/opt/ros/humble /usr/bin/cmake --build /home/zheng/carerobot_slam_ros2/build/explore_lite -- -j8 -l8
[0.111s] [35m[1mConsolidate compiler generated dependencies of target explore[0m
[0.205s] [ 25%] [32mBuilding CXX object CMakeFiles/explore.dir/src/costmap_client.cpp.o[0m
[0.206s] [ 50%] [32mBuilding CXX object CMakeFiles/explore.dir/src/explore.cpp.o[0m
[12.505s] [ 75%] [32m[1mLinking CXX executable explore[0m
[13.575s] [100%] Built target explore
[13.587s] Invoked command in '/home/zheng/carerobot_slam_ros2/build/explore_lite' returned '0': CMAKE_PREFIX_PATH=${CMAKE_PREFIX_PATH}:/opt/ros/humble /usr/bin/cmake --build /home/zheng/carerobot_slam_ros2/build/explore_lite -- -j8 -l8
[13.589s] Invoking command in '/home/zheng/carerobot_slam_ros2/build/explore_lite': CMAKE_PREFIX_PATH=${CMAKE_PREFIX_PATH}:/opt/ros/humble /usr/bin/cmake --install /home/zheng/carerobot_slam_ros2/build/explore_lite
[13.598s] -- Install configuration: ""
[13.598s] -- Installing: /home/zheng/carerobot_slam_ros2/install/explore_lite/lib/explore_lite/explore
[13.603s] -- Set runtime path of "/home/zheng/carerobot_slam_ros2/install/explore_lite/lib/explore_lite/explore" to ""
[13.603s] -- Installing: /home/zheng/carerobot_slam_ros2/install/explore_lite/share/explore_lite/launch
[13.603s] -- Installing: /home/zheng/carerobot_slam_ros2/install/explore_lite/share/explore_lite/launch/explore.launch.py
[13.603s] -- Installing: /home/zheng/carerobot_slam_ros2/install/explore_lite/share/explore_lite/launch/explore_costmap.launch
[13.604s] -- Installing: /home/zheng/carerobot_slam_ros2/install/explore_lite/share/ament_index/resource_index/package_run_dependencies/explore_lite
[13.604s] -- Installing: /home/zheng/carerobot_slam_ros2/install/explore_lite/share/ament_index/resource_index/parent_prefix_path/explore_lite
[13.604s] -- Installing: /home/zheng/carerobot_slam_ros2/install/explore_lite/share/explore_lite/environment/ament_prefix_path.sh
[13.604s] -- Installing: /home/zheng/carerobot_slam_ros2/install/explore_lite/share/explore_lite/environment/ament_prefix_path.dsv
[13.604s] -- Installing: /home/zheng/carerobot_slam_ros2/install/explore_lite/share/explore_lite/environment/path.sh
[13.604s] -- Installing: /home/zheng/carerobot_slam_ros2/install/explore_lite/share/explore_lite/environment/path.dsv
[13.604s] -- Installing: /home/zheng/carerobot_slam_ros2/install/explore_lite/share/explore_lite/local_setup.bash
[13.605s] -- Installing: /home/zheng/carerobot_slam_ros2/install/explore_lite/share/explore_lite/local_setup.sh
[13.605s] -- Installing: /home/zheng/carerobot_slam_ros2/install/explore_lite/share/explore_lite/local_setup.zsh
[13.605s] -- Installing: /home/zheng/carerobot_slam_ros2/install/explore_lite/share/explore_lite/local_setup.dsv
[13.605s] -- Installing: /home/zheng/carerobot_slam_ros2/install/explore_lite/share/explore_lite/package.dsv
[13.605s] -- Installing: /home/zheng/carerobot_slam_ros2/install/explore_lite/share/ament_index/resource_index/packages/explore_lite
[13.606s] -- Installing: /home/zheng/carerobot_slam_ros2/install/explore_lite/share/explore_lite/cmake/explore_liteConfig.cmake
[13.606s] -- Installing: /home/zheng/carerobot_slam_ros2/install/explore_lite/share/explore_lite/cmake/explore_liteConfig-version.cmake
[13.606s] -- Installing: /home/zheng/carerobot_slam_ros2/install/explore_lite/share/explore_lite/package.xml
[13.609s] Invoked command in '/home/zheng/carerobot_slam_ros2/build/explore_lite' returned '0': CMAKE_PREFIX_PATH=${CMAKE_PREFIX_PATH}:/opt/ros/humble /usr/bin/cmake --install /home/zheng/carerobot_slam_ros2/build/explore_lite
