[0.011s] Invoking command in '/home/zheng/carerobot_slam_ros2/build/slam_gmapping': AMENT_PREFIX_PATH=/home/zheng/carerobot_slam_ros2/install/openslam_gmapping:${AMENT_PREFIX_PATH} CMAKE_PREFIX_PATH=/home/zheng/carerobot_slam_ros2/install/openslam_gmapping:/home/zheng/carerobot_slam_ros2/install/robot_pid_local_planner:/home/zheng/carerobot_slam_ros2/install/robot_navigation:/home/zheng/carerobot_slam_ros2/install/robot_costmap:/home/zheng/carerobot_slam_ros2/install/robot_communication:/home/zheng/carerobot_slam_ros2/install/diff_drive_gazebo:/opt/ros/humble LD_LIBRARY_PATH=/home/zheng/carerobot_slam_ros2/install/openslam_gmapping/lib:${LD_LIBRARY_PATH} /usr/bin/cmake /home/zheng/carerobot_slam_ros2/src/slam_gmapping -DCMAKE_INSTALL_PREFIX=/home/zheng/carerobot_slam_ros2/install/slam_gmapping
[0.067s] -- The C compiler identification is GNU 11.4.0
[0.128s] -- The CXX compiler identification is GNU 11.4.0
[0.137s] -- Detecting C compiler ABI info
[0.252s] -- Detecting C compiler ABI info - done
[0.259s] -- Check for working C compiler: /usr/bin/cc - skipped
[0.260s] -- Detecting C compile features
[0.260s] -- Detecting C compile features - done
[0.264s] -- Detecting CXX compiler ABI info
[0.354s] -- Detecting CXX compiler ABI info - done
[0.367s] -- Check for working CXX compiler: /usr/bin/c++ - skipped
[0.368s] -- Detecting CXX compile features
[0.368s] -- Detecting CXX compile features - done
[0.369s] [0m -fuse-ld=lld -Wl,--disable-new-dtags[0m
[0.372s] -- Found ament_cmake: 1.3.14 (/opt/ros/humble/share/ament_cmake/cmake)
[0.530s] -- Found Python3: /usr/bin/python3 (found version "3.10.12") found components: Interpreter 
[0.661s] -- Found std_msgs: 4.9.2 (/opt/ros/humble/share/std_msgs/cmake)
[0.716s] -- Found rosidl_generator_c: 3.1.9 (/opt/ros/humble/share/rosidl_generator_c/cmake)
[0.722s] -- Found rosidl_adapter: 3.1.9 (/opt/ros/humble/share/rosidl_adapter/cmake)
[0.737s] -- Found rosidl_generator_cpp: 3.1.9 (/opt/ros/humble/share/rosidl_generator_cpp/cmake)
[0.789s] -- Using all available rosidl_typesupport_c: rosidl_typesupport_fastrtps_c;rosidl_typesupport_introspection_c
[0.847s] -- Using all available rosidl_typesupport_cpp: rosidl_typesupport_fastrtps_cpp;rosidl_typesupport_introspection_cpp
[0.893s] -- Found nav_msgs: 4.9.2 (/opt/ros/humble/share/nav_msgs/cmake)
[1.000s] -- Found tf2: 0.25.22 (/opt/ros/humble/share/tf2/cmake)
[1.012s] -- Found tf2_ros: 0.25.22 (/opt/ros/humble/share/tf2_ros/cmake)
[1.153s] -- Found rmw_implementation_cmake: 6.1.3 (/opt/ros/humble/share/rmw_implementation_cmake/cmake)
[1.158s] -- Found rmw_fastrtps_cpp: 6.2.10 (/opt/ros/humble/share/rmw_fastrtps_cpp/cmake)
[1.370s] -- Found OpenSSL: /usr/lib/x86_64-linux-gnu/libcrypto.so (found version "3.0.2")  
[1.439s] -- Found FastRTPS: /opt/ros/humble/include  
[1.529s] -- Using RMW implementation 'rmw_fastrtps_cpp' as default
[1.544s] -- Looking for pthread.h
[1.694s] -- Looking for pthread.h - found
[1.696s] -- Performing Test CMAKE_HAVE_LIBC_PTHREAD
[1.849s] -- Performing Test CMAKE_HAVE_LIBC_PTHREAD - Success
[1.849s] -- Found Threads: TRUE  
[2.052s] -- Found tf2_geometry_msgs: 0.25.22 (/opt/ros/humble/share/tf2_geometry_msgs/cmake)
[2.073s] -- Found eigen3_cmake_module: 0.1.1 (/opt/ros/humble/share/eigen3_cmake_module/cmake)
[2.075s] -- Found Eigen3: TRUE (found version "3.4.0") 
[2.075s] -- Ensuring Eigen3 include directory is part of orocos-kdl CMake target
[2.080s] -- Found sensor_msgs: 4.9.2 (/opt/ros/humble/share/sensor_msgs/cmake)
[2.115s] -- Found visualization_msgs: 4.9.2 (/opt/ros/humble/share/visualization_msgs/cmake)
[2.150s] -- Found openslam_gmapping: 0.1.2 (/home/zheng/carerobot_slam_ros2/install/openslam_gmapping/share/openslam_gmapping/cmake)
[2.157s] -- Found ament_lint_auto: 0.12.15 (/opt/ros/humble/share/ament_lint_auto/cmake)
[2.273s] -- Added test 'cppcheck' to perform static code analysis on C / C++ code
[2.273s] -- Configured cppcheck include dirs: /home/zheng/carerobot_slam_ros2/src/slam_gmapping/include
[2.273s] -- Configured cppcheck exclude dirs and/or files: 
[2.273s] -- Added test 'flake8' to check Python code syntax and style conventions
[2.275s] -- Added test 'lint_cmake' to check CMake code style
[2.275s] -- Added test 'pep257' to check Python code against some of the docstring style conventions in PEP 257
[2.277s] -- Added test 'uncrustify' to check C / C++ code style
[2.277s] -- Configured uncrustify additional arguments: 
[2.278s] -- Added test 'xmllint' to check XML markup files
[2.280s] -- Configuring done
[2.300s] -- Generating done
[2.308s] -- Build files have been written to: /home/zheng/carerobot_slam_ros2/build/slam_gmapping
[2.332s] Invoked command in '/home/zheng/carerobot_slam_ros2/build/slam_gmapping' returned '0': AMENT_PREFIX_PATH=/home/zheng/carerobot_slam_ros2/install/openslam_gmapping:${AMENT_PREFIX_PATH} CMAKE_PREFIX_PATH=/home/zheng/carerobot_slam_ros2/install/openslam_gmapping:/home/zheng/carerobot_slam_ros2/install/robot_pid_local_planner:/home/zheng/carerobot_slam_ros2/install/robot_navigation:/home/zheng/carerobot_slam_ros2/install/robot_costmap:/home/zheng/carerobot_slam_ros2/install/robot_communication:/home/zheng/carerobot_slam_ros2/install/diff_drive_gazebo:/opt/ros/humble LD_LIBRARY_PATH=/home/zheng/carerobot_slam_ros2/install/openslam_gmapping/lib:${LD_LIBRARY_PATH} /usr/bin/cmake /home/zheng/carerobot_slam_ros2/src/slam_gmapping -DCMAKE_INSTALL_PREFIX=/home/zheng/carerobot_slam_ros2/install/slam_gmapping
[2.335s] Invoking command in '/home/zheng/carerobot_slam_ros2/build/slam_gmapping': AMENT_PREFIX_PATH=/home/zheng/carerobot_slam_ros2/install/openslam_gmapping:${AMENT_PREFIX_PATH} CMAKE_PREFIX_PATH=/home/zheng/carerobot_slam_ros2/install/openslam_gmapping:/home/zheng/carerobot_slam_ros2/install/robot_pid_local_planner:/home/zheng/carerobot_slam_ros2/install/robot_navigation:/home/zheng/carerobot_slam_ros2/install/robot_costmap:/home/zheng/carerobot_slam_ros2/install/robot_communication:/home/zheng/carerobot_slam_ros2/install/diff_drive_gazebo:/opt/ros/humble LD_LIBRARY_PATH=/home/zheng/carerobot_slam_ros2/install/openslam_gmapping/lib:${LD_LIBRARY_PATH} /usr/bin/cmake --build /home/zheng/carerobot_slam_ros2/build/slam_gmapping -- -j8 -l8
[2.468s] [ 50%] [32mBuilding CXX object CMakeFiles/slam_gmapping.dir/src/slam_gmapping.cpp.o[0m
[2.945s] In file included from [01m[K/home/zheng/carerobot_slam_ros2/src/slam_gmapping/include/slam_gmapping/slam_gmapping.h:38[m[K,
[2.945s]                  from [01m[K/home/zheng/carerobot_slam_ros2/src/slam_gmapping/src/slam_gmapping.cpp:24[m[K:
[2.945s] [01m[K/opt/ros/humble/include/tf2_geometry_msgs/tf2_geometry_msgs/tf2_geometry_msgs.h:35:2:[m[K [01;35m[Kwarning: [m[K#warning This header is obsolete, please include tf2_geometry_msgs/tf2_geometry_msgs.hpp instead [[01;35m[K]8;;https://gcc.gnu.org/onlinedocs/gcc/Warning-Options.html#index-Wcpp-Wcpp]8;;[m[K]
[2.945s]    35 | #[01;35m[Kwarning[m[K This header is obsolete, please include tf2_geometry_msgs/tf2_geometry_msgs.hpp instead
[2.945s]       |  [01;35m[K^~~~~~~[m[K
[5.883s] In file included from [01m[K/home/zheng/carerobot_slam_ros2/install/openslam_gmapping/include/gmapping/gridfastslam/gridslamprocessor.h:9[m[K,
[5.883s]                  from [01m[K/home/zheng/carerobot_slam_ros2/src/slam_gmapping/include/slam_gmapping/slam_gmapping.h:45[m[K,
[5.883s]                  from [01m[K/home/zheng/carerobot_slam_ros2/src/slam_gmapping/src/slam_gmapping.cpp:24[m[K:
[5.884s] [01m[K/home/zheng/carerobot_slam_ros2/install/openslam_gmapping/include/gmapping/particlefilter/particlefilter.h:[m[K In function ‘[01m[Kvoid rle(OutputIterator&, const Iterator&, const Iterator&)[m[K’:
[5.884s] [01m[K/home/zheng/carerobot_slam_ros2/install/openslam_gmapping/include/gmapping/particlefilter/particlefilter.h:140:9:[m[K [01;35m[Kwarning: [m[Kthis ‘[01m[Kif[m[K’ clause does not guard... [[01;35m[K]8;;https://gcc.gnu.org/onlinedocs/gcc/Warning-Options.html#index-Wmisleading-indentation-Wmisleading-indentation]8;;[m[K]
[5.884s]   140 |         [01;35m[Kif[m[K (count>0)
[5.884s]       |         [01;35m[K^~[m[K
[5.884s] [01m[K/home/zheng/carerobot_slam_ros2/install/openslam_gmapping/include/gmapping/particlefilter/particlefilter.h:142:17:[m[K [01;36m[Knote: [m[K...this statement, but the latter is misleadingly indented as if it were guarded by the ‘[01m[Kif[m[K’
[5.884s]   142 |                 [01;36m[Kout[m[K++;
[5.884s]       |                 [01;36m[K^~~[m[K
[15.561s] [100%] [32m[1mLinking CXX executable slam_gmapping[0m
[16.303s] [100%] Built target slam_gmapping
[16.314s] Invoked command in '/home/zheng/carerobot_slam_ros2/build/slam_gmapping' returned '0': AMENT_PREFIX_PATH=/home/zheng/carerobot_slam_ros2/install/openslam_gmapping:${AMENT_PREFIX_PATH} CMAKE_PREFIX_PATH=/home/zheng/carerobot_slam_ros2/install/openslam_gmapping:/home/zheng/carerobot_slam_ros2/install/robot_pid_local_planner:/home/zheng/carerobot_slam_ros2/install/robot_navigation:/home/zheng/carerobot_slam_ros2/install/robot_costmap:/home/zheng/carerobot_slam_ros2/install/robot_communication:/home/zheng/carerobot_slam_ros2/install/diff_drive_gazebo:/opt/ros/humble LD_LIBRARY_PATH=/home/zheng/carerobot_slam_ros2/install/openslam_gmapping/lib:${LD_LIBRARY_PATH} /usr/bin/cmake --build /home/zheng/carerobot_slam_ros2/build/slam_gmapping -- -j8 -l8
[16.316s] Invoking command in '/home/zheng/carerobot_slam_ros2/build/slam_gmapping': AMENT_PREFIX_PATH=/home/zheng/carerobot_slam_ros2/install/openslam_gmapping:${AMENT_PREFIX_PATH} CMAKE_PREFIX_PATH=/home/zheng/carerobot_slam_ros2/install/openslam_gmapping:/home/zheng/carerobot_slam_ros2/install/robot_pid_local_planner:/home/zheng/carerobot_slam_ros2/install/robot_navigation:/home/zheng/carerobot_slam_ros2/install/robot_costmap:/home/zheng/carerobot_slam_ros2/install/robot_communication:/home/zheng/carerobot_slam_ros2/install/diff_drive_gazebo:/opt/ros/humble LD_LIBRARY_PATH=/home/zheng/carerobot_slam_ros2/install/openslam_gmapping/lib:${LD_LIBRARY_PATH} /usr/bin/cmake --install /home/zheng/carerobot_slam_ros2/build/slam_gmapping
[16.324s] -- Install configuration: ""
[16.324s] -- Installing: /home/zheng/carerobot_slam_ros2/install/slam_gmapping/lib/slam_gmapping/slam_gmapping
[16.329s] -- Set runtime path of "/home/zheng/carerobot_slam_ros2/install/slam_gmapping/lib/slam_gmapping/slam_gmapping" to ""
[16.329s] -- Installing: /home/zheng/carerobot_slam_ros2/install/slam_gmapping/share/slam_gmapping/launch
[16.329s] -- Installing: /home/zheng/carerobot_slam_ros2/install/slam_gmapping/share/slam_gmapping/launch/slam_gmapping.launch.py
[16.330s] -- Installing: /home/zheng/carerobot_slam_ros2/install/slam_gmapping/share/ament_index/resource_index/package_run_dependencies/slam_gmapping
[16.330s] -- Installing: /home/zheng/carerobot_slam_ros2/install/slam_gmapping/share/ament_index/resource_index/parent_prefix_path/slam_gmapping
[16.330s] -- Installing: /home/zheng/carerobot_slam_ros2/install/slam_gmapping/share/slam_gmapping/environment/ament_prefix_path.sh
[16.330s] -- Installing: /home/zheng/carerobot_slam_ros2/install/slam_gmapping/share/slam_gmapping/environment/ament_prefix_path.dsv
[16.330s] -- Installing: /home/zheng/carerobot_slam_ros2/install/slam_gmapping/share/slam_gmapping/environment/path.sh
[16.330s] -- Installing: /home/zheng/carerobot_slam_ros2/install/slam_gmapping/share/slam_gmapping/environment/path.dsv
[16.331s] -- Installing: /home/zheng/carerobot_slam_ros2/install/slam_gmapping/share/slam_gmapping/local_setup.bash
[16.331s] -- Installing: /home/zheng/carerobot_slam_ros2/install/slam_gmapping/share/slam_gmapping/local_setup.sh
[16.331s] -- Installing: /home/zheng/carerobot_slam_ros2/install/slam_gmapping/share/slam_gmapping/local_setup.zsh
[16.331s] -- Installing: /home/zheng/carerobot_slam_ros2/install/slam_gmapping/share/slam_gmapping/local_setup.dsv
[16.331s] -- Installing: /home/zheng/carerobot_slam_ros2/install/slam_gmapping/share/slam_gmapping/package.dsv
[16.331s] -- Installing: /home/zheng/carerobot_slam_ros2/install/slam_gmapping/share/ament_index/resource_index/packages/slam_gmapping
[16.332s] -- Installing: /home/zheng/carerobot_slam_ros2/install/slam_gmapping/share/slam_gmapping/cmake/slam_gmappingConfig.cmake
[16.332s] -- Installing: /home/zheng/carerobot_slam_ros2/install/slam_gmapping/share/slam_gmapping/cmake/slam_gmappingConfig-version.cmake
[16.332s] -- Installing: /home/zheng/carerobot_slam_ros2/install/slam_gmapping/share/slam_gmapping/package.xml
[16.335s] Invoked command in '/home/zheng/carerobot_slam_ros2/build/slam_gmapping' returned '0': AMENT_PREFIX_PATH=/home/zheng/carerobot_slam_ros2/install/openslam_gmapping:${AMENT_PREFIX_PATH} CMAKE_PREFIX_PATH=/home/zheng/carerobot_slam_ros2/install/openslam_gmapping:/home/zheng/carerobot_slam_ros2/install/robot_pid_local_planner:/home/zheng/carerobot_slam_ros2/install/robot_navigation:/home/zheng/carerobot_slam_ros2/install/robot_costmap:/home/zheng/carerobot_slam_ros2/install/robot_communication:/home/zheng/carerobot_slam_ros2/install/diff_drive_gazebo:/opt/ros/humble LD_LIBRARY_PATH=/home/zheng/carerobot_slam_ros2/install/openslam_gmapping/lib:${LD_LIBRARY_PATH} /usr/bin/cmake --install /home/zheng/carerobot_slam_ros2/build/slam_gmapping
