[0.150s] Invoking command in '/home/zheng/carerobot_slam_ros2/build/read_laser_data': CMAKE_PREFIX_PATH=/opt/ros/humble /usr/bin/cmake --build /home/zheng/carerobot_slam_ros2/build/read_laser_data -- -j8 -l8
[0.494s] [100%] Built target merger_node
[0.579s] Invoked command in '/home/zheng/carerobot_slam_ros2/build/read_laser_data' returned '0': CMAKE_PREFIX_PATH=/opt/ros/humble /usr/bin/cmake --build /home/zheng/carerobot_slam_ros2/build/read_laser_data -- -j8 -l8
[0.589s] Invoking command in '/home/zheng/carerobot_slam_ros2/build/read_laser_data': CMAKE_PREFIX_PATH=/opt/ros/humble /usr/bin/cmake --install /home/zheng/carerobot_slam_ros2/build/read_laser_data
[0.615s] -- Install configuration: ""
[0.622s] -- Up-to-date: /home/zheng/carerobot_slam_ros2/install/read_laser_data/lib/read_laser_data/merger_node
[0.623s] -- Up-to-date: /home/zheng/carerobot_slam_ros2/install/read_laser_data/share/read_laser_data/launch
[0.625s] -- Up-to-date: /home/zheng/carerobot_slam_ros2/install/read_laser_data/share/read_laser_data/launch/scan_merge.launch.py
[0.625s] -- Up-to-date: /home/zheng/carerobot_slam_ros2/install/read_laser_data/share/ament_index/resource_index/package_run_dependencies/read_laser_data
[0.625s] -- Up-to-date: /home/zheng/carerobot_slam_ros2/install/read_laser_data/share/ament_index/resource_index/parent_prefix_path/read_laser_data
[0.625s] -- Up-to-date: /home/zheng/carerobot_slam_ros2/install/read_laser_data/share/read_laser_data/environment/ament_prefix_path.sh
[0.625s] -- Up-to-date: /home/zheng/carerobot_slam_ros2/install/read_laser_data/share/read_laser_data/environment/ament_prefix_path.dsv
[0.626s] -- Up-to-date: /home/zheng/carerobot_slam_ros2/install/read_laser_data/share/read_laser_data/environment/path.sh
[0.626s] -- Up-to-date: /home/zheng/carerobot_slam_ros2/install/read_laser_data/share/read_laser_data/environment/path.dsv
[0.626s] -- Up-to-date: /home/zheng/carerobot_slam_ros2/install/read_laser_data/share/read_laser_data/local_setup.bash
[0.626s] -- Up-to-date: /home/zheng/carerobot_slam_ros2/install/read_laser_data/share/read_laser_data/local_setup.sh
[0.626s] -- Up-to-date: /home/zheng/carerobot_slam_ros2/install/read_laser_data/share/read_laser_data/local_setup.zsh
[0.626s] -- Up-to-date: /home/zheng/carerobot_slam_ros2/install/read_laser_data/share/read_laser_data/local_setup.dsv
[0.626s] -- Installing: /home/zheng/carerobot_slam_ros2/install/read_laser_data/share/read_laser_data/package.dsv
[0.626s] -- Up-to-date: /home/zheng/carerobot_slam_ros2/install/read_laser_data/share/ament_index/resource_index/packages/read_laser_data
[0.626s] -- Up-to-date: /home/zheng/carerobot_slam_ros2/install/read_laser_data/share/read_laser_data/cmake/read_laser_dataConfig.cmake
[0.626s] -- Up-to-date: /home/zheng/carerobot_slam_ros2/install/read_laser_data/share/read_laser_data/cmake/read_laser_dataConfig-version.cmake
[0.627s] -- Up-to-date: /home/zheng/carerobot_slam_ros2/install/read_laser_data/share/read_laser_data/package.xml
[0.710s] Invoked command in '/home/zheng/carerobot_slam_ros2/build/read_laser_data' returned '0': CMAKE_PREFIX_PATH=/opt/ros/humble /usr/bin/cmake --install /home/zheng/carerobot_slam_ros2/build/read_laser_data
